Loaded instance: Example0.txt
instance=Example0
instance_name=Example0
instance_file=Example0.txt
instance_path=/Users/gab/Library/Mobile Documents/com~apple~CloudDocs/QuIST/ML/Optimization/Project 2/LNS_scheduling/Instances1-50/Example0.txt
variant=alns_plain
seed=2

iter=1 elapsed=0.823s step_runtime=0.823s destroy=destroy_worst_workers_10pct repair=repair_gecode_long objective_metric=minizinc_objective incumbent_objective=inf contender_objective=10.0 score=5 accepted=True repair_failed=False used_exploration=False stagnation_rounds=0 weights_updated=False
  destroyed=destroy_worst_workers_10pct: destroyed workers: [1]
iter=2 elapsed=1.710s step_runtime=0.887s destroy=destroy_all_forbidden_sequences repair=repair_chuffed_fast objective_metric=minizinc_objective incumbent_objective=10.0 contender_objective=10.0 score=1 accepted=True repair_failed=False used_exploration=False stagnation_rounds=1 weights_updated=False
  destroyed=destroy_all_forbidden_sequences: destroyed forbidden sequences: vars_erased=10
iter=3 elapsed=2.427s step_runtime=0.716s destroy=destroy_random_days_20pct repair=repair_gecode_long objective_metric=minizinc_objective incumbent_objective=10.0 contender_objective=8.0 score=5 accepted=True repair_failed=False used_exploration=False stagnation_rounds=0 weights_updated=False
  destroyed=destroy_random_days_20pct: destroyed days: [5, 6]
iter=4 elapsed=3.101s step_runtime=0.674s destroy=destroy_streak_around_worst_worker repair=repair_chuffed_long objective_metric=minizinc_objective incumbent_objective=8.0 contender_objective=8.0 score=1 accepted=True repair_failed=False used_exploration=False stagnation_rounds=1 weights_updated=False
  destroyed=destroy_streak_around_worst_worker: destroyed streak len=11 start=(w1,d2) end=(w2,d5); destroyed_inside=11
iter=5 elapsed=18.513s step_runtime=15.412s destroy=destroy_worst_days_30pct repair=repair_gecode_long objective_metric=minizinc_objective incumbent_objective=8.0 contender_objective=15.0 score=0 accepted=False repair_failed=False used_exploration=False stagnation_rounds=2 weights_updated=False
  destroyed=destroy_worst_days_30pct: destroyed days: [1, 4, 6]
iter=6 elapsed=19.707s step_runtime=1.194s destroy=destroy_random_workers_20pct repair=repair_gecode_fast objective_metric=minizinc_objective incumbent_objective=8.0 contender_objective=6.0 score=5 accepted=True repair_failed=False used_exploration=False stagnation_rounds=0 weights_updated=False
  destroyed=destroy_random_workers_20pct: destroyed workers: [0, 5]
iter=7 elapsed=21.942s step_runtime=2.236s destroy=destroy_random_window_20pct repair=repair_chuffed_fast objective_metric=minizinc_objective incumbent_objective=6.0 contender_objective=6.0 score=1 accepted=True repair_failed=False used_exploration=False stagnation_rounds=1 weights_updated=False
  destroyed=destroy_random_window_20pct: destroyed window: [0, 1, 5, 6] x [0, 4, 5, 6]
iter=8 elapsed=22.575s step_runtime=0.633s destroy=destroy_random_window_20pct repair=repair_chuffed_fast objective_metric=minizinc_objective incumbent_objective=6.0 contender_objective=6.0 score=1 accepted=True repair_failed=False used_exploration=False stagnation_rounds=2 weights_updated=False
  destroyed=destroy_random_window_20pct: destroyed window: [0, 1, 6] x [0, 1, 2, 3]
iter=9 elapsed=38.001s step_runtime=15.426s destroy=destroy_streak_around_worst_worker repair=repair_chuffed_long objective_metric=minizinc_objective incumbent_objective=6.0 contender_objective=11.0 score=0 accepted=False repair_failed=False used_exploration=False stagnation_rounds=3 weights_updated=False
  destroyed=destroy_streak_around_worst_worker: destroyed streak len=21 start=(w0,d4) end=(w3,d3); destroyed_inside=21
iter=10 elapsed=38.575s step_runtime=0.573s destroy=destroy_random_window_20pct repair=repair_gecode_fast objective_metric=minizinc_objective incumbent_objective=6.0 contender_objective=5.0 score=5 accepted=True repair_failed=False used_exploration=False stagnation_rounds=0 weights_updated=True
  destroyed=destroy_random_window_20pct: destroyed window: [3, 4] x [0, 1, 5, 6]

  weight update (destroy):
    operator                             before    after
    destroy_worst_workers_10pct            0.07     0.12
    destroy_worst_workers_30pct            0.07     0.06
    destroy_random_workers_20pct           0.07     0.12
    destroy_random_window_20pct            0.07     0.06
    destroy_all_forbidden_sequences        0.07     0.06
    destroy_streak_around_worst_worker     0.07     0.06
    destroy_worst_days_10pct               0.07     0.06
    destroy_worst_days_30pct               0.07     0.06
    destroy_random_days_20pct              0.07     0.12
    destroy_max_border_work                0.07     0.06
    destroy_max_border_off                 0.07     0.06
    destroy_max_border_shift_1             0.07     0.06
    destroy_max_border_shift_2             0.07     0.06
    destroy_max_border_shift_3             0.07     0.06

  weight update (repair):
    operator                             before    after
    repair_chuffed_fast                    0.40     0.32
    repair_gecode_fast                     0.40     0.50
    repair_chuffed_long                    0.10     0.08
    repair_gecode_long                     0.10     0.10
iter=11 elapsed=39.355s step_runtime=0.780s destroy=destroy_random_window_20pct repair=repair_gecode_fast objective_metric=minizinc_objective incumbent_objective=5.0 contender_objective=4.0 score=5 accepted=True repair_failed=False used_exploration=False stagnation_rounds=0 weights_updated=False
  destroyed=destroy_random_window_20pct: destroyed window: [0, 1, 2, 6] x [0, 1, 2, 6]
iter=12 elapsed=40.856s step_runtime=1.500s destroy=destroy_streak_around_worst_worker repair=repair_gecode_fast objective_metric=minizinc_objective incumbent_objective=4.0 contender_objective=1.0 score=5 accepted=True repair_failed=False used_exploration=False stagnation_rounds=0 weights_updated=False
  destroyed=destroy_streak_around_worst_worker: destroyed streak len=21 start=(w1,d5) end=(w4,d4); destroyed_inside=21
iter=13 elapsed=41.347s step_runtime=0.491s destroy=destroy_all_forbidden_sequences repair=repair_chuffed_fast objective_metric=minizinc_objective incumbent_objective=1.0 contender_objective=1.0 score=1 accepted=True repair_failed=False used_exploration=False stagnation_rounds=1 weights_updated=False
  destroyed=destroy_all_forbidden_sequences: destroyed forbidden sequences: vars_erased=2
iter=14 elapsed=41.999s step_runtime=0.653s destroy=destroy_random_workers_20pct repair=repair_gecode_fast objective_metric=minizinc_objective incumbent_objective=1.0 contender_objective=1.0 score=1 accepted=True repair_failed=False used_exploration=False stagnation_rounds=2 weights_updated=False
  destroyed=destroy_random_workers_20pct: destroyed workers: [4, 6]
iter=15 elapsed=42.664s step_runtime=0.665s destroy=destroy_random_workers_20pct repair=repair_chuffed_fast objective_metric=minizinc_objective incumbent_objective=1.0 contender_objective=0.0 score=5 accepted=True repair_failed=False used_exploration=False stagnation_rounds=0 weights_updated=False
  destroyed=destroy_random_workers_20pct: destroyed workers: [3, 5]
