Loaded instance: Example1.txt
instance=Example1
instance_name=Example1
instance_file=Example1.txt
instance_path=/Users/gab/Library/Mobile Documents/com~apple~CloudDocs/QuIST/ML/Optimization/Project 2/LNS_scheduling/Instances1-50/Example1.txt
variant=alns_plain
seed=2

iter=1 elapsed=0.832s step_runtime=0.832s destroy=destroy_worst_workers_10pct repair=repair_gecode_long objective_metric=minizinc_objective incumbent_objective=inf contender_objective=21.0 score=5 accepted=True repair_failed=False used_exploration=False stagnation_rounds=0 weights_updated=False
  destroyed=destroy_worst_workers_10pct: destroyed workers: [0]
iter=2 elapsed=4.553s step_runtime=3.722s destroy=destroy_all_forbidden_sequences repair=repair_chuffed_fast objective_metric=minizinc_objective incumbent_objective=21.0 contender_objective=40.0 score=0 accepted=False repair_failed=False used_exploration=False stagnation_rounds=1 weights_updated=False
  destroyed=destroy_all_forbidden_sequences: destroyed forbidden sequences: vars_erased=29
iter=3 elapsed=5.040s step_runtime=0.487s destroy=destroy_max_border_shift_3 repair=repair_chuffed_long objective_metric=minizinc_objective incumbent_objective=21.0 contender_objective=21.0 score=1 accepted=True repair_failed=False used_exploration=False stagnation_rounds=2 weights_updated=False
  destroyed=destroy_max_border_shift_3: destroyed max-border shift_3: vars_erased=18
iter=4 elapsed=5.527s step_runtime=0.487s destroy=destroy_max_border_shift_2 repair=repair_chuffed_fast objective_metric=minizinc_objective incumbent_objective=21.0 contender_objective=21.0 score=1 accepted=True repair_failed=False used_exploration=False stagnation_rounds=3 weights_updated=False
  destroyed=destroy_max_border_shift_2: destroyed max-border shift_2: vars_erased=15
iter=5 elapsed=6.084s step_runtime=0.556s destroy=destroy_max_border_shift_1 repair=repair_gecode_long objective_metric=minizinc_objective incumbent_objective=21.0 contender_objective=21.0 score=1 accepted=True repair_failed=False used_exploration=False stagnation_rounds=4 weights_updated=False
  destroyed=destroy_max_border_shift_1: destroyed max-border shift_1: vars_erased=18
iter=6 elapsed=6.837s step_runtime=0.754s destroy=destroy_max_border_shift_2 repair=repair_gecode_fast objective_metric=minizinc_objective incumbent_objective=21.0 contender_objective=21.0 score=1 accepted=True repair_failed=False used_exploration=False stagnation_rounds=5 weights_updated=False
  destroyed=destroy_max_border_shift_2: destroyed max-border shift_2: vars_erased=27
iter=7 elapsed=7.426s step_runtime=0.589s destroy=destroy_max_border_shift_2 repair=repair_chuffed_fast objective_metric=minizinc_objective incumbent_objective=21.0 contender_objective=21.0 score=1 accepted=True repair_failed=False used_exploration=False stagnation_rounds=6 weights_updated=False
  destroyed=destroy_max_border_shift_2: destroyed max-border shift_2: vars_erased=21
iter=8 elapsed=10.939s step_runtime=3.512s destroy=destroy_worst_days_30pct repair=repair_chuffed_fast objective_metric=minizinc_objective incumbent_objective=21.0 contender_objective=32.0 score=0 accepted=False repair_failed=False used_exploration=False stagnation_rounds=7 weights_updated=False
  destroyed=destroy_worst_days_30pct: destroyed days: [0, 1, 2]
iter=9 elapsed=12.398s step_runtime=1.460s destroy=destroy_random_days_20pct repair=repair_gecode_fast objective_metric=minizinc_objective incumbent_objective=21.0 contender_objective=12.0 score=5 accepted=True repair_failed=False used_exploration=False stagnation_rounds=0 weights_updated=False
  destroyed=destroy_random_days_20pct: destroyed days: [0, 1]
iter=10 elapsed=12.897s step_runtime=0.499s destroy=destroy_max_border_shift_2 repair=repair_chuffed_fast objective_metric=minizinc_objective incumbent_objective=12.0 contender_objective=12.0 score=1 accepted=True repair_failed=False used_exploration=False stagnation_rounds=1 weights_updated=True
  destroyed=destroy_max_border_shift_2: destroyed max-border shift_2: vars_erased=21

  weight update (destroy):
    operator                             before    after
    destroy_worst_workers_10pct            0.07     0.16
    destroy_worst_workers_30pct            0.07     0.06
    destroy_random_workers_20pct           0.07     0.06
    destroy_random_window_20pct            0.07     0.06
    destroy_all_forbidden_sequences        0.07     0.06
    destroy_streak_around_worst_worker     0.07     0.06
    destroy_worst_days_10pct               0.07     0.06
    destroy_worst_days_30pct               0.07     0.06
    destroy_random_days_20pct              0.07     0.16
    destroy_max_border_work                0.07     0.06
    destroy_max_border_off                 0.07     0.06
    destroy_max_border_shift_1             0.07     0.06
    destroy_max_border_shift_2             0.07     0.06
    destroy_max_border_shift_3             0.07     0.06

  weight update (repair):
    operator                             before    after
    repair_chuffed_fast                    0.40     0.32
    repair_gecode_fast                     0.40     0.42
    repair_chuffed_long                    0.10     0.08
    repair_gecode_long                     0.10     0.18
iter=11 elapsed=16.320s step_runtime=3.423s destroy=destroy_worst_days_30pct repair=repair_gecode_fast objective_metric=minizinc_objective incumbent_objective=12.0 contender_objective=35.0 score=0 accepted=False repair_failed=False used_exploration=False stagnation_rounds=2 weights_updated=False
  destroyed=destroy_worst_days_30pct: destroyed days: [2, 3, 6]
iter=12 elapsed=19.706s step_runtime=3.386s destroy=destroy_random_days_20pct repair=repair_chuffed_fast objective_metric=minizinc_objective incumbent_objective=12.0 contender_objective=14.0 score=0 accepted=True repair_failed=False used_exploration=False stagnation_rounds=3 weights_updated=False
  destroyed=destroy_random_days_20pct: destroyed days: [2, 4]
iter=13 elapsed=20.674s step_runtime=0.968s destroy=destroy_random_days_20pct repair=repair_gecode_fast objective_metric=minizinc_objective incumbent_objective=14.0 contender_objective=14.0 score=1 accepted=True repair_failed=False used_exploration=False stagnation_rounds=4 weights_updated=False
  destroyed=destroy_random_days_20pct: destroyed days: [0, 6]
iter=14 elapsed=21.425s step_runtime=0.750s destroy=destroy_random_workers_20pct repair=repair_gecode_fast objective_metric=minizinc_objective incumbent_objective=14.0 contender_objective=10.0 score=5 accepted=True repair_failed=False used_exploration=False stagnation_rounds=0 weights_updated=False
  destroyed=destroy_random_workers_20pct: destroyed workers: [0, 5]
iter=15 elapsed=23.306s step_runtime=1.882s destroy=destroy_random_days_20pct repair=repair_gecode_fast objective_metric=minizinc_objective incumbent_objective=10.0 contender_objective=8.0 score=5 accepted=True repair_failed=False used_exploration=False stagnation_rounds=0 weights_updated=False
  destroyed=destroy_random_days_20pct: destroyed days: [1, 4]
iter=16 elapsed=24.456s step_runtime=1.149s destroy=destroy_random_days_20pct repair=repair_gecode_fast objective_metric=minizinc_objective incumbent_objective=8.0 contender_objective=5.0 score=5 accepted=True repair_failed=False used_exploration=False stagnation_rounds=0 weights_updated=False
  destroyed=destroy_random_days_20pct: destroyed days: [3, 4]
iter=17 elapsed=25.232s step_runtime=0.776s destroy=destroy_streak_around_worst_worker repair=repair_gecode_fast objective_metric=minizinc_objective incumbent_objective=5.0 contender_objective=5.0 score=1 accepted=True repair_failed=False used_exploration=False stagnation_rounds=1 weights_updated=False
  destroyed=destroy_streak_around_worst_worker: destroyed streak len=15 start=(w2,d0) end=(w4,d0); destroyed_inside=15
iter=18 elapsed=25.916s step_runtime=0.684s destroy=destroy_random_workers_20pct repair=repair_gecode_long objective_metric=minizinc_objective incumbent_objective=5.0 contender_objective=5.0 score=1 accepted=True repair_failed=False used_exploration=False stagnation_rounds=2 weights_updated=False
  destroyed=destroy_random_workers_20pct: destroyed workers: [1, 8]
iter=19 elapsed=27.396s step_runtime=1.480s destroy=destroy_random_days_20pct repair=repair_gecode_long objective_metric=minizinc_objective incumbent_objective=5.0 contender_objective=5.0 score=1 accepted=True repair_failed=False used_exploration=False stagnation_rounds=3 weights_updated=False
  destroyed=destroy_random_days_20pct: destroyed days: [5, 6]
iter=20 elapsed=29.705s step_runtime=2.309s destroy=destroy_random_days_20pct repair=repair_gecode_fast objective_metric=minizinc_objective incumbent_objective=5.0 contender_objective=5.0 score=1 accepted=True repair_failed=False used_exploration=False stagnation_rounds=4 weights_updated=True
  destroyed=destroy_random_days_20pct: destroyed days: [1, 5]

  weight update (destroy):
    operator                             before    after
    destroy_worst_workers_10pct            0.16     0.13
    destroy_worst_workers_30pct            0.06     0.05
    destroy_random_workers_20pct           0.06     0.19
    destroy_random_window_20pct            0.06     0.05
    destroy_all_forbidden_sequences        0.06     0.05
    destroy_streak_around_worst_worker     0.06     0.05
    destroy_worst_days_10pct               0.06     0.05
    destroy_worst_days_30pct               0.06     0.05
    destroy_random_days_20pct              0.16     0.17
    destroy_max_border_work                0.06     0.05
    destroy_max_border_off                 0.06     0.05
    destroy_max_border_shift_1             0.06     0.05
    destroy_max_border_shift_2             0.06     0.05
    destroy_max_border_shift_3             0.06     0.05

  weight update (repair):
    operator                             before    after
    repair_chuffed_fast                    0.32     0.26
    repair_gecode_fast                     0.42     0.51
    repair_chuffed_long                    0.08     0.07
    repair_gecode_long                     0.18     0.16
iter=21 elapsed=30.398s step_runtime=0.693s destroy=destroy_random_workers_20pct repair=repair_gecode_fast objective_metric=minizinc_objective incumbent_objective=5.0 contender_objective=5.0 score=1 accepted=True repair_failed=False used_exploration=False stagnation_rounds=5 weights_updated=False
  destroyed=destroy_random_workers_20pct: destroyed workers: [5, 7]
iter=22 elapsed=31.003s step_runtime=0.605s destroy=destroy_random_window_20pct repair=repair_gecode_long objective_metric=minizinc_objective incumbent_objective=5.0 contender_objective=5.0 score=1 accepted=True repair_failed=False used_exploration=False stagnation_rounds=6 weights_updated=False
  destroyed=destroy_random_window_20pct: destroyed window: [0, 7, 8] x [1, 2, 3]
iter=23 elapsed=32.069s step_runtime=1.066s destroy=destroy_random_days_20pct repair=repair_gecode_fast objective_metric=minizinc_objective incumbent_objective=5.0 contender_objective=5.0 score=1 accepted=True repair_failed=False used_exploration=False stagnation_rounds=7 weights_updated=False
  destroyed=destroy_random_days_20pct: destroyed days: [4, 6]
iter=24 elapsed=33.116s step_runtime=1.047s destroy=destroy_random_days_20pct repair=repair_gecode_fast objective_metric=minizinc_objective incumbent_objective=5.0 contender_objective=5.0 score=1 accepted=True repair_failed=False used_exploration=False stagnation_rounds=8 weights_updated=False
  destroyed=destroy_random_days_20pct: destroyed days: [0, 3]
iter=25 elapsed=34.887s step_runtime=1.771s destroy=destroy_worst_workers_30pct repair=repair_gecode_long objective_metric=minizinc_objective incumbent_objective=5.0 contender_objective=4.0 score=5 accepted=True repair_failed=False used_exploration=False stagnation_rounds=0 weights_updated=False
  destroyed=destroy_worst_workers_30pct: destroyed workers: [0, 3, 6]
iter=26 elapsed=38.188s step_runtime=3.301s destroy=destroy_worst_workers_30pct repair=repair_gecode_fast objective_metric=minizinc_objective incumbent_objective=4.0 contender_objective=3.0 score=5 accepted=True repair_failed=False used_exploration=False stagnation_rounds=0 weights_updated=False
  destroyed=destroy_worst_workers_30pct: destroyed workers: [1, 6, 7]
iter=27 elapsed=39.190s step_runtime=1.003s destroy=destroy_random_days_20pct repair=repair_gecode_long objective_metric=minizinc_objective incumbent_objective=3.0 contender_objective=3.0 score=1 accepted=True repair_failed=False used_exploration=False stagnation_rounds=1 weights_updated=False
  destroyed=destroy_random_days_20pct: destroyed days: [3, 6]
iter=28 elapsed=40.415s step_runtime=1.225s destroy=destroy_random_days_20pct repair=repair_gecode_fast objective_metric=minizinc_objective incumbent_objective=3.0 contender_objective=3.0 score=1 accepted=True repair_failed=False used_exploration=False stagnation_rounds=2 weights_updated=False
  destroyed=destroy_random_days_20pct: destroyed days: [0, 2]
iter=29 elapsed=41.111s step_runtime=0.696s destroy=destroy_random_workers_20pct repair=repair_gecode_fast objective_metric=minizinc_objective incumbent_objective=3.0 contender_objective=3.0 score=1 accepted=True repair_failed=False used_exploration=False stagnation_rounds=3 weights_updated=False
  destroyed=destroy_random_workers_20pct: destroyed workers: [6, 8]
iter=30 elapsed=42.841s step_runtime=1.729s destroy=destroy_random_days_20pct repair=repair_chuffed_fast objective_metric=minizinc_objective incumbent_objective=3.0 contender_objective=3.0 score=1 accepted=True repair_failed=False used_exploration=False stagnation_rounds=4 weights_updated=True
  destroyed=destroy_random_days_20pct: destroyed days: [0, 4]

  weight update (destroy):
    operator                             before    after
    destroy_worst_workers_10pct            0.13     0.10
    destroy_worst_workers_30pct            0.05     0.24
    destroy_random_workers_20pct           0.19     0.15
    destroy_random_window_20pct            0.05     0.04
    destroy_all_forbidden_sequences        0.05     0.04
    destroy_streak_around_worst_worker     0.05     0.04
    destroy_worst_days_10pct               0.05     0.04
    destroy_worst_days_30pct               0.05     0.04
    destroy_random_days_20pct              0.17     0.13
    destroy_max_border_work                0.05     0.04
    destroy_max_border_off                 0.05     0.04
    destroy_max_border_shift_1             0.05     0.04
    destroy_max_border_shift_2             0.05     0.04
    destroy_max_border_shift_3             0.05     0.04

  weight update (repair):
    operator                             before    after
    repair_chuffed_fast                    0.26     0.23
    repair_gecode_fast                     0.51     0.46
    repair_chuffed_long                    0.07     0.06
    repair_gecode_long                     0.16     0.26
iter=31 elapsed=43.583s step_runtime=0.742s destroy=destroy_random_window_20pct repair=repair_gecode_fast objective_metric=minizinc_objective incumbent_objective=3.0 contender_objective=3.0 score=1 accepted=True repair_failed=False used_exploration=False stagnation_rounds=5 weights_updated=False
  destroyed=destroy_random_window_20pct: destroyed window: [0, 1, 2, 7, 8] x [1, 2, 3]
iter=32 elapsed=44.150s step_runtime=0.568s destroy=destroy_all_forbidden_sequences repair=repair_gecode_long objective_metric=minizinc_objective incumbent_objective=3.0 contender_objective=3.0 score=1 accepted=True repair_failed=False used_exploration=False stagnation_rounds=6 weights_updated=False
  destroyed=destroy_all_forbidden_sequences: destroyed forbidden sequences: vars_erased=4
iter=33 elapsed=45.120s step_runtime=0.970s destroy=destroy_random_workers_20pct repair=repair_gecode_long objective_metric=minizinc_objective incumbent_objective=3.0 contender_objective=3.0 score=1 accepted=True repair_failed=False used_exploration=False stagnation_rounds=7 weights_updated=False
  destroyed=destroy_random_workers_20pct: destroyed workers: [5, 6]
iter=34 elapsed=48.542s step_runtime=3.423s destroy=destroy_worst_workers_30pct repair=repair_gecode_fast objective_metric=minizinc_objective incumbent_objective=3.0 contender_objective=8.0 score=0 accepted=False repair_failed=False used_exploration=False stagnation_rounds=8 weights_updated=False
  destroyed=destroy_worst_workers_30pct: destroyed workers: [1, 5, 6]
iter=35 elapsed=51.703s step_runtime=3.160s destroy=destroy_worst_workers_30pct repair=repair_chuffed_fast objective_metric=minizinc_objective incumbent_objective=3.0 contender_objective=3.0 score=1 accepted=True repair_failed=False used_exploration=False stagnation_rounds=9 weights_updated=False
  destroyed=destroy_worst_workers_30pct: destroyed workers: [1, 6, 8]
iter=36 elapsed=53.275s step_runtime=1.572s destroy=destroy_random_days_20pct repair=repair_chuffed_fast objective_metric=minizinc_objective incumbent_objective=3.0 contender_objective=3.0 score=1 accepted=True repair_failed=False used_exploration=False stagnation_rounds=10 weights_updated=False
  destroyed=destroy_random_days_20pct: destroyed days: [0, 3]
iter=37 elapsed=53.956s step_runtime=0.681s destroy=destroy_exploration repair=repair_exploration objective_metric=minizinc_objective incumbent_objective=3.0 contender_objective=3.0 score=1 accepted=True repair_failed=False used_exploration=True stagnation_rounds=11 weights_updated=False
  destroyed=destroy_exploration: destroyed window: [2, 3, 4, 5, 6] x [4, 5, 6]
iter=38 elapsed=54.601s step_runtime=0.646s destroy=destroy_exploration repair=repair_exploration objective_metric=minizinc_objective incumbent_objective=3.0 contender_objective=3.0 score=1 accepted=True repair_failed=False used_exploration=True stagnation_rounds=12 weights_updated=False
  destroyed=destroy_exploration: destroyed window: [1, 2, 3, 4, 5] x [3, 4]
iter=39 elapsed=55.275s step_runtime=0.674s destroy=destroy_random_workers_20pct repair=repair_gecode_fast objective_metric=minizinc_objective incumbent_objective=3.0 contender_objective=3.0 score=1 accepted=True repair_failed=False used_exploration=False stagnation_rounds=13 weights_updated=False
  destroyed=destroy_random_workers_20pct: destroyed workers: [0, 3]
iter=40 elapsed=56.518s step_runtime=1.243s destroy=destroy_worst_workers_30pct repair=repair_gecode_long objective_metric=minizinc_objective incumbent_objective=3.0 contender_objective=3.0 score=1 accepted=True repair_failed=False used_exploration=False stagnation_rounds=14 weights_updated=True
  destroyed=destroy_worst_workers_30pct: destroyed workers: [1, 3, 6]

  weight update (destroy):
    operator                             before    after
    destroy_worst_workers_10pct            0.10     0.09
    destroy_worst_workers_30pct            0.24     0.21
    destroy_random_workers_20pct           0.15     0.15
    destroy_random_window_20pct            0.04     0.06
    destroy_all_forbidden_sequences        0.04     0.06
    destroy_streak_around_worst_worker     0.04     0.04
    destroy_worst_days_10pct               0.04     0.04
    destroy_worst_days_30pct               0.04     0.04
    destroy_random_days_20pct              0.13     0.14
    destroy_max_border_work                0.04     0.04
    destroy_max_border_off                 0.04     0.04
    destroy_max_border_shift_1             0.04     0.04
    destroy_max_border_shift_2             0.04     0.04
    destroy_max_border_shift_3             0.04     0.04

  weight update (repair):
    operator                             before    after
    repair_chuffed_fast                    0.23     0.25
    repair_gecode_fast                     0.46     0.41
    repair_chuffed_long                    0.06     0.06
    repair_gecode_long                     0.26     0.28
iter=41 elapsed=58.230s step_runtime=1.712s destroy=destroy_streak_around_worst_worker repair=repair_gecode_fast objective_metric=minizinc_objective incumbent_objective=3.0 contender_objective=3.0 score=1 accepted=True repair_failed=False used_exploration=False stagnation_rounds=15 weights_updated=False
  destroyed=destroy_streak_around_worst_worker: destroyed streak len=17 start=(w5,d3) end=(w7,d5); destroyed_inside=17
iter=42 elapsed=61.653s step_runtime=3.423s destroy=destroy_worst_days_30pct repair=repair_gecode_fast objective_metric=minizinc_objective incumbent_objective=3.0 contender_objective=36.0 score=0 accepted=False repair_failed=False used_exploration=False stagnation_rounds=16 weights_updated=False
  destroyed=destroy_worst_days_30pct: destroyed days: [1, 3, 6]
iter=43 elapsed=65.067s step_runtime=3.414s destroy=destroy_worst_workers_30pct repair=repair_gecode_fast objective_metric=minizinc_objective incumbent_objective=3.0 contender_objective=3.0 score=1 accepted=True repair_failed=False used_exploration=False stagnation_rounds=17 weights_updated=False
  destroyed=destroy_worst_workers_30pct: destroyed workers: [1, 4, 6]
iter=44 elapsed=66.086s step_runtime=1.020s destroy=destroy_random_days_20pct repair=repair_gecode_fast objective_metric=minizinc_objective incumbent_objective=3.0 contender_objective=3.0 score=1 accepted=True repair_failed=False used_exploration=False stagnation_rounds=18 weights_updated=False
  destroyed=destroy_random_days_20pct: destroyed days: [2, 4]
iter=45 elapsed=69.524s step_runtime=3.438s destroy=destroy_worst_days_30pct repair=repair_chuffed_fast objective_metric=minizinc_objective incumbent_objective=3.0 contender_objective=35.0 score=0 accepted=False repair_failed=False used_exploration=False stagnation_rounds=19 weights_updated=False
  destroyed=destroy_worst_days_30pct: destroyed days: [1, 2, 5]
iter=46 elapsed=71.367s step_runtime=1.843s destroy=destroy_random_days_20pct repair=repair_chuffed_fast objective_metric=minizinc_objective incumbent_objective=3.0 contender_objective=3.0 score=1 accepted=True repair_failed=False used_exploration=False stagnation_rounds=20 weights_updated=False
  destroyed=destroy_random_days_20pct: destroyed days: [0, 4]
iter=47 elapsed=75.783s step_runtime=4.416s destroy=destroy_exploration repair=repair_exploration objective_metric=minizinc_objective incumbent_objective=3.0 contender_objective=3.0 score=1 accepted=True repair_failed=False used_exploration=True stagnation_rounds=21 weights_updated=False
  destroyed=destroy_exploration: destroyed window: [0, 5, 6, 7, 8] x [0, 1, 2, 3]
iter=48 elapsed=76.436s step_runtime=0.653s destroy=destroy_exploration repair=repair_exploration objective_metric=minizinc_objective incumbent_objective=3.0 contender_objective=3.0 score=1 accepted=True repair_failed=False used_exploration=True stagnation_rounds=22 weights_updated=False
  destroyed=destroy_exploration: destroyed window: [3, 4, 5, 6] x [1, 2]
iter=49 elapsed=79.187s step_runtime=2.751s destroy=destroy_worst_workers_30pct repair=repair_gecode_fast objective_metric=minizinc_objective incumbent_objective=3.0 contender_objective=3.0 score=1 accepted=True repair_failed=False used_exploration=False stagnation_rounds=23 weights_updated=False
  destroyed=destroy_worst_workers_30pct: destroyed workers: [1, 6, 8]
iter=50 elapsed=79.751s step_runtime=0.564s destroy=destroy_all_forbidden_sequences repair=repair_gecode_long objective_metric=minizinc_objective incumbent_objective=3.0 contender_objective=3.0 score=1 accepted=True repair_failed=False used_exploration=False stagnation_rounds=24 weights_updated=True
  destroyed=destroy_all_forbidden_sequences: destroyed forbidden sequences: vars_erased=4

  weight update (destroy):
    operator                             before    after
    destroy_worst_workers_10pct            0.09     0.08
    destroy_worst_workers_30pct            0.21     0.20
    destroy_random_workers_20pct           0.15     0.13
    destroy_random_window_20pct            0.06     0.06
    destroy_all_forbidden_sequences        0.06     0.09
    destroy_streak_around_worst_worker     0.04     0.07
    destroy_worst_days_10pct               0.04     0.04
    destroy_worst_days_30pct               0.04     0.04
    destroy_random_days_20pct              0.14     0.15
    destroy_max_border_work                0.04     0.03
    destroy_max_border_off                 0.04     0.03
    destroy_max_border_shift_1             0.04     0.04
    destroy_max_border_shift_2             0.04     0.03
    destroy_max_border_shift_3             0.04     0.03

  weight update (repair):
    operator                             before    after
    repair_chuffed_fast                    0.25     0.24
    repair_gecode_fast                     0.41     0.39
    repair_chuffed_long                    0.06     0.07
    repair_gecode_long                     0.28     0.30
iter=51 elapsed=82.360s step_runtime=2.609s destroy=destroy_worst_workers_30pct repair=repair_gecode_long objective_metric=minizinc_objective incumbent_objective=3.0 contender_objective=3.0 score=1 accepted=True repair_failed=False used_exploration=False stagnation_rounds=25 weights_updated=False
  destroyed=destroy_worst_workers_30pct: destroyed workers: [1, 2, 6]
iter=52 elapsed=85.772s step_runtime=3.412s destroy=destroy_worst_workers_30pct repair=repair_gecode_fast objective_metric=minizinc_objective incumbent_objective=3.0 contender_objective=16.0 score=0 accepted=False repair_failed=False used_exploration=False stagnation_rounds=26 weights_updated=False
  destroyed=destroy_worst_workers_30pct: destroyed workers: [4, 6, 7]
iter=53 elapsed=89.201s step_runtime=3.428s destroy=destroy_worst_days_30pct repair=repair_chuffed_fast objective_metric=minizinc_objective incumbent_objective=3.0 contender_objective=33.0 score=0 accepted=False repair_failed=False used_exploration=False stagnation_rounds=27 weights_updated=False
  destroyed=destroy_worst_days_30pct: destroyed days: [1, 4, 5]
iter=54 elapsed=90.088s step_runtime=0.888s destroy=destroy_random_workers_20pct repair=repair_chuffed_fast objective_metric=minizinc_objective incumbent_objective=3.0 contender_objective=3.0 score=1 accepted=True repair_failed=False used_exploration=False stagnation_rounds=28 weights_updated=False
  destroyed=destroy_random_workers_20pct: destroyed workers: [2, 4]
iter=55 elapsed=92.361s step_runtime=2.273s destroy=destroy_random_days_20pct repair=repair_gecode_fast objective_metric=minizinc_objective incumbent_objective=3.0 contender_objective=3.0 score=1 accepted=True repair_failed=False used_exploration=False stagnation_rounds=29 weights_updated=False
  destroyed=destroy_random_days_20pct: destroyed days: [1, 6]
iter=56 elapsed=93.028s step_runtime=0.667s destroy=destroy_random_workers_20pct repair=repair_gecode_fast objective_metric=minizinc_objective incumbent_objective=3.0 contender_objective=3.0 score=1 accepted=True repair_failed=False used_exploration=False stagnation_rounds=30 weights_updated=False
  destroyed=destroy_random_workers_20pct: destroyed workers: [1, 4]
iter=57 elapsed=95.155s step_runtime=2.127s destroy=destroy_exploration repair=repair_exploration objective_metric=minizinc_objective incumbent_objective=3.0 contender_objective=3.0 score=1 accepted=True repair_failed=False used_exploration=True stagnation_rounds=31 weights_updated=False
  destroyed=destroy_exploration: destroyed window: [4, 5, 6, 7] x [0, 1, 2, 3]
iter=58 elapsed=96.922s step_runtime=1.767s destroy=destroy_exploration repair=repair_exploration objective_metric=minizinc_objective incumbent_objective=3.0 contender_objective=3.0 score=1 accepted=True repair_failed=False used_exploration=True stagnation_rounds=32 weights_updated=False
  destroyed=destroy_exploration: destroyed window: [0, 1, 2, 3, 4, 8] x [0, 5, 6]
iter=59 elapsed=112.388s step_runtime=15.466s destroy=destroy_worst_days_30pct repair=repair_chuffed_long objective_metric=minizinc_objective incumbent_objective=3.0 contender_objective=30.0 score=0 accepted=False repair_failed=False used_exploration=False stagnation_rounds=33 weights_updated=False
  destroyed=destroy_worst_days_30pct: destroyed days: [1, 3, 4]
iter=60 elapsed=114.450s step_runtime=2.063s destroy=destroy_worst_workers_30pct repair=repair_gecode_fast objective_metric=minizinc_objective incumbent_objective=3.0 contender_objective=3.0 score=1 accepted=True repair_failed=False used_exploration=False stagnation_rounds=34 weights_updated=True
  destroyed=destroy_worst_workers_30pct: destroyed workers: [1, 3, 6]

  weight update (destroy):
    operator                             before    after
    destroy_worst_workers_10pct            0.08     0.07
    destroy_worst_workers_30pct            0.20     0.19
    destroy_random_workers_20pct           0.13     0.15
    destroy_random_window_20pct            0.06     0.06
    destroy_all_forbidden_sequences        0.09     0.08
    destroy_streak_around_worst_worker     0.07     0.07
    destroy_worst_days_10pct               0.04     0.04
    destroy_worst_days_30pct               0.04     0.04
    destroy_random_days_20pct              0.15     0.16
    destroy_max_border_work                0.03     0.03
    destroy_max_border_off                 0.03     0.02
    destroy_max_border_shift_1             0.04     0.03
    destroy_max_border_shift_2             0.03     0.02
    destroy_max_border_shift_3             0.03     0.02

  weight update (repair):
    operator                             before    after
    repair_chuffed_fast                    0.24     0.23
    repair_gecode_fast                     0.39     0.37
    repair_chuffed_long                    0.07     0.07
    repair_gecode_long                     0.30     0.33
iter=61 elapsed=122.808s step_runtime=8.357s destroy=destroy_worst_workers_30pct repair=repair_gecode_long objective_metric=minizinc_objective incumbent_objective=3.0 contender_objective=3.0 score=1 accepted=True repair_failed=False used_exploration=False stagnation_rounds=35 weights_updated=False
  destroyed=destroy_worst_workers_30pct: destroyed workers: [2, 3, 6]
iter=62 elapsed=123.489s step_runtime=0.681s destroy=destroy_random_window_20pct repair=repair_gecode_long objective_metric=minizinc_objective incumbent_objective=3.0 contender_objective=3.0 score=1 accepted=True repair_failed=False used_exploration=False stagnation_rounds=36 weights_updated=False
  destroyed=destroy_random_window_20pct: destroyed window: [1, 2, 3, 4, 5] x [3, 4, 5]
iter=63 elapsed=128.847s step_runtime=5.358s destroy=destroy_worst_workers_30pct repair=repair_gecode_long objective_metric=minizinc_objective incumbent_objective=3.0 contender_objective=3.0 score=1 accepted=True repair_failed=False used_exploration=False stagnation_rounds=37 weights_updated=False
  destroyed=destroy_worst_workers_30pct: destroyed workers: [3, 6, 7]
iter=64 elapsed=132.274s step_runtime=3.426s destroy=destroy_worst_days_30pct repair=repair_gecode_fast objective_metric=minizinc_objective incumbent_objective=3.0 contender_objective=31.0 score=0 accepted=False repair_failed=False used_exploration=False stagnation_rounds=38 weights_updated=False
  destroyed=destroy_worst_days_30pct: destroyed days: [1, 2, 4]
iter=65 elapsed=136.078s step_runtime=3.804s destroy=destroy_worst_workers_30pct repair=repair_gecode_long objective_metric=minizinc_objective incumbent_objective=3.0 contender_objective=3.0 score=1 accepted=True repair_failed=False used_exploration=False stagnation_rounds=39 weights_updated=False
  destroyed=destroy_worst_workers_30pct: destroyed workers: [0, 1, 6]
iter=66 elapsed=136.902s step_runtime=0.824s destroy=destroy_random_days_20pct repair=repair_gecode_long objective_metric=minizinc_objective incumbent_objective=3.0 contender_objective=3.0 score=1 accepted=True repair_failed=False used_exploration=False stagnation_rounds=40 weights_updated=False
  destroyed=destroy_random_days_20pct: destroyed days: [0, 4]
iter=67 elapsed=137.538s step_runtime=0.636s destroy=destroy_exploration repair=repair_exploration objective_metric=minizinc_objective incumbent_objective=3.0 contender_objective=3.0 score=1 accepted=True repair_failed=False used_exploration=True stagnation_rounds=41 weights_updated=False
  destroyed=destroy_exploration: destroyed window: [0, 1, 2, 3, 8] x [5, 6]
iter=68 elapsed=138.167s step_runtime=0.629s destroy=destroy_exploration repair=repair_exploration objective_metric=minizinc_objective incumbent_objective=3.0 contender_objective=3.0 score=1 accepted=True repair_failed=False used_exploration=True stagnation_rounds=42 weights_updated=False
  destroyed=destroy_exploration: destroyed window: [2, 3, 4, 5] x [3, 4]
iter=69 elapsed=139.835s step_runtime=1.668s destroy=destroy_random_days_20pct repair=repair_gecode_long objective_metric=minizinc_objective incumbent_objective=3.0 contender_objective=2.0 score=5 accepted=True repair_failed=False used_exploration=False stagnation_rounds=0 weights_updated=False
  destroyed=destroy_random_days_20pct: destroyed days: [0, 1]
iter=70 elapsed=141.040s step_runtime=1.205s destroy=destroy_random_days_20pct repair=repair_gecode_fast objective_metric=minizinc_objective incumbent_objective=2.0 contender_objective=2.0 score=1 accepted=True repair_failed=False used_exploration=False stagnation_rounds=1 weights_updated=True
  destroyed=destroy_random_days_20pct: destroyed days: [2, 6]

  weight update (destroy):
    operator                             before    after
    destroy_worst_workers_10pct            0.07     0.06
    destroy_worst_workers_30pct            0.19     0.17
    destroy_random_workers_20pct           0.15     0.12
    destroy_random_window_20pct            0.06     0.06
    destroy_all_forbidden_sequences        0.08     0.07
    destroy_streak_around_worst_worker     0.07     0.06
    destroy_worst_days_10pct               0.04     0.04
    destroy_worst_days_30pct               0.04     0.04
    destroy_random_days_20pct              0.16     0.26
    destroy_max_border_work                0.03     0.03
    destroy_max_border_off                 0.02     0.02
    destroy_max_border_shift_1             0.03     0.03
    destroy_max_border_shift_2             0.02     0.02
    destroy_max_border_shift_3             0.02     0.02

  weight update (repair):
    operator                             before    after
    repair_chuffed_fast                    0.23     0.20
    repair_gecode_fast                     0.37     0.32
    repair_chuffed_long                    0.07     0.07
    repair_gecode_long                     0.33     0.41
iter=71 elapsed=142.656s step_runtime=1.616s destroy=destroy_random_days_20pct repair=repair_gecode_long objective_metric=minizinc_objective incumbent_objective=2.0 contender_objective=2.0 score=1 accepted=True repair_failed=False used_exploration=False stagnation_rounds=2 weights_updated=False
  destroyed=destroy_random_days_20pct: destroyed days: [1, 3]
iter=72 elapsed=143.935s step_runtime=1.279s destroy=destroy_random_days_20pct repair=repair_gecode_fast objective_metric=minizinc_objective incumbent_objective=2.0 contender_objective=2.0 score=1 accepted=True repair_failed=False used_exploration=False stagnation_rounds=3 weights_updated=False
  destroyed=destroy_random_days_20pct: destroyed days: [0, 6]
iter=73 elapsed=144.958s step_runtime=1.024s destroy=destroy_random_workers_20pct repair=repair_chuffed_fast objective_metric=minizinc_objective incumbent_objective=2.0 contender_objective=2.0 score=1 accepted=True repair_failed=False used_exploration=False stagnation_rounds=4 weights_updated=False
  destroyed=destroy_random_workers_20pct: destroyed workers: [6, 8]
iter=74 elapsed=145.772s step_runtime=0.813s destroy=destroy_streak_around_worst_worker repair=repair_gecode_fast objective_metric=minizinc_objective incumbent_objective=2.0 contender_objective=1.0 score=5 accepted=True repair_failed=False used_exploration=False stagnation_rounds=0 weights_updated=False
  destroyed=destroy_streak_around_worst_worker: destroyed streak len=17 start=(w7,d6) end=(w1,d1); destroyed_inside=17
iter=75 elapsed=152.942s step_runtime=7.170s destroy=destroy_worst_workers_30pct repair=repair_gecode_long objective_metric=minizinc_objective incumbent_objective=1.0 contender_objective=1.0 score=1 accepted=True repair_failed=False used_exploration=False stagnation_rounds=1 weights_updated=False
  destroyed=destroy_worst_workers_30pct: destroyed workers: [3, 4, 6]
iter=76 elapsed=154.115s step_runtime=1.173s destroy=destroy_random_days_20pct repair=repair_chuffed_long objective_metric=minizinc_objective incumbent_objective=1.0 contender_objective=1.0 score=1 accepted=True repair_failed=False used_exploration=False stagnation_rounds=2 weights_updated=False
  destroyed=destroy_random_days_20pct: destroyed days: [3, 5]
iter=77 elapsed=156.078s step_runtime=1.963s destroy=destroy_worst_workers_30pct repair=repair_gecode_fast objective_metric=minizinc_objective incumbent_objective=1.0 contender_objective=0.0 score=5 accepted=True repair_failed=False used_exploration=False stagnation_rounds=0 weights_updated=False
  destroyed=destroy_worst_workers_30pct: destroyed workers: [0, 3, 4]
