Loaded instance: Example2.txt
instance=Example2
instance_name=Example2
instance_file=Example2.txt
instance_path=/Users/gab/Library/Mobile Documents/com~apple~CloudDocs/QuIST/ML/Optimization/Project 2/LNS_scheduling/Instances1-50/Example2.txt
variant=alns_plain
seed=0

iter=1 elapsed=0.997s step_runtime=0.997s destroy=destroy_streak_around_worst_worker repair=repair_chuffed_long objective_metric=minizinc_objective incumbent_objective=inf contender_objective=61.0 score=5 accepted=True repair_failed=False used_exploration=False stagnation_rounds=0 weights_updated=False
  destroyed=destroy_streak_around_worst_worker: destroyed streak len=11 start=(w8,d2) end=(w0,d5); destroyed_inside=11
iter=2 elapsed=16.611s step_runtime=15.614s destroy=destroy_worst_days_30pct repair=repair_chuffed_long objective_metric=minizinc_objective incumbent_objective=61.0 contender_objective=60.0 score=5 accepted=True repair_failed=False used_exploration=False stagnation_rounds=0 weights_updated=False
  destroyed=destroy_worst_days_30pct: destroyed days: [0, 4, 6]
iter=3 elapsed=17.206s step_runtime=0.595s destroy=destroy_max_border_off repair=repair_chuffed_fast objective_metric=minizinc_objective incumbent_objective=60.0 contender_objective=47.0 score=5 accepted=True repair_failed=False used_exploration=False stagnation_rounds=0 weights_updated=False
  destroyed=destroy_max_border_off: destroyed max-border off: vars_erased=7
iter=4 elapsed=17.797s step_runtime=0.592s destroy=destroy_worst_workers_10pct repair=repair_chuffed_fast objective_metric=minizinc_objective incumbent_objective=47.0 contender_objective=39.0 score=5 accepted=True repair_failed=False used_exploration=False stagnation_rounds=0 weights_updated=False
  destroyed=destroy_worst_workers_10pct: destroyed workers: [1]
iter=5 elapsed=21.486s step_runtime=3.689s destroy=destroy_random_window_20pct repair=repair_gecode_fast objective_metric=minizinc_objective incumbent_objective=39.0 contender_objective=21.0 score=5 accepted=True repair_failed=False used_exploration=False stagnation_rounds=0 weights_updated=False
  destroyed=destroy_random_window_20pct: destroyed window: [1, 2, 3, 4, 5] x [1, 2, 3, 4]
iter=6 elapsed=23.724s step_runtime=2.237s destroy=destroy_worst_workers_30pct repair=repair_chuffed_fast objective_metric=minizinc_objective incumbent_objective=21.0 contender_objective=5.0 score=5 accepted=True repair_failed=False used_exploration=False stagnation_rounds=0 weights_updated=False
  destroyed=destroy_worst_workers_30pct: destroyed workers: [4, 6, 7]
iter=7 elapsed=24.816s step_runtime=1.092s destroy=destroy_worst_workers_30pct repair=repair_gecode_fast objective_metric=minizinc_objective incumbent_objective=5.0 contender_objective=4.0 score=5 accepted=True repair_failed=False used_exploration=False stagnation_rounds=0 weights_updated=False
  destroyed=destroy_worst_workers_30pct: destroyed workers: [2, 4, 6]
iter=8 elapsed=31.487s step_runtime=6.670s destroy=destroy_worst_days_30pct repair=repair_chuffed_long objective_metric=minizinc_objective incumbent_objective=4.0 contender_objective=3.0 score=5 accepted=True repair_failed=False used_exploration=False stagnation_rounds=0 weights_updated=False
  destroyed=destroy_worst_days_30pct: destroyed days: [0, 4, 5]
iter=9 elapsed=32.186s step_runtime=0.699s destroy=destroy_random_workers_20pct repair=repair_chuffed_fast objective_metric=minizinc_objective incumbent_objective=3.0 contender_objective=2.0 score=5 accepted=True repair_failed=False used_exploration=False stagnation_rounds=0 weights_updated=False
  destroyed=destroy_random_workers_20pct: destroyed workers: [4, 8]
iter=10 elapsed=32.936s step_runtime=0.750s destroy=destroy_random_days_20pct repair=repair_gecode_fast objective_metric=minizinc_objective incumbent_objective=2.0 contender_objective=1.0 score=5 accepted=True repair_failed=False used_exploration=False stagnation_rounds=0 weights_updated=True
  destroyed=destroy_random_days_20pct: destroyed days: [2, 5]

  weight update (destroy):
    operator                             before    after
    destroy_worst_workers_10pct            0.07     0.09
    destroy_worst_workers_30pct            0.07     0.09
    destroy_random_workers_20pct           0.07     0.09
    destroy_random_window_20pct            0.07     0.09
    destroy_all_forbidden_sequences        0.07     0.06
    destroy_streak_around_worst_worker     0.07     0.09
    destroy_worst_days_10pct               0.07     0.06
    destroy_worst_days_30pct               0.07     0.09
    destroy_random_days_20pct              0.07     0.09
    destroy_max_border_work                0.07     0.06
    destroy_max_border_off                 0.07     0.06
    destroy_max_border_shift_1             0.07     0.06
    destroy_max_border_shift_2             0.07     0.06
    destroy_max_border_shift_3             0.07     0.06

  weight update (repair):
    operator                             before    after
    repair_chuffed_fast                    0.40     0.39
    repair_gecode_fast                     0.40     0.39
    repair_chuffed_long                    0.10     0.15
    repair_gecode_long                     0.10     0.08
iter=11 elapsed=34.087s step_runtime=1.151s destroy=destroy_worst_workers_30pct repair=repair_gecode_fast objective_metric=minizinc_objective incumbent_objective=1.0 contender_objective=1.0 score=1 accepted=True repair_failed=False used_exploration=False stagnation_rounds=1 weights_updated=False
  destroyed=destroy_worst_workers_30pct: destroyed workers: [1, 2, 6]
iter=12 elapsed=34.904s step_runtime=0.817s destroy=destroy_streak_around_worst_worker repair=repair_gecode_long objective_metric=minizinc_objective incumbent_objective=1.0 contender_objective=1.0 score=1 accepted=True repair_failed=False used_exploration=False stagnation_rounds=2 weights_updated=False
  destroyed=destroy_streak_around_worst_worker: destroyed streak len=17 start=(w5,d0) end=(w7,d2); destroyed_inside=17
iter=13 elapsed=35.569s step_runtime=0.665s destroy=destroy_random_workers_20pct repair=repair_gecode_long objective_metric=minizinc_objective incumbent_objective=1.0 contender_objective=1.0 score=1 accepted=True repair_failed=False used_exploration=False stagnation_rounds=3 weights_updated=False
  destroyed=destroy_random_workers_20pct: destroyed workers: [1, 7]
iter=14 elapsed=39.054s step_runtime=3.484s destroy=destroy_streak_around_worst_worker repair=repair_chuffed_fast objective_metric=minizinc_objective incumbent_objective=1.0 contender_objective=12.0 score=0 accepted=False repair_failed=False used_exploration=False stagnation_rounds=4 weights_updated=False
  destroyed=destroy_streak_around_worst_worker: destroyed streak len=23 start=(w4,d4) end=(w7,d5); destroyed_inside=23
iter=15 elapsed=39.815s step_runtime=0.761s destroy=destroy_random_workers_20pct repair=repair_chuffed_fast objective_metric=minizinc_objective incumbent_objective=1.0 contender_objective=1.0 score=1 accepted=True repair_failed=False used_exploration=False stagnation_rounds=5 weights_updated=False
  destroyed=destroy_random_workers_20pct: destroyed workers: [0, 8]
iter=16 elapsed=41.772s step_runtime=1.957s destroy=destroy_worst_days_30pct repair=repair_gecode_fast objective_metric=minizinc_objective incumbent_objective=1.0 contender_objective=1.0 score=1 accepted=True repair_failed=False used_exploration=False stagnation_rounds=6 weights_updated=False
  destroyed=destroy_worst_days_30pct: destroyed days: [1, 3, 6]
iter=17 elapsed=42.658s step_runtime=0.886s destroy=destroy_random_window_20pct repair=repair_chuffed_fast objective_metric=minizinc_objective incumbent_objective=1.0 contender_objective=1.0 score=1 accepted=True repair_failed=False used_exploration=False stagnation_rounds=7 weights_updated=False
  destroyed=destroy_random_window_20pct: destroyed window: [2, 3, 4, 5] x [2, 3, 4, 5]
iter=18 elapsed=43.681s step_runtime=1.023s destroy=destroy_worst_workers_30pct repair=repair_gecode_fast objective_metric=minizinc_objective incumbent_objective=1.0 contender_objective=1.0 score=1 accepted=True repair_failed=False used_exploration=False stagnation_rounds=8 weights_updated=False
  destroyed=destroy_worst_workers_30pct: destroyed workers: [0, 3, 6]
iter=19 elapsed=58.002s step_runtime=14.320s destroy=destroy_streak_around_worst_worker repair=repair_gecode_long objective_metric=minizinc_objective incumbent_objective=1.0 contender_objective=1.0 score=1 accepted=True repair_failed=False used_exploration=False stagnation_rounds=9 weights_updated=False
  destroyed=destroy_streak_around_worst_worker: destroyed streak len=27 start=(w4,d2) end=(w8,d0); destroyed_inside=27
iter=20 elapsed=61.613s step_runtime=3.611s destroy=destroy_worst_days_30pct repair=repair_chuffed_fast objective_metric=minizinc_objective incumbent_objective=1.0 contender_objective=31.0 score=0 accepted=False repair_failed=False used_exploration=False stagnation_rounds=10 weights_updated=True
  destroyed=destroy_worst_days_30pct: destroyed days: [0, 4, 6]

  weight update (destroy):
    operator                             before    after
    destroy_worst_workers_10pct            0.09     0.08
    destroy_worst_workers_30pct            0.09     0.11
    destroy_random_workers_20pct           0.09     0.11
    destroy_random_window_20pct            0.09     0.11
    destroy_all_forbidden_sequences        0.06     0.05
    destroy_streak_around_worst_worker     0.09     0.09
    destroy_worst_days_10pct               0.06     0.05
    destroy_worst_days_30pct               0.09     0.09
    destroy_random_days_20pct              0.09     0.08
    destroy_max_border_work                0.06     0.05
    destroy_max_border_off                 0.06     0.05
    destroy_max_border_shift_1             0.06     0.05
    destroy_max_border_shift_2             0.06     0.05
    destroy_max_border_shift_3             0.06     0.05

  weight update (repair):
    operator                             before    after
    repair_chuffed_fast                    0.39     0.34
    repair_gecode_fast                     0.39     0.38
    repair_chuffed_long                    0.15     0.13
    repair_gecode_long                     0.08     0.14
iter=21 elapsed=62.370s step_runtime=0.757s destroy=destroy_exploration repair=repair_exploration objective_metric=minizinc_objective incumbent_objective=1.0 contender_objective=1.0 score=1 accepted=True repair_failed=False used_exploration=True stagnation_rounds=11 weights_updated=False
  destroyed=destroy_exploration: destroyed window: [0, 1, 2, 6, 7, 8] x [4, 5, 6]
iter=22 elapsed=63.383s step_runtime=1.013s destroy=destroy_exploration repair=repair_exploration objective_metric=minizinc_objective incumbent_objective=1.0 contender_objective=1.0 score=1 accepted=True repair_failed=False used_exploration=True stagnation_rounds=12 weights_updated=False
  destroyed=destroy_exploration: destroyed window: [0, 1, 2, 3, 7, 8] x [2, 3, 4]
iter=23 elapsed=66.085s step_runtime=2.702s destroy=destroy_worst_workers_30pct repair=repair_chuffed_fast objective_metric=minizinc_objective incumbent_objective=1.0 contender_objective=1.0 score=1 accepted=True repair_failed=False used_exploration=False stagnation_rounds=13 weights_updated=False
  destroyed=destroy_worst_workers_30pct: destroyed workers: [2, 5, 6]
iter=24 elapsed=66.780s step_runtime=0.695s destroy=destroy_random_window_20pct repair=repair_chuffed_long objective_metric=minizinc_objective incumbent_objective=1.0 contender_objective=1.0 score=1 accepted=True repair_failed=False used_exploration=False stagnation_rounds=14 weights_updated=False
  destroyed=destroy_random_window_20pct: destroyed window: [0, 1, 2, 8] x [0, 1, 2]
iter=25 elapsed=67.442s step_runtime=0.662s destroy=destroy_random_workers_20pct repair=repair_gecode_fast objective_metric=minizinc_objective incumbent_objective=1.0 contender_objective=1.0 score=1 accepted=True repair_failed=False used_exploration=False stagnation_rounds=15 weights_updated=False
  destroyed=destroy_random_workers_20pct: destroyed workers: [0, 4]
iter=26 elapsed=68.342s step_runtime=0.899s destroy=destroy_random_workers_20pct repair=repair_chuffed_fast objective_metric=minizinc_objective incumbent_objective=1.0 contender_objective=1.0 score=1 accepted=True repair_failed=False used_exploration=False stagnation_rounds=16 weights_updated=False
  destroyed=destroy_random_workers_20pct: destroyed workers: [1, 5]
iter=27 elapsed=69.434s step_runtime=1.092s destroy=destroy_random_days_20pct repair=repair_chuffed_fast objective_metric=minizinc_objective incumbent_objective=1.0 contender_objective=1.0 score=1 accepted=True repair_failed=False used_exploration=False stagnation_rounds=17 weights_updated=False
  destroyed=destroy_random_days_20pct: destroyed days: [0, 3]
iter=28 elapsed=70.165s step_runtime=0.731s destroy=destroy_random_window_20pct repair=repair_chuffed_long objective_metric=minizinc_objective incumbent_objective=1.0 contender_objective=1.0 score=1 accepted=True repair_failed=False used_exploration=False stagnation_rounds=18 weights_updated=False
  destroyed=destroy_random_window_20pct: destroyed window: [6, 7, 8] x [3, 4, 5, 6]
iter=29 elapsed=73.631s step_runtime=3.466s destroy=destroy_worst_days_30pct repair=repair_chuffed_fast objective_metric=minizinc_objective incumbent_objective=1.0 contender_objective=35.0 score=0 accepted=False repair_failed=False used_exploration=False stagnation_rounds=19 weights_updated=False
  destroyed=destroy_worst_days_30pct: destroyed days: [1, 2, 6]
iter=30 elapsed=75.565s step_runtime=1.934s destroy=destroy_streak_around_worst_worker repair=repair_chuffed_fast objective_metric=minizinc_objective incumbent_objective=1.0 contender_objective=1.0 score=1 accepted=True repair_failed=False used_exploration=False stagnation_rounds=20 weights_updated=True
  destroyed=destroy_streak_around_worst_worker: destroyed streak len=21 start=(w3,d5) end=(w6,d4); destroyed_inside=21

  weight update (destroy):
    operator                             before    after
    destroy_worst_workers_10pct            0.08     0.07
    destroy_worst_workers_30pct            0.11     0.12
    destroy_random_workers_20pct           0.11     0.12
    destroy_random_window_20pct            0.11     0.12
    destroy_all_forbidden_sequences        0.05     0.04
    destroy_streak_around_worst_worker     0.09     0.11
    destroy_worst_days_10pct               0.05     0.05
    destroy_worst_days_30pct               0.09     0.08
    destroy_random_days_20pct              0.08     0.10
    destroy_max_border_work                0.05     0.04
    destroy_max_border_off                 0.05     0.04
    destroy_max_border_shift_1             0.05     0.04
    destroy_max_border_shift_2             0.05     0.04
    destroy_max_border_shift_3             0.05     0.04

  weight update (repair):
    operator                             before    after
    repair_chuffed_fast                    0.34     0.33
    repair_gecode_fast                     0.38     0.37
    repair_chuffed_long                    0.13     0.17
    repair_gecode_long                     0.14     0.13
iter=31 elapsed=77.299s step_runtime=1.733s destroy=destroy_exploration repair=repair_exploration objective_metric=minizinc_objective incumbent_objective=1.0 contender_objective=1.0 score=1 accepted=True repair_failed=False used_exploration=True stagnation_rounds=21 weights_updated=False
  destroyed=destroy_exploration: destroyed window: [0, 1, 2, 6, 7, 8] x [2, 3, 4, 5]
iter=32 elapsed=78.111s step_runtime=0.812s destroy=destroy_exploration repair=repair_exploration objective_metric=minizinc_objective incumbent_objective=1.0 contender_objective=1.0 score=1 accepted=True repair_failed=False used_exploration=True stagnation_rounds=22 weights_updated=False
  destroyed=destroy_exploration: destroyed window: [0, 1, 2, 3] x [3, 4, 5, 6]
iter=33 elapsed=79.160s step_runtime=1.049s destroy=destroy_random_days_20pct repair=repair_gecode_fast objective_metric=minizinc_objective incumbent_objective=1.0 contender_objective=1.0 score=1 accepted=True repair_failed=False used_exploration=False stagnation_rounds=23 weights_updated=False
  destroyed=destroy_random_days_20pct: destroyed days: [0, 6]
iter=34 elapsed=81.428s step_runtime=2.269s destroy=destroy_worst_days_30pct repair=repair_gecode_long objective_metric=minizinc_objective incumbent_objective=1.0 contender_objective=1.0 score=1 accepted=True repair_failed=False used_exploration=False stagnation_rounds=24 weights_updated=False
  destroyed=destroy_worst_days_30pct: destroyed days: [1, 4, 5]
iter=35 elapsed=83.167s step_runtime=1.739s destroy=destroy_worst_workers_30pct repair=repair_chuffed_fast objective_metric=minizinc_objective incumbent_objective=1.0 contender_objective=1.0 score=1 accepted=True repair_failed=False used_exploration=False stagnation_rounds=25 weights_updated=False
  destroyed=destroy_worst_workers_30pct: destroyed workers: [5, 6, 8]
iter=36 elapsed=84.159s step_runtime=0.992s destroy=destroy_worst_workers_30pct repair=repair_gecode_long objective_metric=minizinc_objective incumbent_objective=1.0 contender_objective=1.0 score=1 accepted=True repair_failed=False used_exploration=False stagnation_rounds=26 weights_updated=False
  destroyed=destroy_worst_workers_30pct: destroyed workers: [2, 3, 5]
iter=37 elapsed=85.126s step_runtime=0.967s destroy=destroy_worst_workers_30pct repair=repair_gecode_fast objective_metric=minizinc_objective incumbent_objective=1.0 contender_objective=1.0 score=1 accepted=True repair_failed=False used_exploration=False stagnation_rounds=27 weights_updated=False
  destroyed=destroy_worst_workers_30pct: destroyed workers: [1, 4, 8]
iter=38 elapsed=85.872s step_runtime=0.746s destroy=destroy_random_workers_20pct repair=repair_gecode_fast objective_metric=minizinc_objective incumbent_objective=1.0 contender_objective=1.0 score=1 accepted=True repair_failed=False used_exploration=False stagnation_rounds=28 weights_updated=False
  destroyed=destroy_random_workers_20pct: destroyed workers: [3, 8]
iter=39 elapsed=88.680s step_runtime=2.808s destroy=destroy_worst_days_30pct repair=repair_chuffed_fast objective_metric=minizinc_objective incumbent_objective=1.0 contender_objective=0.0 score=5 accepted=True repair_failed=False used_exploration=False stagnation_rounds=0 weights_updated=False
  destroyed=destroy_worst_days_30pct: destroyed days: [1, 3, 4]
