Loaded instance: Example2.txt
instance=Example2
instance_name=Example2
instance_file=Example2.txt
instance_path=/Users/gab/Library/Mobile Documents/com~apple~CloudDocs/QuIST/ML/Optimization/Project 2/LNS_scheduling/Instances1-50/Example2.txt
variant=alns_plain
seed=2

iter=1 elapsed=0.844s step_runtime=0.844s destroy=destroy_worst_workers_10pct repair=repair_gecode_long objective_metric=minizinc_objective incumbent_objective=inf contender_objective=63.0 score=5 accepted=True repair_failed=False used_exploration=False stagnation_rounds=0 weights_updated=False
  destroyed=destroy_worst_workers_10pct: destroyed workers: [0]
iter=2 elapsed=4.523s step_runtime=3.678s destroy=destroy_all_forbidden_sequences repair=repair_chuffed_fast objective_metric=minizinc_objective incumbent_objective=63.0 contender_objective=57.0 score=5 accepted=True repair_failed=False used_exploration=False stagnation_rounds=0 weights_updated=False
  destroyed=destroy_all_forbidden_sequences: destroyed forbidden sequences: vars_erased=25
iter=3 elapsed=5.389s step_runtime=0.866s destroy=destroy_random_workers_20pct repair=repair_gecode_long objective_metric=minizinc_objective incumbent_objective=57.0 contender_objective=47.0 score=5 accepted=True repair_failed=False used_exploration=False stagnation_rounds=0 weights_updated=False
  destroyed=destroy_random_workers_20pct: destroyed workers: [0, 8]
iter=4 elapsed=6.029s step_runtime=0.640s destroy=destroy_random_window_20pct repair=repair_chuffed_fast objective_metric=minizinc_objective incumbent_objective=47.0 contender_objective=47.0 score=1 accepted=True repair_failed=False used_exploration=False stagnation_rounds=1 weights_updated=False
  destroyed=destroy_random_window_20pct: destroyed window: [0, 6, 7, 8] x [4, 5]
iter=5 elapsed=6.902s step_runtime=0.873s destroy=destroy_random_window_20pct repair=repair_gecode_long objective_metric=minizinc_objective incumbent_objective=47.0 contender_objective=44.0 score=5 accepted=True repair_failed=False used_exploration=False stagnation_rounds=0 weights_updated=False
  destroyed=destroy_random_window_20pct: destroyed window: [0, 1, 2, 8] x [0, 1]
iter=6 elapsed=7.999s step_runtime=1.097s destroy=destroy_random_window_20pct repair=repair_gecode_fast objective_metric=minizinc_objective incumbent_objective=44.0 contender_objective=26.0 score=5 accepted=True repair_failed=False used_exploration=False stagnation_rounds=0 weights_updated=False
  destroyed=destroy_random_window_20pct: destroyed window: [0, 1, 2, 3] x [0, 1, 5, 6]
iter=7 elapsed=9.966s step_runtime=1.967s destroy=destroy_worst_workers_30pct repair=repair_gecode_fast objective_metric=minizinc_objective incumbent_objective=26.0 contender_objective=15.0 score=5 accepted=True repair_failed=False used_exploration=False stagnation_rounds=0 weights_updated=False
  destroyed=destroy_worst_workers_30pct: destroyed workers: [0, 3, 5]
iter=8 elapsed=11.707s step_runtime=1.741s destroy=destroy_random_window_20pct repair=repair_gecode_fast objective_metric=minizinc_objective incumbent_objective=15.0 contender_objective=15.0 score=1 accepted=True repair_failed=False used_exploration=False stagnation_rounds=1 weights_updated=False
  destroyed=destroy_random_window_20pct: destroyed window: [0, 1, 2, 7, 8] x [0, 1, 5, 6]
iter=9 elapsed=12.322s step_runtime=0.615s destroy=destroy_random_window_20pct repair=repair_gecode_fast objective_metric=minizinc_objective incumbent_objective=15.0 contender_objective=14.0 score=5 accepted=True repair_failed=False used_exploration=False stagnation_rounds=0 weights_updated=False
  destroyed=destroy_random_window_20pct: destroyed window: [0, 1, 2] x [1, 2, 3]
iter=10 elapsed=12.924s step_runtime=0.602s destroy=destroy_random_window_20pct repair=repair_chuffed_fast objective_metric=minizinc_objective incumbent_objective=14.0 contender_objective=13.0 score=5 accepted=True repair_failed=False used_exploration=False stagnation_rounds=0 weights_updated=True
  destroyed=destroy_random_window_20pct: destroyed window: [0, 7, 8] x [0, 1, 2]

  weight update (destroy):
    operator                             before    after
    destroy_worst_workers_10pct            0.07     0.11
    destroy_worst_workers_30pct            0.07     0.11
    destroy_random_workers_20pct           0.07     0.11
    destroy_random_window_20pct            0.07     0.06
    destroy_all_forbidden_sequences        0.07     0.11
    destroy_streak_around_worst_worker     0.07     0.06
    destroy_worst_days_10pct               0.07     0.06
    destroy_worst_days_30pct               0.07     0.06
    destroy_random_days_20pct              0.07     0.06
    destroy_max_border_work                0.07     0.06
    destroy_max_border_off                 0.07     0.06
    destroy_max_border_shift_1             0.07     0.06
    destroy_max_border_shift_2             0.07     0.06
    destroy_max_border_shift_3             0.07     0.06

  weight update (repair):
    operator                             before    after
    repair_chuffed_fast                    0.40     0.34
    repair_gecode_fast                     0.40     0.35
    repair_chuffed_long                    0.10     0.08
    repair_gecode_long                     0.10     0.23
iter=11 elapsed=13.475s step_runtime=0.551s destroy=destroy_all_forbidden_sequences repair=repair_gecode_fast objective_metric=minizinc_objective incumbent_objective=13.0 contender_objective=13.0 score=1 accepted=True repair_failed=False used_exploration=False stagnation_rounds=1 weights_updated=False
  destroyed=destroy_all_forbidden_sequences: destroyed forbidden sequences: vars_erased=2
iter=12 elapsed=13.975s step_runtime=0.500s destroy=destroy_max_border_work repair=repair_chuffed_fast objective_metric=minizinc_objective incumbent_objective=13.0 contender_objective=13.0 score=1 accepted=True repair_failed=False used_exploration=False stagnation_rounds=2 weights_updated=False
  destroyed=destroy_max_border_work: destroyed max-border work: vars_erased=14
iter=13 elapsed=15.349s step_runtime=1.374s destroy=destroy_worst_workers_30pct repair=repair_gecode_long objective_metric=minizinc_objective incumbent_objective=13.0 contender_objective=3.0 score=5 accepted=True repair_failed=False used_exploration=False stagnation_rounds=0 weights_updated=False
  destroyed=destroy_worst_workers_30pct: destroyed workers: [3, 4, 6]
iter=14 elapsed=16.057s step_runtime=0.708s destroy=destroy_random_workers_20pct repair=repair_gecode_fast objective_metric=minizinc_objective incumbent_objective=3.0 contender_objective=3.0 score=1 accepted=True repair_failed=False used_exploration=False stagnation_rounds=1 weights_updated=False
  destroyed=destroy_random_workers_20pct: destroyed workers: [3, 8]
iter=15 elapsed=17.031s step_runtime=0.974s destroy=destroy_random_days_20pct repair=repair_chuffed_fast objective_metric=minizinc_objective incumbent_objective=3.0 contender_objective=2.0 score=5 accepted=True repair_failed=False used_exploration=False stagnation_rounds=0 weights_updated=False
  destroyed=destroy_random_days_20pct: destroyed days: [0, 3]
iter=16 elapsed=17.724s step_runtime=0.693s destroy=destroy_random_window_20pct repair=repair_gecode_long objective_metric=minizinc_objective incumbent_objective=2.0 contender_objective=2.0 score=1 accepted=True repair_failed=False used_exploration=False stagnation_rounds=1 weights_updated=False
  destroyed=destroy_random_window_20pct: destroyed window: [1, 2, 3, 4, 5] x [2, 3, 4]
iter=17 elapsed=18.423s step_runtime=0.699s destroy=destroy_random_window_20pct repair=repair_chuffed_fast objective_metric=minizinc_objective incumbent_objective=2.0 contender_objective=2.0 score=1 accepted=True repair_failed=False used_exploration=False stagnation_rounds=2 weights_updated=False
  destroyed=destroy_random_window_20pct: destroyed window: [4, 5, 6, 7] x [2, 3, 4]
iter=18 elapsed=20.552s step_runtime=2.129s destroy=destroy_worst_days_30pct repair=repair_gecode_fast objective_metric=minizinc_objective incumbent_objective=2.0 contender_objective=2.0 score=1 accepted=True repair_failed=False used_exploration=False stagnation_rounds=3 weights_updated=False
  destroyed=destroy_worst_days_30pct: destroyed days: [2, 4, 5]
iter=19 elapsed=27.773s step_runtime=7.221s destroy=destroy_streak_around_worst_worker repair=repair_chuffed_long objective_metric=minizinc_objective incumbent_objective=2.0 contender_objective=1.0 score=5 accepted=True repair_failed=False used_exploration=False stagnation_rounds=0 weights_updated=False
  destroyed=destroy_streak_around_worst_worker: destroyed streak len=25 start=(w6,d4) end=(w1,d0); destroyed_inside=25
iter=20 elapsed=28.809s step_runtime=1.036s destroy=destroy_worst_workers_30pct repair=repair_gecode_fast objective_metric=minizinc_objective incumbent_objective=1.0 contender_objective=1.0 score=1 accepted=True repair_failed=False used_exploration=False stagnation_rounds=1 weights_updated=True
  destroyed=destroy_worst_workers_30pct: destroyed workers: [2, 3, 6]

  weight update (destroy):
    operator                             before    after
    destroy_worst_workers_10pct            0.11     0.08
    destroy_worst_workers_30pct            0.11     0.09
    destroy_random_workers_20pct           0.11     0.08
    destroy_random_window_20pct            0.06     0.05
    destroy_all_forbidden_sequences        0.11     0.08
    destroy_streak_around_worst_worker     0.06     0.14
    destroy_worst_days_10pct               0.06     0.05
    destroy_worst_days_30pct               0.06     0.05
    destroy_random_days_20pct              0.06     0.14
    destroy_max_border_work                0.06     0.05
    destroy_max_border_off                 0.06     0.05
    destroy_max_border_shift_1             0.06     0.05
    destroy_max_border_shift_2             0.06     0.05
    destroy_max_border_shift_3             0.06     0.05

  weight update (repair):
    operator                             before    after
    repair_chuffed_fast                    0.34     0.28
    repair_gecode_fast                     0.35     0.28
    repair_chuffed_long                    0.08     0.25
    repair_gecode_long                     0.23     0.19
iter=21 elapsed=29.685s step_runtime=0.876s destroy=destroy_random_days_20pct repair=repair_chuffed_long objective_metric=minizinc_objective incumbent_objective=1.0 contender_objective=1.0 score=1 accepted=True repair_failed=False used_exploration=False stagnation_rounds=2 weights_updated=False
  destroyed=destroy_random_days_20pct: destroyed days: [1, 3]
iter=22 elapsed=30.584s step_runtime=0.899s destroy=destroy_random_days_20pct repair=repair_chuffed_long objective_metric=minizinc_objective incumbent_objective=1.0 contender_objective=1.0 score=1 accepted=True repair_failed=False used_exploration=False stagnation_rounds=3 weights_updated=False
  destroyed=destroy_random_days_20pct: destroyed days: [2, 6]
iter=23 elapsed=32.727s step_runtime=2.143s destroy=destroy_worst_workers_30pct repair=repair_gecode_long objective_metric=minizinc_objective incumbent_objective=1.0 contender_objective=1.0 score=1 accepted=True repair_failed=False used_exploration=False stagnation_rounds=4 weights_updated=False
  destroyed=destroy_worst_workers_30pct: destroyed workers: [3, 5, 7]
iter=24 elapsed=33.727s step_runtime=1.000s destroy=destroy_random_days_20pct repair=repair_gecode_fast objective_metric=minizinc_objective incumbent_objective=1.0 contender_objective=1.0 score=1 accepted=True repair_failed=False used_exploration=False stagnation_rounds=5 weights_updated=False
  destroyed=destroy_random_days_20pct: destroyed days: [0, 1]
iter=25 elapsed=34.341s step_runtime=0.614s destroy=destroy_random_window_20pct repair=repair_chuffed_fast objective_metric=minizinc_objective incumbent_objective=1.0 contender_objective=1.0 score=1 accepted=True repair_failed=False used_exploration=False stagnation_rounds=6 weights_updated=False
  destroyed=destroy_random_window_20pct: destroyed window: [1, 2, 3, 4, 5] x [4, 5]
iter=26 elapsed=35.273s step_runtime=0.932s destroy=destroy_random_days_20pct repair=repair_chuffed_long objective_metric=minizinc_objective incumbent_objective=1.0 contender_objective=1.0 score=1 accepted=True repair_failed=False used_exploration=False stagnation_rounds=7 weights_updated=False
  destroyed=destroy_random_days_20pct: destroyed days: [1, 2]
iter=27 elapsed=35.956s step_runtime=0.683s destroy=destroy_random_workers_20pct repair=repair_gecode_fast objective_metric=minizinc_objective incumbent_objective=1.0 contender_objective=1.0 score=1 accepted=True repair_failed=False used_exploration=False stagnation_rounds=8 weights_updated=False
  destroyed=destroy_random_workers_20pct: destroyed workers: [2, 8]
iter=28 elapsed=36.515s step_runtime=0.559s destroy=destroy_random_window_20pct repair=repair_gecode_long objective_metric=minizinc_objective incumbent_objective=1.0 contender_objective=1.0 score=1 accepted=True repair_failed=False used_exploration=False stagnation_rounds=9 weights_updated=False
  destroyed=destroy_random_window_20pct: destroyed window: [6, 7] x [0, 6]
iter=29 elapsed=37.186s step_runtime=0.670s destroy=destroy_random_workers_20pct repair=repair_gecode_fast objective_metric=minizinc_objective incumbent_objective=1.0 contender_objective=1.0 score=1 accepted=True repair_failed=False used_exploration=False stagnation_rounds=10 weights_updated=False
  destroyed=destroy_random_workers_20pct: destroyed workers: [0, 3]
iter=30 elapsed=37.847s step_runtime=0.661s destroy=destroy_exploration repair=repair_exploration objective_metric=minizinc_objective incumbent_objective=1.0 contender_objective=1.0 score=1 accepted=True repair_failed=False used_exploration=True stagnation_rounds=11 weights_updated=True
  destroyed=destroy_exploration: destroyed window: [5, 6, 7, 8] x [0, 1, 6]

  weight update (destroy):
    operator                             before    after
    destroy_worst_workers_10pct            0.08     0.08
    destroy_worst_workers_30pct            0.09     0.11
    destroy_random_workers_20pct           0.08     0.11
    destroy_random_window_20pct            0.05     0.08
    destroy_all_forbidden_sequences        0.08     0.07
    destroy_streak_around_worst_worker     0.14     0.12
    destroy_worst_days_10pct               0.05     0.05
    destroy_worst_days_30pct               0.05     0.05
    destroy_random_days_20pct              0.14     0.15
    destroy_max_border_work                0.05     0.04
    destroy_max_border_off                 0.05     0.04
    destroy_max_border_shift_1             0.05     0.04
    destroy_max_border_shift_2             0.05     0.04
    destroy_max_border_shift_3             0.05     0.04

  weight update (repair):
    operator                             before    after
    repair_chuffed_fast                    0.28     0.27
    repair_gecode_fast                     0.28     0.28
    repair_chuffed_long                    0.25     0.25
    repair_gecode_long                     0.19     0.20
iter=31 elapsed=38.663s step_runtime=0.817s destroy=destroy_exploration repair=repair_exploration objective_metric=minizinc_objective incumbent_objective=1.0 contender_objective=1.0 score=1 accepted=True repair_failed=False used_exploration=True stagnation_rounds=12 weights_updated=False
  destroyed=destroy_exploration: destroyed window: [4, 5, 6, 7, 8] x [2, 3, 4]
iter=32 elapsed=39.479s step_runtime=0.815s destroy=destroy_streak_around_worst_worker repair=repair_chuffed_fast objective_metric=minizinc_objective incumbent_objective=1.0 contender_objective=1.0 score=1 accepted=True repair_failed=False used_exploration=False stagnation_rounds=13 weights_updated=False
  destroyed=destroy_streak_around_worst_worker: destroyed streak len=15 start=(w8,d0) end=(w1,d0); destroyed_inside=15
iter=33 elapsed=40.494s step_runtime=1.015s destroy=destroy_streak_around_worst_worker repair=repair_gecode_long objective_metric=minizinc_objective incumbent_objective=1.0 contender_objective=1.0 score=1 accepted=True repair_failed=False used_exploration=False stagnation_rounds=14 weights_updated=False
  destroyed=destroy_streak_around_worst_worker: destroyed streak len=19 start=(w7,d5) end=(w1,d2); destroyed_inside=19
iter=34 elapsed=41.333s step_runtime=0.839s destroy=destroy_random_days_20pct repair=repair_chuffed_fast objective_metric=minizinc_objective incumbent_objective=1.0 contender_objective=1.0 score=1 accepted=True repair_failed=False used_exploration=False stagnation_rounds=15 weights_updated=False
  destroyed=destroy_random_days_20pct: destroyed days: [1, 4]
iter=35 elapsed=41.919s step_runtime=0.586s destroy=destroy_random_window_20pct repair=repair_gecode_fast objective_metric=minizinc_objective incumbent_objective=1.0 contender_objective=1.0 score=1 accepted=True repair_failed=False used_exploration=False stagnation_rounds=16 weights_updated=False
  destroyed=destroy_random_window_20pct: destroyed window: [0, 7, 8] x [1, 2]
iter=36 elapsed=42.774s step_runtime=0.855s destroy=destroy_random_days_20pct repair=repair_chuffed_fast objective_metric=minizinc_objective incumbent_objective=1.0 contender_objective=1.0 score=1 accepted=True repair_failed=False used_exploration=False stagnation_rounds=17 weights_updated=False
  destroyed=destroy_random_days_20pct: destroyed days: [2, 5]
iter=37 elapsed=43.440s step_runtime=0.665s destroy=destroy_random_workers_20pct repair=repair_gecode_fast objective_metric=minizinc_objective incumbent_objective=1.0 contender_objective=1.0 score=1 accepted=True repair_failed=False used_exploration=False stagnation_rounds=18 weights_updated=False
  destroyed=destroy_random_workers_20pct: destroyed workers: [0, 5]
iter=38 elapsed=44.498s step_runtime=1.058s destroy=destroy_worst_workers_30pct repair=repair_gecode_fast objective_metric=minizinc_objective incumbent_objective=1.0 contender_objective=1.0 score=1 accepted=True repair_failed=False used_exploration=False stagnation_rounds=19 weights_updated=False
  destroyed=destroy_worst_workers_30pct: destroyed workers: [1, 4, 5]
iter=39 elapsed=45.231s step_runtime=0.733s destroy=destroy_random_days_20pct repair=repair_gecode_long objective_metric=minizinc_objective incumbent_objective=1.0 contender_objective=1.0 score=1 accepted=True repair_failed=False used_exploration=False stagnation_rounds=20 weights_updated=False
  destroyed=destroy_random_days_20pct: destroyed days: [0, 3]
iter=40 elapsed=45.840s step_runtime=0.609s destroy=destroy_exploration repair=repair_exploration objective_metric=minizinc_objective incumbent_objective=1.0 contender_objective=1.0 score=1 accepted=True repair_failed=False used_exploration=True stagnation_rounds=21 weights_updated=True
  destroyed=destroy_exploration: destroyed window: [0, 1, 2] x [0, 1, 2]

  weight update (destroy):
    operator                             before    after
    destroy_worst_workers_10pct            0.08     0.07
    destroy_worst_workers_30pct            0.11     0.12
    destroy_random_workers_20pct           0.11     0.12
    destroy_random_window_20pct            0.08     0.09
    destroy_all_forbidden_sequences        0.07     0.06
    destroy_streak_around_worst_worker     0.12     0.13
    destroy_worst_days_10pct               0.05     0.04
    destroy_worst_days_30pct               0.05     0.04
    destroy_random_days_20pct              0.15     0.15
    destroy_max_border_work                0.04     0.04
    destroy_max_border_off                 0.04     0.04
    destroy_max_border_shift_1             0.04     0.03
    destroy_max_border_shift_2             0.04     0.04
    destroy_max_border_shift_3             0.04     0.04

  weight update (repair):
    operator                             before    after
    repair_chuffed_fast                    0.27     0.28
    repair_gecode_fast                     0.28     0.28
    repair_chuffed_long                    0.25     0.21
    repair_gecode_long                     0.20     0.22
iter=41 elapsed=46.478s step_runtime=0.638s destroy=destroy_exploration repair=repair_exploration objective_metric=minizinc_objective incumbent_objective=1.0 contender_objective=1.0 score=1 accepted=True repair_failed=False used_exploration=True stagnation_rounds=22 weights_updated=False
  destroyed=destroy_exploration: destroyed window: [0, 1, 2, 3, 7, 8] x [4, 5]
iter=42 elapsed=47.291s step_runtime=0.813s destroy=destroy_random_days_20pct repair=repair_chuffed_long objective_metric=minizinc_objective incumbent_objective=1.0 contender_objective=1.0 score=1 accepted=True repair_failed=False used_exploration=False stagnation_rounds=23 weights_updated=False
  destroyed=destroy_random_days_20pct: destroyed days: [4, 6]
iter=43 elapsed=48.382s step_runtime=1.091s destroy=destroy_worst_workers_30pct repair=repair_chuffed_fast objective_metric=minizinc_objective incumbent_objective=1.0 contender_objective=1.0 score=1 accepted=True repair_failed=False used_exploration=False stagnation_rounds=24 weights_updated=False
  destroyed=destroy_worst_workers_30pct: destroyed workers: [0, 2, 5]
iter=44 elapsed=51.832s step_runtime=3.451s destroy=destroy_worst_days_30pct repair=repair_chuffed_fast objective_metric=minizinc_objective incumbent_objective=1.0 contender_objective=22.0 score=0 accepted=False repair_failed=False used_exploration=False stagnation_rounds=25 weights_updated=False
  destroyed=destroy_worst_days_30pct: destroyed days: [1, 5, 6]
iter=45 elapsed=52.786s step_runtime=0.954s destroy=destroy_random_days_20pct repair=repair_chuffed_fast objective_metric=minizinc_objective incumbent_objective=1.0 contender_objective=1.0 score=1 accepted=True repair_failed=False used_exploration=False stagnation_rounds=26 weights_updated=False
  destroyed=destroy_random_days_20pct: destroyed days: [0, 4]
iter=46 elapsed=53.977s step_runtime=1.191s destroy=destroy_worst_workers_30pct repair=repair_chuffed_long objective_metric=minizinc_objective incumbent_objective=1.0 contender_objective=1.0 score=1 accepted=True repair_failed=False used_exploration=False stagnation_rounds=27 weights_updated=False
  destroyed=destroy_worst_workers_30pct: destroyed workers: [1, 3, 5]
iter=47 elapsed=54.653s step_runtime=0.675s destroy=destroy_random_window_20pct repair=repair_chuffed_fast objective_metric=minizinc_objective incumbent_objective=1.0 contender_objective=1.0 score=1 accepted=True repair_failed=False used_exploration=False stagnation_rounds=28 weights_updated=False
  destroyed=destroy_random_window_20pct: destroyed window: [1, 2, 3] x [0, 1, 5, 6]
iter=48 elapsed=55.221s step_runtime=0.569s destroy=destroy_random_window_20pct repair=repair_chuffed_long objective_metric=minizinc_objective incumbent_objective=1.0 contender_objective=1.0 score=1 accepted=True repair_failed=False used_exploration=False stagnation_rounds=29 weights_updated=False
  destroyed=destroy_random_window_20pct: destroyed window: [2, 3] x [1, 2, 3]
iter=49 elapsed=56.177s step_runtime=0.956s destroy=destroy_worst_workers_30pct repair=repair_gecode_fast objective_metric=minizinc_objective incumbent_objective=1.0 contender_objective=1.0 score=1 accepted=True repair_failed=False used_exploration=False stagnation_rounds=30 weights_updated=False
  destroyed=destroy_worst_workers_30pct: destroyed workers: [2, 4, 5]
iter=50 elapsed=57.016s step_runtime=0.839s destroy=destroy_exploration repair=repair_exploration objective_metric=minizinc_objective incumbent_objective=1.0 contender_objective=1.0 score=1 accepted=True repair_failed=False used_exploration=True stagnation_rounds=31 weights_updated=True
  destroyed=destroy_exploration: destroyed window: [4, 5, 6, 7, 8] x [0, 1, 2]

  weight update (destroy):
    operator                             before    after
    destroy_worst_workers_10pct            0.07     0.06
    destroy_worst_workers_30pct            0.12     0.14
    destroy_random_workers_20pct           0.12     0.10
    destroy_random_window_20pct            0.09     0.12
    destroy_all_forbidden_sequences        0.06     0.06
    destroy_streak_around_worst_worker     0.13     0.11
    destroy_worst_days_10pct               0.04     0.04
    destroy_worst_days_30pct               0.04     0.04
    destroy_random_days_20pct              0.15     0.17
    destroy_max_border_work                0.04     0.04
    destroy_max_border_off                 0.04     0.03
    destroy_max_border_shift_1             0.03     0.02
    destroy_max_border_shift_2             0.04     0.03
    destroy_max_border_shift_3             0.04     0.03

  weight update (repair):
    operator                             before    after
    repair_chuffed_fast                    0.28     0.27
    repair_gecode_fast                     0.28     0.30
    repair_chuffed_long                    0.21     0.24
    repair_gecode_long                     0.22     0.19
iter=51 elapsed=70.680s step_runtime=13.664s destroy=destroy_exploration repair=repair_exploration objective_metric=minizinc_objective incumbent_objective=1.0 contender_objective=1.0 score=1 accepted=True repair_failed=False used_exploration=True stagnation_rounds=32 weights_updated=False
  destroyed=destroy_exploration: destroyed window: [0, 1, 4, 5, 6, 7, 8] x [0, 1, 5, 6]
iter=52 elapsed=72.060s step_runtime=1.380s destroy=destroy_worst_workers_30pct repair=repair_chuffed_long objective_metric=minizinc_objective incumbent_objective=1.0 contender_objective=1.0 score=1 accepted=True repair_failed=False used_exploration=False stagnation_rounds=33 weights_updated=False
  destroyed=destroy_worst_workers_30pct: destroyed workers: [0, 2, 3]
iter=53 elapsed=73.503s step_runtime=1.442s destroy=destroy_worst_workers_30pct repair=repair_gecode_fast objective_metric=minizinc_objective incumbent_objective=1.0 contender_objective=1.0 score=1 accepted=True repair_failed=False used_exploration=False stagnation_rounds=34 weights_updated=False
  destroyed=destroy_worst_workers_30pct: destroyed workers: [2, 3, 7]
iter=54 elapsed=74.330s step_runtime=0.827s destroy=destroy_random_window_20pct repair=repair_gecode_fast objective_metric=minizinc_objective incumbent_objective=1.0 contender_objective=1.0 score=1 accepted=True repair_failed=False used_exploration=False stagnation_rounds=35 weights_updated=False
  destroyed=destroy_random_window_20pct: destroyed window: [2, 3, 4, 5, 6] x [1, 2, 3, 4]
iter=55 elapsed=76.758s step_runtime=2.427s destroy=destroy_worst_days_30pct repair=repair_chuffed_fast objective_metric=minizinc_objective incumbent_objective=1.0 contender_objective=1.0 score=1 accepted=True repair_failed=False used_exploration=False stagnation_rounds=36 weights_updated=False
  destroyed=destroy_worst_days_30pct: destroyed days: [1, 2, 5]
iter=56 elapsed=77.851s step_runtime=1.094s destroy=destroy_worst_workers_30pct repair=repair_chuffed_long objective_metric=minizinc_objective incumbent_objective=1.0 contender_objective=1.0 score=1 accepted=True repair_failed=False used_exploration=False stagnation_rounds=37 weights_updated=False
  destroyed=destroy_worst_workers_30pct: destroyed workers: [1, 3, 8]
iter=57 elapsed=78.651s step_runtime=0.799s destroy=destroy_random_window_20pct repair=repair_gecode_long objective_metric=minizinc_objective incumbent_objective=1.0 contender_objective=1.0 score=1 accepted=True repair_failed=False used_exploration=False stagnation_rounds=38 weights_updated=False
  destroyed=destroy_random_window_20pct: destroyed window: [0, 1, 2, 3, 8] x [3, 4, 5, 6]
iter=58 elapsed=80.159s step_runtime=1.508s destroy=destroy_worst_workers_30pct repair=repair_gecode_fast objective_metric=minizinc_objective incumbent_objective=1.0 contender_objective=1.0 score=1 accepted=True repair_failed=False used_exploration=False stagnation_rounds=39 weights_updated=False
  destroyed=destroy_worst_workers_30pct: destroyed workers: [2, 4, 7]
iter=59 elapsed=80.809s step_runtime=0.651s destroy=destroy_random_window_20pct repair=repair_chuffed_fast objective_metric=minizinc_objective incumbent_objective=1.0 contender_objective=1.0 score=1 accepted=True repair_failed=False used_exploration=False stagnation_rounds=40 weights_updated=False
  destroyed=destroy_random_window_20pct: destroyed window: [2, 3, 4, 5] x [4, 5, 6]
iter=60 elapsed=81.529s step_runtime=0.720s destroy=destroy_exploration repair=repair_exploration objective_metric=minizinc_objective incumbent_objective=1.0 contender_objective=1.0 score=1 accepted=True repair_failed=False used_exploration=True stagnation_rounds=41 weights_updated=True
  destroyed=destroy_exploration: destroyed window: [1, 2, 3] x [0, 1, 2, 6]

  weight update (destroy):
    operator                             before    after
    destroy_worst_workers_10pct            0.06     0.06
    destroy_worst_workers_30pct            0.14     0.16
    destroy_random_workers_20pct           0.10     0.09
    destroy_random_window_20pct            0.12     0.14
    destroy_all_forbidden_sequences        0.06     0.05
    destroy_streak_around_worst_worker     0.11     0.10
    destroy_worst_days_10pct               0.04     0.05
    destroy_worst_days_30pct               0.04     0.08
    destroy_random_days_20pct              0.17     0.14
    destroy_max_border_work                0.04     0.03
    destroy_max_border_off                 0.03     0.02
    destroy_max_border_shift_1             0.02     0.02
    destroy_max_border_shift_2             0.03     0.02
    destroy_max_border_shift_3             0.03     0.02

  weight update (repair):
    operator                             before    after
    repair_chuffed_fast                    0.27     0.27
    repair_gecode_fast                     0.30     0.29
    repair_chuffed_long                    0.24     0.24
    repair_gecode_long                     0.19     0.21
iter=61 elapsed=82.510s step_runtime=0.981s destroy=destroy_exploration repair=repair_exploration objective_metric=minizinc_objective incumbent_objective=1.0 contender_objective=1.0 score=1 accepted=True repair_failed=False used_exploration=True stagnation_rounds=42 weights_updated=False
  destroyed=destroy_exploration: destroyed window: [5, 6, 7, 8] x [2, 3, 4, 5]
iter=62 elapsed=83.112s step_runtime=0.602s destroy=destroy_random_window_20pct repair=repair_gecode_fast objective_metric=minizinc_objective incumbent_objective=1.0 contender_objective=1.0 score=1 accepted=True repair_failed=False used_exploration=False stagnation_rounds=43 weights_updated=False
  destroyed=destroy_random_window_20pct: destroyed window: [1, 2, 3] x [2, 3, 4]
iter=63 elapsed=83.735s step_runtime=0.623s destroy=destroy_random_window_20pct repair=repair_gecode_fast objective_metric=minizinc_objective incumbent_objective=1.0 contender_objective=1.0 score=1 accepted=True repair_failed=False used_exploration=False stagnation_rounds=44 weights_updated=False
  destroyed=destroy_random_window_20pct: destroyed window: [0, 1, 2, 3, 4] x [1, 2]
iter=64 elapsed=86.825s step_runtime=3.089s destroy=destroy_worst_workers_30pct repair=repair_gecode_long objective_metric=minizinc_objective incumbent_objective=1.0 contender_objective=1.0 score=1 accepted=True repair_failed=False used_exploration=False stagnation_rounds=45 weights_updated=False
  destroyed=destroy_worst_workers_30pct: destroyed workers: [4, 5, 7]
iter=65 elapsed=88.500s step_runtime=1.675s destroy=destroy_streak_around_worst_worker repair=repair_chuffed_fast objective_metric=minizinc_objective incumbent_objective=1.0 contender_objective=1.0 score=1 accepted=True repair_failed=False used_exploration=False stagnation_rounds=46 weights_updated=False
  destroyed=destroy_streak_around_worst_worker: destroyed streak len=19 start=(w7,d5) end=(w1,d2); destroyed_inside=19
iter=66 elapsed=89.279s step_runtime=0.779s destroy=destroy_random_workers_20pct repair=repair_chuffed_fast objective_metric=minizinc_objective incumbent_objective=1.0 contender_objective=1.0 score=1 accepted=True repair_failed=False used_exploration=False stagnation_rounds=47 weights_updated=False
  destroyed=destroy_random_workers_20pct: destroyed workers: [3, 6]
iter=67 elapsed=91.081s step_runtime=1.802s destroy=destroy_worst_workers_30pct repair=repair_chuffed_fast objective_metric=minizinc_objective incumbent_objective=1.0 contender_objective=1.0 score=1 accepted=True repair_failed=False used_exploration=False stagnation_rounds=48 weights_updated=False
  destroyed=destroy_worst_workers_30pct: destroyed workers: [2, 7, 8]
iter=68 elapsed=92.611s step_runtime=1.530s destroy=destroy_worst_days_30pct repair=repair_gecode_fast objective_metric=minizinc_objective incumbent_objective=1.0 contender_objective=1.0 score=1 accepted=True repair_failed=False used_exploration=False stagnation_rounds=49 weights_updated=False
  destroyed=destroy_worst_days_30pct: destroyed days: [1, 2, 5]
iter=69 elapsed=93.220s step_runtime=0.609s destroy=destroy_random_window_20pct repair=repair_chuffed_long objective_metric=minizinc_objective incumbent_objective=1.0 contender_objective=1.0 score=1 accepted=True repair_failed=False used_exploration=False stagnation_rounds=50 weights_updated=False
  destroyed=destroy_random_window_20pct: destroyed window: [1, 2, 3] x [3, 4, 5]
iter=70 elapsed=94.481s step_runtime=1.261s destroy=destroy_exploration repair=repair_exploration objective_metric=minizinc_objective incumbent_objective=1.0 contender_objective=1.0 score=1 accepted=True repair_failed=False used_exploration=True stagnation_rounds=51 weights_updated=True
  destroyed=destroy_exploration: destroyed window: [3, 4, 5, 6] x [0, 1, 5, 6]

  weight update (destroy):
    operator                             before    after
    destroy_worst_workers_10pct            0.06     0.06
    destroy_worst_workers_30pct            0.16     0.16
    destroy_random_workers_20pct           0.09     0.11
    destroy_random_window_20pct            0.14     0.15
    destroy_all_forbidden_sequences        0.05     0.04
    destroy_streak_around_worst_worker     0.10     0.11
    destroy_worst_days_10pct               0.05     0.04
    destroy_worst_days_30pct               0.08     0.10
    destroy_random_days_20pct              0.14     0.12
    destroy_max_border_work                0.03     0.03
    destroy_max_border_off                 0.02     0.02
    destroy_max_border_shift_1             0.02     0.02
    destroy_max_border_shift_2             0.02     0.02
    destroy_max_border_shift_3             0.02     0.03

  weight update (repair):
    operator                             before    after
    repair_chuffed_fast                    0.27     0.26
    repair_gecode_fast                     0.29     0.28
    repair_chuffed_long                    0.24     0.24
    repair_gecode_long                     0.21     0.21
iter=71 elapsed=95.855s step_runtime=1.374s destroy=destroy_exploration repair=repair_exploration objective_metric=minizinc_objective incumbent_objective=1.0 contender_objective=1.0 score=1 accepted=True repair_failed=False used_exploration=True stagnation_rounds=52 weights_updated=False
  destroyed=destroy_exploration: destroyed window: [0, 1, 2, 3, 7, 8] x [1, 2, 3, 4]
iter=72 elapsed=96.536s step_runtime=0.681s destroy=destroy_random_window_20pct repair=repair_chuffed_fast objective_metric=minizinc_objective incumbent_objective=1.0 contender_objective=1.0 score=1 accepted=True repair_failed=False used_exploration=False stagnation_rounds=53 weights_updated=False
  destroyed=destroy_random_window_20pct: destroyed window: [5, 6, 7] x [0, 1, 2, 6]
iter=73 elapsed=97.225s step_runtime=0.689s destroy=destroy_random_window_20pct repair=repair_gecode_long objective_metric=minizinc_objective incumbent_objective=1.0 contender_objective=0.0 score=5 accepted=True repair_failed=False used_exploration=False stagnation_rounds=0 weights_updated=False
  destroyed=destroy_random_window_20pct: destroyed window: [4, 5, 6, 7, 8] x [4, 5, 6]
