Loaded instance: Example2.txt
instance=Example2
instance_name=Example2
instance_file=Example2.txt
instance_path=/Users/gab/Library/Mobile Documents/com~apple~CloudDocs/QuIST/ML/Optimization/Project 2/LNS_scheduling/Instances1-50/Example2.txt
variant=alns_plain
seed=1

iter=1 elapsed=0.852s step_runtime=0.852s destroy=destroy_random_window_20pct repair=repair_chuffed_fast objective_metric=minizinc_objective incumbent_objective=inf contender_objective=64.0 score=5 accepted=True repair_failed=False used_exploration=False stagnation_rounds=0 weights_updated=False
  destroyed=destroy_random_window_20pct: destroyed window: [7, 8] x [3, 4, 5]
iter=2 elapsed=1.985s step_runtime=1.132s destroy=destroy_random_workers_20pct repair=repair_chuffed_fast objective_metric=minizinc_objective incumbent_objective=64.0 contender_objective=50.0 score=5 accepted=True repair_failed=False used_exploration=False stagnation_rounds=0 weights_updated=False
  destroyed=destroy_random_workers_20pct: destroyed workers: [0, 7]
iter=3 elapsed=2.690s step_runtime=0.705s destroy=destroy_streak_around_worst_worker repair=repair_chuffed_long objective_metric=minizinc_objective incumbent_objective=50.0 contender_objective=40.0 score=5 accepted=True repair_failed=False used_exploration=False stagnation_rounds=0 weights_updated=False
  destroyed=destroy_streak_around_worst_worker: destroyed streak len=11 start=(w1,d2) end=(w2,d5); destroyed_inside=11
iter=4 elapsed=6.171s step_runtime=3.481s destroy=destroy_worst_days_30pct repair=repair_chuffed_fast objective_metric=minizinc_objective incumbent_objective=40.0 contender_objective=59.0 score=0 accepted=False repair_failed=False used_exploration=False stagnation_rounds=1 weights_updated=False
  destroyed=destroy_worst_days_30pct: destroyed days: [1, 2, 5]
iter=5 elapsed=7.188s step_runtime=1.017s destroy=destroy_random_workers_20pct repair=repair_gecode_fast objective_metric=minizinc_objective incumbent_objective=40.0 contender_objective=30.0 score=5 accepted=True repair_failed=False used_exploration=False stagnation_rounds=0 weights_updated=False
  destroyed=destroy_random_workers_20pct: destroyed workers: [4, 7]
iter=6 elapsed=22.842s step_runtime=15.654s destroy=destroy_worst_days_30pct repair=repair_chuffed_long objective_metric=minizinc_objective incumbent_objective=30.0 contender_objective=68.0 score=0 accepted=False repair_failed=False used_exploration=False stagnation_rounds=1 weights_updated=False
  destroyed=destroy_worst_days_30pct: destroyed days: [0, 2, 5]
iter=7 elapsed=23.717s step_runtime=0.875s destroy=destroy_random_window_20pct repair=repair_chuffed_fast objective_metric=minizinc_objective incumbent_objective=30.0 contender_objective=28.0 score=5 accepted=True repair_failed=False used_exploration=False stagnation_rounds=0 weights_updated=False
  destroyed=destroy_random_window_20pct: destroyed window: [6, 7, 8] x [0, 1, 5, 6]
iter=8 elapsed=27.167s step_runtime=3.449s destroy=destroy_worst_workers_30pct repair=repair_chuffed_fast objective_metric=minizinc_objective incumbent_objective=28.0 contender_objective=21.0 score=5 accepted=True repair_failed=False used_exploration=False stagnation_rounds=0 weights_updated=False
  destroyed=destroy_worst_workers_30pct: destroyed workers: [3, 5, 6]
iter=9 elapsed=28.251s step_runtime=1.084s destroy=destroy_worst_workers_30pct repair=repair_gecode_fast objective_metric=minizinc_objective incumbent_objective=21.0 contender_objective=6.0 score=5 accepted=True repair_failed=False used_exploration=False stagnation_rounds=0 weights_updated=False
  destroyed=destroy_worst_workers_30pct: destroyed workers: [0, 3, 7]
iter=10 elapsed=28.992s step_runtime=0.741s destroy=destroy_streak_around_worst_worker repair=repair_chuffed_fast objective_metric=minizinc_objective incumbent_objective=6.0 contender_objective=4.0 score=5 accepted=True repair_failed=False used_exploration=False stagnation_rounds=0 weights_updated=True
  destroyed=destroy_streak_around_worst_worker: destroyed streak len=13 start=(w8,d1) end=(w0,d6); destroyed_inside=13

  weight update (destroy):
    operator                             before    after
    destroy_worst_workers_10pct            0.07     0.06
    destroy_worst_workers_30pct            0.07     0.11
    destroy_random_workers_20pct           0.07     0.11
    destroy_random_window_20pct            0.07     0.11
    destroy_all_forbidden_sequences        0.07     0.06
    destroy_streak_around_worst_worker     0.07     0.11
    destroy_worst_days_10pct               0.07     0.06
    destroy_worst_days_30pct               0.07     0.06
    destroy_random_days_20pct              0.07     0.06
    destroy_max_border_work                0.07     0.06
    destroy_max_border_off                 0.07     0.06
    destroy_max_border_shift_1             0.07     0.06
    destroy_max_border_shift_2             0.07     0.06
    destroy_max_border_shift_3             0.07     0.06

  weight update (repair):
    operator                             before    after
    repair_chuffed_fast                    0.40     0.36
    repair_gecode_fast                     0.40     0.47
    repair_chuffed_long                    0.10     0.08
    repair_gecode_long                     0.10     0.08
iter=11 elapsed=29.626s step_runtime=0.634s destroy=destroy_random_window_20pct repair=repair_gecode_fast objective_metric=minizinc_objective incumbent_objective=4.0 contender_objective=4.0 score=1 accepted=True repair_failed=False used_exploration=False stagnation_rounds=1 weights_updated=False
  destroyed=destroy_random_window_20pct: destroyed window: [0, 1, 2, 3, 8] x [3, 4]
iter=12 elapsed=30.387s step_runtime=0.761s destroy=destroy_random_window_20pct repair=repair_gecode_fast objective_metric=minizinc_objective incumbent_objective=4.0 contender_objective=4.0 score=1 accepted=True repair_failed=False used_exploration=False stagnation_rounds=2 weights_updated=False
  destroyed=destroy_random_window_20pct: destroyed window: [0, 5, 6, 7, 8] x [4, 5, 6]
iter=13 elapsed=33.843s step_runtime=3.456s destroy=destroy_streak_around_worst_worker repair=repair_gecode_fast objective_metric=minizinc_objective incumbent_objective=4.0 contender_objective=25.0 score=0 accepted=False repair_failed=False used_exploration=False stagnation_rounds=3 weights_updated=False
  destroyed=destroy_streak_around_worst_worker: destroyed streak len=29 start=(w7,d0) end=(w2,d0); destroyed_inside=29
iter=14 elapsed=37.296s step_runtime=3.452s destroy=destroy_worst_workers_30pct repair=repair_chuffed_fast objective_metric=minizinc_objective incumbent_objective=4.0 contender_objective=3.0 score=5 accepted=True repair_failed=False used_exploration=False stagnation_rounds=0 weights_updated=False
  destroyed=destroy_worst_workers_30pct: destroyed workers: [3, 4, 8]
iter=15 elapsed=38.025s step_runtime=0.729s destroy=destroy_random_workers_20pct repair=repair_gecode_fast objective_metric=minizinc_objective incumbent_objective=3.0 contender_objective=3.0 score=1 accepted=True repair_failed=False used_exploration=False stagnation_rounds=1 weights_updated=False
  destroyed=destroy_random_workers_20pct: destroyed workers: [2, 6]
iter=16 elapsed=40.333s step_runtime=2.308s destroy=destroy_streak_around_worst_worker repair=repair_chuffed_fast objective_metric=minizinc_objective incumbent_objective=3.0 contender_objective=3.0 score=1 accepted=True repair_failed=False used_exploration=False stagnation_rounds=2 weights_updated=False
  destroyed=destroy_streak_around_worst_worker: destroyed streak len=21 start=(w3,d3) end=(w6,d2); destroyed_inside=21
iter=17 elapsed=41.111s step_runtime=0.778s destroy=destroy_random_window_20pct repair=repair_gecode_fast objective_metric=minizinc_objective incumbent_objective=3.0 contender_objective=3.0 score=1 accepted=True repair_failed=False used_exploration=False stagnation_rounds=3 weights_updated=False
  destroyed=destroy_random_window_20pct: destroyed window: [1, 2, 3, 4, 5] x [1, 2, 3, 4]
iter=18 elapsed=41.839s step_runtime=0.728s destroy=destroy_random_workers_20pct repair=repair_gecode_fast objective_metric=minizinc_objective incumbent_objective=3.0 contender_objective=3.0 score=1 accepted=True repair_failed=False used_exploration=False stagnation_rounds=4 weights_updated=False
  destroyed=destroy_random_workers_20pct: destroyed workers: [1, 6]
iter=19 elapsed=45.349s step_runtime=3.510s destroy=destroy_worst_days_30pct repair=repair_chuffed_fast objective_metric=minizinc_objective incumbent_objective=3.0 contender_objective=37.0 score=0 accepted=False repair_failed=False used_exploration=False stagnation_rounds=5 weights_updated=False
  destroyed=destroy_worst_days_30pct: destroyed days: [0, 4, 6]
iter=20 elapsed=46.536s step_runtime=1.186s destroy=destroy_worst_workers_30pct repair=repair_gecode_fast objective_metric=minizinc_objective incumbent_objective=3.0 contender_objective=3.0 score=1 accepted=True repair_failed=False used_exploration=False stagnation_rounds=6 weights_updated=True
  destroyed=destroy_worst_workers_30pct: destroyed workers: [0, 3, 4]

  weight update (destroy):
    operator                             before    after
    destroy_worst_workers_10pct            0.06     0.05
    destroy_worst_workers_30pct            0.11     0.25
    destroy_random_workers_20pct           0.11     0.09
    destroy_random_window_20pct            0.11     0.09
    destroy_all_forbidden_sequences        0.06     0.05
    destroy_streak_around_worst_worker     0.11     0.09
    destroy_worst_days_10pct               0.06     0.05
    destroy_worst_days_30pct               0.06     0.05
    destroy_random_days_20pct              0.06     0.05
    destroy_max_border_work                0.06     0.05
    destroy_max_border_off                 0.06     0.05
    destroy_max_border_shift_1             0.06     0.05
    destroy_max_border_shift_2             0.06     0.05
    destroy_max_border_shift_3             0.06     0.05

  weight update (repair):
    operator                             before    after
    repair_chuffed_fast                    0.36     0.45
    repair_gecode_fast                     0.47     0.41
    repair_chuffed_long                    0.08     0.07
    repair_gecode_long                     0.08     0.07
iter=21 elapsed=50.096s step_runtime=3.561s destroy=destroy_streak_around_worst_worker repair=repair_chuffed_fast objective_metric=minizinc_objective incumbent_objective=3.0 contender_objective=42.0 score=0 accepted=False repair_failed=False used_exploration=False stagnation_rounds=7 weights_updated=False
  destroyed=destroy_streak_around_worst_worker: destroyed streak len=31 start=(w6,d6) end=(w2,d1); destroyed_inside=31
iter=22 elapsed=51.248s step_runtime=1.152s destroy=destroy_worst_workers_30pct repair=repair_chuffed_fast objective_metric=minizinc_objective incumbent_objective=3.0 contender_objective=1.0 score=5 accepted=True repair_failed=False used_exploration=False stagnation_rounds=0 weights_updated=False
  destroyed=destroy_worst_workers_30pct: destroyed workers: [1, 4, 6]
iter=23 elapsed=52.179s step_runtime=0.931s destroy=destroy_worst_workers_30pct repair=repair_gecode_fast objective_metric=minizinc_objective incumbent_objective=1.0 contender_objective=1.0 score=1 accepted=True repair_failed=False used_exploration=False stagnation_rounds=1 weights_updated=False
  destroyed=destroy_worst_workers_30pct: destroyed workers: [0, 3, 6]
iter=24 elapsed=53.393s step_runtime=1.214s destroy=destroy_random_days_20pct repair=repair_chuffed_fast objective_metric=minizinc_objective incumbent_objective=1.0 contender_objective=1.0 score=1 accepted=True repair_failed=False used_exploration=False stagnation_rounds=2 weights_updated=False
  destroyed=destroy_random_days_20pct: destroyed days: [0, 5]
iter=25 elapsed=55.481s step_runtime=2.088s destroy=destroy_worst_workers_30pct repair=repair_chuffed_fast objective_metric=minizinc_objective incumbent_objective=1.0 contender_objective=1.0 score=1 accepted=True repair_failed=False used_exploration=False stagnation_rounds=3 weights_updated=False
  destroyed=destroy_worst_workers_30pct: destroyed workers: [2, 5, 8]
iter=26 elapsed=57.295s step_runtime=1.814s destroy=destroy_worst_workers_30pct repair=repair_chuffed_fast objective_metric=minizinc_objective incumbent_objective=1.0 contender_objective=1.0 score=1 accepted=True repair_failed=False used_exploration=False stagnation_rounds=4 weights_updated=False
  destroyed=destroy_worst_workers_30pct: destroyed workers: [2, 4, 6]
iter=27 elapsed=57.904s step_runtime=0.610s destroy=destroy_random_window_20pct repair=repair_chuffed_fast objective_metric=minizinc_objective incumbent_objective=1.0 contender_objective=1.0 score=1 accepted=True repair_failed=False used_exploration=False stagnation_rounds=5 weights_updated=False
  destroyed=destroy_random_window_20pct: destroyed window: [2, 3, 4, 5] x [4, 5]
iter=28 elapsed=62.759s step_runtime=4.855s destroy=destroy_worst_workers_30pct repair=repair_chuffed_long objective_metric=minizinc_objective incumbent_objective=1.0 contender_objective=1.0 score=1 accepted=True repair_failed=False used_exploration=False stagnation_rounds=6 weights_updated=False
  destroyed=destroy_worst_workers_30pct: destroyed workers: [5, 7, 8]
iter=29 elapsed=63.811s step_runtime=1.052s destroy=destroy_worst_workers_30pct repair=repair_gecode_fast objective_metric=minizinc_objective incumbent_objective=1.0 contender_objective=1.0 score=1 accepted=True repair_failed=False used_exploration=False stagnation_rounds=7 weights_updated=False
  destroyed=destroy_worst_workers_30pct: destroyed workers: [4, 5, 6]
iter=30 elapsed=64.632s step_runtime=0.821s destroy=destroy_random_days_20pct repair=repair_gecode_fast objective_metric=minizinc_objective incumbent_objective=1.0 contender_objective=1.0 score=1 accepted=True repair_failed=False used_exploration=False stagnation_rounds=8 weights_updated=True
  destroyed=destroy_random_days_20pct: destroyed days: [2, 5]

  weight update (destroy):
    operator                             before    after
    destroy_worst_workers_10pct            0.05     0.05
    destroy_worst_workers_30pct            0.25     0.29
    destroy_random_workers_20pct           0.09     0.08
    destroy_random_window_20pct            0.09     0.11
    destroy_all_forbidden_sequences        0.05     0.04
    destroy_streak_around_worst_worker     0.09     0.08
    destroy_worst_days_10pct               0.05     0.05
    destroy_worst_days_30pct               0.05     0.05
    destroy_random_days_20pct              0.05     0.07
    destroy_max_border_work                0.05     0.04
    destroy_max_border_off                 0.05     0.04
    destroy_max_border_shift_1             0.05     0.04
    destroy_max_border_shift_2             0.05     0.04
    destroy_max_border_shift_3             0.05     0.04

  weight update (repair):
    operator                             before    after
    repair_chuffed_fast                    0.45     0.46
    repair_gecode_fast                     0.41     0.37
    repair_chuffed_long                    0.07     0.11
    repair_gecode_long                     0.07     0.07
iter=31 elapsed=65.602s step_runtime=0.970s destroy=destroy_worst_workers_30pct repair=repair_gecode_long objective_metric=minizinc_objective incumbent_objective=1.0 contender_objective=1.0 score=1 accepted=True repair_failed=False used_exploration=False stagnation_rounds=9 weights_updated=False
  destroyed=destroy_worst_workers_30pct: destroyed workers: [1, 5, 8]
iter=32 elapsed=66.380s step_runtime=0.778s destroy=destroy_random_days_20pct repair=repair_gecode_fast objective_metric=minizinc_objective incumbent_objective=1.0 contender_objective=1.0 score=1 accepted=True repair_failed=False used_exploration=False stagnation_rounds=10 weights_updated=False
  destroyed=destroy_random_days_20pct: destroyed days: [1, 2]
iter=33 elapsed=67.261s step_runtime=0.881s destroy=destroy_exploration repair=repair_exploration objective_metric=minizinc_objective incumbent_objective=1.0 contender_objective=1.0 score=1 accepted=True repair_failed=False used_exploration=True stagnation_rounds=11 weights_updated=False
  destroyed=destroy_exploration: destroyed window: [4, 5, 6, 7, 8] x [2, 3, 4]
iter=34 elapsed=68.069s step_runtime=0.808s destroy=destroy_exploration repair=repair_exploration objective_metric=minizinc_objective incumbent_objective=1.0 contender_objective=1.0 score=1 accepted=True repair_failed=False used_exploration=True stagnation_rounds=12 weights_updated=False
  destroyed=destroy_exploration: destroyed window: [2, 3, 4, 5, 6, 7] x [0, 6]
iter=35 elapsed=69.005s step_runtime=0.936s destroy=destroy_streak_around_worst_worker repair=repair_chuffed_long objective_metric=minizinc_objective incumbent_objective=1.0 contender_objective=1.0 score=1 accepted=True repair_failed=False used_exploration=False stagnation_rounds=13 weights_updated=False
  destroyed=destroy_streak_around_worst_worker: destroyed streak len=17 start=(w7,d6) end=(w1,d1); destroyed_inside=17
iter=36 elapsed=71.217s step_runtime=2.212s destroy=destroy_worst_workers_30pct repair=repair_chuffed_fast objective_metric=minizinc_objective incumbent_objective=1.0 contender_objective=1.0 score=1 accepted=True repair_failed=False used_exploration=False stagnation_rounds=14 weights_updated=False
  destroyed=destroy_worst_workers_30pct: destroyed workers: [1, 2, 7]
iter=37 elapsed=72.437s step_runtime=1.220s destroy=destroy_worst_workers_30pct repair=repair_chuffed_fast objective_metric=minizinc_objective incumbent_objective=1.0 contender_objective=1.0 score=1 accepted=True repair_failed=False used_exploration=False stagnation_rounds=15 weights_updated=False
  destroyed=destroy_worst_workers_30pct: destroyed workers: [0, 4, 5]
iter=38 elapsed=73.092s step_runtime=0.655s destroy=destroy_random_window_20pct repair=repair_gecode_fast objective_metric=minizinc_objective incumbent_objective=1.0 contender_objective=1.0 score=1 accepted=True repair_failed=False used_exploration=False stagnation_rounds=16 weights_updated=False
  destroyed=destroy_random_window_20pct: destroyed window: [5, 6, 7, 8] x [0, 6]
iter=39 elapsed=73.813s step_runtime=0.722s destroy=destroy_random_window_20pct repair=repair_chuffed_fast objective_metric=minizinc_objective incumbent_objective=1.0 contender_objective=1.0 score=1 accepted=True repair_failed=False used_exploration=False stagnation_rounds=17 weights_updated=False
  destroyed=destroy_random_window_20pct: destroyed window: [4, 5, 6] x [2, 3, 4, 5]
iter=40 elapsed=74.492s step_runtime=0.678s destroy=destroy_random_window_20pct repair=repair_gecode_fast objective_metric=minizinc_objective incumbent_objective=1.0 contender_objective=1.0 score=1 accepted=True repair_failed=False used_exploration=False stagnation_rounds=18 weights_updated=True
  destroyed=destroy_random_window_20pct: destroyed window: [6, 7, 8] x [1, 2, 3, 4]

  weight update (destroy):
    operator                             before    after
    destroy_worst_workers_10pct            0.05     0.04
    destroy_worst_workers_30pct            0.29     0.27
    destroy_random_workers_20pct           0.08     0.07
    destroy_random_window_20pct            0.11     0.12
    destroy_all_forbidden_sequences        0.04     0.04
    destroy_streak_around_worst_worker     0.08     0.10
    destroy_worst_days_10pct               0.05     0.04
    destroy_worst_days_30pct               0.05     0.04
    destroy_random_days_20pct              0.07     0.09
    destroy_max_border_work                0.04     0.03
    destroy_max_border_off                 0.04     0.04
    destroy_max_border_shift_1             0.04     0.04
    destroy_max_border_shift_2             0.04     0.04
    destroy_max_border_shift_3             0.04     0.04

  weight update (repair):
    operator                             before    after
    repair_chuffed_fast                    0.46     0.41
    repair_gecode_fast                     0.37     0.35
    repair_chuffed_long                    0.11     0.13
    repair_gecode_long                     0.07     0.10
iter=41 elapsed=77.881s step_runtime=3.390s destroy=destroy_worst_workers_30pct repair=repair_chuffed_fast objective_metric=minizinc_objective incumbent_objective=1.0 contender_objective=1.0 score=1 accepted=True repair_failed=False used_exploration=False stagnation_rounds=19 weights_updated=False
  destroyed=destroy_worst_workers_30pct: destroyed workers: [3, 7, 8]
iter=42 elapsed=79.028s step_runtime=1.147s destroy=destroy_worst_days_30pct repair=repair_gecode_fast objective_metric=minizinc_objective incumbent_objective=1.0 contender_objective=1.0 score=1 accepted=True repair_failed=False used_exploration=False stagnation_rounds=20 weights_updated=False
  destroyed=destroy_worst_days_30pct: destroyed days: [1, 2, 5]
iter=43 elapsed=106.896s step_runtime=27.867s destroy=destroy_exploration repair=repair_exploration objective_metric=minizinc_objective incumbent_objective=1.0 contender_objective=1.0 score=1 accepted=True repair_failed=False used_exploration=True stagnation_rounds=21 weights_updated=False
  destroyed=destroy_exploration: destroyed window: [0, 1, 2, 3, 7, 8] x [0, 4, 5, 6]
iter=44 elapsed=108.097s step_runtime=1.201s destroy=destroy_exploration repair=repair_exploration objective_metric=minizinc_objective incumbent_objective=1.0 contender_objective=1.0 score=1 accepted=True repair_failed=False used_exploration=True stagnation_rounds=22 weights_updated=False
  destroyed=destroy_exploration: destroyed window: [3, 4, 5, 6, 7, 8] x [2, 3, 4]
iter=45 elapsed=108.704s step_runtime=0.607s destroy=destroy_random_window_20pct repair=repair_gecode_fast objective_metric=minizinc_objective incumbent_objective=1.0 contender_objective=1.0 score=1 accepted=True repair_failed=False used_exploration=False stagnation_rounds=23 weights_updated=False
  destroyed=destroy_random_window_20pct: destroyed window: [3, 4] x [0, 5, 6]
iter=46 elapsed=110.310s step_runtime=1.606s destroy=destroy_worst_workers_30pct repair=repair_chuffed_fast objective_metric=minizinc_objective incumbent_objective=1.0 contender_objective=1.0 score=1 accepted=True repair_failed=False used_exploration=False stagnation_rounds=24 weights_updated=False
  destroyed=destroy_worst_workers_30pct: destroyed workers: [0, 3, 4]
iter=47 elapsed=110.919s step_runtime=0.609s destroy=destroy_random_window_20pct repair=repair_chuffed_fast objective_metric=minizinc_objective incumbent_objective=1.0 contender_objective=1.0 score=1 accepted=True repair_failed=False used_exploration=False stagnation_rounds=25 weights_updated=False
  destroyed=destroy_random_window_20pct: destroyed window: [0, 1, 7, 8] x [0, 1]
iter=48 elapsed=111.573s step_runtime=0.653s destroy=destroy_random_window_20pct repair=repair_chuffed_fast objective_metric=minizinc_objective incumbent_objective=1.0 contender_objective=1.0 score=1 accepted=True repair_failed=False used_exploration=False stagnation_rounds=26 weights_updated=False
  destroyed=destroy_random_window_20pct: destroyed window: [0, 1, 2] x [0, 1, 2, 3]
iter=49 elapsed=112.488s step_runtime=0.916s destroy=destroy_worst_workers_30pct repair=repair_chuffed_fast objective_metric=minizinc_objective incumbent_objective=1.0 contender_objective=1.0 score=1 accepted=True repair_failed=False used_exploration=False stagnation_rounds=27 weights_updated=False
  destroyed=destroy_worst_workers_30pct: destroyed workers: [1, 4, 6]
iter=50 elapsed=113.487s step_runtime=0.998s destroy=destroy_worst_workers_30pct repair=repair_chuffed_fast objective_metric=minizinc_objective incumbent_objective=1.0 contender_objective=1.0 score=1 accepted=True repair_failed=False used_exploration=False stagnation_rounds=28 weights_updated=True
  destroyed=destroy_worst_workers_30pct: destroyed workers: [0, 4, 8]

  weight update (destroy):
    operator                             before    after
    destroy_worst_workers_10pct            0.04     0.04
    destroy_worst_workers_30pct            0.27     0.25
    destroy_random_workers_20pct           0.07     0.07
    destroy_random_window_20pct            0.12     0.14
    destroy_all_forbidden_sequences        0.04     0.03
    destroy_streak_around_worst_worker     0.10     0.09
    destroy_worst_days_10pct               0.04     0.04
    destroy_worst_days_30pct               0.04     0.07
    destroy_random_days_20pct              0.09     0.08
    destroy_max_border_work                0.03     0.03
    destroy_max_border_off                 0.04     0.04
    destroy_max_border_shift_1             0.04     0.04
    destroy_max_border_shift_2             0.04     0.03
    destroy_max_border_shift_3             0.04     0.04

  weight update (repair):
    operator                             before    after
    repair_chuffed_fast                    0.41     0.41
    repair_gecode_fast                     0.35     0.36
    repair_chuffed_long                    0.13     0.13
    repair_gecode_long                     0.10     0.10
iter=51 elapsed=114.715s step_runtime=1.228s destroy=destroy_worst_workers_30pct repair=repair_chuffed_fast objective_metric=minizinc_objective incumbent_objective=1.0 contender_objective=1.0 score=1 accepted=True repair_failed=False used_exploration=False stagnation_rounds=29 weights_updated=False
  destroyed=destroy_worst_workers_30pct: destroyed workers: [2, 5, 7]
iter=52 elapsed=115.336s step_runtime=0.621s destroy=destroy_random_window_20pct repair=repair_chuffed_fast objective_metric=minizinc_objective incumbent_objective=1.0 contender_objective=1.0 score=1 accepted=True repair_failed=False used_exploration=False stagnation_rounds=30 weights_updated=False
  destroyed=destroy_random_window_20pct: destroyed window: [4, 5] x [2, 3, 4, 5]
iter=53 elapsed=116.513s step_runtime=1.178s destroy=destroy_exploration repair=repair_exploration objective_metric=minizinc_objective incumbent_objective=1.0 contender_objective=1.0 score=1 accepted=True repair_failed=False used_exploration=True stagnation_rounds=31 weights_updated=False
  destroyed=destroy_exploration: destroyed window: [0, 1, 2, 3, 8] x [4, 5, 6]
iter=54 elapsed=117.100s step_runtime=0.587s destroy=destroy_exploration repair=repair_exploration objective_metric=minizinc_objective incumbent_objective=1.0 contender_objective=1.0 score=1 accepted=True repair_failed=False used_exploration=True stagnation_rounds=32 weights_updated=False
  destroyed=destroy_exploration: destroyed window: [2, 3, 4, 5] x [4, 5]
iter=55 elapsed=118.039s step_runtime=0.938s destroy=destroy_worst_workers_30pct repair=repair_gecode_fast objective_metric=minizinc_objective incumbent_objective=1.0 contender_objective=1.0 score=1 accepted=True repair_failed=False used_exploration=False stagnation_rounds=33 weights_updated=False
  destroyed=destroy_worst_workers_30pct: destroyed workers: [4, 5, 6]
iter=56 elapsed=118.635s step_runtime=0.597s destroy=destroy_random_window_20pct repair=repair_chuffed_fast objective_metric=minizinc_objective incumbent_objective=1.0 contender_objective=1.0 score=1 accepted=True repair_failed=False used_exploration=False stagnation_rounds=34 weights_updated=False
  destroyed=destroy_random_window_20pct: destroyed window: [1, 2, 3, 4] x [4, 5]
iter=57 elapsed=119.712s step_runtime=1.077s destroy=destroy_worst_workers_30pct repair=repair_gecode_fast objective_metric=minizinc_objective incumbent_objective=1.0 contender_objective=1.0 score=1 accepted=True repair_failed=False used_exploration=False stagnation_rounds=35 weights_updated=False
  destroyed=destroy_worst_workers_30pct: destroyed workers: [3, 6, 7]
iter=58 elapsed=120.359s step_runtime=0.646s destroy=destroy_random_window_20pct repair=repair_chuffed_fast objective_metric=minizinc_objective incumbent_objective=1.0 contender_objective=1.0 score=1 accepted=True repair_failed=False used_exploration=False stagnation_rounds=36 weights_updated=False
  destroyed=destroy_random_window_20pct: destroyed window: [1, 2, 3, 4, 5] x [0, 1]
iter=59 elapsed=120.977s step_runtime=0.618s destroy=destroy_random_window_20pct repair=repair_gecode_fast objective_metric=minizinc_objective incumbent_objective=1.0 contender_objective=1.0 score=1 accepted=True repair_failed=False used_exploration=False stagnation_rounds=37 weights_updated=False
  destroyed=destroy_random_window_20pct: destroyed window: [2, 3, 4, 5, 6] x [5, 6]
iter=60 elapsed=121.721s step_runtime=0.744s destroy=destroy_random_window_20pct repair=repair_gecode_long objective_metric=minizinc_objective incumbent_objective=1.0 contender_objective=1.0 score=1 accepted=True repair_failed=False used_exploration=False stagnation_rounds=38 weights_updated=True
  destroyed=destroy_random_window_20pct: destroyed window: [4, 5, 6, 7, 8] x [0, 1, 2]

  weight update (destroy):
    operator                             before    after
    destroy_worst_workers_10pct            0.04     0.05
    destroy_worst_workers_30pct            0.25     0.26
    destroy_random_workers_20pct           0.07     0.07
    destroy_random_window_20pct            0.14     0.16
    destroy_all_forbidden_sequences        0.03     0.02
    destroy_streak_around_worst_worker     0.09     0.08
    destroy_worst_days_10pct               0.04     0.05
    destroy_worst_days_30pct               0.07     0.07
    destroy_random_days_20pct              0.08     0.08
    destroy_max_border_work                0.03     0.03
    destroy_max_border_off                 0.04     0.03
    destroy_max_border_shift_1             0.04     0.03
    destroy_max_border_shift_2             0.03     0.04
    destroy_max_border_shift_3             0.04     0.03

  weight update (repair):
    operator                             before    after
    repair_chuffed_fast                    0.41     0.39
    repair_gecode_fast                     0.36     0.35
    repair_chuffed_long                    0.13     0.11
    repair_gecode_long                     0.10     0.14
iter=61 elapsed=122.750s step_runtime=1.029s destroy=destroy_worst_workers_30pct repair=repair_chuffed_long objective_metric=minizinc_objective incumbent_objective=1.0 contender_objective=1.0 score=1 accepted=True repair_failed=False used_exploration=False stagnation_rounds=39 weights_updated=False
  destroyed=destroy_worst_workers_30pct: destroyed workers: [0, 6, 8]
iter=62 elapsed=123.680s step_runtime=0.930s destroy=destroy_random_days_20pct repair=repair_gecode_fast objective_metric=minizinc_objective incumbent_objective=1.0 contender_objective=1.0 score=1 accepted=True repair_failed=False used_exploration=False stagnation_rounds=40 weights_updated=False
  destroyed=destroy_random_days_20pct: destroyed days: [0, 6]
iter=63 elapsed=124.515s step_runtime=0.835s destroy=destroy_exploration repair=repair_exploration objective_metric=minizinc_objective incumbent_objective=1.0 contender_objective=1.0 score=1 accepted=True repair_failed=False used_exploration=True stagnation_rounds=41 weights_updated=False
  destroyed=destroy_exploration: destroyed window: [1, 2, 3, 4] x [0, 1, 6]
iter=64 elapsed=125.244s step_runtime=0.729s destroy=destroy_exploration repair=repair_exploration objective_metric=minizinc_objective incumbent_objective=1.0 contender_objective=1.0 score=1 accepted=True repair_failed=False used_exploration=True stagnation_rounds=42 weights_updated=False
  destroyed=destroy_exploration: destroyed window: [0, 1, 2, 3, 8] x [2, 3, 4]
iter=65 elapsed=126.017s step_runtime=0.773s destroy=destroy_random_workers_20pct repair=repair_chuffed_long objective_metric=minizinc_objective incumbent_objective=1.0 contender_objective=1.0 score=1 accepted=True repair_failed=False used_exploration=False stagnation_rounds=43 weights_updated=False
  destroyed=destroy_random_workers_20pct: destroyed workers: [1, 7]
iter=66 elapsed=126.582s step_runtime=0.565s destroy=destroy_random_window_20pct repair=repair_gecode_long objective_metric=minizinc_objective incumbent_objective=1.0 contender_objective=1.0 score=1 accepted=True repair_failed=False used_exploration=False stagnation_rounds=44 weights_updated=False
  destroyed=destroy_random_window_20pct: destroyed window: [5, 6] x [0, 6]
iter=67 elapsed=127.150s step_runtime=0.568s destroy=destroy_random_window_20pct repair=repair_gecode_long objective_metric=minizinc_objective incumbent_objective=1.0 contender_objective=1.0 score=1 accepted=True repair_failed=False used_exploration=False stagnation_rounds=45 weights_updated=False
  destroyed=destroy_random_window_20pct: destroyed window: [3, 4] x [4, 5]
iter=68 elapsed=129.974s step_runtime=2.824s destroy=destroy_streak_around_worst_worker repair=repair_chuffed_long objective_metric=minizinc_objective incumbent_objective=1.0 contender_objective=1.0 score=1 accepted=True repair_failed=False used_exploration=False stagnation_rounds=46 weights_updated=False
  destroyed=destroy_streak_around_worst_worker: destroyed streak len=23 start=(w7,d3) end=(w1,d4); destroyed_inside=23
iter=69 elapsed=130.755s step_runtime=0.780s destroy=destroy_random_days_20pct repair=repair_gecode_long objective_metric=minizinc_objective incumbent_objective=1.0 contender_objective=1.0 score=1 accepted=True repair_failed=False used_exploration=False stagnation_rounds=47 weights_updated=False
  destroyed=destroy_random_days_20pct: destroyed days: [0, 5]
iter=70 elapsed=132.342s step_runtime=1.587s destroy=destroy_worst_workers_30pct repair=repair_chuffed_long objective_metric=minizinc_objective incumbent_objective=1.0 contender_objective=1.0 score=1 accepted=True repair_failed=False used_exploration=False stagnation_rounds=48 weights_updated=True
  destroyed=destroy_worst_workers_30pct: destroyed workers: [0, 3, 5]

  weight update (destroy):
    operator                             before    after
    destroy_worst_workers_10pct            0.05     0.04
    destroy_worst_workers_30pct            0.26     0.24
    destroy_random_workers_20pct           0.07     0.08
    destroy_random_window_20pct            0.16     0.16
    destroy_all_forbidden_sequences        0.02     0.03
    destroy_streak_around_worst_worker     0.08     0.10
    destroy_worst_days_10pct               0.05     0.04
    destroy_worst_days_30pct               0.07     0.06
    destroy_random_days_20pct              0.08     0.09
    destroy_max_border_work                0.03     0.03
    destroy_max_border_off                 0.03     0.03
    destroy_max_border_shift_1             0.03     0.03
    destroy_max_border_shift_2             0.04     0.03
    destroy_max_border_shift_3             0.03     0.02

  weight update (repair):
    operator                             before    after
    repair_chuffed_fast                    0.39     0.33
    repair_gecode_fast                     0.35     0.34
    repair_chuffed_long                    0.11     0.15
    repair_gecode_long                     0.14     0.18
iter=71 elapsed=132.958s step_runtime=0.616s destroy=destroy_random_window_20pct repair=repair_gecode_fast objective_metric=minizinc_objective incumbent_objective=1.0 contender_objective=1.0 score=1 accepted=True repair_failed=False used_exploration=False stagnation_rounds=49 weights_updated=False
  destroyed=destroy_random_window_20pct: destroyed window: [0, 1, 7, 8] x [3, 4]
iter=72 elapsed=148.390s step_runtime=15.433s destroy=destroy_worst_days_30pct repair=repair_gecode_long objective_metric=minizinc_objective incumbent_objective=1.0 contender_objective=26.0 score=0 accepted=False repair_failed=False used_exploration=False stagnation_rounds=50 weights_updated=False
  destroyed=destroy_worst_days_30pct: destroyed days: [0, 5, 6]
iter=73 elapsed=148.960s step_runtime=0.569s destroy=destroy_exploration repair=repair_exploration objective_metric=minizinc_objective incumbent_objective=1.0 contender_objective=1.0 score=1 accepted=True repair_failed=False used_exploration=True stagnation_rounds=51 weights_updated=False
  destroyed=destroy_exploration: destroyed window: [4, 5, 6] x [4, 5]
iter=74 elapsed=149.604s step_runtime=0.644s destroy=destroy_exploration repair=repair_exploration objective_metric=minizinc_objective incumbent_objective=1.0 contender_objective=1.0 score=1 accepted=True repair_failed=False used_exploration=True stagnation_rounds=52 weights_updated=False
  destroyed=destroy_exploration: destroyed window: [4, 5, 6, 7, 8] x [3, 4]
iter=75 elapsed=150.220s step_runtime=0.616s destroy=destroy_random_window_20pct repair=repair_gecode_long objective_metric=minizinc_objective incumbent_objective=1.0 contender_objective=1.0 score=1 accepted=True repair_failed=False used_exploration=False stagnation_rounds=53 weights_updated=False
  destroyed=destroy_random_window_20pct: destroyed window: [4, 5, 6, 7] x [1, 2]
iter=76 elapsed=151.035s step_runtime=0.815s destroy=destroy_worst_workers_30pct repair=repair_gecode_fast objective_metric=minizinc_objective incumbent_objective=1.0 contender_objective=1.0 score=1 accepted=True repair_failed=False used_exploration=False stagnation_rounds=54 weights_updated=False
  destroyed=destroy_worst_workers_30pct: destroyed workers: [1, 4, 8]
iter=77 elapsed=152.043s step_runtime=1.008s destroy=destroy_worst_workers_30pct repair=repair_gecode_fast objective_metric=minizinc_objective incumbent_objective=1.0 contender_objective=1.0 score=1 accepted=True repair_failed=False used_exploration=False stagnation_rounds=55 weights_updated=False
  destroyed=destroy_worst_workers_30pct: destroyed workers: [1, 5, 6]
iter=78 elapsed=152.648s step_runtime=0.605s destroy=destroy_random_window_20pct repair=repair_gecode_fast objective_metric=minizinc_objective incumbent_objective=1.0 contender_objective=1.0 score=1 accepted=True repair_failed=False used_exploration=False stagnation_rounds=56 weights_updated=False
  destroyed=destroy_random_window_20pct: destroyed window: [0, 1, 6, 7, 8] x [3, 4]
iter=79 elapsed=153.209s step_runtime=0.561s destroy=destroy_random_window_20pct repair=repair_chuffed_fast objective_metric=minizinc_objective incumbent_objective=1.0 contender_objective=1.0 score=1 accepted=True repair_failed=False used_exploration=False stagnation_rounds=57 weights_updated=False
  destroyed=destroy_random_window_20pct: destroyed window: [2, 3] x [2, 3, 4]
iter=80 elapsed=153.883s step_runtime=0.673s destroy=destroy_random_workers_20pct repair=repair_gecode_fast objective_metric=minizinc_objective incumbent_objective=1.0 contender_objective=1.0 score=1 accepted=True repair_failed=False used_exploration=False stagnation_rounds=58 weights_updated=True
  destroyed=destroy_random_workers_20pct: destroyed workers: [3, 7]

  weight update (destroy):
    operator                             before    after
    destroy_worst_workers_10pct            0.04     0.05
    destroy_worst_workers_30pct            0.24     0.23
    destroy_random_workers_20pct           0.08     0.11
    destroy_random_window_20pct            0.16     0.17
    destroy_all_forbidden_sequences        0.03     0.03
    destroy_streak_around_worst_worker     0.10     0.09
    destroy_worst_days_10pct               0.04     0.05
    destroy_worst_days_30pct               0.06     0.06
    destroy_random_days_20pct              0.09     0.08
    destroy_max_border_work                0.03     0.03
    destroy_max_border_off                 0.03     0.03
    destroy_max_border_shift_1             0.03     0.03
    destroy_max_border_shift_2             0.03     0.02
    destroy_max_border_shift_3             0.02     0.02

  weight update (repair):
    operator                             before    after
    repair_chuffed_fast                    0.33     0.34
    repair_gecode_fast                     0.34     0.35
    repair_chuffed_long                    0.15     0.14
    repair_gecode_long                     0.18     0.18
iter=81 elapsed=154.979s step_runtime=1.097s destroy=destroy_worst_workers_30pct repair=repair_chuffed_long objective_metric=minizinc_objective incumbent_objective=1.0 contender_objective=1.0 score=1 accepted=True repair_failed=False used_exploration=False stagnation_rounds=59 weights_updated=False
  destroyed=destroy_worst_workers_30pct: destroyed workers: [2, 5, 8]
iter=82 elapsed=155.603s step_runtime=0.624s destroy=destroy_random_window_20pct repair=repair_gecode_long objective_metric=minizinc_objective incumbent_objective=1.0 contender_objective=1.0 score=1 accepted=True repair_failed=False used_exploration=False stagnation_rounds=60 weights_updated=False
  destroyed=destroy_random_window_20pct: destroyed window: [0, 5, 6, 7, 8] x [4, 5]
iter=83 elapsed=156.213s step_runtime=0.610s destroy=destroy_exploration repair=repair_exploration objective_metric=minizinc_objective incumbent_objective=1.0 contender_objective=1.0 score=1 accepted=True repair_failed=False used_exploration=True stagnation_rounds=61 weights_updated=False
  destroyed=destroy_exploration: destroyed window: [0, 1, 2, 3, 8] x [3, 4]
iter=84 elapsed=157.138s step_runtime=0.925s destroy=destroy_exploration repair=repair_exploration objective_metric=minizinc_objective incumbent_objective=1.0 contender_objective=1.0 score=1 accepted=True repair_failed=False used_exploration=True stagnation_rounds=62 weights_updated=False
  destroyed=destroy_exploration: destroyed window: [0, 5, 6, 7, 8] x [0, 1, 6]
iter=85 elapsed=158.109s step_runtime=0.971s destroy=destroy_worst_workers_30pct repair=repair_chuffed_long objective_metric=minizinc_objective incumbent_objective=1.0 contender_objective=1.0 score=1 accepted=True repair_failed=False used_exploration=False stagnation_rounds=63 weights_updated=False
  destroyed=destroy_worst_workers_30pct: destroyed workers: [0, 4, 8]
iter=86 elapsed=161.542s step_runtime=3.433s destroy=destroy_worst_workers_30pct repair=repair_chuffed_fast objective_metric=minizinc_objective incumbent_objective=1.0 contender_objective=11.0 score=0 accepted=False repair_failed=False used_exploration=False stagnation_rounds=64 weights_updated=False
  destroyed=destroy_worst_workers_30pct: destroyed workers: [3, 4, 8]
iter=87 elapsed=162.534s step_runtime=0.992s destroy=destroy_random_days_20pct repair=repair_chuffed_long objective_metric=minizinc_objective incumbent_objective=1.0 contender_objective=1.0 score=1 accepted=True repair_failed=False used_exploration=False stagnation_rounds=65 weights_updated=False
  destroyed=destroy_random_days_20pct: destroyed days: [4, 6]
iter=88 elapsed=165.972s step_runtime=3.438s destroy=destroy_worst_days_30pct repair=repair_chuffed_fast objective_metric=minizinc_objective incumbent_objective=1.0 contender_objective=24.0 score=0 accepted=False repair_failed=False used_exploration=False stagnation_rounds=66 weights_updated=False
  destroyed=destroy_worst_days_30pct: destroyed days: [2, 5, 6]
iter=89 elapsed=166.681s step_runtime=0.709s destroy=destroy_random_workers_20pct repair=repair_chuffed_long objective_metric=minizinc_objective incumbent_objective=1.0 contender_objective=1.0 score=1 accepted=True repair_failed=False used_exploration=False stagnation_rounds=67 weights_updated=False
  destroyed=destroy_random_workers_20pct: destroyed workers: [1, 5]
iter=90 elapsed=167.737s step_runtime=1.056s destroy=destroy_worst_workers_30pct repair=repair_gecode_fast objective_metric=minizinc_objective incumbent_objective=1.0 contender_objective=1.0 score=1 accepted=True repair_failed=False used_exploration=False stagnation_rounds=68 weights_updated=True
  destroyed=destroy_worst_workers_30pct: destroyed workers: [1, 2, 4]

  weight update (destroy):
    operator                             before    after
    destroy_worst_workers_10pct            0.05     0.04
    destroy_worst_workers_30pct            0.23     0.21
    destroy_random_workers_20pct           0.11     0.12
    destroy_random_window_20pct            0.17     0.17
    destroy_all_forbidden_sequences        0.03     0.03
    destroy_streak_around_worst_worker     0.09     0.08
    destroy_worst_days_10pct               0.05     0.04
    destroy_worst_days_30pct               0.06     0.06
    destroy_random_days_20pct              0.08     0.10
    destroy_max_border_work                0.03     0.03
    destroy_max_border_off                 0.03     0.03
    destroy_max_border_shift_1             0.03     0.03
    destroy_max_border_shift_2             0.02     0.03
    destroy_max_border_shift_3             0.02     0.02

  weight update (repair):
    operator                             before    after
    repair_chuffed_fast                    0.34     0.28
    repair_gecode_fast                     0.35     0.34
    repair_chuffed_long                    0.14     0.17
    repair_gecode_long                     0.18     0.20
iter=91 elapsed=169.442s step_runtime=1.705s destroy=destroy_worst_workers_30pct repair=repair_chuffed_fast objective_metric=minizinc_objective incumbent_objective=1.0 contender_objective=1.0 score=1 accepted=True repair_failed=False used_exploration=False stagnation_rounds=69 weights_updated=False
  destroyed=destroy_worst_workers_30pct: destroyed workers: [2, 3, 4]
iter=92 elapsed=172.036s step_runtime=2.594s destroy=destroy_worst_days_30pct repair=repair_chuffed_fast objective_metric=minizinc_objective incumbent_objective=1.0 contender_objective=1.0 score=1 accepted=True repair_failed=False used_exploration=False stagnation_rounds=70 weights_updated=False
  destroyed=destroy_worst_days_30pct: destroyed days: [3, 4, 5]
iter=93 elapsed=177.244s step_runtime=5.207s destroy=destroy_exploration repair=repair_exploration objective_metric=minizinc_objective incumbent_objective=1.0 contender_objective=1.0 score=1 accepted=True repair_failed=False used_exploration=True stagnation_rounds=71 weights_updated=False
  destroyed=destroy_exploration: destroyed window: [0, 1, 2, 6, 7, 8] x [0, 1, 5, 6]
iter=94 elapsed=178.469s step_runtime=1.226s destroy=destroy_exploration repair=repair_exploration objective_metric=minizinc_objective incumbent_objective=1.0 contender_objective=1.0 score=1 accepted=True repair_failed=False used_exploration=True stagnation_rounds=72 weights_updated=False
  destroyed=destroy_exploration: destroyed window: [0, 1, 2, 3, 4] x [4, 5, 6]
iter=95 elapsed=179.840s step_runtime=1.371s destroy=destroy_worst_workers_30pct repair=repair_chuffed_fast objective_metric=minizinc_objective incumbent_objective=1.0 contender_objective=1.0 score=1 accepted=True repair_failed=False used_exploration=False stagnation_rounds=73 weights_updated=False
  destroyed=destroy_worst_workers_30pct: destroyed workers: [4, 6, 7]
iter=96 elapsed=180.752s step_runtime=0.912s destroy=destroy_random_window_20pct repair=repair_chuffed_fast objective_metric=minizinc_objective incumbent_objective=1.0 contender_objective=1.0 score=1 accepted=True repair_failed=False used_exploration=False stagnation_rounds=74 weights_updated=False
  destroyed=destroy_random_window_20pct: destroyed window: [4, 5, 6, 7, 8] x [1, 2, 3]
