Loaded instance: Example3.txt
instance=Example3
instance_name=Example3
instance_file=Example3.txt
instance_path=/Users/gab/Library/Mobile Documents/com~apple~CloudDocs/QuIST/ML/Optimization/Project 2/LNS_scheduling/Instances1-50/Example3.txt
variant=alns_plain
seed=2

iter=1 elapsed=1.117s step_runtime=1.117s destroy=destroy_worst_workers_10pct repair=repair_gecode_long objective_metric=minizinc_objective incumbent_objective=inf contender_objective=163.0 score=5 accepted=True repair_failed=False used_exploration=False stagnation_rounds=0 weights_updated=False
  destroyed=destroy_worst_workers_10pct: destroyed workers: [0, 1]
iter=2 elapsed=2.002s step_runtime=0.885s destroy=destroy_max_border_off repair=repair_chuffed_fast objective_metric=minizinc_objective incumbent_objective=163.0 contender_objective=162.0 score=5 accepted=True repair_failed=False used_exploration=False stagnation_rounds=0 weights_updated=False
  destroyed=destroy_max_border_off: destroyed max-border off: vars_erased=3
iter=3 elapsed=5.446s step_runtime=3.443s destroy=destroy_all_forbidden_sequences repair=repair_gecode_fast objective_metric=minizinc_objective incumbent_objective=162.0 contender_objective=38.0 score=5 accepted=True repair_failed=False used_exploration=False stagnation_rounds=0 weights_updated=False
  destroyed=destroy_all_forbidden_sequences: destroyed forbidden sequences: vars_erased=18
iter=4 elapsed=8.863s step_runtime=3.417s destroy=destroy_random_window_20pct repair=repair_gecode_fast objective_metric=minizinc_objective incumbent_objective=38.0 contender_objective=36.0 score=5 accepted=True repair_failed=False used_exploration=False stagnation_rounds=0 weights_updated=False
  destroyed=destroy_random_window_20pct: destroyed window: [0, 1, 2, 3, 4, 5, 6, 7] x [2, 3]
iter=5 elapsed=12.404s step_runtime=3.541s destroy=destroy_random_workers_20pct repair=repair_gecode_fast objective_metric=minizinc_objective incumbent_objective=36.0 contender_objective=56.0 score=0 accepted=False repair_failed=False used_exploration=False stagnation_rounds=1 weights_updated=False
  destroyed=destroy_random_workers_20pct: destroyed workers: [4, 5, 8, 14]
iter=6 elapsed=13.713s step_runtime=1.308s destroy=destroy_streak_around_worst_worker repair=repair_gecode_fast objective_metric=minizinc_objective incumbent_objective=36.0 contender_objective=22.0 score=5 accepted=True repair_failed=False used_exploration=False stagnation_rounds=0 weights_updated=False
  destroyed=destroy_streak_around_worst_worker: destroyed streak len=15 start=(w16,d0) end=(w1,d0); destroyed_inside=15
iter=7 elapsed=29.188s step_runtime=15.476s destroy=destroy_streak_around_worst_worker repair=repair_gecode_long objective_metric=minizinc_objective incumbent_objective=22.0 contender_objective=72.0 score=0 accepted=False repair_failed=False used_exploration=False stagnation_rounds=1 weights_updated=False
  destroyed=destroy_streak_around_worst_worker: destroyed streak len=45 start=(w13,d6) end=(w3,d1); destroyed_inside=45
iter=8 elapsed=32.916s step_runtime=3.728s destroy=destroy_worst_workers_30pct repair=repair_chuffed_fast objective_metric=minizinc_objective incumbent_objective=22.0 contender_objective=69.0 score=0 accepted=False repair_failed=False used_exploration=False stagnation_rounds=2 weights_updated=False
  destroyed=destroy_worst_workers_30pct: destroyed workers: [0, 1, 5, 6, 12, 13]
iter=9 elapsed=36.343s step_runtime=3.427s destroy=destroy_random_window_20pct repair=repair_gecode_fast objective_metric=minizinc_objective incumbent_objective=22.0 contender_objective=38.0 score=0 accepted=False repair_failed=False used_exploration=False stagnation_rounds=3 weights_updated=False
  destroyed=destroy_random_window_20pct: destroyed window: [0, 1, 2, 3, 4, 5, 6, 16] x [1, 2, 3]
iter=10 elapsed=37.303s step_runtime=0.960s destroy=destroy_random_window_20pct repair=repair_gecode_fast objective_metric=minizinc_objective incumbent_objective=22.0 contender_objective=18.0 score=5 accepted=True repair_failed=False used_exploration=False stagnation_rounds=0 weights_updated=True
  destroyed=destroy_random_window_20pct: destroyed window: [0, 1, 2, 3, 12, 13, 14, 15, 16] x [0, 1]

  weight update (destroy):
    operator                             before    after
    destroy_worst_workers_10pct            0.07     0.15
    destroy_worst_workers_30pct            0.07     0.06
    destroy_random_workers_20pct           0.07     0.06
    destroy_random_window_20pct            0.07     0.06
    destroy_all_forbidden_sequences        0.07     0.15
    destroy_streak_around_worst_worker     0.07     0.06
    destroy_worst_days_10pct               0.07     0.06
    destroy_worst_days_30pct               0.07     0.06
    destroy_random_days_20pct              0.07     0.06
    destroy_max_border_work                0.07     0.06
    destroy_max_border_off                 0.07     0.06
    destroy_max_border_shift_1             0.07     0.06
    destroy_max_border_shift_2             0.07     0.06
    destroy_max_border_shift_3             0.07     0.06

  weight update (repair):
    operator                             before    after
    repair_chuffed_fast                    0.40     0.36
    repair_gecode_fast                     0.40     0.45
    repair_chuffed_long                    0.10     0.08
    repair_gecode_long                     0.10     0.12
iter=11 elapsed=37.967s step_runtime=0.664s destroy=destroy_all_forbidden_sequences repair=repair_chuffed_fast objective_metric=minizinc_objective incumbent_objective=18.0 contender_objective=18.0 score=1 accepted=True repair_failed=False used_exploration=False stagnation_rounds=1 weights_updated=False
  destroyed=destroy_all_forbidden_sequences: destroyed forbidden sequences: vars_erased=4
iter=12 elapsed=41.392s step_runtime=3.425s destroy=destroy_random_window_20pct repair=repair_gecode_fast objective_metric=minizinc_objective incumbent_objective=18.0 contender_objective=42.0 score=0 accepted=False repair_failed=False used_exploration=False stagnation_rounds=2 weights_updated=False
  destroyed=destroy_random_window_20pct: destroyed window: [2, 3, 4, 5, 6, 7, 8, 9] x [1, 2, 3]
iter=13 elapsed=44.236s step_runtime=2.844s destroy=destroy_random_window_20pct repair=repair_gecode_fast objective_metric=minizinc_objective incumbent_objective=18.0 contender_objective=18.0 score=1 accepted=True repair_failed=False used_exploration=False stagnation_rounds=3 weights_updated=False
  destroyed=destroy_random_window_20pct: destroyed window: [0, 1, 2, 10, 11, 12, 13, 14, 15, 16] x [0, 6]
iter=14 elapsed=44.862s step_runtime=0.626s destroy=destroy_max_border_off repair=repair_chuffed_fast objective_metric=minizinc_objective incumbent_objective=18.0 contender_objective=18.0 score=1 accepted=True repair_failed=False used_exploration=False stagnation_rounds=4 weights_updated=False
  destroyed=destroy_max_border_off: destroyed max-border off: vars_erased=3
iter=15 elapsed=48.326s step_runtime=3.464s destroy=destroy_worst_workers_30pct repair=repair_gecode_fast objective_metric=minizinc_objective incumbent_objective=18.0 contender_objective=59.0 score=0 accepted=False repair_failed=False used_exploration=False stagnation_rounds=5 weights_updated=False
  destroyed=destroy_worst_workers_30pct: destroyed workers: [0, 1, 5, 6, 9, 16]
iter=16 elapsed=50.370s step_runtime=2.043s destroy=destroy_random_window_20pct repair=repair_gecode_fast objective_metric=minizinc_objective incumbent_objective=18.0 contender_objective=15.0 score=5 accepted=True repair_failed=False used_exploration=False stagnation_rounds=0 weights_updated=False
  destroyed=destroy_random_window_20pct: destroyed window: [0, 1, 2, 3, 4, 5, 6, 7, 15, 16] x [5, 6]
iter=17 elapsed=66.084s step_runtime=15.715s destroy=destroy_worst_workers_30pct repair=repair_chuffed_long objective_metric=minizinc_objective incumbent_objective=15.0 contender_objective=54.0 score=0 accepted=False repair_failed=False used_exploration=False stagnation_rounds=1 weights_updated=False
  destroyed=destroy_worst_workers_30pct: destroyed workers: [0, 5, 6, 9, 11, 16]
iter=18 elapsed=69.555s step_runtime=3.471s destroy=destroy_random_window_20pct repair=repair_chuffed_fast objective_metric=minizinc_objective incumbent_objective=15.0 contender_objective=31.0 score=0 accepted=False repair_failed=False used_exploration=False stagnation_rounds=2 weights_updated=False
  destroyed=destroy_random_window_20pct: destroyed window: [12, 13, 14, 15, 16] x [2, 3, 4, 5]
iter=19 elapsed=70.868s step_runtime=1.313s destroy=destroy_random_window_20pct repair=repair_gecode_fast objective_metric=minizinc_objective incumbent_objective=15.0 contender_objective=14.0 score=5 accepted=True repair_failed=False used_exploration=False stagnation_rounds=0 weights_updated=False
  destroyed=destroy_random_window_20pct: destroyed window: [8, 9, 10, 11, 12, 13, 14, 15] x [5, 6]
iter=20 elapsed=74.431s step_runtime=3.562s destroy=destroy_random_window_20pct repair=repair_chuffed_fast objective_metric=minizinc_objective incumbent_objective=14.0 contender_objective=35.0 score=0 accepted=False repair_failed=False used_exploration=False stagnation_rounds=1 weights_updated=True
  destroyed=destroy_random_window_20pct: destroyed window: [0, 1, 2, 3, 4, 5, 15, 16] x [3, 4, 5, 6]

  weight update (destroy):
    operator                             before    after
    destroy_worst_workers_10pct            0.15     0.13
    destroy_worst_workers_30pct            0.06     0.05
    destroy_random_workers_20pct           0.06     0.05
    destroy_random_window_20pct            0.06     0.15
    destroy_all_forbidden_sequences        0.15     0.15
    destroy_streak_around_worst_worker     0.06     0.05
    destroy_worst_days_10pct               0.06     0.05
    destroy_worst_days_30pct               0.06     0.05
    destroy_random_days_20pct              0.06     0.05
    destroy_max_border_work                0.06     0.05
    destroy_max_border_off                 0.06     0.07
    destroy_max_border_shift_1             0.06     0.05
    destroy_max_border_shift_2             0.06     0.05
    destroy_max_border_shift_3             0.06     0.05

  weight update (repair):
    operator                             before    after
    repair_chuffed_fast                    0.36     0.30
    repair_gecode_fast                     0.45     0.53
    repair_chuffed_long                    0.08     0.07
    repair_gecode_long                     0.12     0.10
iter=21 elapsed=75.335s step_runtime=0.904s destroy=destroy_random_window_20pct repair=repair_gecode_long objective_metric=minizinc_objective incumbent_objective=14.0 contender_objective=14.0 score=1 accepted=True repair_failed=False used_exploration=False stagnation_rounds=2 weights_updated=False
  destroyed=destroy_random_window_20pct: destroyed window: [0, 1, 2, 3, 4, 12, 13, 14, 15, 16] x [1, 2]
iter=22 elapsed=75.941s step_runtime=0.607s destroy=destroy_all_forbidden_sequences repair=repair_gecode_fast objective_metric=minizinc_objective incumbent_objective=14.0 contender_objective=14.0 score=1 accepted=True repair_failed=False used_exploration=False stagnation_rounds=3 weights_updated=False
  destroyed=destroy_all_forbidden_sequences: destroyed forbidden sequences: vars_erased=4
iter=23 elapsed=79.408s step_runtime=3.467s destroy=destroy_random_window_20pct repair=repair_gecode_fast objective_metric=minizinc_objective incumbent_objective=14.0 contender_objective=65.0 score=0 accepted=False repair_failed=False used_exploration=False stagnation_rounds=4 weights_updated=False
  destroyed=destroy_random_window_20pct: destroyed window: [0, 1, 2, 3, 4, 5, 6, 7, 8, 15, 16] x [0, 1, 5, 6]
iter=24 elapsed=82.947s step_runtime=3.539s destroy=destroy_random_workers_20pct repair=repair_chuffed_fast objective_metric=minizinc_objective incumbent_objective=14.0 contender_objective=40.0 score=0 accepted=False repair_failed=False used_exploration=False stagnation_rounds=5 weights_updated=False
  destroyed=destroy_random_workers_20pct: destroyed workers: [0, 8, 10, 15]
iter=25 elapsed=86.559s step_runtime=3.612s destroy=destroy_random_window_20pct repair=repair_chuffed_fast objective_metric=minizinc_objective incumbent_objective=14.0 contender_objective=60.0 score=0 accepted=False repair_failed=False used_exploration=False stagnation_rounds=6 weights_updated=False
  destroyed=destroy_random_window_20pct: destroyed window: [0, 6, 7, 8, 9, 10, 11, 12, 13, 14, 15, 16] x [1, 2, 3, 4]
iter=26 elapsed=90.008s step_runtime=3.449s destroy=destroy_random_workers_20pct repair=repair_gecode_fast objective_metric=minizinc_objective incumbent_objective=14.0 contender_objective=33.0 score=0 accepted=False repair_failed=False used_exploration=False stagnation_rounds=7 weights_updated=False
  destroyed=destroy_random_workers_20pct: destroyed workers: [2, 6, 10, 13]
iter=27 elapsed=93.441s step_runtime=3.433s destroy=destroy_random_window_20pct repair=repair_gecode_fast objective_metric=minizinc_objective incumbent_objective=14.0 contender_objective=25.0 score=0 accepted=False repair_failed=False used_exploration=False stagnation_rounds=8 weights_updated=False
  destroyed=destroy_random_window_20pct: destroyed window: [0, 1, 2, 3, 4, 5, 6, 7, 16] x [2, 3, 4]
iter=28 elapsed=108.871s step_runtime=15.430s destroy=destroy_random_workers_20pct repair=repair_gecode_long objective_metric=minizinc_objective incumbent_objective=14.0 contender_objective=34.0 score=0 accepted=False repair_failed=False used_exploration=False stagnation_rounds=9 weights_updated=False
  destroyed=destroy_random_workers_20pct: destroyed workers: [0, 3, 4, 9]
iter=29 elapsed=112.435s step_runtime=3.563s destroy=destroy_random_workers_20pct repair=repair_chuffed_fast objective_metric=minizinc_objective incumbent_objective=14.0 contender_objective=47.0 score=0 accepted=False repair_failed=False used_exploration=False stagnation_rounds=10 weights_updated=False
  destroyed=destroy_random_workers_20pct: destroyed workers: [0, 1, 4, 10]
iter=30 elapsed=154.677s step_runtime=42.242s destroy=destroy_exploration repair=repair_exploration objective_metric=minizinc_objective incumbent_objective=14.0 contender_objective=14.0 score=1 accepted=True repair_failed=False used_exploration=True stagnation_rounds=11 weights_updated=True
  destroyed=destroy_exploration: destroyed window: [0, 1, 2, 3, 11, 12, 13, 14, 15, 16] x [0, 1, 6]

  weight update (destroy):
    operator                             before    after
    destroy_worst_workers_10pct            0.13     0.12
    destroy_worst_workers_30pct            0.05     0.06
    destroy_random_workers_20pct           0.05     0.06
    destroy_random_window_20pct            0.15     0.14
    destroy_all_forbidden_sequences        0.15     0.19
    destroy_streak_around_worst_worker     0.05     0.06
    destroy_worst_days_10pct               0.05     0.06
    destroy_worst_days_30pct               0.05     0.06
    destroy_random_days_20pct              0.05     0.06
    destroy_max_border_work                0.05     0.04
    destroy_max_border_off                 0.07     0.06
    destroy_max_border_shift_1             0.05     0.04
    destroy_max_border_shift_2             0.05     0.04
    destroy_max_border_shift_3             0.05     0.04

  weight update (repair):
    operator                             before    after
    repair_chuffed_fast                    0.30     0.27
    repair_gecode_fast                     0.53     0.48
    repair_chuffed_long                    0.07     0.09
    repair_gecode_long                     0.10     0.16
iter=31 elapsed=205.571s step_runtime=50.895s destroy=destroy_exploration repair=repair_exploration objective_metric=minizinc_objective incumbent_objective=14.0 contender_objective=60.0 score=0 accepted=False repair_failed=False used_exploration=True stagnation_rounds=12 weights_updated=False
  destroyed=destroy_exploration: destroyed window: [0, 1, 2, 3, 10, 11, 12, 13, 14, 15, 16] x [0, 1, 5, 6]
