Loaded instance: Example4.txt
instance=Example4
instance_name=Example4
instance_file=Example4.txt
instance_path=/Users/gab/Library/Mobile Documents/com~apple~CloudDocs/QuIST/ML/Optimization/Project 2/LNS_scheduling/Instances1-50/Example4.txt
variant=alns_plain
seed=0

iter=1 elapsed=2.271s step_runtime=2.271s destroy=destroy_streak_around_worst_worker repair=repair_chuffed_long objective_metric=minizinc_objective incumbent_objective=inf contender_objective=19.0 score=5 accepted=True repair_failed=False used_exploration=False stagnation_rounds=0 weights_updated=False
  destroyed=destroy_streak_around_worst_worker: destroyed streak len=19 start=(w11,d5) end=(w1,d2); destroyed_inside=19
iter=2 elapsed=3.296s step_runtime=1.025s destroy=destroy_random_window_20pct repair=repair_gecode_fast objective_metric=minizinc_objective incumbent_objective=19.0 contender_objective=17.0 score=5 accepted=True repair_failed=False used_exploration=False stagnation_rounds=0 weights_updated=False
  destroyed=destroy_random_window_20pct: destroyed window: [2, 3, 4, 5, 6, 7, 8] x [0, 6]
iter=3 elapsed=18.718s step_runtime=15.422s destroy=destroy_all_forbidden_sequences repair=repair_gecode_long objective_metric=minizinc_objective incumbent_objective=17.0 contender_objective=11.0 score=5 accepted=True repair_failed=False used_exploration=False stagnation_rounds=0 weights_updated=False
  destroyed=destroy_all_forbidden_sequences: destroyed forbidden sequences: vars_erased=21
iter=4 elapsed=22.177s step_runtime=3.460s destroy=destroy_random_window_20pct repair=repair_chuffed_fast objective_metric=minizinc_objective incumbent_objective=11.0 contender_objective=10.0 score=5 accepted=True repair_failed=False used_exploration=False stagnation_rounds=0 weights_updated=False
  destroyed=destroy_random_window_20pct: destroyed window: [0, 1, 2, 3, 12] x [0, 4, 5, 6]
iter=5 elapsed=37.634s step_runtime=15.457s destroy=destroy_streak_around_worst_worker repair=repair_gecode_long objective_metric=minizinc_objective incumbent_objective=10.0 contender_objective=39.0 score=0 accepted=False repair_failed=False used_exploration=False stagnation_rounds=1 weights_updated=False
  destroyed=destroy_streak_around_worst_worker: destroyed streak len=35 start=(w11,d4) end=(w3,d3); destroyed_inside=35
iter=6 elapsed=38.625s step_runtime=0.990s destroy=destroy_random_window_20pct repair=repair_gecode_long objective_metric=minizinc_objective incumbent_objective=10.0 contender_objective=8.0 score=5 accepted=True repair_failed=False used_exploration=False stagnation_rounds=0 weights_updated=False
  destroyed=destroy_random_window_20pct: destroyed window: [1, 2, 3, 4, 5, 6, 7] x [3, 4, 5, 6]
iter=7 elapsed=42.044s step_runtime=3.419s destroy=destroy_random_workers_20pct repair=repair_gecode_fast objective_metric=minizinc_objective incumbent_objective=8.0 contender_objective=19.0 score=0 accepted=True repair_failed=False used_exploration=False stagnation_rounds=1 weights_updated=False
  destroyed=destroy_random_workers_20pct: destroyed workers: [4, 6, 9]
iter=8 elapsed=42.649s step_runtime=0.605s destroy=destroy_max_border_off repair=repair_chuffed_fast objective_metric=minizinc_objective incumbent_objective=19.0 contender_objective=12.0 score=3 accepted=True repair_failed=False used_exploration=False stagnation_rounds=0 weights_updated=False
  destroyed=destroy_max_border_off: destroyed max-border off: vars_erased=5
iter=9 elapsed=43.999s step_runtime=1.350s destroy=destroy_random_window_20pct repair=repair_chuffed_fast objective_metric=minizinc_objective incumbent_objective=12.0 contender_objective=9.0 score=3 accepted=True repair_failed=False used_exploration=False stagnation_rounds=0 weights_updated=False
  destroyed=destroy_random_window_20pct: destroyed window: [2, 3, 4, 5, 6, 7, 8, 9] x [2, 3]
iter=10 elapsed=59.454s step_runtime=15.455s destroy=destroy_random_window_20pct repair=repair_gecode_long objective_metric=minizinc_objective incumbent_objective=9.0 contender_objective=25.0 score=0 accepted=False repair_failed=False used_exploration=False stagnation_rounds=1 weights_updated=True
  destroyed=destroy_random_window_20pct: destroyed window: [0, 1, 2, 3, 4, 5, 11, 12] x [2, 3, 4, 5]

  weight update (destroy):
    operator                             before    after
    destroy_worst_workers_10pct            0.07     0.06
    destroy_worst_workers_30pct            0.07     0.06
    destroy_random_workers_20pct           0.07     0.06
    destroy_random_window_20pct            0.07     0.08
    destroy_all_forbidden_sequences        0.07     0.23
    destroy_streak_around_worst_worker     0.07     0.06
    destroy_worst_days_10pct               0.07     0.06
    destroy_worst_days_30pct               0.07     0.06
    destroy_random_days_20pct              0.07     0.06
    destroy_max_border_work                0.07     0.06
    destroy_max_border_off                 0.07     0.06
    destroy_max_border_shift_1             0.07     0.06
    destroy_max_border_shift_2             0.07     0.06
    destroy_max_border_shift_3             0.07     0.06

  weight update (repair):
    operator                             before    after
    repair_chuffed_fast                    0.40     0.34
    repair_gecode_fast                     0.40     0.32
    repair_chuffed_long                    0.10     0.25
    repair_gecode_long                     0.10     0.08
iter=11 elapsed=61.306s step_runtime=1.852s destroy=destroy_random_window_20pct repair=repair_gecode_fast objective_metric=minizinc_objective incumbent_objective=9.0 contender_objective=9.0 score=1 accepted=True repair_failed=False used_exploration=False stagnation_rounds=2 weights_updated=False
  destroyed=destroy_random_window_20pct: destroyed window: [0, 1, 2, 3, 10, 11, 12] x [0, 5, 6]
iter=12 elapsed=64.059s step_runtime=2.753s destroy=destroy_random_window_20pct repair=repair_chuffed_long objective_metric=minizinc_objective incumbent_objective=9.0 contender_objective=7.0 score=5 accepted=True repair_failed=False used_exploration=False stagnation_rounds=0 weights_updated=False
  destroyed=destroy_random_window_20pct: destroyed window: [1, 2, 3, 4, 5, 6, 7] x [2, 3, 4, 5]
iter=13 elapsed=65.328s step_runtime=1.269s destroy=destroy_random_window_20pct repair=repair_chuffed_fast objective_metric=minizinc_objective incumbent_objective=7.0 contender_objective=6.0 score=5 accepted=True repair_failed=False used_exploration=False stagnation_rounds=0 weights_updated=False
  destroyed=destroy_random_window_20pct: destroyed window: [1, 2, 3, 4, 5, 6, 7] x [0, 1]
iter=14 elapsed=65.908s step_runtime=0.580s destroy=destroy_all_forbidden_sequences repair=repair_chuffed_fast objective_metric=minizinc_objective incumbent_objective=6.0 contender_objective=6.0 score=1 accepted=True repair_failed=False used_exploration=False stagnation_rounds=1 weights_updated=False
  destroyed=destroy_all_forbidden_sequences: destroyed forbidden sequences: vars_erased=4
iter=15 elapsed=66.876s step_runtime=0.969s destroy=destroy_worst_workers_10pct repair=repair_chuffed_long objective_metric=minizinc_objective incumbent_objective=6.0 contender_objective=6.0 score=1 accepted=True repair_failed=False used_exploration=False stagnation_rounds=2 weights_updated=False
  destroyed=destroy_worst_workers_10pct: destroyed workers: [1, 8]
iter=16 elapsed=70.374s step_runtime=3.498s destroy=destroy_worst_days_30pct repair=repair_chuffed_fast objective_metric=minizinc_objective incumbent_objective=6.0 contender_objective=52.0 score=0 accepted=False repair_failed=False used_exploration=False stagnation_rounds=3 weights_updated=False
  destroyed=destroy_worst_days_30pct: destroyed days: [0, 1, 4]
iter=17 elapsed=73.816s step_runtime=3.442s destroy=destroy_random_days_20pct repair=repair_chuffed_fast objective_metric=minizinc_objective incumbent_objective=6.0 contender_objective=31.0 score=0 accepted=False repair_failed=False used_exploration=False stagnation_rounds=4 weights_updated=False
  destroyed=destroy_random_days_20pct: destroyed days: [0, 3]
iter=18 elapsed=76.569s step_runtime=2.753s destroy=destroy_random_window_20pct repair=repair_chuffed_long objective_metric=minizinc_objective incumbent_objective=6.0 contender_objective=6.0 score=1 accepted=True repair_failed=False used_exploration=False stagnation_rounds=5 weights_updated=False
  destroyed=destroy_random_window_20pct: destroyed window: [0, 1, 2, 3, 4, 5, 6, 12] x [0, 5, 6]
iter=19 elapsed=80.044s step_runtime=3.475s destroy=destroy_worst_workers_30pct repair=repair_chuffed_fast objective_metric=minizinc_objective incumbent_objective=6.0 contender_objective=22.0 score=0 accepted=False repair_failed=False used_exploration=False stagnation_rounds=6 weights_updated=False
  destroyed=destroy_worst_workers_30pct: destroyed workers: [1, 5, 8, 12]
iter=20 elapsed=95.543s step_runtime=15.499s destroy=destroy_worst_workers_30pct repair=repair_chuffed_long objective_metric=minizinc_objective incumbent_objective=6.0 contender_objective=21.0 score=0 accepted=False repair_failed=False used_exploration=False stagnation_rounds=7 weights_updated=True
  destroyed=destroy_worst_workers_30pct: destroyed workers: [1, 2, 8, 12]

  weight update (destroy):
    operator                             before    after
    destroy_worst_workers_10pct            0.06     0.05
    destroy_worst_workers_30pct            0.06     0.05
    destroy_random_workers_20pct           0.06     0.05
    destroy_random_window_20pct            0.08     0.23
    destroy_all_forbidden_sequences        0.23     0.19
    destroy_streak_around_worst_worker     0.06     0.05
    destroy_worst_days_10pct               0.06     0.05
    destroy_worst_days_30pct               0.06     0.05
    destroy_random_days_20pct              0.06     0.05
    destroy_max_border_work                0.06     0.05
    destroy_max_border_off                 0.06     0.05
    destroy_max_border_shift_1             0.06     0.05
    destroy_max_border_shift_2             0.06     0.05
    destroy_max_border_shift_3             0.06     0.05

  weight update (repair):
    operator                             before    after
    repair_chuffed_fast                    0.34     0.32
    repair_gecode_fast                     0.32     0.29
    repair_chuffed_long                    0.25     0.31
    repair_gecode_long                     0.08     0.08
iter=21 elapsed=99.001s step_runtime=3.458s destroy=destroy_random_window_20pct repair=repair_chuffed_fast objective_metric=minizinc_objective incumbent_objective=6.0 contender_objective=34.0 score=0 accepted=False repair_failed=False used_exploration=False stagnation_rounds=8 weights_updated=False
  destroyed=destroy_random_window_20pct: destroyed window: [2, 3, 4, 5, 6, 7, 8] x [0, 1, 2, 3]
iter=22 elapsed=102.433s step_runtime=3.431s destroy=destroy_random_workers_20pct repair=repair_chuffed_fast objective_metric=minizinc_objective incumbent_objective=6.0 contender_objective=12.0 score=0 accepted=False repair_failed=False used_exploration=False stagnation_rounds=9 weights_updated=False
  destroyed=destroy_random_workers_20pct: destroyed workers: [3, 8, 10]
iter=23 elapsed=105.851s step_runtime=3.418s destroy=destroy_random_workers_20pct repair=repair_gecode_fast objective_metric=minizinc_objective incumbent_objective=6.0 contender_objective=6.0 score=1 accepted=True repair_failed=False used_exploration=False stagnation_rounds=10 weights_updated=False
  destroyed=destroy_random_workers_20pct: destroyed workers: [1, 6, 11]
iter=24 elapsed=121.239s step_runtime=15.388s destroy=destroy_exploration repair=repair_exploration objective_metric=minizinc_objective incumbent_objective=6.0 contender_objective=4.0 score=5 accepted=True repair_failed=False used_exploration=True stagnation_rounds=0 weights_updated=False
  destroyed=destroy_exploration: destroyed window: [2, 3, 4, 5, 6, 7, 8, 9] x [2, 3, 4, 5]
iter=25 elapsed=123.453s step_runtime=2.215s destroy=destroy_exploration repair=repair_exploration objective_metric=minizinc_objective incumbent_objective=4.0 contender_objective=4.0 score=1 accepted=True repair_failed=False used_exploration=True stagnation_rounds=1 weights_updated=False
  destroyed=destroy_exploration: destroyed window: [5, 6, 7, 8, 9, 10] x [1, 2, 3]
iter=26 elapsed=124.017s step_runtime=0.564s destroy=destroy_all_forbidden_sequences repair=repair_gecode_fast objective_metric=minizinc_objective incumbent_objective=4.0 contender_objective=4.0 score=1 accepted=True repair_failed=False used_exploration=False stagnation_rounds=2 weights_updated=False
  destroyed=destroy_all_forbidden_sequences: destroyed forbidden sequences: vars_erased=2
iter=27 elapsed=139.500s step_runtime=15.483s destroy=destroy_worst_workers_30pct repair=repair_chuffed_long objective_metric=minizinc_objective incumbent_objective=4.0 contender_objective=10.0 score=0 accepted=True repair_failed=False used_exploration=False stagnation_rounds=3 weights_updated=False
  destroyed=destroy_worst_workers_30pct: destroyed workers: [2, 4, 7, 12]
iter=28 elapsed=154.999s step_runtime=15.500s destroy=destroy_worst_workers_30pct repair=repair_chuffed_long objective_metric=minizinc_objective incumbent_objective=10.0 contender_objective=12.0 score=0 accepted=True repair_failed=False used_exploration=False stagnation_rounds=4 weights_updated=False
  destroyed=destroy_worst_workers_30pct: destroyed workers: [1, 2, 7, 12]
iter=29 elapsed=158.539s step_runtime=3.540s destroy=destroy_streak_around_worst_worker repair=repair_chuffed_fast objective_metric=minizinc_objective incumbent_objective=12.0 contender_objective=39.0 score=0 accepted=False repair_failed=False used_exploration=False stagnation_rounds=5 weights_updated=False
  destroyed=destroy_streak_around_worst_worker: destroyed streak len=29 start=(w11,d0) end=(w2,d0); destroyed_inside=29
iter=30 elapsed=161.977s step_runtime=3.438s destroy=destroy_streak_around_worst_worker repair=repair_gecode_fast objective_metric=minizinc_objective incumbent_objective=12.0 contender_objective=38.0 score=0 accepted=False repair_failed=False used_exploration=False stagnation_rounds=6 weights_updated=True
  destroyed=destroy_streak_around_worst_worker: destroyed streak len=33 start=(w10,d5) end=(w2,d2); destroyed_inside=33

  weight update (destroy):
    operator                             before    after
    destroy_worst_workers_10pct            0.05     0.06
    destroy_worst_workers_30pct            0.05     0.06
    destroy_random_workers_20pct           0.05     0.08
    destroy_random_window_20pct            0.23     0.20
    destroy_all_forbidden_sequences        0.19     0.16
    destroy_streak_around_worst_worker     0.05     0.06
    destroy_worst_days_10pct               0.05     0.06
    destroy_worst_days_30pct               0.05     0.06
    destroy_random_days_20pct              0.05     0.06
    destroy_max_border_work                0.05     0.05
    destroy_max_border_off                 0.05     0.05
    destroy_max_border_shift_1             0.05     0.04
    destroy_max_border_shift_2             0.05     0.04
    destroy_max_border_shift_3             0.05     0.04

  weight update (repair):
    operator                             before    after
    repair_chuffed_fast                    0.32     0.29
    repair_gecode_fast                     0.29     0.33
    repair_chuffed_long                    0.31     0.28
    repair_gecode_long                     0.08     0.10
iter=31 elapsed=165.489s step_runtime=3.512s destroy=destroy_worst_workers_30pct repair=repair_chuffed_fast objective_metric=minizinc_objective incumbent_objective=12.0 contender_objective=14.0 score=0 accepted=False repair_failed=False used_exploration=False stagnation_rounds=7 weights_updated=False
  destroyed=destroy_worst_workers_30pct: destroyed workers: [0, 1, 2, 4]
iter=32 elapsed=166.063s step_runtime=0.574s destroy=destroy_max_border_off repair=repair_chuffed_fast objective_metric=minizinc_objective incumbent_objective=12.0 contender_objective=4.0 score=3 accepted=True repair_failed=False used_exploration=False stagnation_rounds=0 weights_updated=False
  destroyed=destroy_max_border_off: destroyed max-border off: vars_erased=5
iter=33 elapsed=166.967s step_runtime=0.904s destroy=destroy_random_window_20pct repair=repair_chuffed_fast objective_metric=minizinc_objective incumbent_objective=4.0 contender_objective=3.0 score=5 accepted=True repair_failed=False used_exploration=False stagnation_rounds=0 weights_updated=False
  destroyed=destroy_random_window_20pct: destroyed window: [4, 5, 6, 7, 8, 9] x [0, 1, 6]
iter=34 elapsed=167.771s step_runtime=0.804s destroy=destroy_random_window_20pct repair=repair_chuffed_long objective_metric=minizinc_objective incumbent_objective=3.0 contender_objective=3.0 score=1 accepted=True repair_failed=False used_exploration=False stagnation_rounds=1 weights_updated=False
  destroyed=destroy_random_window_20pct: destroyed window: [0, 9, 10, 11, 12] x [0, 1, 6]
iter=35 elapsed=169.090s step_runtime=1.319s destroy=destroy_random_workers_20pct repair=repair_chuffed_long objective_metric=minizinc_objective incumbent_objective=3.0 contender_objective=3.0 score=1 accepted=True repair_failed=False used_exploration=False stagnation_rounds=2 weights_updated=False
  destroyed=destroy_random_workers_20pct: destroyed workers: [1, 2, 8]
iter=36 elapsed=169.764s step_runtime=0.675s destroy=destroy_random_window_20pct repair=repair_chuffed_fast objective_metric=minizinc_objective incumbent_objective=3.0 contender_objective=3.0 score=1 accepted=True repair_failed=False used_exploration=False stagnation_rounds=3 weights_updated=False
  destroyed=destroy_random_window_20pct: destroyed window: [7, 8, 9, 10, 11, 12] x [5, 6]
iter=37 elapsed=170.476s step_runtime=0.712s destroy=destroy_random_window_20pct repair=repair_gecode_long objective_metric=minizinc_objective incumbent_objective=3.0 contender_objective=3.0 score=1 accepted=True repair_failed=False used_exploration=False stagnation_rounds=4 weights_updated=False
  destroyed=destroy_random_window_20pct: destroyed window: [2, 3, 4, 5, 6] x [2, 3, 4]
iter=38 elapsed=173.910s step_runtime=3.434s destroy=destroy_worst_workers_30pct repair=repair_gecode_fast objective_metric=minizinc_objective incumbent_objective=3.0 contender_objective=9.0 score=0 accepted=False repair_failed=False used_exploration=False stagnation_rounds=5 weights_updated=False
  destroyed=destroy_worst_workers_30pct: destroyed workers: [0, 1, 3, 10]
iter=39 elapsed=177.343s step_runtime=3.433s destroy=destroy_random_window_20pct repair=repair_gecode_fast objective_metric=minizinc_objective incumbent_objective=3.0 contender_objective=18.0 score=0 accepted=False repair_failed=False used_exploration=False stagnation_rounds=6 weights_updated=False
  destroyed=destroy_random_window_20pct: destroyed window: [3, 4, 5, 6, 7, 8, 9, 10] x [0, 1, 5, 6]
iter=40 elapsed=192.837s step_runtime=15.493s destroy=destroy_worst_days_30pct repair=repair_chuffed_long objective_metric=minizinc_objective incumbent_objective=3.0 contender_objective=47.0 score=0 accepted=False repair_failed=False used_exploration=False stagnation_rounds=7 weights_updated=True
  destroyed=destroy_worst_days_30pct: destroyed days: [0, 1, 3]

  weight update (destroy):
    operator                             before    after
    destroy_worst_workers_10pct            0.06     0.05
    destroy_worst_workers_30pct            0.06     0.05
    destroy_random_workers_20pct           0.08     0.07
    destroy_random_window_20pct            0.20     0.18
    destroy_all_forbidden_sequences        0.16     0.13
    destroy_streak_around_worst_worker     0.06     0.05
    destroy_worst_days_10pct               0.06     0.05
    destroy_worst_days_30pct               0.06     0.05
    destroy_random_days_20pct              0.06     0.05
    destroy_max_border_work                0.05     0.04
    destroy_max_border_off                 0.05     0.20
    destroy_max_border_shift_1             0.04     0.03
    destroy_max_border_shift_2             0.04     0.03
    destroy_max_border_shift_3             0.04     0.03

  weight update (repair):
    operator                             before    after
    repair_chuffed_fast                    0.29     0.39
    repair_gecode_fast                     0.33     0.27
    repair_chuffed_long                    0.28     0.24
    repair_gecode_long                     0.10     0.10
