Loaded instance: Example5.txt
instance=Example5
instance_name=Example5
instance_file=Example5.txt
instance_path=/Users/gab/Library/Mobile Documents/com~apple~CloudDocs/QuIST/ML/Optimization/Project 2/LNS_scheduling/Instances1-50/Example5.txt
variant=alns_plain
seed=1

iter=1 elapsed=1.689s step_runtime=1.689s destroy=destroy_random_window_20pct repair=repair_chuffed_fast objective_metric=minizinc_objective incumbent_objective=inf contender_objective=30.0 score=5 accepted=True repair_failed=False used_exploration=False stagnation_rounds=0 weights_updated=False
  destroyed=destroy_random_window_20pct: destroyed window: [7, 8, 9, 10] x [3, 4, 5]
iter=2 elapsed=5.397s step_runtime=3.708s destroy=destroy_worst_workers_30pct repair=repair_gecode_fast objective_metric=minizinc_objective incumbent_objective=30.0 contender_objective=20.0 score=5 accepted=True repair_failed=False used_exploration=False stagnation_rounds=0 weights_updated=False
  destroyed=destroy_worst_workers_30pct: destroyed workers: [0, 1, 2, 3]
iter=3 elapsed=6.625s step_runtime=1.229s destroy=destroy_worst_days_10pct repair=repair_chuffed_fast objective_metric=minizinc_objective incumbent_objective=20.0 contender_objective=14.0 score=5 accepted=True repair_failed=False used_exploration=False stagnation_rounds=0 weights_updated=False
  destroyed=destroy_worst_days_10pct: destroyed days: [2]
iter=4 elapsed=7.500s step_runtime=0.874s destroy=destroy_worst_workers_10pct repair=repair_gecode_fast objective_metric=minizinc_objective incumbent_objective=14.0 contender_objective=10.0 score=5 accepted=True repair_failed=False used_exploration=False stagnation_rounds=0 weights_updated=False
  destroyed=destroy_worst_workers_10pct: destroyed workers: [6, 7]
iter=5 elapsed=8.253s step_runtime=0.753s destroy=destroy_random_window_20pct repair=repair_gecode_fast objective_metric=minizinc_objective incumbent_objective=10.0 contender_objective=10.0 score=1 accepted=True repair_failed=False used_exploration=False stagnation_rounds=1 weights_updated=False
  destroyed=destroy_random_window_20pct: destroyed window: [0, 1, 2, 3, 4, 5] x [0, 6]
iter=6 elapsed=11.841s step_runtime=3.588s destroy=destroy_worst_days_30pct repair=repair_gecode_fast objective_metric=minizinc_objective incumbent_objective=10.0 contender_objective=37.0 score=0 accepted=False repair_failed=False used_exploration=False stagnation_rounds=2 weights_updated=False
  destroyed=destroy_worst_days_30pct: destroyed days: [0, 4, 5]
iter=7 elapsed=12.517s step_runtime=0.676s destroy=destroy_all_forbidden_sequences repair=repair_gecode_fast objective_metric=minizinc_objective incumbent_objective=10.0 contender_objective=8.0 score=5 accepted=True repair_failed=False used_exploration=False stagnation_rounds=0 weights_updated=False
  destroyed=destroy_all_forbidden_sequences: destroyed forbidden sequences: vars_erased=9
iter=8 elapsed=15.940s step_runtime=3.423s destroy=destroy_worst_workers_30pct repair=repair_gecode_fast objective_metric=minizinc_objective incumbent_objective=8.0 contender_objective=35.0 score=0 accepted=False repair_failed=False used_exploration=False stagnation_rounds=1 weights_updated=False
  destroyed=destroy_worst_workers_30pct: destroyed workers: [4, 5, 7, 10]
iter=9 elapsed=19.386s step_runtime=3.446s destroy=destroy_worst_days_30pct repair=repair_gecode_fast objective_metric=minizinc_objective incumbent_objective=8.0 contender_objective=48.0 score=0 accepted=False repair_failed=False used_exploration=False stagnation_rounds=2 weights_updated=False
  destroyed=destroy_worst_days_30pct: destroyed days: [1, 2, 5]
iter=10 elapsed=20.274s step_runtime=0.887s destroy=destroy_random_window_20pct repair=repair_chuffed_fast objective_metric=minizinc_objective incumbent_objective=8.0 contender_objective=8.0 score=1 accepted=True repair_failed=False used_exploration=False stagnation_rounds=3 weights_updated=True
  destroyed=destroy_random_window_20pct: destroyed window: [6, 7, 8] x [0, 4, 5, 6]

  weight update (destroy):
    operator                             before    after
    destroy_worst_workers_10pct            0.07     0.12
    destroy_worst_workers_30pct            0.07     0.06
    destroy_random_workers_20pct           0.07     0.06
    destroy_random_window_20pct            0.07     0.06
    destroy_all_forbidden_sequences        0.07     0.12
    destroy_streak_around_worst_worker     0.07     0.06
    destroy_worst_days_10pct               0.07     0.12
    destroy_worst_days_30pct               0.07     0.06
    destroy_random_days_20pct              0.07     0.06
    destroy_max_border_work                0.07     0.06
    destroy_max_border_off                 0.07     0.06
    destroy_max_border_shift_1             0.07     0.06
    destroy_max_border_shift_2             0.07     0.06
    destroy_max_border_shift_3             0.07     0.06

  weight update (repair):
    operator                             before    after
    repair_chuffed_fast                    0.40     0.50
    repair_gecode_fast                     0.40     0.34
    repair_chuffed_long                    0.10     0.08
    repair_gecode_long                     0.10     0.08
iter=11 elapsed=23.882s step_runtime=3.608s destroy=destroy_streak_around_worst_worker repair=repair_chuffed_fast objective_metric=minizinc_objective incumbent_objective=8.0 contender_objective=31.0 score=0 accepted=False repair_failed=False used_exploration=False stagnation_rounds=4 weights_updated=False
  destroyed=destroy_streak_around_worst_worker: destroyed streak len=25 start=(w5,d2) end=(w8,d5); destroyed_inside=25
iter=12 elapsed=27.325s step_runtime=3.443s destroy=destroy_random_workers_20pct repair=repair_chuffed_fast objective_metric=minizinc_objective incumbent_objective=8.0 contender_objective=12.0 score=0 accepted=False repair_failed=False used_exploration=False stagnation_rounds=5 weights_updated=False
  destroyed=destroy_random_workers_20pct: destroyed workers: [3, 6, 10]
iter=13 elapsed=42.737s step_runtime=15.412s destroy=destroy_random_workers_20pct repair=repair_gecode_long objective_metric=minizinc_objective incumbent_objective=8.0 contender_objective=15.0 score=0 accepted=False repair_failed=False used_exploration=False stagnation_rounds=6 weights_updated=False
  destroyed=destroy_random_workers_20pct: destroyed workers: [2, 5, 9]
iter=14 elapsed=46.186s step_runtime=3.449s destroy=destroy_random_window_20pct repair=repair_chuffed_fast objective_metric=minizinc_objective incumbent_objective=8.0 contender_objective=17.0 score=0 accepted=False repair_failed=False used_exploration=False stagnation_rounds=7 weights_updated=False
  destroyed=destroy_random_window_20pct: destroyed window: [5, 6, 7, 8, 9] x [0, 1, 2, 6]
iter=15 elapsed=49.040s step_runtime=2.854s destroy=destroy_random_window_20pct repair=repair_chuffed_fast objective_metric=minizinc_objective incumbent_objective=8.0 contender_objective=8.0 score=1 accepted=True repair_failed=False used_exploration=False stagnation_rounds=8 weights_updated=False
  destroyed=destroy_random_window_20pct: destroyed window: [0, 1, 2, 7, 8, 9, 10] x [4, 5, 6]
iter=16 elapsed=52.452s step_runtime=3.412s destroy=destroy_random_workers_20pct repair=repair_gecode_fast objective_metric=minizinc_objective incumbent_objective=8.0 contender_objective=8.0 score=1 accepted=True repair_failed=False used_exploration=False stagnation_rounds=9 weights_updated=False
  destroyed=destroy_random_workers_20pct: destroyed workers: [1, 4, 5]
iter=17 elapsed=68.031s step_runtime=15.580s destroy=destroy_streak_around_worst_worker repair=repair_chuffed_long objective_metric=minizinc_objective incumbent_objective=8.0 contender_objective=58.0 score=0 accepted=False repair_failed=False used_exploration=False stagnation_rounds=10 weights_updated=False
  destroyed=destroy_streak_around_worst_worker: destroyed streak len=35 start=(w4,d4) end=(w9,d3); destroyed_inside=35
iter=18 elapsed=68.782s step_runtime=0.750s destroy=destroy_exploration repair=repair_exploration objective_metric=minizinc_objective incumbent_objective=8.0 contender_objective=8.0 score=1 accepted=True repair_failed=False used_exploration=True stagnation_rounds=11 weights_updated=False
  destroyed=destroy_exploration: destroyed window: [0, 1, 2, 3, 8, 9, 10] x [5, 6]
iter=19 elapsed=73.429s step_runtime=4.647s destroy=destroy_exploration repair=repair_exploration objective_metric=minizinc_objective incumbent_objective=8.0 contender_objective=7.0 score=5 accepted=True repair_failed=False used_exploration=True stagnation_rounds=0 weights_updated=False
  destroyed=destroy_exploration: destroyed window: [4, 5, 6, 7] x [1, 2, 3, 4]
iter=20 elapsed=76.877s step_runtime=3.448s destroy=destroy_random_workers_20pct repair=repair_chuffed_fast objective_metric=minizinc_objective incumbent_objective=7.0 contender_objective=14.0 score=0 accepted=False repair_failed=False used_exploration=False stagnation_rounds=1 weights_updated=True
  destroyed=destroy_random_workers_20pct: destroyed workers: [3, 4, 9]

  weight update (destroy):
    operator                             before    after
    destroy_worst_workers_10pct            0.12     0.12
    destroy_worst_workers_30pct            0.06     0.07
    destroy_random_workers_20pct           0.06     0.07
    destroy_random_window_20pct            0.06     0.09
    destroy_all_forbidden_sequences        0.12     0.12
    destroy_streak_around_worst_worker     0.06     0.06
    destroy_worst_days_10pct               0.12     0.12
    destroy_worst_days_30pct               0.06     0.06
    destroy_random_days_20pct              0.06     0.06
    destroy_max_border_work                0.06     0.05
    destroy_max_border_off                 0.06     0.05
    destroy_max_border_shift_1             0.06     0.05
    destroy_max_border_shift_2             0.06     0.05
    destroy_max_border_shift_3             0.06     0.05

  weight update (repair):
    operator                             before    after
    repair_chuffed_fast                    0.50     0.43
    repair_gecode_fast                     0.34     0.39
    repair_chuffed_long                    0.08     0.09
    repair_gecode_long                     0.08     0.09
iter=21 elapsed=78.982s step_runtime=2.105s destroy=destroy_random_workers_20pct repair=repair_gecode_fast objective_metric=minizinc_objective incumbent_objective=7.0 contender_objective=5.0 score=5 accepted=True repair_failed=False used_exploration=False stagnation_rounds=0 weights_updated=False
  destroyed=destroy_random_workers_20pct: destroyed workers: [0, 3, 6]
iter=22 elapsed=80.202s step_runtime=1.220s destroy=destroy_random_window_20pct repair=repair_chuffed_fast objective_metric=minizinc_objective incumbent_objective=5.0 contender_objective=3.0 score=5 accepted=True repair_failed=False used_exploration=False stagnation_rounds=0 weights_updated=False
  destroyed=destroy_random_window_20pct: destroyed window: [0, 1, 2, 8, 9, 10] x [0, 1, 6]
iter=23 elapsed=81.835s step_runtime=1.633s destroy=destroy_random_window_20pct repair=repair_gecode_long objective_metric=minizinc_objective incumbent_objective=3.0 contender_objective=2.0 score=5 accepted=True repair_failed=False used_exploration=False stagnation_rounds=0 weights_updated=False
  destroyed=destroy_random_window_20pct: destroyed window: [0, 1, 2, 3, 4, 8, 9, 10] x [0, 1, 6]
iter=24 elapsed=83.021s step_runtime=1.186s destroy=destroy_random_window_20pct repair=repair_chuffed_fast objective_metric=minizinc_objective incumbent_objective=2.0 contender_objective=2.0 score=1 accepted=True repair_failed=False used_exploration=False stagnation_rounds=1 weights_updated=False
  destroyed=destroy_random_window_20pct: destroyed window: [0, 1, 2, 3, 8, 9, 10] x [1, 2]
iter=25 elapsed=86.458s step_runtime=3.437s destroy=destroy_worst_workers_30pct repair=repair_gecode_fast objective_metric=minizinc_objective incumbent_objective=2.0 contender_objective=28.0 score=0 accepted=False repair_failed=False used_exploration=False stagnation_rounds=2 weights_updated=False
  destroyed=destroy_worst_workers_30pct: destroyed workers: [3, 4, 7, 9]
iter=26 elapsed=89.892s step_runtime=3.434s destroy=destroy_worst_workers_30pct repair=repair_gecode_fast objective_metric=minizinc_objective incumbent_objective=2.0 contender_objective=15.0 score=0 accepted=False repair_failed=False used_exploration=False stagnation_rounds=3 weights_updated=False
  destroyed=destroy_worst_workers_30pct: destroyed workers: [0, 7, 8, 9]
iter=27 elapsed=105.313s step_runtime=15.421s destroy=destroy_worst_days_30pct repair=repair_gecode_long objective_metric=minizinc_objective incumbent_objective=2.0 contender_objective=35.0 score=0 accepted=False repair_failed=False used_exploration=False stagnation_rounds=4 weights_updated=False
  destroyed=destroy_worst_days_30pct: destroyed days: [1, 4, 6]
iter=28 elapsed=108.782s step_runtime=3.469s destroy=destroy_worst_workers_30pct repair=repair_chuffed_fast objective_metric=minizinc_objective incumbent_objective=2.0 contender_objective=26.0 score=0 accepted=False repair_failed=False used_exploration=False stagnation_rounds=5 weights_updated=False
  destroyed=destroy_worst_workers_30pct: destroyed workers: [1, 3, 7, 9]
iter=29 elapsed=111.323s step_runtime=2.540s destroy=destroy_random_window_20pct repair=repair_chuffed_fast objective_metric=minizinc_objective incumbent_objective=2.0 contender_objective=2.0 score=1 accepted=True repair_failed=False used_exploration=False stagnation_rounds=6 weights_updated=False
  destroyed=destroy_random_window_20pct: destroyed window: [0, 1, 2, 3, 7, 8, 9, 10] x [1, 2]
iter=30 elapsed=112.607s step_runtime=1.284s destroy=destroy_streak_around_worst_worker repair=repair_gecode_fast objective_metric=minizinc_objective incumbent_objective=2.0 contender_objective=2.0 score=1 accepted=True repair_failed=False used_exploration=False stagnation_rounds=7 weights_updated=True
  destroyed=destroy_streak_around_worst_worker: destroyed streak len=21 start=(w5,d6) end=(w8,d5); destroyed_inside=21

  weight update (destroy):
    operator                             before    after
    destroy_worst_workers_10pct            0.12     0.09
    destroy_worst_workers_30pct            0.07     0.05
    destroy_random_workers_20pct           0.07     0.25
    destroy_random_window_20pct            0.09     0.08
    destroy_all_forbidden_sequences        0.12     0.09
    destroy_streak_around_worst_worker     0.06     0.05
    destroy_worst_days_10pct               0.12     0.09
    destroy_worst_days_30pct               0.06     0.05
    destroy_random_days_20pct              0.06     0.05
    destroy_max_border_work                0.05     0.04
    destroy_max_border_off                 0.05     0.04
    destroy_max_border_shift_1             0.05     0.04
    destroy_max_border_shift_2             0.05     0.04
    destroy_max_border_shift_3             0.05     0.04

  weight update (repair):
    operator                             before    after
    repair_chuffed_fast                    0.43     0.39
    repair_gecode_fast                     0.39     0.34
    repair_chuffed_long                    0.09     0.08
    repair_gecode_long                     0.09     0.20
iter=31 elapsed=114.409s step_runtime=1.802s destroy=destroy_random_days_20pct repair=repair_chuffed_fast objective_metric=minizinc_objective incumbent_objective=2.0 contender_objective=2.0 score=1 accepted=True repair_failed=False used_exploration=False stagnation_rounds=8 weights_updated=False
  destroyed=destroy_random_days_20pct: destroyed days: [0, 5]
iter=32 elapsed=116.177s step_runtime=1.768s destroy=destroy_random_workers_20pct repair=repair_chuffed_fast objective_metric=minizinc_objective incumbent_objective=2.0 contender_objective=2.0 score=1 accepted=True repair_failed=False used_exploration=False stagnation_rounds=9 weights_updated=False
  destroyed=destroy_random_workers_20pct: destroyed workers: [6, 9, 10]
iter=33 elapsed=119.665s step_runtime=3.488s destroy=destroy_worst_workers_30pct repair=repair_chuffed_fast objective_metric=minizinc_objective incumbent_objective=2.0 contender_objective=30.0 score=0 accepted=False repair_failed=False used_exploration=False stagnation_rounds=10 weights_updated=False
  destroyed=destroy_worst_workers_30pct: destroyed workers: [6, 7, 9, 10]
iter=34 elapsed=129.118s step_runtime=9.453s destroy=destroy_exploration repair=repair_exploration objective_metric=minizinc_objective incumbent_objective=2.0 contender_objective=2.0 score=1 accepted=True repair_failed=False used_exploration=True stagnation_rounds=11 weights_updated=False
  destroyed=destroy_exploration: destroyed window: [0, 1, 2, 3, 4, 9, 10] x [1, 2, 3]
iter=35 elapsed=130.270s step_runtime=1.152s destroy=destroy_exploration repair=repair_exploration objective_metric=minizinc_objective incumbent_objective=2.0 contender_objective=2.0 score=1 accepted=True repair_failed=False used_exploration=True stagnation_rounds=12 weights_updated=False
  destroyed=destroy_exploration: destroyed window: [0, 1, 2, 3, 8, 9, 10] x [3, 4]
iter=36 elapsed=132.670s step_runtime=2.400s destroy=destroy_random_workers_20pct repair=repair_gecode_fast objective_metric=minizinc_objective incumbent_objective=2.0 contender_objective=2.0 score=1 accepted=True repair_failed=False used_exploration=False stagnation_rounds=13 weights_updated=False
  destroyed=destroy_random_workers_20pct: destroyed workers: [3, 4, 8]
iter=37 elapsed=136.143s step_runtime=3.473s destroy=destroy_worst_days_30pct repair=repair_chuffed_fast objective_metric=minizinc_objective incumbent_objective=2.0 contender_objective=38.0 score=0 accepted=False repair_failed=False used_exploration=False stagnation_rounds=14 weights_updated=False
  destroyed=destroy_worst_days_30pct: destroyed days: [3, 5, 6]
iter=38 elapsed=136.695s step_runtime=0.552s destroy=destroy_all_forbidden_sequences repair=repair_gecode_long objective_metric=minizinc_objective incumbent_objective=2.0 contender_objective=2.0 score=1 accepted=True repair_failed=False used_exploration=False stagnation_rounds=15 weights_updated=False
  destroyed=destroy_all_forbidden_sequences: destroyed forbidden sequences: vars_erased=3
iter=39 elapsed=140.118s step_runtime=3.424s destroy=destroy_worst_workers_30pct repair=repair_gecode_fast objective_metric=minizinc_objective incumbent_objective=2.0 contender_objective=18.0 score=0 accepted=False repair_failed=False used_exploration=False stagnation_rounds=16 weights_updated=False
  destroyed=destroy_worst_workers_30pct: destroyed workers: [3, 6, 7, 9]
iter=40 elapsed=141.202s step_runtime=1.084s destroy=destroy_random_workers_20pct repair=repair_gecode_long objective_metric=minizinc_objective incumbent_objective=2.0 contender_objective=2.0 score=1 accepted=True repair_failed=False used_exploration=False stagnation_rounds=17 weights_updated=True
  destroyed=destroy_random_workers_20pct: destroyed workers: [0, 6, 9]

  weight update (destroy):
    operator                             before    after
    destroy_worst_workers_10pct            0.09     0.08
    destroy_worst_workers_30pct            0.05     0.05
    destroy_random_workers_20pct           0.25     0.24
    destroy_random_window_20pct            0.08     0.07
    destroy_all_forbidden_sequences        0.09     0.12
    destroy_streak_around_worst_worker     0.05     0.05
    destroy_worst_days_10pct               0.09     0.08
    destroy_worst_days_30pct               0.05     0.05
    destroy_random_days_20pct              0.05     0.08
    destroy_max_border_work                0.04     0.04
    destroy_max_border_off                 0.04     0.03
    destroy_max_border_shift_1             0.04     0.03
    destroy_max_border_shift_2             0.04     0.03
    destroy_max_border_shift_3             0.04     0.03

  weight update (repair):
    operator                             before    after
    repair_chuffed_fast                    0.39     0.35
    repair_gecode_fast                     0.34     0.31
    repair_chuffed_long                    0.08     0.08
    repair_gecode_long                     0.20     0.25
iter=41 elapsed=142.619s step_runtime=1.416s destroy=destroy_random_workers_20pct repair=repair_gecode_long objective_metric=minizinc_objective incumbent_objective=2.0 contender_objective=2.0 score=1 accepted=True repair_failed=False used_exploration=False stagnation_rounds=18 weights_updated=False
  destroyed=destroy_random_workers_20pct: destroyed workers: [0, 2, 6]
iter=42 elapsed=143.801s step_runtime=1.183s destroy=destroy_random_days_20pct repair=repair_gecode_fast objective_metric=minizinc_objective incumbent_objective=2.0 contender_objective=2.0 score=1 accepted=True repair_failed=False used_exploration=False stagnation_rounds=19 weights_updated=False
  destroyed=destroy_random_days_20pct: destroyed days: [1, 6]
iter=43 elapsed=148.881s step_runtime=5.080s destroy=destroy_random_days_20pct repair=repair_gecode_long objective_metric=minizinc_objective incumbent_objective=2.0 contender_objective=2.0 score=1 accepted=True repair_failed=False used_exploration=False stagnation_rounds=20 weights_updated=False
  destroyed=destroy_random_days_20pct: destroyed days: [0, 4]
iter=44 elapsed=149.472s step_runtime=0.591s destroy=destroy_exploration repair=repair_exploration objective_metric=minizinc_objective incumbent_objective=2.0 contender_objective=2.0 score=1 accepted=True repair_failed=False used_exploration=True stagnation_rounds=21 weights_updated=False
  destroyed=destroy_exploration: destroyed window: [4, 5, 6] x [5, 6]
iter=45 elapsed=150.933s step_runtime=1.461s destroy=destroy_exploration repair=repair_exploration objective_metric=minizinc_objective incumbent_objective=2.0 contender_objective=2.0 score=1 accepted=True repair_failed=False used_exploration=True stagnation_rounds=22 weights_updated=False
  destroyed=destroy_exploration: destroyed window: [2, 3, 4, 5, 6, 7, 8] x [2, 3]
iter=46 elapsed=154.369s step_runtime=3.436s destroy=destroy_worst_days_30pct repair=repair_gecode_fast objective_metric=minizinc_objective incumbent_objective=2.0 contender_objective=56.0 score=0 accepted=False repair_failed=False used_exploration=False stagnation_rounds=23 weights_updated=False
  destroyed=destroy_worst_days_30pct: destroyed days: [0, 2, 3]
iter=47 elapsed=157.784s step_runtime=3.415s destroy=destroy_random_workers_20pct repair=repair_gecode_fast objective_metric=minizinc_objective incumbent_objective=2.0 contender_objective=8.0 score=0 accepted=False repair_failed=False used_exploration=False stagnation_rounds=24 weights_updated=False
  destroyed=destroy_random_workers_20pct: destroyed workers: [1, 2, 6]
iter=48 elapsed=159.844s step_runtime=2.060s destroy=destroy_random_workers_20pct repair=repair_chuffed_fast objective_metric=minizinc_objective incumbent_objective=2.0 contender_objective=2.0 score=1 accepted=True repair_failed=False used_exploration=False stagnation_rounds=25 weights_updated=False
  destroyed=destroy_random_workers_20pct: destroyed workers: [3, 8, 9]
iter=49 elapsed=162.720s step_runtime=2.876s destroy=destroy_random_workers_20pct repair=repair_gecode_long objective_metric=minizinc_objective incumbent_objective=2.0 contender_objective=2.0 score=1 accepted=True repair_failed=False used_exploration=False stagnation_rounds=26 weights_updated=False
  destroyed=destroy_random_workers_20pct: destroyed workers: [1, 5, 8]
iter=50 elapsed=163.416s step_runtime=0.696s destroy=destroy_worst_workers_10pct repair=repair_gecode_fast objective_metric=minizinc_objective incumbent_objective=2.0 contender_objective=2.0 score=1 accepted=True repair_failed=False used_exploration=False stagnation_rounds=27 weights_updated=True
  destroyed=destroy_worst_workers_10pct: destroyed workers: [7, 9]

  weight update (destroy):
    operator                             before    after
    destroy_worst_workers_10pct            0.08     0.11
    destroy_worst_workers_30pct            0.05     0.05
    destroy_random_workers_20pct           0.24     0.22
    destroy_random_window_20pct            0.07     0.07
    destroy_all_forbidden_sequences        0.12     0.10
    destroy_streak_around_worst_worker     0.05     0.05
    destroy_worst_days_10pct               0.08     0.08
    destroy_worst_days_30pct               0.05     0.05
    destroy_random_days_20pct              0.08     0.11
    destroy_max_border_work                0.04     0.04
    destroy_max_border_off                 0.03     0.03
    destroy_max_border_shift_1             0.03     0.02
    destroy_max_border_shift_2             0.03     0.03
    destroy_max_border_shift_3             0.03     0.03

  weight update (repair):
    operator                             before    after
    repair_chuffed_fast                    0.35     0.36
    repair_gecode_fast                     0.31     0.29
    repair_chuffed_long                    0.08     0.08
    repair_gecode_long                     0.25     0.28
iter=51 elapsed=165.307s step_runtime=1.890s destroy=destroy_random_days_20pct repair=repair_chuffed_fast objective_metric=minizinc_objective incumbent_objective=2.0 contender_objective=2.0 score=1 accepted=True repair_failed=False used_exploration=False stagnation_rounds=28 weights_updated=False
  destroyed=destroy_random_days_20pct: destroyed days: [4, 6]
iter=52 elapsed=168.793s step_runtime=3.486s destroy=destroy_random_window_20pct repair=repair_chuffed_fast objective_metric=minizinc_objective incumbent_objective=2.0 contender_objective=20.0 score=0 accepted=False repair_failed=False used_exploration=False stagnation_rounds=29 weights_updated=False
  destroyed=destroy_random_window_20pct: destroyed window: [2, 3, 4, 5, 6, 7] x [0, 1, 2, 6]
iter=53 elapsed=169.852s step_runtime=1.059s destroy=destroy_random_workers_20pct repair=repair_chuffed_fast objective_metric=minizinc_objective incumbent_objective=2.0 contender_objective=2.0 score=1 accepted=True repair_failed=False used_exploration=False stagnation_rounds=30 weights_updated=False
  destroyed=destroy_random_workers_20pct: destroyed workers: [0, 3, 9]
iter=54 elapsed=171.604s step_runtime=1.752s destroy=destroy_exploration repair=repair_exploration objective_metric=minizinc_objective incumbent_objective=2.0 contender_objective=2.0 score=1 accepted=True repair_failed=False used_exploration=True stagnation_rounds=31 weights_updated=False
  destroyed=destroy_exploration: destroyed window: [5, 6, 7, 8, 9] x [1, 2, 3]
iter=55 elapsed=172.208s step_runtime=0.604s destroy=destroy_exploration repair=repair_exploration objective_metric=minizinc_objective incumbent_objective=2.0 contender_objective=2.0 score=1 accepted=True repair_failed=False used_exploration=True stagnation_rounds=32 weights_updated=False
  destroyed=destroy_exploration: destroyed window: [1, 2, 3, 4] x [5, 6]
iter=56 elapsed=173.133s step_runtime=0.925s destroy=destroy_random_window_20pct repair=repair_chuffed_fast objective_metric=minizinc_objective incumbent_objective=2.0 contender_objective=2.0 score=1 accepted=True repair_failed=False used_exploration=False stagnation_rounds=33 weights_updated=False
  destroyed=destroy_random_window_20pct: destroyed window: [0, 1, 2, 3, 4, 9, 10] x [3, 4]
iter=57 elapsed=176.534s step_runtime=3.400s destroy=destroy_random_days_20pct repair=repair_chuffed_fast objective_metric=minizinc_objective incumbent_objective=2.0 contender_objective=28.0 score=0 accepted=False repair_failed=False used_exploration=False stagnation_rounds=34 weights_updated=False
  destroyed=destroy_random_days_20pct: destroyed days: [3, 5]
iter=58 elapsed=177.191s step_runtime=0.657s destroy=destroy_random_window_20pct repair=repair_gecode_long objective_metric=minizinc_objective incumbent_objective=2.0 contender_objective=2.0 score=1 accepted=True repair_failed=False used_exploration=False stagnation_rounds=35 weights_updated=False
  destroyed=destroy_random_window_20pct: destroyed window: [0, 1, 2, 7, 8, 9, 10] x [0, 6]
iter=59 elapsed=179.240s step_runtime=2.049s destroy=destroy_random_days_20pct repair=repair_gecode_long objective_metric=minizinc_objective incumbent_objective=2.0 contender_objective=2.0 score=1 accepted=True repair_failed=False used_exploration=False stagnation_rounds=36 weights_updated=False
  destroyed=destroy_random_days_20pct: destroyed days: [0, 5]
iter=60 elapsed=179.795s step_runtime=0.555s destroy=destroy_all_forbidden_sequences repair=repair_gecode_fast objective_metric=minizinc_objective incumbent_objective=2.0 contender_objective=2.0 score=1 accepted=True repair_failed=False used_exploration=False stagnation_rounds=37 weights_updated=True
  destroyed=destroy_all_forbidden_sequences: destroyed forbidden sequences: vars_erased=3

  weight update (destroy):
    operator                             before    after
    destroy_worst_workers_10pct            0.11     0.10
    destroy_worst_workers_30pct            0.05     0.05
    destroy_random_workers_20pct           0.22     0.22
    destroy_random_window_20pct            0.07     0.08
    destroy_all_forbidden_sequences        0.10     0.11
    destroy_streak_around_worst_worker     0.05     0.05
    destroy_worst_days_10pct               0.08     0.07
    destroy_worst_days_30pct               0.05     0.05
    destroy_random_days_20pct              0.11     0.11
    destroy_max_border_work                0.04     0.04
    destroy_max_border_off                 0.03     0.04
    destroy_max_border_shift_1             0.02     0.03
    destroy_max_border_shift_2             0.03     0.04
    destroy_max_border_shift_3             0.03     0.03

  weight update (repair):
    operator                             before    after
    repair_chuffed_fast                    0.36     0.32
    repair_gecode_fast                     0.29     0.30
    repair_chuffed_long                    0.08     0.08
    repair_gecode_long                     0.28     0.29
iter=61 elapsed=181.518s step_runtime=1.723s destroy=destroy_random_workers_20pct repair=repair_gecode_fast objective_metric=minizinc_objective incumbent_objective=2.0 contender_objective=2.0 score=1 accepted=True repair_failed=False used_exploration=False stagnation_rounds=38 weights_updated=False
  destroyed=destroy_random_workers_20pct: destroyed workers: [3, 7, 9]
