Loaded instance: Example6.txt
instance=Example6
instance_name=Example6
instance_file=Example6.txt
instance_path=/Users/gab/Library/Mobile Documents/com~apple~CloudDocs/QuIST/ML/Optimization/Project 2/LNS_scheduling/Instances1-50/Example6.txt
variant=alns_plain
seed=1

iter=1 elapsed=0.929s step_runtime=0.929s destroy=destroy_random_window_20pct repair=repair_chuffed_fast objective_metric=minizinc_objective incumbent_objective=inf contender_objective=20.0 score=5 accepted=True repair_failed=False used_exploration=False stagnation_rounds=0 weights_updated=False
  destroyed=destroy_random_window_20pct: destroyed window: [3, 4, 5, 6] x [3, 4, 5]
iter=2 elapsed=1.829s step_runtime=0.899s destroy=destroy_random_workers_20pct repair=repair_chuffed_fast objective_metric=minizinc_objective incumbent_objective=20.0 contender_objective=17.0 score=5 accepted=True repair_failed=False used_exploration=False stagnation_rounds=0 weights_updated=False
  destroyed=destroy_random_workers_20pct: destroyed workers: [0, 3]
iter=3 elapsed=2.501s step_runtime=0.672s destroy=destroy_streak_around_worst_worker repair=repair_chuffed_long objective_metric=minizinc_objective incumbent_objective=17.0 contender_objective=15.0 score=5 accepted=True repair_failed=False used_exploration=False stagnation_rounds=0 weights_updated=False
  destroyed=destroy_streak_around_worst_worker: destroyed streak len=9 start=(w0,d3) end=(w1,d4); destroyed_inside=9
iter=4 elapsed=3.332s step_runtime=0.831s destroy=destroy_streak_around_worst_worker repair=repair_gecode_long objective_metric=minizinc_objective incumbent_objective=15.0 contender_objective=10.0 score=5 accepted=True repair_failed=False used_exploration=False stagnation_rounds=0 weights_updated=False
  destroyed=destroy_streak_around_worst_worker: destroyed streak len=9 start=(w1,d3) end=(w2,d4); destroyed_inside=9
iter=5 elapsed=3.915s step_runtime=0.583s destroy=destroy_all_forbidden_sequences repair=repair_gecode_fast objective_metric=minizinc_objective incumbent_objective=10.0 contender_objective=10.0 score=1 accepted=True repair_failed=False used_exploration=False stagnation_rounds=1 weights_updated=False
  destroyed=destroy_all_forbidden_sequences: destroyed forbidden sequences: vars_erased=6
iter=6 elapsed=4.646s step_runtime=0.731s destroy=destroy_random_days_20pct repair=repair_gecode_long objective_metric=minizinc_objective incumbent_objective=10.0 contender_objective=8.0 score=5 accepted=True repair_failed=False used_exploration=False stagnation_rounds=0 weights_updated=False
  destroyed=destroy_random_days_20pct: destroyed days: [0, 5]
iter=7 elapsed=8.045s step_runtime=3.398s destroy=destroy_worst_days_30pct repair=repair_chuffed_fast objective_metric=minizinc_objective incumbent_objective=8.0 contender_objective=28.0 score=0 accepted=False repair_failed=False used_exploration=False stagnation_rounds=1 weights_updated=False
  destroyed=destroy_worst_days_30pct: destroyed days: [2, 3, 4]
iter=8 elapsed=8.819s step_runtime=0.774s destroy=destroy_all_forbidden_sequences repair=repair_gecode_fast objective_metric=minizinc_objective incumbent_objective=8.0 contender_objective=7.0 score=5 accepted=True repair_failed=False used_exploration=False stagnation_rounds=0 weights_updated=False
  destroyed=destroy_all_forbidden_sequences: destroyed forbidden sequences: vars_erased=6
iter=9 elapsed=9.597s step_runtime=0.779s destroy=destroy_random_window_20pct repair=repair_gecode_fast objective_metric=minizinc_objective incumbent_objective=7.0 contender_objective=6.0 score=5 accepted=True repair_failed=False used_exploration=False stagnation_rounds=0 weights_updated=False
  destroyed=destroy_random_window_20pct: destroyed window: [1, 2, 3, 4] x [1, 2, 3, 4]
iter=10 elapsed=10.204s step_runtime=0.607s destroy=destroy_random_window_20pct repair=repair_chuffed_long objective_metric=minizinc_objective incumbent_objective=6.0 contender_objective=6.0 score=1 accepted=True repair_failed=False used_exploration=False stagnation_rounds=1 weights_updated=True
  destroyed=destroy_random_window_20pct: destroyed window: [0, 1, 2] x [4, 5, 6]

  weight update (destroy):
    operator                             before    after
    destroy_worst_workers_10pct            0.07     0.06
    destroy_worst_workers_30pct            0.07     0.06
    destroy_random_workers_20pct           0.07     0.12
    destroy_random_window_20pct            0.07     0.07
    destroy_all_forbidden_sequences        0.07     0.06
    destroy_streak_around_worst_worker     0.07     0.12
    destroy_worst_days_10pct               0.07     0.06
    destroy_worst_days_30pct               0.07     0.06
    destroy_random_days_20pct              0.07     0.12
    destroy_max_border_work                0.07     0.06
    destroy_max_border_off                 0.07     0.06
    destroy_max_border_shift_1             0.07     0.06
    destroy_max_border_shift_2             0.07     0.06
    destroy_max_border_shift_3             0.07     0.06

  weight update (repair):
    operator                             before    after
    repair_chuffed_fast                    0.40     0.33
    repair_gecode_fast                     0.40     0.34
    repair_chuffed_long                    0.10     0.09
    repair_gecode_long                     0.10     0.24
iter=11 elapsed=10.845s step_runtime=0.641s destroy=destroy_random_window_20pct repair=repair_chuffed_fast objective_metric=minizinc_objective incumbent_objective=6.0 contender_objective=5.0 score=5 accepted=True repair_failed=False used_exploration=False stagnation_rounds=0 weights_updated=False
  destroyed=destroy_random_window_20pct: destroyed window: [0, 1, 6] x [2, 3, 4]
iter=12 elapsed=11.866s step_runtime=1.021s destroy=destroy_random_window_20pct repair=repair_gecode_long objective_metric=minizinc_objective incumbent_objective=5.0 contender_objective=4.0 score=5 accepted=True repair_failed=False used_exploration=False stagnation_rounds=0 weights_updated=False
  destroyed=destroy_random_window_20pct: destroyed window: [2, 3, 4, 5] x [3, 4, 5, 6]
iter=13 elapsed=13.199s step_runtime=1.333s destroy=destroy_streak_around_worst_worker repair=repair_chuffed_fast objective_metric=minizinc_objective incumbent_objective=4.0 contender_objective=2.0 score=5 accepted=True repair_failed=False used_exploration=False stagnation_rounds=0 weights_updated=False
  destroyed=destroy_streak_around_worst_worker: destroyed streak len=19 start=(w4,d5) end=(w0,d2); destroyed_inside=19
iter=14 elapsed=13.771s step_runtime=0.572s destroy=destroy_random_window_20pct repair=repair_chuffed_fast objective_metric=minizinc_objective incumbent_objective=2.0 contender_objective=2.0 score=1 accepted=True repair_failed=False used_exploration=False stagnation_rounds=1 weights_updated=False
  destroyed=destroy_random_window_20pct: destroyed window: [0, 1] x [0, 1, 2]
iter=15 elapsed=14.576s step_runtime=0.805s destroy=destroy_streak_around_worst_worker repair=repair_gecode_long objective_metric=minizinc_objective incumbent_objective=2.0 contender_objective=2.0 score=1 accepted=True repair_failed=False used_exploration=False stagnation_rounds=2 weights_updated=False
  destroyed=destroy_streak_around_worst_worker: destroyed streak len=17 start=(w5,d6) end=(w1,d1); destroyed_inside=17
iter=16 elapsed=15.243s step_runtime=0.667s destroy=destroy_random_window_20pct repair=repair_gecode_long objective_metric=minizinc_objective incumbent_objective=2.0 contender_objective=2.0 score=1 accepted=True repair_failed=False used_exploration=False stagnation_rounds=3 weights_updated=False
  destroyed=destroy_random_window_20pct: destroyed window: [0, 1, 2, 3] x [2, 3, 4]
iter=17 elapsed=15.917s step_runtime=0.674s destroy=destroy_random_workers_20pct repair=repair_gecode_long objective_metric=minizinc_objective incumbent_objective=2.0 contender_objective=2.0 score=1 accepted=True repair_failed=False used_exploration=False stagnation_rounds=4 weights_updated=False
  destroyed=destroy_random_workers_20pct: destroyed workers: [2, 6]
iter=18 elapsed=19.322s step_runtime=3.405s destroy=destroy_worst_days_30pct repair=repair_gecode_fast objective_metric=minizinc_objective incumbent_objective=2.0 contender_objective=22.0 score=0 accepted=False repair_failed=False used_exploration=False stagnation_rounds=5 weights_updated=False
  destroyed=destroy_worst_days_30pct: destroyed days: [0, 1, 4]
iter=19 elapsed=19.850s step_runtime=0.527s destroy=destroy_random_window_20pct repair=repair_chuffed_fast objective_metric=minizinc_objective incumbent_objective=2.0 contender_objective=2.0 score=1 accepted=True repair_failed=False used_exploration=False stagnation_rounds=6 weights_updated=False
  destroyed=destroy_random_window_20pct: destroyed window: [4, 5] x [0, 6]
iter=20 elapsed=21.836s step_runtime=1.987s destroy=destroy_worst_workers_30pct repair=repair_gecode_fast objective_metric=minizinc_objective incumbent_objective=2.0 contender_objective=2.0 score=1 accepted=True repair_failed=False used_exploration=False stagnation_rounds=7 weights_updated=True
  destroyed=destroy_worst_workers_30pct: destroyed workers: [0, 2, 5]

  weight update (destroy):
    operator                             before    after
    destroy_worst_workers_10pct            0.06     0.05
    destroy_worst_workers_30pct            0.06     0.05
    destroy_random_workers_20pct           0.12     0.10
    destroy_random_window_20pct            0.07     0.12
    destroy_all_forbidden_sequences        0.06     0.05
    destroy_streak_around_worst_worker     0.12     0.21
    destroy_worst_days_10pct               0.06     0.05
    destroy_worst_days_30pct               0.06     0.05
    destroy_random_days_20pct              0.12     0.10
    destroy_max_border_work                0.06     0.05
    destroy_max_border_off                 0.06     0.05
    destroy_max_border_shift_1             0.06     0.05
    destroy_max_border_shift_2             0.06     0.05
    destroy_max_border_shift_3             0.06     0.05

  weight update (repair):
    operator                             before    after
    repair_chuffed_fast                    0.33     0.43
    repair_gecode_fast                     0.34     0.28
    repair_chuffed_long                    0.09     0.07
    repair_gecode_long                     0.24     0.23
iter=21 elapsed=22.479s step_runtime=0.642s destroy=destroy_random_window_20pct repair=repair_gecode_long objective_metric=minizinc_objective incumbent_objective=2.0 contender_objective=2.0 score=1 accepted=True repair_failed=False used_exploration=False stagnation_rounds=8 weights_updated=False
  destroyed=destroy_random_window_20pct: destroyed window: [0, 1, 6] x [0, 1, 2, 3]
iter=22 elapsed=23.192s step_runtime=0.713s destroy=destroy_random_days_20pct repair=repair_chuffed_fast objective_metric=minizinc_objective incumbent_objective=2.0 contender_objective=2.0 score=1 accepted=True repair_failed=False used_exploration=False stagnation_rounds=9 weights_updated=False
  destroyed=destroy_random_days_20pct: destroyed days: [0, 5]
iter=23 elapsed=23.783s step_runtime=0.590s destroy=destroy_random_window_20pct repair=repair_chuffed_fast objective_metric=minizinc_objective incumbent_objective=2.0 contender_objective=2.0 score=1 accepted=True repair_failed=False used_exploration=False stagnation_rounds=10 weights_updated=False
  destroyed=destroy_random_window_20pct: destroyed window: [2, 3] x [1, 2, 3, 4]
iter=24 elapsed=24.317s step_runtime=0.534s destroy=destroy_exploration repair=repair_exploration objective_metric=minizinc_objective incumbent_objective=2.0 contender_objective=2.0 score=1 accepted=True repair_failed=False used_exploration=True stagnation_rounds=11 weights_updated=False
  destroyed=destroy_exploration: destroyed window: [0, 5, 6] x [5, 6]
iter=25 elapsed=24.837s step_runtime=0.520s destroy=destroy_exploration repair=repair_exploration objective_metric=minizinc_objective incumbent_objective=2.0 contender_objective=2.0 score=1 accepted=True repair_failed=False used_exploration=True stagnation_rounds=12 weights_updated=False
  destroyed=destroy_exploration: destroyed window: [1, 2] x [0, 6]
iter=26 elapsed=25.979s step_runtime=1.142s destroy=destroy_streak_around_worst_worker repair=repair_gecode_fast objective_metric=minizinc_objective incumbent_objective=2.0 contender_objective=2.0 score=1 accepted=True repair_failed=False used_exploration=False stagnation_rounds=13 weights_updated=False
  destroyed=destroy_streak_around_worst_worker: destroyed streak len=19 start=(w5,d5) end=(w1,d2); destroyed_inside=19
iter=27 elapsed=28.250s step_runtime=2.271s destroy=destroy_worst_days_30pct repair=repair_chuffed_fast objective_metric=minizinc_objective incumbent_objective=2.0 contender_objective=2.0 score=1 accepted=True repair_failed=False used_exploration=False stagnation_rounds=14 weights_updated=False
  destroyed=destroy_worst_days_30pct: destroyed days: [1, 2, 6]
iter=28 elapsed=29.050s step_runtime=0.801s destroy=destroy_random_days_20pct repair=repair_chuffed_fast objective_metric=minizinc_objective incumbent_objective=2.0 contender_objective=2.0 score=1 accepted=True repair_failed=False used_exploration=False stagnation_rounds=15 weights_updated=False
  destroyed=destroy_random_days_20pct: destroyed days: [1, 5]
iter=29 elapsed=29.658s step_runtime=0.608s destroy=destroy_random_window_20pct repair=repair_chuffed_fast objective_metric=minizinc_objective incumbent_objective=2.0 contender_objective=2.0 score=1 accepted=True repair_failed=False used_exploration=False stagnation_rounds=16 weights_updated=False
  destroyed=destroy_random_window_20pct: destroyed window: [1, 2, 3, 4] x [0, 5, 6]
iter=30 elapsed=30.453s step_runtime=0.795s destroy=destroy_random_workers_20pct repair=repair_gecode_fast objective_metric=minizinc_objective incumbent_objective=2.0 contender_objective=2.0 score=1 accepted=True repair_failed=False used_exploration=False stagnation_rounds=17 weights_updated=True
  destroyed=destroy_random_workers_20pct: destroyed workers: [3, 5]

  weight update (destroy):
    operator                             before    after
    destroy_worst_workers_10pct            0.05     0.04
    destroy_worst_workers_30pct            0.05     0.05
    destroy_random_workers_20pct           0.10     0.11
    destroy_random_window_20pct            0.12     0.12
    destroy_all_forbidden_sequences        0.05     0.05
    destroy_streak_around_worst_worker     0.21     0.20
    destroy_worst_days_10pct               0.05     0.04
    destroy_worst_days_30pct               0.05     0.07
    destroy_random_days_20pct              0.10     0.11
    destroy_max_border_work                0.05     0.04
    destroy_max_border_off                 0.05     0.04
    destroy_max_border_shift_1             0.05     0.04
    destroy_max_border_shift_2             0.05     0.04
    destroy_max_border_shift_3             0.05     0.04

  weight update (repair):
    operator                             before    after
    repair_chuffed_fast                    0.43     0.40
    repair_gecode_fast                     0.28     0.28
    repair_chuffed_long                    0.07     0.07
    repair_gecode_long                     0.23     0.24
iter=31 elapsed=31.202s step_runtime=0.749s destroy=destroy_random_days_20pct repair=repair_chuffed_fast objective_metric=minizinc_objective incumbent_objective=2.0 contender_objective=2.0 score=1 accepted=True repair_failed=False used_exploration=False stagnation_rounds=18 weights_updated=False
  destroyed=destroy_random_days_20pct: destroyed days: [3, 5]
iter=32 elapsed=31.862s step_runtime=0.660s destroy=destroy_random_workers_20pct repair=repair_gecode_fast objective_metric=minizinc_objective incumbent_objective=2.0 contender_objective=2.0 score=1 accepted=True repair_failed=False used_exploration=False stagnation_rounds=19 weights_updated=False
  destroyed=destroy_random_workers_20pct: destroyed workers: [2, 6]
iter=33 elapsed=32.493s step_runtime=0.631s destroy=destroy_random_days_20pct repair=repair_gecode_fast objective_metric=minizinc_objective incumbent_objective=2.0 contender_objective=2.0 score=1 accepted=True repair_failed=False used_exploration=False stagnation_rounds=20 weights_updated=False
  destroyed=destroy_random_days_20pct: destroyed days: [4, 6]
iter=34 elapsed=33.048s step_runtime=0.555s destroy=destroy_exploration repair=repair_exploration objective_metric=minizinc_objective incumbent_objective=2.0 contender_objective=2.0 score=1 accepted=True repair_failed=False used_exploration=True stagnation_rounds=21 weights_updated=False
  destroyed=destroy_exploration: destroyed window: [0, 1, 2, 6] x [4, 5]
iter=35 elapsed=33.593s step_runtime=0.545s destroy=destroy_exploration repair=repair_exploration objective_metric=minizinc_objective incumbent_objective=2.0 contender_objective=2.0 score=1 accepted=True repair_failed=False used_exploration=True stagnation_rounds=22 weights_updated=False
  destroyed=destroy_exploration: destroyed window: [1, 2, 3] x [3, 4]
iter=36 elapsed=34.198s step_runtime=0.605s destroy=destroy_random_window_20pct repair=repair_chuffed_fast objective_metric=minizinc_objective incumbent_objective=2.0 contender_objective=2.0 score=1 accepted=True repair_failed=False used_exploration=False stagnation_rounds=23 weights_updated=False
  destroyed=destroy_random_window_20pct: destroyed window: [0, 5, 6] x [4, 5, 6]
iter=37 elapsed=35.324s step_runtime=1.126s destroy=destroy_streak_around_worst_worker repair=repair_gecode_fast objective_metric=minizinc_objective incumbent_objective=2.0 contender_objective=2.0 score=1 accepted=True repair_failed=False used_exploration=False stagnation_rounds=24 weights_updated=False
  destroyed=destroy_streak_around_worst_worker: destroyed streak len=19 start=(w5,d5) end=(w1,d2); destroyed_inside=19
iter=38 elapsed=35.829s step_runtime=0.505s destroy=destroy_all_forbidden_sequences repair=repair_chuffed_fast objective_metric=minizinc_objective incumbent_objective=2.0 contender_objective=2.0 score=1 accepted=True repair_failed=False used_exploration=False stagnation_rounds=25 weights_updated=False
  destroyed=destroy_all_forbidden_sequences: destroyed forbidden sequences: vars_erased=3
iter=39 elapsed=36.400s step_runtime=0.571s destroy=destroy_random_window_20pct repair=repair_chuffed_fast objective_metric=minizinc_objective incumbent_objective=2.0 contender_objective=2.0 score=1 accepted=True repair_failed=False used_exploration=False stagnation_rounds=26 weights_updated=False
  destroyed=destroy_random_window_20pct: destroyed window: [0, 1, 5, 6] x [0, 1]
iter=40 elapsed=36.957s step_runtime=0.558s destroy=destroy_random_window_20pct repair=repair_gecode_fast objective_metric=minizinc_objective incumbent_objective=2.0 contender_objective=2.0 score=1 accepted=True repair_failed=False used_exploration=False stagnation_rounds=27 weights_updated=True
  destroyed=destroy_random_window_20pct: destroyed window: [5, 6] x [2, 3, 4]

  weight update (destroy):
    operator                             before    after
    destroy_worst_workers_10pct            0.04     0.04
    destroy_worst_workers_30pct            0.05     0.05
    destroy_random_workers_20pct           0.11     0.12
    destroy_random_window_20pct            0.12     0.13
    destroy_all_forbidden_sequences        0.05     0.07
    destroy_streak_around_worst_worker     0.20     0.19
    destroy_worst_days_10pct               0.04     0.04
    destroy_worst_days_30pct               0.07     0.06
    destroy_random_days_20pct              0.11     0.12
    destroy_max_border_work                0.04     0.04
    destroy_max_border_off                 0.04     0.04
    destroy_max_border_shift_1             0.04     0.03
    destroy_max_border_shift_2             0.04     0.03
    destroy_max_border_shift_3             0.04     0.03

  weight update (repair):
    operator                             before    after
    repair_chuffed_fast                    0.40     0.40
    repair_gecode_fast                     0.28     0.31
    repair_chuffed_long                    0.07     0.08
    repair_gecode_long                     0.24     0.21
iter=41 elapsed=37.537s step_runtime=0.579s destroy=destroy_random_window_20pct repair=repair_gecode_fast objective_metric=minizinc_objective incumbent_objective=2.0 contender_objective=2.0 score=1 accepted=True repair_failed=False used_exploration=False stagnation_rounds=28 weights_updated=False
  destroyed=destroy_random_window_20pct: destroyed window: [0, 1, 2, 6] x [5, 6]
iter=42 elapsed=38.241s step_runtime=0.704s destroy=destroy_random_workers_20pct repair=repair_gecode_fast objective_metric=minizinc_objective incumbent_objective=2.0 contender_objective=2.0 score=1 accepted=True repair_failed=False used_exploration=False stagnation_rounds=29 weights_updated=False
  destroyed=destroy_random_workers_20pct: destroyed workers: [2, 5]
iter=43 elapsed=38.828s step_runtime=0.587s destroy=destroy_random_window_20pct repair=repair_chuffed_fast objective_metric=minizinc_objective incumbent_objective=2.0 contender_objective=2.0 score=1 accepted=True repair_failed=False used_exploration=False stagnation_rounds=30 weights_updated=False
  destroyed=destroy_random_window_20pct: destroyed window: [0, 1, 2, 3] x [2, 3]
iter=44 elapsed=39.363s step_runtime=0.535s destroy=destroy_exploration repair=repair_exploration objective_metric=minizinc_objective incumbent_objective=2.0 contender_objective=2.0 score=1 accepted=True repair_failed=False used_exploration=True stagnation_rounds=31 weights_updated=False
  destroyed=destroy_exploration: destroyed window: [2, 3] x [3, 4, 5]
iter=45 elapsed=39.941s step_runtime=0.578s destroy=destroy_exploration repair=repair_exploration objective_metric=minizinc_objective incumbent_objective=2.0 contender_objective=2.0 score=1 accepted=True repair_failed=False used_exploration=True stagnation_rounds=32 weights_updated=False
  destroyed=destroy_exploration: destroyed window: [0, 6] x [0, 4, 5, 6]
iter=46 elapsed=40.478s step_runtime=0.537s destroy=destroy_random_window_20pct repair=repair_chuffed_fast objective_metric=minizinc_objective incumbent_objective=2.0 contender_objective=2.0 score=1 accepted=True repair_failed=False used_exploration=False stagnation_rounds=33 weights_updated=False
  destroyed=destroy_random_window_20pct: destroyed window: [0, 1] x [0, 1, 2]
iter=47 elapsed=41.031s step_runtime=0.553s destroy=destroy_random_window_20pct repair=repair_gecode_fast objective_metric=minizinc_objective incumbent_objective=2.0 contender_objective=2.0 score=1 accepted=True repair_failed=False used_exploration=False stagnation_rounds=34 weights_updated=False
  destroyed=destroy_random_window_20pct: destroyed window: [0, 1] x [4, 5]
iter=48 elapsed=41.687s step_runtime=0.656s destroy=destroy_random_days_20pct repair=repair_chuffed_long objective_metric=minizinc_objective incumbent_objective=2.0 contender_objective=2.0 score=1 accepted=True repair_failed=False used_exploration=False stagnation_rounds=35 weights_updated=False
  destroyed=destroy_random_days_20pct: destroyed days: [3, 6]
iter=49 elapsed=42.356s step_runtime=0.669s destroy=destroy_random_workers_20pct repair=repair_gecode_long objective_metric=minizinc_objective incumbent_objective=2.0 contender_objective=2.0 score=1 accepted=True repair_failed=False used_exploration=False stagnation_rounds=36 weights_updated=False
  destroyed=destroy_random_workers_20pct: destroyed workers: [0, 4]
iter=50 elapsed=43.003s step_runtime=0.647s destroy=destroy_random_workers_20pct repair=repair_gecode_fast objective_metric=minizinc_objective incumbent_objective=2.0 contender_objective=2.0 score=1 accepted=True repair_failed=False used_exploration=False stagnation_rounds=37 weights_updated=True
  destroyed=destroy_random_workers_20pct: destroyed workers: [3, 4]

  weight update (destroy):
    operator                             before    after
    destroy_worst_workers_10pct            0.04     0.04
    destroy_worst_workers_30pct            0.05     0.05
    destroy_random_workers_20pct           0.12     0.14
    destroy_random_window_20pct            0.13     0.15
    destroy_all_forbidden_sequences        0.07     0.06
    destroy_streak_around_worst_worker     0.19     0.16
    destroy_worst_days_10pct               0.04     0.04
    destroy_worst_days_30pct               0.06     0.06
    destroy_random_days_20pct              0.12     0.14
    destroy_max_border_work                0.04     0.03
    destroy_max_border_off                 0.04     0.04
    destroy_max_border_shift_1             0.03     0.03
    destroy_max_border_shift_2             0.03     0.02
    destroy_max_border_shift_3             0.03     0.03

  weight update (repair):
    operator                             before    after
    repair_chuffed_fast                    0.40     0.37
    repair_gecode_fast                     0.31     0.30
    repair_chuffed_long                    0.08     0.11
    repair_gecode_long                     0.21     0.22
iter=51 elapsed=43.705s step_runtime=0.702s destroy=destroy_random_workers_20pct repair=repair_gecode_long objective_metric=minizinc_objective incumbent_objective=2.0 contender_objective=2.0 score=1 accepted=True repair_failed=False used_exploration=False stagnation_rounds=38 weights_updated=False
  destroyed=destroy_random_workers_20pct: destroyed workers: [2, 4]
iter=52 elapsed=44.291s step_runtime=0.585s destroy=destroy_random_window_20pct repair=repair_gecode_fast objective_metric=minizinc_objective incumbent_objective=2.0 contender_objective=2.0 score=1 accepted=True repair_failed=False used_exploration=False stagnation_rounds=39 weights_updated=False
  destroyed=destroy_random_window_20pct: destroyed window: [3, 4, 5] x [4, 5, 6]
iter=53 elapsed=45.115s step_runtime=0.825s destroy=destroy_random_days_20pct repair=repair_gecode_long objective_metric=minizinc_objective incumbent_objective=2.0 contender_objective=2.0 score=1 accepted=True repair_failed=False used_exploration=False stagnation_rounds=40 weights_updated=False
  destroyed=destroy_random_days_20pct: destroyed days: [2, 4]
iter=54 elapsed=45.680s step_runtime=0.565s destroy=destroy_exploration repair=repair_exploration objective_metric=minizinc_objective incumbent_objective=2.0 contender_objective=2.0 score=1 accepted=True repair_failed=False used_exploration=True stagnation_rounds=41 weights_updated=False
  destroyed=destroy_exploration: destroyed window: [3, 4, 5, 6] x [0, 6]
iter=55 elapsed=46.251s step_runtime=0.571s destroy=destroy_exploration repair=repair_exploration objective_metric=minizinc_objective incumbent_objective=2.0 contender_objective=2.0 score=1 accepted=True repair_failed=False used_exploration=True stagnation_rounds=42 weights_updated=False
  destroyed=destroy_exploration: destroyed window: [5, 6] x [2, 3, 4, 5]
iter=56 elapsed=46.793s step_runtime=0.542s destroy=destroy_random_window_20pct repair=repair_gecode_long objective_metric=minizinc_objective incumbent_objective=2.0 contender_objective=2.0 score=1 accepted=True repair_failed=False used_exploration=False stagnation_rounds=43 weights_updated=False
  destroyed=destroy_random_window_20pct: destroyed window: [4, 5] x [2, 3]
iter=57 elapsed=47.711s step_runtime=0.918s destroy=destroy_random_window_20pct repair=repair_chuffed_long objective_metric=minizinc_objective incumbent_objective=2.0 contender_objective=2.0 score=1 accepted=True repair_failed=False used_exploration=False stagnation_rounds=44 weights_updated=False
  destroyed=destroy_random_window_20pct: destroyed window: [0, 1, 2, 6] x [0, 1, 5, 6]
iter=58 elapsed=48.396s step_runtime=0.685s destroy=destroy_random_workers_20pct repair=repair_gecode_fast objective_metric=minizinc_objective incumbent_objective=2.0 contender_objective=2.0 score=1 accepted=True repair_failed=False used_exploration=False stagnation_rounds=45 weights_updated=False
  destroyed=destroy_random_workers_20pct: destroyed workers: [1, 3]
iter=59 elapsed=49.155s step_runtime=0.759s destroy=destroy_random_window_20pct repair=repair_gecode_fast objective_metric=minizinc_objective incumbent_objective=2.0 contender_objective=2.0 score=1 accepted=True repair_failed=False used_exploration=False stagnation_rounds=46 weights_updated=False
  destroyed=destroy_random_window_20pct: destroyed window: [3, 4, 5, 6] x [0, 1, 2]
iter=60 elapsed=50.815s step_runtime=1.660s destroy=destroy_worst_workers_30pct repair=repair_chuffed_fast objective_metric=minizinc_objective incumbent_objective=2.0 contender_objective=1.0 score=5 accepted=True repair_failed=False used_exploration=False stagnation_rounds=0 weights_updated=True
  destroyed=destroy_worst_workers_30pct: destroyed workers: [0, 1, 5]

  weight update (destroy):
    operator                             before    after
    destroy_worst_workers_10pct            0.04     0.03
    destroy_worst_workers_30pct            0.05     0.23
    destroy_random_workers_20pct           0.14     0.11
    destroy_random_window_20pct            0.15     0.12
    destroy_all_forbidden_sequences        0.06     0.05
    destroy_streak_around_worst_worker     0.16     0.13
    destroy_worst_days_10pct               0.04     0.03
    destroy_worst_days_30pct               0.06     0.05
    destroy_random_days_20pct              0.14     0.11
    destroy_max_border_work                0.03     0.02
    destroy_max_border_off                 0.04     0.03
    destroy_max_border_shift_1             0.03     0.03
    destroy_max_border_shift_2             0.02     0.02
    destroy_max_border_shift_3             0.03     0.03

  weight update (repair):
    operator                             before    after
    repair_chuffed_fast                    0.37     0.50
    repair_gecode_fast                     0.30     0.24
    repair_chuffed_long                    0.11     0.09
    repair_gecode_long                     0.22     0.18
iter=61 elapsed=51.344s step_runtime=0.529s destroy=destroy_all_forbidden_sequences repair=repair_gecode_fast objective_metric=minizinc_objective incumbent_objective=1.0 contender_objective=1.0 score=1 accepted=True repair_failed=False used_exploration=False stagnation_rounds=1 weights_updated=False
  destroyed=destroy_all_forbidden_sequences: destroyed forbidden sequences: vars_erased=2
iter=62 elapsed=52.676s step_runtime=1.332s destroy=destroy_worst_workers_30pct repair=repair_chuffed_fast objective_metric=minizinc_objective incumbent_objective=1.0 contender_objective=1.0 score=1 accepted=True repair_failed=False used_exploration=False stagnation_rounds=2 weights_updated=False
  destroyed=destroy_worst_workers_30pct: destroyed workers: [0, 3, 4]
iter=63 elapsed=53.258s step_runtime=0.581s destroy=destroy_random_window_20pct repair=repair_gecode_long objective_metric=minizinc_objective incumbent_objective=1.0 contender_objective=1.0 score=1 accepted=True repair_failed=False used_exploration=False stagnation_rounds=3 weights_updated=False
  destroyed=destroy_random_window_20pct: destroyed window: [3, 4, 5] x [0, 5, 6]
iter=64 elapsed=54.052s step_runtime=0.795s destroy=destroy_random_days_20pct repair=repair_chuffed_fast objective_metric=minizinc_objective incumbent_objective=1.0 contender_objective=1.0 score=1 accepted=True repair_failed=False used_exploration=False stagnation_rounds=4 weights_updated=False
  destroyed=destroy_random_days_20pct: destroyed days: [0, 4]
iter=65 elapsed=54.792s step_runtime=0.740s destroy=destroy_random_days_20pct repair=repair_gecode_fast objective_metric=minizinc_objective incumbent_objective=1.0 contender_objective=1.0 score=1 accepted=True repair_failed=False used_exploration=False stagnation_rounds=5 weights_updated=False
  destroyed=destroy_random_days_20pct: destroyed days: [1, 3]
iter=66 elapsed=57.669s step_runtime=2.877s destroy=destroy_worst_workers_30pct repair=repair_chuffed_long objective_metric=minizinc_objective incumbent_objective=1.0 contender_objective=1.0 score=1 accepted=True repair_failed=False used_exploration=False stagnation_rounds=6 weights_updated=False
  destroyed=destroy_worst_workers_30pct: destroyed workers: [0, 1, 4]
iter=67 elapsed=58.227s step_runtime=0.558s destroy=destroy_random_window_20pct repair=repair_gecode_fast objective_metric=minizinc_objective incumbent_objective=1.0 contender_objective=1.0 score=1 accepted=True repair_failed=False used_exploration=False stagnation_rounds=7 weights_updated=False
  destroyed=destroy_random_window_20pct: destroyed window: [2, 3] x [3, 4]
iter=68 elapsed=61.650s step_runtime=3.424s destroy=destroy_worst_workers_30pct repair=repair_chuffed_fast objective_metric=minizinc_objective incumbent_objective=1.0 contender_objective=6.0 score=0 accepted=False repair_failed=False used_exploration=False stagnation_rounds=8 weights_updated=False
  destroyed=destroy_worst_workers_30pct: destroyed workers: [0, 1, 6]
iter=69 elapsed=65.493s step_runtime=3.842s destroy=destroy_worst_workers_30pct repair=repair_gecode_long objective_metric=minizinc_objective incumbent_objective=1.0 contender_objective=1.0 score=1 accepted=True repair_failed=False used_exploration=False stagnation_rounds=9 weights_updated=False
  destroyed=destroy_worst_workers_30pct: destroyed workers: [0, 2, 3]
iter=70 elapsed=66.096s step_runtime=0.604s destroy=destroy_random_window_20pct repair=repair_chuffed_long objective_metric=minizinc_objective incumbent_objective=1.0 contender_objective=1.0 score=1 accepted=True repair_failed=False used_exploration=False stagnation_rounds=10 weights_updated=True
  destroyed=destroy_random_window_20pct: destroyed window: [2, 3] x [3, 4, 5]

  weight update (destroy):
    operator                             before    after
    destroy_worst_workers_10pct            0.03     0.04
    destroy_worst_workers_30pct            0.23     0.21
    destroy_random_workers_20pct           0.11     0.10
    destroy_random_window_20pct            0.12     0.13
    destroy_all_forbidden_sequences        0.05     0.08
    destroy_streak_around_worst_worker     0.13     0.11
    destroy_worst_days_10pct               0.03     0.04
    destroy_worst_days_30pct               0.05     0.05
    destroy_random_days_20pct              0.11     0.12
    destroy_max_border_work                0.02     0.03
    destroy_max_border_off                 0.03     0.04
    destroy_max_border_shift_1             0.03     0.02
    destroy_max_border_shift_2             0.02     0.02
    destroy_max_border_shift_3             0.03     0.02

  weight update (repair):
    operator                             before    after
    repair_chuffed_fast                    0.50     0.43
    repair_gecode_fast                     0.24     0.25
    repair_chuffed_long                    0.09     0.13
    repair_gecode_long                     0.18     0.20
iter=71 elapsed=66.725s step_runtime=0.629s destroy=destroy_exploration repair=repair_exploration objective_metric=minizinc_objective incumbent_objective=1.0 contender_objective=1.0 score=1 accepted=True repair_failed=False used_exploration=True stagnation_rounds=11 weights_updated=False
  destroyed=destroy_exploration: destroyed window: [5, 6] x [0, 1, 5, 6]
iter=72 elapsed=67.358s step_runtime=0.633s destroy=destroy_exploration repair=repair_exploration objective_metric=minizinc_objective incumbent_objective=1.0 contender_objective=1.0 score=1 accepted=True repair_failed=False used_exploration=True stagnation_rounds=12 weights_updated=False
  destroyed=destroy_exploration: destroyed window: [3, 4, 5, 6] x [3, 4]
iter=73 elapsed=67.881s step_runtime=0.522s destroy=destroy_all_forbidden_sequences repair=repair_chuffed_fast objective_metric=minizinc_objective incumbent_objective=1.0 contender_objective=1.0 score=1 accepted=True repair_failed=False used_exploration=False stagnation_rounds=13 weights_updated=False
  destroyed=destroy_all_forbidden_sequences: destroyed forbidden sequences: vars_erased=2
iter=74 elapsed=69.804s step_runtime=1.923s destroy=destroy_worst_workers_30pct repair=repair_gecode_long objective_metric=minizinc_objective incumbent_objective=1.0 contender_objective=1.0 score=1 accepted=True repair_failed=False used_exploration=False stagnation_rounds=14 weights_updated=False
  destroyed=destroy_worst_workers_30pct: destroyed workers: [0, 4, 6]
iter=75 elapsed=71.146s step_runtime=1.342s destroy=destroy_worst_workers_30pct repair=repair_chuffed_fast objective_metric=minizinc_objective incumbent_objective=1.0 contender_objective=1.0 score=1 accepted=True repair_failed=False used_exploration=False stagnation_rounds=15 weights_updated=False
  destroyed=destroy_worst_workers_30pct: destroyed workers: [0, 2, 4]
iter=76 elapsed=72.598s step_runtime=1.452s destroy=destroy_random_days_20pct repair=repair_chuffed_long objective_metric=minizinc_objective incumbent_objective=1.0 contender_objective=1.0 score=1 accepted=True repair_failed=False used_exploration=False stagnation_rounds=16 weights_updated=False
  destroyed=destroy_random_days_20pct: destroyed days: [0, 2]
iter=77 elapsed=73.716s step_runtime=1.118s destroy=destroy_random_days_20pct repair=repair_gecode_fast objective_metric=minizinc_objective incumbent_objective=1.0 contender_objective=1.0 score=1 accepted=True repair_failed=False used_exploration=False stagnation_rounds=17 weights_updated=False
  destroyed=destroy_random_days_20pct: destroyed days: [1, 4]
iter=78 elapsed=74.486s step_runtime=0.770s destroy=destroy_random_window_20pct repair=repair_chuffed_long objective_metric=minizinc_objective incumbent_objective=1.0 contender_objective=1.0 score=1 accepted=True repair_failed=False used_exploration=False stagnation_rounds=18 weights_updated=False
  destroyed=destroy_random_window_20pct: destroyed window: [3, 4, 5] x [1, 2, 3, 4]
iter=79 elapsed=75.732s step_runtime=1.246s destroy=destroy_streak_around_worst_worker repair=repair_chuffed_fast objective_metric=minizinc_objective incumbent_objective=1.0 contender_objective=1.0 score=1 accepted=True repair_failed=False used_exploration=False stagnation_rounds=19 weights_updated=False
  destroyed=destroy_streak_around_worst_worker: destroyed streak len=15 start=(w6,d1) end=(w1,d1); destroyed_inside=15
iter=80 elapsed=78.228s step_runtime=2.496s destroy=destroy_worst_workers_30pct repair=repair_chuffed_fast objective_metric=minizinc_objective incumbent_objective=1.0 contender_objective=1.0 score=1 accepted=True repair_failed=False used_exploration=False stagnation_rounds=20 weights_updated=True
  destroyed=destroy_worst_workers_30pct: destroyed workers: [0, 1, 5]

  weight update (destroy):
    operator                             before    after
    destroy_worst_workers_10pct            0.04     0.04
    destroy_worst_workers_30pct            0.21     0.20
    destroy_random_workers_20pct           0.10     0.08
    destroy_random_window_20pct            0.13     0.14
    destroy_all_forbidden_sequences        0.08     0.09
    destroy_streak_around_worst_worker     0.11     0.12
    destroy_worst_days_10pct               0.04     0.04
    destroy_worst_days_30pct               0.05     0.04
    destroy_random_days_20pct              0.12     0.13
    destroy_max_border_work                0.03     0.03
    destroy_max_border_off                 0.04     0.03
    destroy_max_border_shift_1             0.02     0.02
    destroy_max_border_shift_2             0.02     0.02
    destroy_max_border_shift_3             0.02     0.02

  weight update (repair):
    operator                             before    after
    repair_chuffed_fast                    0.43     0.39
    repair_gecode_fast                     0.25     0.25
    repair_chuffed_long                    0.13     0.15
    repair_gecode_long                     0.20     0.21
iter=81 elapsed=78.954s step_runtime=0.726s destroy=destroy_exploration repair=repair_exploration objective_metric=minizinc_objective incumbent_objective=1.0 contender_objective=1.0 score=1 accepted=True repair_failed=False used_exploration=True stagnation_rounds=21 weights_updated=False
  destroyed=destroy_exploration: destroyed window: [4, 5, 6] x [1, 2, 3, 4]
iter=82 elapsed=79.606s step_runtime=0.652s destroy=destroy_exploration repair=repair_exploration objective_metric=minizinc_objective incumbent_objective=1.0 contender_objective=1.0 score=1 accepted=True repair_failed=False used_exploration=True stagnation_rounds=22 weights_updated=False
  destroyed=destroy_exploration: destroyed window: [3, 4, 5] x [0, 1, 6]
iter=83 elapsed=81.968s step_runtime=2.362s destroy=destroy_worst_workers_30pct repair=repair_gecode_fast objective_metric=minizinc_objective incumbent_objective=1.0 contender_objective=1.0 score=1 accepted=True repair_failed=False used_exploration=False stagnation_rounds=23 weights_updated=False
  destroyed=destroy_worst_workers_30pct: destroyed workers: [0, 1, 4]
iter=84 elapsed=82.829s step_runtime=0.861s destroy=destroy_random_days_20pct repair=repair_chuffed_fast objective_metric=minizinc_objective incumbent_objective=1.0 contender_objective=1.0 score=1 accepted=True repair_failed=False used_exploration=False stagnation_rounds=24 weights_updated=False
  destroyed=destroy_random_days_20pct: destroyed days: [0, 4]
iter=85 elapsed=85.820s step_runtime=2.991s destroy=destroy_worst_days_30pct repair=repair_gecode_fast objective_metric=minizinc_objective incumbent_objective=1.0 contender_objective=1.0 score=1 accepted=True repair_failed=False used_exploration=False stagnation_rounds=25 weights_updated=False
  destroyed=destroy_worst_days_30pct: destroyed days: [0, 2, 4]
iter=86 elapsed=89.263s step_runtime=3.443s destroy=destroy_streak_around_worst_worker repair=repair_chuffed_fast objective_metric=minizinc_objective incumbent_objective=1.0 contender_objective=4.0 score=0 accepted=False repair_failed=False used_exploration=False stagnation_rounds=26 weights_updated=False
  destroyed=destroy_streak_around_worst_worker: destroyed streak len=21 start=(w5,d5) end=(w1,d4); destroyed_inside=21
iter=87 elapsed=89.766s step_runtime=0.504s destroy=destroy_all_forbidden_sequences repair=repair_chuffed_long objective_metric=minizinc_objective incumbent_objective=1.0 contender_objective=1.0 score=1 accepted=True repair_failed=False used_exploration=False stagnation_rounds=27 weights_updated=False
  destroyed=destroy_all_forbidden_sequences: destroyed forbidden sequences: vars_erased=2
iter=88 elapsed=90.411s step_runtime=0.645s destroy=destroy_random_days_20pct repair=repair_gecode_long objective_metric=minizinc_objective incumbent_objective=1.0 contender_objective=1.0 score=1 accepted=True repair_failed=False used_exploration=False stagnation_rounds=28 weights_updated=False
  destroyed=destroy_random_days_20pct: destroyed days: [3, 6]
iter=89 elapsed=91.690s step_runtime=1.279s destroy=destroy_worst_workers_30pct repair=repair_chuffed_fast objective_metric=minizinc_objective incumbent_objective=1.0 contender_objective=1.0 score=1 accepted=True repair_failed=False used_exploration=False stagnation_rounds=29 weights_updated=False
  destroyed=destroy_worst_workers_30pct: destroyed workers: [0, 2, 6]
iter=90 elapsed=92.349s step_runtime=0.658s destroy=destroy_random_window_20pct repair=repair_gecode_fast objective_metric=minizinc_objective incumbent_objective=1.0 contender_objective=1.0 score=1 accepted=True repair_failed=False used_exploration=False stagnation_rounds=30 weights_updated=True
  destroyed=destroy_random_window_20pct: destroyed window: [0, 1, 2, 3] x [1, 2, 3]

  weight update (destroy):
    operator                             before    after
    destroy_worst_workers_10pct            0.04     0.04
    destroy_worst_workers_30pct            0.20     0.19
    destroy_random_workers_20pct           0.08     0.07
    destroy_random_window_20pct            0.14     0.14
    destroy_all_forbidden_sequences        0.09     0.11
    destroy_streak_around_worst_worker     0.12     0.11
    destroy_worst_days_10pct               0.04     0.04
    destroy_worst_days_30pct               0.04     0.07
    destroy_random_days_20pct              0.13     0.14
    destroy_max_border_work                0.03     0.03
    destroy_max_border_off                 0.03     0.02
    destroy_max_border_shift_1             0.02     0.01
    destroy_max_border_shift_2             0.02     0.02
    destroy_max_border_shift_3             0.02     0.02

  weight update (repair):
    operator                             before    after
    repair_chuffed_fast                    0.39     0.35
    repair_gecode_fast                     0.25     0.25
    repair_chuffed_long                    0.15     0.18
    repair_gecode_long                     0.21     0.22
iter=91 elapsed=92.891s step_runtime=0.542s destroy=destroy_exploration repair=repair_exploration objective_metric=minizinc_objective incumbent_objective=1.0 contender_objective=1.0 score=1 accepted=True repair_failed=False used_exploration=True stagnation_rounds=31 weights_updated=False
  destroyed=destroy_exploration: destroyed window: [5, 6] x [2, 3, 4]
iter=92 elapsed=93.424s step_runtime=0.533s destroy=destroy_exploration repair=repair_exploration objective_metric=minizinc_objective incumbent_objective=1.0 contender_objective=1.0 score=1 accepted=True repair_failed=False used_exploration=True stagnation_rounds=32 weights_updated=False
  destroyed=destroy_exploration: destroyed window: [0, 1] x [0, 5, 6]
iter=93 elapsed=97.219s step_runtime=3.795s destroy=destroy_worst_workers_30pct repair=repair_chuffed_long objective_metric=minizinc_objective incumbent_objective=1.0 contender_objective=1.0 score=1 accepted=True repair_failed=False used_exploration=False stagnation_rounds=33 weights_updated=False
  destroyed=destroy_worst_workers_30pct: destroyed workers: [1, 3, 5]
iter=94 elapsed=97.761s step_runtime=0.542s destroy=destroy_random_window_20pct repair=repair_gecode_fast objective_metric=minizinc_objective incumbent_objective=1.0 contender_objective=1.0 score=1 accepted=True repair_failed=False used_exploration=False stagnation_rounds=34 weights_updated=False
  destroyed=destroy_random_window_20pct: destroyed window: [1, 2] x [4, 5]
iter=95 elapsed=98.402s step_runtime=0.642s destroy=destroy_random_days_20pct repair=repair_gecode_long objective_metric=minizinc_objective incumbent_objective=1.0 contender_objective=1.0 score=1 accepted=True repair_failed=False used_exploration=False stagnation_rounds=35 weights_updated=False
  destroyed=destroy_random_days_20pct: destroyed days: [1, 6]
iter=96 elapsed=99.021s step_runtime=0.619s destroy=destroy_random_window_20pct repair=repair_gecode_long objective_metric=minizinc_objective incumbent_objective=1.0 contender_objective=1.0 score=1 accepted=True repair_failed=False used_exploration=False stagnation_rounds=36 weights_updated=False
  destroyed=destroy_random_window_20pct: destroyed window: [0, 4, 5, 6] x [4, 5, 6]
iter=97 elapsed=101.640s step_runtime=2.618s destroy=destroy_worst_workers_30pct repair=repair_chuffed_fast objective_metric=minizinc_objective incumbent_objective=1.0 contender_objective=1.0 score=1 accepted=True repair_failed=False used_exploration=False stagnation_rounds=37 weights_updated=False
  destroyed=destroy_worst_workers_30pct: destroyed workers: [0, 1, 5]
iter=98 elapsed=102.293s step_runtime=0.654s destroy=destroy_random_workers_20pct repair=repair_gecode_long objective_metric=minizinc_objective incumbent_objective=1.0 contender_objective=1.0 score=1 accepted=True repair_failed=False used_exploration=False stagnation_rounds=38 weights_updated=False
  destroyed=destroy_random_workers_20pct: destroyed workers: [3, 4]
iter=99 elapsed=105.673s step_runtime=3.379s destroy=destroy_worst_days_30pct repair=repair_chuffed_fast objective_metric=minizinc_objective incumbent_objective=1.0 contender_objective=31.0 score=0 accepted=False repair_failed=False used_exploration=False stagnation_rounds=39 weights_updated=False
  destroyed=destroy_worst_days_30pct: destroyed days: [0, 2, 3]
iter=100 elapsed=106.862s step_runtime=1.189s destroy=destroy_streak_around_worst_worker repair=repair_gecode_fast objective_metric=minizinc_objective incumbent_objective=1.0 contender_objective=1.0 score=1 accepted=True repair_failed=False used_exploration=False stagnation_rounds=40 weights_updated=True
  destroyed=destroy_streak_around_worst_worker: destroyed streak len=17 start=(w6,d0) end=(w1,d2); destroyed_inside=17

  weight update (destroy):
    operator                             before    after
    destroy_worst_workers_10pct            0.04     0.04
    destroy_worst_workers_30pct            0.19     0.19
    destroy_random_workers_20pct           0.07     0.09
    destroy_random_window_20pct            0.14     0.14
    destroy_all_forbidden_sequences        0.11     0.09
    destroy_streak_around_worst_worker     0.11     0.12
    destroy_worst_days_10pct               0.04     0.04
    destroy_worst_days_30pct               0.07     0.06
    destroy_random_days_20pct              0.14     0.14
    destroy_max_border_work                0.03     0.02
    destroy_max_border_off                 0.02     0.02
    destroy_max_border_shift_1             0.01     0.02
    destroy_max_border_shift_2             0.02     0.03
    destroy_max_border_shift_3             0.02     0.02

  weight update (repair):
    operator                             before    after
    repair_chuffed_fast                    0.35     0.31
    repair_gecode_fast                     0.25     0.26
    repair_chuffed_long                    0.18     0.20
    repair_gecode_long                     0.22     0.23
iter=101 elapsed=107.401s step_runtime=0.539s destroy=destroy_exploration repair=repair_exploration objective_metric=minizinc_objective incumbent_objective=1.0 contender_objective=1.0 score=1 accepted=True repair_failed=False used_exploration=True stagnation_rounds=41 weights_updated=False
  destroyed=destroy_exploration: destroyed window: [4, 5] x [1, 2, 3]
iter=102 elapsed=108.036s step_runtime=0.635s destroy=destroy_exploration repair=repair_exploration objective_metric=minizinc_objective incumbent_objective=1.0 contender_objective=1.0 score=1 accepted=True repair_failed=False used_exploration=True stagnation_rounds=42 weights_updated=False
  destroyed=destroy_exploration: destroyed window: [0, 1, 6] x [0, 4, 5, 6]
iter=103 elapsed=111.488s step_runtime=3.452s destroy=destroy_streak_around_worst_worker repair=repair_chuffed_fast objective_metric=minizinc_objective incumbent_objective=1.0 contender_objective=22.0 score=0 accepted=False repair_failed=False used_exploration=False stagnation_rounds=43 weights_updated=False
  destroyed=destroy_streak_around_worst_worker: destroyed streak len=27 start=(w5,d1) end=(w1,d6); destroyed_inside=27
iter=104 elapsed=112.144s step_runtime=0.655s destroy=destroy_random_window_20pct repair=repair_gecode_fast objective_metric=minizinc_objective incumbent_objective=1.0 contender_objective=1.0 score=1 accepted=True repair_failed=False used_exploration=False stagnation_rounds=44 weights_updated=False
  destroyed=destroy_random_window_20pct: destroyed window: [0, 5, 6] x [1, 2, 3, 4]
iter=105 elapsed=114.083s step_runtime=1.939s destroy=destroy_worst_workers_30pct repair=repair_chuffed_fast objective_metric=minizinc_objective incumbent_objective=1.0 contender_objective=1.0 score=1 accepted=True repair_failed=False used_exploration=False stagnation_rounds=45 weights_updated=False
  destroyed=destroy_worst_workers_30pct: destroyed workers: [0, 2, 3]
iter=106 elapsed=115.333s step_runtime=1.250s destroy=destroy_random_days_20pct repair=repair_gecode_fast objective_metric=minizinc_objective incumbent_objective=1.0 contender_objective=1.0 score=1 accepted=True repair_failed=False used_exploration=False stagnation_rounds=46 weights_updated=False
  destroyed=destroy_random_days_20pct: destroyed days: [0, 1]
iter=107 elapsed=116.035s step_runtime=0.701s destroy=destroy_random_workers_20pct repair=repair_gecode_fast objective_metric=minizinc_objective incumbent_objective=1.0 contender_objective=1.0 score=1 accepted=True repair_failed=False used_exploration=False stagnation_rounds=47 weights_updated=False
  destroyed=destroy_random_workers_20pct: destroyed workers: [0, 4]
iter=108 elapsed=116.851s step_runtime=0.817s destroy=destroy_random_workers_20pct repair=repair_chuffed_fast objective_metric=minizinc_objective incumbent_objective=1.0 contender_objective=1.0 score=1 accepted=True repair_failed=False used_exploration=False stagnation_rounds=48 weights_updated=False
  destroyed=destroy_random_workers_20pct: destroyed workers: [3, 5]
iter=109 elapsed=119.464s step_runtime=2.612s destroy=destroy_worst_workers_30pct repair=repair_gecode_fast objective_metric=minizinc_objective incumbent_objective=1.0 contender_objective=1.0 score=1 accepted=True repair_failed=False used_exploration=False stagnation_rounds=49 weights_updated=False
  destroyed=destroy_worst_workers_30pct: destroyed workers: [1, 2, 4]
iter=110 elapsed=121.857s step_runtime=2.394s destroy=destroy_worst_workers_30pct repair=repair_gecode_fast objective_metric=minizinc_objective incumbent_objective=1.0 contender_objective=1.0 score=1 accepted=True repair_failed=False used_exploration=False stagnation_rounds=50 weights_updated=True
  destroyed=destroy_worst_workers_30pct: destroyed workers: [3, 4, 5]

  weight update (destroy):
    operator                             before    after
    destroy_worst_workers_10pct            0.04     0.04
    destroy_worst_workers_30pct            0.19     0.18
    destroy_random_workers_20pct           0.09     0.11
    destroy_random_window_20pct            0.14     0.15
    destroy_all_forbidden_sequences        0.09     0.08
    destroy_streak_around_worst_worker     0.12     0.10
    destroy_worst_days_10pct               0.04     0.04
    destroy_worst_days_30pct               0.06     0.06
    destroy_random_days_20pct              0.14     0.15
    destroy_max_border_work                0.02     0.02
    destroy_max_border_off                 0.02     0.02
    destroy_max_border_shift_1             0.02     0.02
    destroy_max_border_shift_2             0.03     0.03
    destroy_max_border_shift_3             0.02     0.02

  weight update (repair):
    operator                             before    after
    repair_chuffed_fast                    0.31     0.30
    repair_gecode_fast                     0.26     0.31
    repair_chuffed_long                    0.20     0.18
    repair_gecode_long                     0.23     0.21
iter=111 elapsed=122.408s step_runtime=0.550s destroy=destroy_exploration repair=repair_exploration objective_metric=minizinc_objective incumbent_objective=1.0 contender_objective=1.0 score=1 accepted=True repair_failed=False used_exploration=True stagnation_rounds=51 weights_updated=False
  destroyed=destroy_exploration: destroyed window: [0, 1, 2] x [2, 3]
iter=112 elapsed=122.970s step_runtime=0.562s destroy=destroy_exploration repair=repair_exploration objective_metric=minizinc_objective incumbent_objective=1.0 contender_objective=1.0 score=1 accepted=True repair_failed=False used_exploration=True stagnation_rounds=52 weights_updated=False
  destroyed=destroy_exploration: destroyed window: [0, 6] x [1, 2, 3, 4]
iter=113 elapsed=123.657s step_runtime=0.687s destroy=destroy_random_days_20pct repair=repair_gecode_fast objective_metric=minizinc_objective incumbent_objective=1.0 contender_objective=1.0 score=1 accepted=True repair_failed=False used_exploration=False stagnation_rounds=53 weights_updated=False
  destroyed=destroy_random_days_20pct: destroyed days: [1, 5]
iter=114 elapsed=124.222s step_runtime=0.565s destroy=destroy_random_window_20pct repair=repair_chuffed_fast objective_metric=minizinc_objective incumbent_objective=1.0 contender_objective=1.0 score=1 accepted=True repair_failed=False used_exploration=False stagnation_rounds=54 weights_updated=False
  destroyed=destroy_random_window_20pct: destroyed window: [0, 1] x [2, 3, 4, 5]
iter=115 elapsed=125.467s step_runtime=1.245s destroy=destroy_worst_workers_30pct repair=repair_gecode_long objective_metric=minizinc_objective incumbent_objective=1.0 contender_objective=1.0 score=1 accepted=True repair_failed=False used_exploration=False stagnation_rounds=55 weights_updated=False
  destroyed=destroy_worst_workers_30pct: destroyed workers: [0, 1, 3]
iter=116 elapsed=135.532s step_runtime=10.065s destroy=destroy_worst_workers_30pct repair=repair_gecode_long objective_metric=minizinc_objective incumbent_objective=1.0 contender_objective=1.0 score=1 accepted=True repair_failed=False used_exploration=False stagnation_rounds=56 weights_updated=False
  destroyed=destroy_worst_workers_30pct: destroyed workers: [0, 1, 5]
iter=117 elapsed=138.912s step_runtime=3.380s destroy=destroy_worst_days_30pct repair=repair_chuffed_fast objective_metric=minizinc_objective incumbent_objective=1.0 contender_objective=14.0 score=0 accepted=False repair_failed=False used_exploration=False stagnation_rounds=57 weights_updated=False
  destroyed=destroy_worst_days_30pct: destroyed days: [0, 4, 5]
iter=118 elapsed=151.352s step_runtime=12.440s destroy=destroy_worst_days_30pct repair=repair_chuffed_long objective_metric=minizinc_objective incumbent_objective=1.0 contender_objective=1.0 score=1 accepted=True repair_failed=False used_exploration=False stagnation_rounds=58 weights_updated=False
  destroyed=destroy_worst_days_30pct: destroyed days: [0, 2, 3]
iter=119 elapsed=151.914s step_runtime=0.562s destroy=destroy_random_window_20pct repair=repair_gecode_fast objective_metric=minizinc_objective incumbent_objective=1.0 contender_objective=1.0 score=1 accepted=True repair_failed=False used_exploration=False stagnation_rounds=59 weights_updated=False
  destroyed=destroy_random_window_20pct: destroyed window: [5, 6] x [4, 5, 6]
iter=120 elapsed=153.201s step_runtime=1.287s destroy=destroy_worst_workers_30pct repair=repair_gecode_fast objective_metric=minizinc_objective incumbent_objective=1.0 contender_objective=1.0 score=1 accepted=True repair_failed=False used_exploration=False stagnation_rounds=60 weights_updated=True
  destroyed=destroy_worst_workers_30pct: destroyed workers: [1, 2, 3]

  weight update (destroy):
    operator                             before    after
    destroy_worst_workers_10pct            0.04     0.04
    destroy_worst_workers_30pct            0.18     0.18
    destroy_random_workers_20pct           0.11     0.09
    destroy_random_window_20pct            0.15     0.16
    destroy_all_forbidden_sequences        0.08     0.07
    destroy_streak_around_worst_worker     0.10     0.09
    destroy_worst_days_10pct               0.04     0.04
    destroy_worst_days_30pct               0.06     0.06
    destroy_random_days_20pct              0.15     0.15
    destroy_max_border_work                0.02     0.02
    destroy_max_border_off                 0.02     0.03
    destroy_max_border_shift_1             0.02     0.02
    destroy_max_border_shift_2             0.03     0.03
    destroy_max_border_shift_3             0.02     0.02

  weight update (repair):
    operator                             before    after
    repair_chuffed_fast                    0.30     0.27
    repair_gecode_fast                     0.31     0.30
    repair_chuffed_long                    0.18     0.20
    repair_gecode_long                     0.21     0.23
iter=121 elapsed=153.835s step_runtime=0.634s destroy=destroy_exploration repair=repair_exploration objective_metric=minizinc_objective incumbent_objective=1.0 contender_objective=1.0 score=1 accepted=True repair_failed=False used_exploration=True stagnation_rounds=61 weights_updated=False
  destroyed=destroy_exploration: destroyed window: [1, 2, 3, 4] x [0, 5, 6]
iter=122 elapsed=154.396s step_runtime=0.562s destroy=destroy_exploration repair=repair_exploration objective_metric=minizinc_objective incumbent_objective=1.0 contender_objective=1.0 score=1 accepted=True repair_failed=False used_exploration=True stagnation_rounds=62 weights_updated=False
  destroyed=destroy_exploration: destroyed window: [0, 1] x [3, 4, 5, 6]
iter=123 elapsed=155.169s step_runtime=0.773s destroy=destroy_random_window_20pct repair=repair_gecode_long objective_metric=minizinc_objective incumbent_objective=1.0 contender_objective=1.0 score=1 accepted=True repair_failed=False used_exploration=False stagnation_rounds=63 weights_updated=False
  destroyed=destroy_random_window_20pct: destroyed window: [0, 1, 2, 6] x [3, 4, 5, 6]
iter=124 elapsed=155.737s step_runtime=0.568s destroy=destroy_random_window_20pct repair=repair_gecode_fast objective_metric=minizinc_objective incumbent_objective=1.0 contender_objective=1.0 score=1 accepted=True repair_failed=False used_exploration=False stagnation_rounds=64 weights_updated=False
  destroyed=destroy_random_window_20pct: destroyed window: [1, 2] x [2, 3, 4]
iter=125 elapsed=159.170s step_runtime=3.433s destroy=destroy_streak_around_worst_worker repair=repair_chuffed_fast objective_metric=minizinc_objective incumbent_objective=1.0 contender_objective=7.0 score=0 accepted=False repair_failed=False used_exploration=False stagnation_rounds=65 weights_updated=False
  destroyed=destroy_streak_around_worst_worker: destroyed streak len=23 start=(w5,d3) end=(w1,d4); destroyed_inside=23
iter=126 elapsed=171.182s step_runtime=12.012s destroy=destroy_worst_days_30pct repair=repair_chuffed_long objective_metric=minizinc_objective incumbent_objective=1.0 contender_objective=1.0 score=1 accepted=True repair_failed=False used_exploration=False stagnation_rounds=66 weights_updated=False
  destroyed=destroy_worst_days_30pct: destroyed days: [0, 1, 3]
iter=127 elapsed=171.804s step_runtime=0.622s destroy=destroy_random_window_20pct repair=repair_chuffed_fast objective_metric=minizinc_objective incumbent_objective=1.0 contender_objective=1.0 score=1 accepted=True repair_failed=False used_exploration=False stagnation_rounds=67 weights_updated=False
  destroyed=destroy_random_window_20pct: destroyed window: [2, 3, 4] x [0, 1, 5, 6]
iter=128 elapsed=172.486s step_runtime=0.682s destroy=destroy_random_days_20pct repair=repair_chuffed_fast objective_metric=minizinc_objective incumbent_objective=1.0 contender_objective=1.0 score=1 accepted=True repair_failed=False used_exploration=False stagnation_rounds=68 weights_updated=False
  destroyed=destroy_random_days_20pct: destroyed days: [2, 6]
iter=129 elapsed=173.233s step_runtime=0.746s destroy=destroy_random_workers_20pct repair=repair_gecode_fast objective_metric=minizinc_objective incumbent_objective=1.0 contender_objective=1.0 score=1 accepted=True repair_failed=False used_exploration=False stagnation_rounds=69 weights_updated=False
  destroyed=destroy_random_workers_20pct: destroyed workers: [2, 5]
iter=130 elapsed=174.504s step_runtime=1.271s destroy=destroy_worst_workers_30pct repair=repair_gecode_fast objective_metric=minizinc_objective incumbent_objective=1.0 contender_objective=1.0 score=1 accepted=True repair_failed=False used_exploration=False stagnation_rounds=70 weights_updated=True
  destroyed=destroy_worst_workers_30pct: destroyed workers: [1, 3, 6]

  weight update (destroy):
    operator                             before    after
    destroy_worst_workers_10pct            0.04     0.04
    destroy_worst_workers_30pct            0.18     0.18
    destroy_random_workers_20pct           0.09     0.11
    destroy_random_window_20pct            0.16     0.16
    destroy_all_forbidden_sequences        0.07     0.06
    destroy_streak_around_worst_worker     0.09     0.08
    destroy_worst_days_10pct               0.04     0.04
    destroy_worst_days_30pct               0.06     0.08
    destroy_random_days_20pct              0.15     0.15
    destroy_max_border_work                0.02     0.03
    destroy_max_border_off                 0.03     0.02
    destroy_max_border_shift_1             0.02     0.02
    destroy_max_border_shift_2             0.03     0.03
    destroy_max_border_shift_3             0.02     0.03

  weight update (repair):
    operator                             before    after
    repair_chuffed_fast                    0.27     0.25
    repair_gecode_fast                     0.30     0.30
    repair_chuffed_long                    0.20     0.22
    repair_gecode_long                     0.23     0.24
iter=131 elapsed=175.052s step_runtime=0.548s destroy=destroy_exploration repair=repair_exploration objective_metric=minizinc_objective incumbent_objective=1.0 contender_objective=1.0 score=1 accepted=True repair_failed=False used_exploration=True stagnation_rounds=71 weights_updated=False
  destroyed=destroy_exploration: destroyed window: [2, 3, 4] x [1, 2]
iter=132 elapsed=175.635s step_runtime=0.583s destroy=destroy_exploration repair=repair_exploration objective_metric=minizinc_objective incumbent_objective=1.0 contender_objective=1.0 score=1 accepted=True repair_failed=False used_exploration=True stagnation_rounds=72 weights_updated=False
  destroyed=destroy_exploration: destroyed window: [0, 1, 6] x [0, 1, 2]
iter=133 elapsed=189.277s step_runtime=13.643s destroy=destroy_worst_workers_30pct repair=repair_chuffed_long objective_metric=minizinc_objective incumbent_objective=1.0 contender_objective=1.0 score=1 accepted=True repair_failed=False used_exploration=False stagnation_rounds=73 weights_updated=False
  destroyed=destroy_worst_workers_30pct: destroyed workers: [3, 4, 6]
