Loaded instance: Example8.txt
instance=Example8
instance_name=Example8
instance_file=Example8.txt
instance_path=/Users/gab/Library/Mobile Documents/com~apple~CloudDocs/QuIST/ML/Optimization/Project 2/LNS_scheduling/Instances1-50/Example8.txt
variant=alns_plain
seed=1

iter=1 elapsed=1.067s step_runtime=1.067s destroy=destroy_max_border_off repair=repair_chuffed_fast objective_metric=minizinc_objective incumbent_objective=inf contender_objective=65.0 score=5 accepted=True repair_failed=False used_exploration=False stagnation_rounds=0 weights_updated=False
  destroyed=destroy_max_border_off: destroyed max-border off: vars_erased=10
iter=2 elapsed=4.732s step_runtime=3.666s destroy=destroy_worst_workers_30pct repair=repair_chuffed_fast objective_metric=minizinc_objective incumbent_objective=65.0 contender_objective=57.0 score=5 accepted=True repair_failed=False used_exploration=False stagnation_rounds=0 weights_updated=False
  destroyed=destroy_worst_workers_30pct: destroyed workers: [5, 7, 8, 9, 10]
iter=3 elapsed=8.179s step_runtime=3.446s destroy=destroy_worst_days_10pct repair=repair_chuffed_fast objective_metric=minizinc_objective incumbent_objective=57.0 contender_objective=51.0 score=5 accepted=True repair_failed=False used_exploration=False stagnation_rounds=0 weights_updated=False
  destroyed=destroy_worst_days_10pct: destroyed days: [0]
iter=4 elapsed=9.791s step_runtime=1.612s destroy=destroy_worst_workers_10pct repair=repair_gecode_fast objective_metric=minizinc_objective incumbent_objective=51.0 contender_objective=38.0 score=5 accepted=True repair_failed=False used_exploration=False stagnation_rounds=0 weights_updated=False
  destroyed=destroy_worst_workers_10pct: destroyed workers: [1, 2]
iter=5 elapsed=10.827s step_runtime=1.036s destroy=destroy_max_border_off repair=repair_gecode_fast objective_metric=minizinc_objective incumbent_objective=38.0 contender_objective=20.0 score=5 accepted=True repair_failed=False used_exploration=False stagnation_rounds=0 weights_updated=False
  destroyed=destroy_max_border_off: destroyed max-border off: vars_erased=16
iter=6 elapsed=12.797s step_runtime=1.970s destroy=destroy_worst_workers_10pct repair=repair_chuffed_fast objective_metric=minizinc_objective incumbent_objective=20.0 contender_objective=19.0 score=5 accepted=True repair_failed=False used_exploration=False stagnation_rounds=0 weights_updated=False
  destroyed=destroy_worst_workers_10pct: destroyed workers: [7, 13]
iter=7 elapsed=16.490s step_runtime=3.693s destroy=destroy_streak_around_worst_worker repair=repair_chuffed_fast objective_metric=minizinc_objective incumbent_objective=19.0 contender_objective=55.0 score=0 accepted=False repair_failed=False used_exploration=False stagnation_rounds=1 weights_updated=False
  destroyed=destroy_streak_around_worst_worker: destroyed streak len=33 start=(w4,d5) end=(w9,d2); destroyed_inside=33
iter=8 elapsed=18.973s step_runtime=2.483s destroy=destroy_random_window_20pct repair=repair_gecode_fast objective_metric=minizinc_objective incumbent_objective=19.0 contender_objective=17.0 score=5 accepted=True repair_failed=False used_exploration=False stagnation_rounds=0 weights_updated=False
  destroyed=destroy_random_window_20pct: destroyed window: [5, 6, 7, 8, 9, 10, 11, 12, 13] x [2, 3]
iter=9 elapsed=22.426s step_runtime=3.454s destroy=destroy_streak_around_worst_worker repair=repair_gecode_fast objective_metric=minizinc_objective incumbent_objective=17.0 contender_objective=60.0 score=0 accepted=False repair_failed=False used_exploration=False stagnation_rounds=1 weights_updated=False
  destroyed=destroy_streak_around_worst_worker: destroyed streak len=35 start=(w3,d4) end=(w8,d3); destroyed_inside=35
iter=10 elapsed=25.844s step_runtime=3.418s destroy=destroy_random_window_20pct repair=repair_gecode_fast objective_metric=minizinc_objective incumbent_objective=17.0 contender_objective=38.0 score=0 accepted=False repair_failed=False used_exploration=False stagnation_rounds=2 weights_updated=True
  destroyed=destroy_random_window_20pct: destroyed window: [0, 1, 2, 11, 12, 13, 14, 15] x [1, 2, 3]

  weight update (destroy):
    operator                             before    after
    destroy_worst_workers_10pct            0.07     0.11
    destroy_worst_workers_30pct            0.07     0.11
    destroy_random_workers_20pct           0.07     0.06
    destroy_random_window_20pct            0.07     0.06
    destroy_all_forbidden_sequences        0.07     0.06
    destroy_streak_around_worst_worker     0.07     0.06
    destroy_worst_days_10pct               0.07     0.11
    destroy_worst_days_30pct               0.07     0.06
    destroy_random_days_20pct              0.07     0.06
    destroy_max_border_work                0.07     0.06
    destroy_max_border_off                 0.07     0.11
    destroy_max_border_shift_1             0.07     0.06
    destroy_max_border_shift_2             0.07     0.06
    destroy_max_border_shift_3             0.07     0.06

  weight update (repair):
    operator                             before    after
    repair_chuffed_fast                    0.40     0.48
    repair_gecode_fast                     0.40     0.36
    repair_chuffed_long                    0.10     0.08
    repair_gecode_long                     0.10     0.08
iter=11 elapsed=29.261s step_runtime=3.417s destroy=destroy_random_workers_20pct repair=repair_gecode_fast objective_metric=minizinc_objective incumbent_objective=17.0 contender_objective=33.0 score=0 accepted=False repair_failed=False used_exploration=False stagnation_rounds=3 weights_updated=False
  destroyed=destroy_random_workers_20pct: destroyed workers: [3, 8, 10, 14]
iter=12 elapsed=30.040s step_runtime=0.778s destroy=destroy_random_window_20pct repair=repair_gecode_fast objective_metric=minizinc_objective incumbent_objective=17.0 contender_objective=15.0 score=5 accepted=True repair_failed=False used_exploration=False stagnation_rounds=0 weights_updated=False
  destroyed=destroy_random_window_20pct: destroyed window: [4, 5, 6, 7, 8, 9] x [0, 1]
iter=13 elapsed=30.770s step_runtime=0.730s destroy=destroy_all_forbidden_sequences repair=repair_gecode_fast objective_metric=minizinc_objective incumbent_objective=15.0 contender_objective=11.0 score=5 accepted=True repair_failed=False used_exploration=False stagnation_rounds=0 weights_updated=False
  destroyed=destroy_all_forbidden_sequences: destroyed forbidden sequences: vars_erased=10
iter=14 elapsed=31.531s step_runtime=0.762s destroy=destroy_random_window_20pct repair=repair_gecode_fast objective_metric=minizinc_objective incumbent_objective=11.0 contender_objective=11.0 score=1 accepted=True repair_failed=False used_exploration=False stagnation_rounds=1 weights_updated=False
  destroyed=destroy_random_window_20pct: destroyed window: [0, 1, 2, 3, 4, 5, 6, 14, 15] x [0, 6]
iter=15 elapsed=34.983s step_runtime=3.451s destroy=destroy_random_window_20pct repair=repair_chuffed_fast objective_metric=minizinc_objective incumbent_objective=11.0 contender_objective=25.0 score=0 accepted=False repair_failed=False used_exploration=False stagnation_rounds=2 weights_updated=False
  destroyed=destroy_random_window_20pct: destroyed window: [3, 4, 5, 6, 7, 8, 9, 10, 11] x [1, 2]
iter=16 elapsed=38.472s step_runtime=3.490s destroy=destroy_random_window_20pct repair=repair_chuffed_fast objective_metric=minizinc_objective incumbent_objective=11.0 contender_objective=48.0 score=0 accepted=False repair_failed=False used_exploration=False stagnation_rounds=3 weights_updated=False
  destroyed=destroy_random_window_20pct: destroyed window: [0, 1, 2, 3, 4, 5, 6, 15] x [1, 2, 3, 4]
iter=17 elapsed=53.984s step_runtime=15.512s destroy=destroy_random_workers_20pct repair=repair_chuffed_long objective_metric=minizinc_objective incumbent_objective=11.0 contender_objective=22.0 score=0 accepted=False repair_failed=False used_exploration=False stagnation_rounds=4 weights_updated=False
  destroyed=destroy_random_workers_20pct: destroyed workers: [2, 7, 10, 12]
iter=18 elapsed=57.540s step_runtime=3.556s destroy=destroy_worst_days_30pct repair=repair_chuffed_fast objective_metric=minizinc_objective incumbent_objective=11.0 contender_objective=79.0 score=0 accepted=False repair_failed=False used_exploration=False stagnation_rounds=5 weights_updated=False
  destroyed=destroy_worst_days_30pct: destroyed days: [0, 3, 5]
iter=19 elapsed=61.029s step_runtime=3.489s destroy=destroy_random_days_20pct repair=repair_chuffed_fast objective_metric=minizinc_objective incumbent_objective=11.0 contender_objective=49.0 score=0 accepted=False repair_failed=False used_exploration=False stagnation_rounds=6 weights_updated=False
  destroyed=destroy_random_days_20pct: destroyed days: [0, 4]
iter=20 elapsed=64.937s step_runtime=3.907s destroy=destroy_streak_around_worst_worker repair=repair_gecode_fast objective_metric=minizinc_objective incumbent_objective=11.0 contender_objective=106.0 score=0 accepted=False repair_failed=False used_exploration=False stagnation_rounds=7 weights_updated=True
  destroyed=destroy_streak_around_worst_worker: destroyed streak len=45 start=(w2,d6) end=(w9,d1); destroyed_inside=45

  weight update (destroy):
    operator                             before    after
    destroy_worst_workers_10pct            0.11     0.09
    destroy_worst_workers_30pct            0.11     0.09
    destroy_random_workers_20pct           0.06     0.05
    destroy_random_window_20pct            0.06     0.05
    destroy_all_forbidden_sequences        0.06     0.24
    destroy_streak_around_worst_worker     0.06     0.05
    destroy_worst_days_10pct               0.11     0.09
    destroy_worst_days_30pct               0.06     0.05
    destroy_random_days_20pct              0.06     0.05
    destroy_max_border_work                0.06     0.05
    destroy_max_border_off                 0.11     0.09
    destroy_max_border_shift_1             0.06     0.05
    destroy_max_border_shift_2             0.06     0.05
    destroy_max_border_shift_3             0.06     0.05

  weight update (repair):
    operator                             before    after
    repair_chuffed_fast                    0.48     0.39
    repair_gecode_fast                     0.36     0.47
    repair_chuffed_long                    0.08     0.07
    repair_gecode_long                     0.08     0.07
iter=21 elapsed=68.588s step_runtime=3.651s destroy=destroy_streak_around_worst_worker repair=repair_chuffed_fast objective_metric=minizinc_objective incumbent_objective=11.0 contender_objective=48.0 score=0 accepted=False repair_failed=False used_exploration=False stagnation_rounds=8 weights_updated=False
  destroyed=destroy_streak_around_worst_worker: destroyed streak len=29 start=(w4,d0) end=(w8,d0); destroyed_inside=29
iter=22 elapsed=72.406s step_runtime=3.817s destroy=destroy_random_workers_20pct repair=repair_chuffed_fast objective_metric=minizinc_objective incumbent_objective=11.0 contender_objective=33.0 score=0 accepted=False repair_failed=False used_exploration=False stagnation_rounds=9 weights_updated=False
  destroyed=destroy_random_workers_20pct: destroyed workers: [0, 9, 11, 13]
iter=23 elapsed=87.871s step_runtime=15.465s destroy=destroy_random_window_20pct repair=repair_gecode_long objective_metric=minizinc_objective incumbent_objective=11.0 contender_objective=37.0 score=0 accepted=False repair_failed=False used_exploration=False stagnation_rounds=10 weights_updated=False
  destroyed=destroy_random_window_20pct: destroyed window: [5, 6, 7, 8, 9, 10, 11, 12, 13] x [0, 4, 5, 6]
iter=24 elapsed=95.918s step_runtime=8.048s destroy=destroy_exploration repair=repair_exploration objective_metric=minizinc_objective incumbent_objective=11.0 contender_objective=11.0 score=1 accepted=True repair_failed=False used_exploration=True stagnation_rounds=11 weights_updated=False
  destroyed=destroy_exploration: destroyed window: [0, 1, 2, 3, 4, 11, 12, 13, 14, 15] x [0, 1, 6]
iter=25 elapsed=104.079s step_runtime=8.161s destroy=destroy_exploration repair=repair_exploration objective_metric=minizinc_objective incumbent_objective=11.0 contender_objective=10.0 score=5 accepted=True repair_failed=False used_exploration=True stagnation_rounds=0 weights_updated=False
  destroyed=destroy_exploration: destroyed window: [0, 1, 2, 3, 4, 5, 6, 13, 14, 15] x [3, 4, 5]
iter=26 elapsed=104.766s step_runtime=0.687s destroy=destroy_all_forbidden_sequences repair=repair_chuffed_fast objective_metric=minizinc_objective incumbent_objective=10.0 contender_objective=10.0 score=1 accepted=True repair_failed=False used_exploration=False stagnation_rounds=1 weights_updated=False
  destroyed=destroy_all_forbidden_sequences: destroyed forbidden sequences: vars_erased=6
iter=27 elapsed=105.901s step_runtime=1.135s destroy=destroy_random_window_20pct repair=repair_chuffed_fast objective_metric=minizinc_objective incumbent_objective=10.0 contender_objective=10.0 score=1 accepted=True repair_failed=False used_exploration=False stagnation_rounds=2 weights_updated=False
  destroyed=destroy_random_window_20pct: destroyed window: [6, 7, 8, 9, 10, 11, 12, 13, 14] x [2, 3]
iter=28 elapsed=109.430s step_runtime=3.529s destroy=destroy_random_workers_20pct repair=repair_chuffed_fast objective_metric=minizinc_objective incumbent_objective=10.0 contender_objective=34.0 score=0 accepted=False repair_failed=False used_exploration=False stagnation_rounds=3 weights_updated=False
  destroyed=destroy_random_workers_20pct: destroyed workers: [6, 11, 14, 15]
iter=29 elapsed=111.532s step_runtime=2.102s destroy=destroy_random_window_20pct repair=repair_chuffed_fast objective_metric=minizinc_objective incumbent_objective=10.0 contender_objective=9.0 score=5 accepted=True repair_failed=False used_exploration=False stagnation_rounds=0 weights_updated=False
  destroyed=destroy_random_window_20pct: destroyed window: [0, 1, 2, 3, 4] x [0, 1, 2, 3]
iter=30 elapsed=114.968s step_runtime=3.436s destroy=destroy_random_workers_20pct repair=repair_gecode_fast objective_metric=minizinc_objective incumbent_objective=9.0 contender_objective=17.0 score=0 accepted=False repair_failed=False used_exploration=False stagnation_rounds=1 weights_updated=True
  destroyed=destroy_random_workers_20pct: destroyed workers: [1, 8, 9, 13]

  weight update (destroy):
    operator                             before    after
    destroy_worst_workers_10pct            0.09     0.07
    destroy_worst_workers_30pct            0.09     0.07
    destroy_random_workers_20pct           0.05     0.04
    destroy_random_window_20pct            0.05     0.16
    destroy_all_forbidden_sequences        0.24     0.22
    destroy_streak_around_worst_worker     0.05     0.04
    destroy_worst_days_10pct               0.09     0.07
    destroy_worst_days_30pct               0.05     0.04
    destroy_random_days_20pct              0.05     0.04
    destroy_max_border_work                0.05     0.04
    destroy_max_border_off                 0.09     0.07
    destroy_max_border_shift_1             0.05     0.04
    destroy_max_border_shift_2             0.05     0.04
    destroy_max_border_shift_3             0.05     0.04

  weight update (repair):
    operator                             before    after
    repair_chuffed_fast                    0.39     0.45
    repair_gecode_fast                     0.47     0.39
    repair_chuffed_long                    0.07     0.08
    repair_gecode_long                     0.07     0.08
iter=31 elapsed=130.458s step_runtime=15.490s destroy=destroy_random_window_20pct repair=repair_gecode_long objective_metric=minizinc_objective incumbent_objective=9.0 contender_objective=43.0 score=0 accepted=False repair_failed=False used_exploration=False stagnation_rounds=2 weights_updated=False
  destroyed=destroy_random_window_20pct: destroyed window: [0, 1, 2, 3, 4, 11, 12, 13, 14, 15] x [1, 2, 3]
iter=32 elapsed=131.260s step_runtime=0.802s destroy=destroy_random_window_20pct repair=repair_gecode_fast objective_metric=minizinc_objective incumbent_objective=9.0 contender_objective=9.0 score=1 accepted=True repair_failed=False used_exploration=False stagnation_rounds=3 weights_updated=False
  destroyed=destroy_random_window_20pct: destroyed window: [2, 3, 4, 5, 6, 7, 8, 9, 10, 11, 12] x [4, 5]
iter=33 elapsed=134.677s step_runtime=3.416s destroy=destroy_random_window_20pct repair=repair_gecode_fast objective_metric=minizinc_objective incumbent_objective=9.0 contender_objective=18.0 score=0 accepted=False repair_failed=False used_exploration=False stagnation_rounds=4 weights_updated=False
  destroyed=destroy_random_window_20pct: destroyed window: [0, 1, 2, 3, 4, 5, 6, 7, 15] x [0, 1, 6]
iter=34 elapsed=138.213s step_runtime=3.536s destroy=destroy_random_workers_20pct repair=repair_chuffed_fast objective_metric=minizinc_objective incumbent_objective=9.0 contender_objective=14.0 score=0 accepted=False repair_failed=False used_exploration=False stagnation_rounds=5 weights_updated=False
  destroyed=destroy_random_workers_20pct: destroyed workers: [3, 9, 14, 15]
iter=35 elapsed=141.638s step_runtime=3.425s destroy=destroy_random_window_20pct repair=repair_gecode_fast objective_metric=minizinc_objective incumbent_objective=9.0 contender_objective=19.0 score=0 accepted=False repair_failed=False used_exploration=False stagnation_rounds=6 weights_updated=False
  destroyed=destroy_random_window_20pct: destroyed window: [0, 10, 11, 12, 13, 14, 15] x [0, 1, 2, 6]
iter=36 elapsed=145.117s step_runtime=3.480s destroy=destroy_random_days_20pct repair=repair_chuffed_fast objective_metric=minizinc_objective incumbent_objective=9.0 contender_objective=48.0 score=0 accepted=False repair_failed=False used_exploration=False stagnation_rounds=7 weights_updated=False
  destroyed=destroy_random_days_20pct: destroyed days: [2, 5]
iter=37 elapsed=149.592s step_runtime=4.474s destroy=destroy_random_window_20pct repair=repair_chuffed_long objective_metric=minizinc_objective incumbent_objective=9.0 contender_objective=8.0 score=5 accepted=True repair_failed=False used_exploration=False stagnation_rounds=0 weights_updated=False
  destroyed=destroy_random_window_20pct: destroyed window: [0, 1, 2, 3, 4, 5, 12, 13, 14, 15] x [1, 2]
iter=38 elapsed=150.213s step_runtime=0.622s destroy=destroy_all_forbidden_sequences repair=repair_chuffed_fast objective_metric=minizinc_objective incumbent_objective=8.0 contender_objective=8.0 score=1 accepted=True repair_failed=False used_exploration=False stagnation_rounds=1 weights_updated=False
  destroyed=destroy_all_forbidden_sequences: destroyed forbidden sequences: vars_erased=4
iter=39 elapsed=153.700s step_runtime=3.487s destroy=destroy_random_window_20pct repair=repair_chuffed_fast objective_metric=minizinc_objective incumbent_objective=8.0 contender_objective=40.0 score=0 accepted=False repair_failed=False used_exploration=False stagnation_rounds=2 weights_updated=False
  destroyed=destroy_random_window_20pct: destroyed window: [0, 1, 2, 3, 4, 5, 6, 7, 8] x [0, 1, 2]
iter=40 elapsed=154.428s step_runtime=0.729s destroy=destroy_random_window_20pct repair=repair_gecode_long objective_metric=minizinc_objective incumbent_objective=8.0 contender_objective=8.0 score=1 accepted=True repair_failed=False used_exploration=False stagnation_rounds=3 weights_updated=True
  destroyed=destroy_random_window_20pct: destroyed window: [0, 1, 2, 3, 4, 5, 10, 11, 12, 13, 14, 15] x [5, 6]

  weight update (destroy):
    operator                             before    after
    destroy_worst_workers_10pct            0.07     0.07
    destroy_worst_workers_30pct            0.07     0.07
    destroy_random_workers_20pct           0.04     0.05
    destroy_random_window_20pct            0.16     0.18
    destroy_all_forbidden_sequences        0.22     0.23
    destroy_streak_around_worst_worker     0.04     0.05
    destroy_worst_days_10pct               0.07     0.07
    destroy_worst_days_30pct               0.04     0.05
    destroy_random_days_20pct              0.04     0.05
    destroy_max_border_work                0.04     0.03
    destroy_max_border_off                 0.07     0.06
    destroy_max_border_shift_1             0.04     0.03
    destroy_max_border_shift_2             0.04     0.04
    destroy_max_border_shift_3             0.04     0.03

  weight update (repair):
    operator                             before    after
    repair_chuffed_fast                    0.45     0.36
    repair_gecode_fast                     0.39     0.32
    repair_chuffed_long                    0.08     0.26
    repair_gecode_long                     0.08     0.06
iter=41 elapsed=155.422s step_runtime=0.993s destroy=destroy_random_window_20pct repair=repair_chuffed_long objective_metric=minizinc_objective incumbent_objective=8.0 contender_objective=8.0 score=1 accepted=True repair_failed=False used_exploration=False stagnation_rounds=4 weights_updated=False
  destroyed=destroy_random_window_20pct: destroyed window: [0, 1, 2, 9, 10, 11, 12, 13, 14, 15] x [4, 5]
iter=42 elapsed=158.860s step_runtime=3.438s destroy=destroy_random_window_20pct repair=repair_gecode_fast objective_metric=minizinc_objective incumbent_objective=8.0 contender_objective=19.0 score=0 accepted=False repair_failed=False used_exploration=False stagnation_rounds=5 weights_updated=False
  destroyed=destroy_random_window_20pct: destroyed window: [0, 1, 2, 3, 10, 11, 12, 13, 14, 15] x [3, 4, 5]
iter=43 elapsed=162.301s step_runtime=3.441s destroy=destroy_random_workers_20pct repair=repair_gecode_fast objective_metric=minizinc_objective incumbent_objective=8.0 contender_objective=22.0 score=0 accepted=True repair_failed=False used_exploration=False stagnation_rounds=6 weights_updated=False
  destroyed=destroy_random_workers_20pct: destroyed workers: [1, 6, 12, 15]
iter=44 elapsed=165.817s step_runtime=3.516s destroy=destroy_random_workers_20pct repair=repair_chuffed_fast objective_metric=minizinc_objective incumbent_objective=22.0 contender_objective=36.0 score=0 accepted=False repair_failed=False used_exploration=False stagnation_rounds=7 weights_updated=False
  destroyed=destroy_random_workers_20pct: destroyed workers: [8, 10, 12, 15]
iter=45 elapsed=181.393s step_runtime=15.576s destroy=destroy_random_window_20pct repair=repair_chuffed_long objective_metric=minizinc_objective incumbent_objective=22.0 contender_objective=68.0 score=0 accepted=False repair_failed=False used_exploration=False stagnation_rounds=8 weights_updated=False
  destroyed=destroy_random_window_20pct: destroyed window: [0, 1, 7, 8, 9, 10, 11, 12, 13, 14, 15] x [1, 2, 3, 4]
