Loaded instance: Example11.txt
instance=Example11
instance_name=Example11
instance_file=Example11.txt
instance_path=/Users/gab/Library/Mobile Documents/com~apple~CloudDocs/QuIST/ML/Optimization/Project 2/LNS_scheduling/Instances1-50/Example11.txt
variant=alns_plain
seed=0

iter=1 elapsed=16.223s step_runtime=16.223s destroy=destroy_max_border_off repair=repair_chuffed_long objective_metric=minizinc_objective incumbent_objective=inf contender_objective=1105.0 score=5 accepted=True repair_failed=False used_exploration=False stagnation_rounds=0 weights_updated=False
  destroyed=destroy_max_border_off: destroyed max-border off: vars_erased=28
iter=2 elapsed=19.975s step_runtime=3.753s destroy=destroy_random_window_20pct repair=repair_gecode_fast objective_metric=minizinc_objective incumbent_objective=1105.0 contender_objective=151.0 score=5 accepted=True repair_failed=False used_exploration=False stagnation_rounds=0 weights_updated=False
  destroyed=destroy_random_window_20pct: destroyed window: [9, 10, 11, 12, 13, 14, 15, 16, 17, 18, 19, 20, 21, 22, 23, 24, 25, 26, 27, 28] x [2, 3, 4]
iter=3 elapsed=36.659s step_runtime=16.683s destroy=destroy_random_window_20pct repair=repair_chuffed_long objective_metric=minizinc_objective incumbent_objective=151.0 contender_objective=179.0 score=0 accepted=False repair_failed=False used_exploration=False stagnation_rounds=1 weights_updated=False
  destroyed=destroy_random_window_20pct: destroyed window: [0, 1, 2, 3, 4, 5, 6, 7, 8, 9, 19, 20, 21, 22, 23, 24, 25, 26, 27, 28, 29] x [0, 1, 2, 6]
iter=4 elapsed=37.316s step_runtime=0.657s destroy=destroy_all_forbidden_sequences repair=repair_gecode_fast objective_metric=minizinc_objective incumbent_objective=151.0 contender_objective=149.0 score=5 accepted=True repair_failed=False used_exploration=False stagnation_rounds=0 weights_updated=False
  destroyed=destroy_all_forbidden_sequences: destroyed forbidden sequences: vars_erased=4
iter=5 elapsed=40.781s step_runtime=3.465s destroy=destroy_random_window_20pct repair=repair_gecode_fast objective_metric=minizinc_objective incumbent_objective=149.0 contender_objective=179.0 score=0 accepted=False repair_failed=False used_exploration=False stagnation_rounds=1 weights_updated=False
  destroyed=destroy_random_window_20pct: destroyed window: [0, 1, 2, 12, 13, 14, 15, 16, 17, 18, 19, 20, 21, 22, 23, 24, 25, 26, 27, 28, 29] x [5, 6]
iter=6 elapsed=44.297s step_runtime=3.516s destroy=destroy_random_window_20pct repair=repair_gecode_fast objective_metric=minizinc_objective incumbent_objective=149.0 contender_objective=230.0 score=0 accepted=False repair_failed=False used_exploration=False stagnation_rounds=2 weights_updated=False
  destroyed=destroy_random_window_20pct: destroyed window: [0, 1, 2, 3, 4, 14, 15, 16, 17, 18, 19, 20, 21, 22, 23, 24, 25, 26, 27, 28, 29] x [0, 1, 2]
iter=7 elapsed=59.754s step_runtime=15.457s destroy=destroy_random_workers_20pct repair=repair_gecode_long objective_metric=minizinc_objective incumbent_objective=149.0 contender_objective=100.0 score=5 accepted=True repair_failed=False used_exploration=False stagnation_rounds=0 weights_updated=False
  destroyed=destroy_random_workers_20pct: destroyed workers: [1, 5, 8, 15, 19, 21]
iter=8 elapsed=64.215s step_runtime=4.461s destroy=destroy_worst_workers_30pct repair=repair_chuffed_fast objective_metric=minizinc_objective incumbent_objective=100.0 contender_objective=190.0 score=0 accepted=False repair_failed=False used_exploration=False stagnation_rounds=1 weights_updated=False
  destroyed=destroy_worst_workers_30pct: destroyed workers: [1, 5, 6, 7, 8, 9, 15, 20, 23]
iter=9 elapsed=65.297s step_runtime=1.082s destroy=destroy_max_border_shift_1 repair=repair_chuffed_fast objective_metric=minizinc_objective incumbent_objective=100.0 contender_objective=86.0 score=5 accepted=True repair_failed=False used_exploration=False stagnation_rounds=0 weights_updated=False
  destroyed=destroy_max_border_shift_1: destroyed max-border shift_1: vars_erased=6
iter=10 elapsed=68.780s step_runtime=3.483s destroy=destroy_random_window_20pct repair=repair_gecode_fast objective_metric=minizinc_objective incumbent_objective=86.0 contender_objective=95.0 score=0 accepted=False repair_failed=False used_exploration=False stagnation_rounds=1 weights_updated=True
  destroyed=destroy_random_window_20pct: destroyed window: [6, 7, 8, 9, 10, 11, 12, 13, 14, 15, 16, 17, 18, 19, 20, 21, 22, 23, 24, 25, 26, 27, 28] x [2, 3]

  weight update (destroy):
    operator                             before    after
    destroy_worst_workers_10pct            0.07     0.06
    destroy_worst_workers_30pct            0.07     0.06
    destroy_random_workers_20pct           0.07     0.12
    destroy_random_window_20pct            0.07     0.06
    destroy_all_forbidden_sequences        0.07     0.12
    destroy_streak_around_worst_worker     0.07     0.06
    destroy_worst_days_10pct               0.07     0.06
    destroy_worst_days_30pct               0.07     0.06
    destroy_random_days_20pct              0.07     0.06
    destroy_max_border_work                0.07     0.06
    destroy_max_border_off                 0.07     0.12
    destroy_max_border_shift_1             0.07     0.06
    destroy_max_border_shift_2             0.07     0.06
    destroy_max_border_shift_3             0.07     0.06

  weight update (repair):
    operator                             before    after
    repair_chuffed_fast                    0.40     0.32
    repair_gecode_fast                     0.40     0.32
    repair_chuffed_long                    0.10     0.08
    repair_gecode_long                     0.10     0.27
iter=11 elapsed=72.287s step_runtime=3.507s destroy=destroy_random_window_20pct repair=repair_gecode_fast objective_metric=minizinc_objective incumbent_objective=86.0 contender_objective=171.0 score=0 accepted=False repair_failed=False used_exploration=False stagnation_rounds=2 weights_updated=False
  destroyed=destroy_random_window_20pct: destroyed window: [0, 1, 2, 3, 4, 5, 6, 7, 8, 9, 10, 11, 22, 23, 24, 25, 26, 27, 28, 29] x [0, 1, 6]
iter=12 elapsed=87.798s step_runtime=15.511s destroy=destroy_worst_workers_30pct repair=repair_gecode_long objective_metric=minizinc_objective incumbent_objective=86.0 contender_objective=104.0 score=0 accepted=False repair_failed=False used_exploration=False stagnation_rounds=3 weights_updated=False
  destroyed=destroy_worst_workers_30pct: destroyed workers: [0, 1, 5, 8, 9, 15, 20, 23, 24]
iter=13 elapsed=104.003s step_runtime=16.205s destroy=destroy_worst_days_30pct repair=repair_chuffed_long objective_metric=minizinc_objective incumbent_objective=86.0 contender_objective=125.0 score=0 accepted=False repair_failed=False used_exploration=False stagnation_rounds=4 weights_updated=False
  destroyed=destroy_worst_days_30pct: destroyed days: [2, 3, 4]
iter=14 elapsed=107.483s step_runtime=3.481s destroy=destroy_random_days_20pct repair=repair_gecode_fast objective_metric=minizinc_objective incumbent_objective=86.0 contender_objective=149.0 score=0 accepted=False repair_failed=False used_exploration=False stagnation_rounds=5 weights_updated=False
  destroyed=destroy_random_days_20pct: destroyed days: [4, 6]
iter=15 elapsed=111.473s step_runtime=3.990s destroy=destroy_random_workers_20pct repair=repair_chuffed_fast objective_metric=minizinc_objective incumbent_objective=86.0 contender_objective=126.0 score=0 accepted=False repair_failed=False used_exploration=False stagnation_rounds=6 weights_updated=False
  destroyed=destroy_random_workers_20pct: destroyed workers: [0, 3, 5, 6, 19, 22]
iter=16 elapsed=127.617s step_runtime=16.144s destroy=destroy_random_days_20pct repair=repair_chuffed_long objective_metric=minizinc_objective incumbent_objective=86.0 contender_objective=155.0 score=0 accepted=False repair_failed=False used_exploration=False stagnation_rounds=7 weights_updated=False
  destroyed=destroy_random_days_20pct: destroyed days: [2, 6]
iter=17 elapsed=128.521s step_runtime=0.903s destroy=destroy_all_forbidden_sequences repair=repair_chuffed_fast objective_metric=minizinc_objective incumbent_objective=86.0 contender_objective=83.0 score=5 accepted=True repair_failed=False used_exploration=False stagnation_rounds=0 weights_updated=False
  destroyed=destroy_all_forbidden_sequences: destroyed forbidden sequences: vars_erased=2
iter=18 elapsed=132.487s step_runtime=3.967s destroy=destroy_random_workers_20pct repair=repair_chuffed_fast objective_metric=minizinc_objective incumbent_objective=83.0 contender_objective=104.0 score=0 accepted=False repair_failed=False used_exploration=False stagnation_rounds=1 weights_updated=False
  destroyed=destroy_random_workers_20pct: destroyed workers: [5, 11, 15, 18, 23, 28]
iter=19 elapsed=136.322s step_runtime=3.835s destroy=destroy_max_border_off repair=repair_chuffed_fast objective_metric=minizinc_objective incumbent_objective=83.0 contender_objective=72.0 score=5 accepted=True repair_failed=False used_exploration=False stagnation_rounds=0 weights_updated=False
  destroyed=destroy_max_border_off: destroyed max-border off: vars_erased=23
iter=20 elapsed=151.796s step_runtime=15.473s destroy=destroy_random_workers_20pct repair=repair_gecode_long objective_metric=minizinc_objective incumbent_objective=72.0 contender_objective=96.0 score=0 accepted=False repair_failed=False used_exploration=False stagnation_rounds=1 weights_updated=True
  destroyed=destroy_random_workers_20pct: destroyed workers: [3, 5, 8, 10, 16, 19]

  weight update (destroy):
    operator                             before    after
    destroy_worst_workers_10pct            0.06     0.05
    destroy_worst_workers_30pct            0.06     0.05
    destroy_random_workers_20pct           0.12     0.10
    destroy_random_window_20pct            0.06     0.05
    destroy_all_forbidden_sequences        0.12     0.20
    destroy_streak_around_worst_worker     0.06     0.05
    destroy_worst_days_10pct               0.06     0.05
    destroy_worst_days_30pct               0.06     0.05
    destroy_random_days_20pct              0.06     0.05
    destroy_max_border_work                0.06     0.05
    destroy_max_border_off                 0.12     0.20
    destroy_max_border_shift_1             0.06     0.05
    destroy_max_border_shift_2             0.06     0.05
    destroy_max_border_shift_3             0.06     0.05

  weight update (repair):
    operator                             before    after
    repair_chuffed_fast                    0.32     0.45
    repair_gecode_fast                     0.32     0.26
    repair_chuffed_long                    0.08     0.07
    repair_gecode_long                     0.27     0.22
iter=21 elapsed=154.819s step_runtime=3.023s destroy=destroy_max_border_off repair=repair_gecode_fast objective_metric=minizinc_objective incumbent_objective=72.0 contender_objective=51.0 score=5 accepted=True repair_failed=False used_exploration=False stagnation_rounds=0 weights_updated=False
  destroyed=destroy_max_border_off: destroyed max-border off: vars_erased=13
iter=22 elapsed=155.449s step_runtime=0.630s destroy=destroy_all_forbidden_sequences repair=repair_gecode_long objective_metric=minizinc_objective incumbent_objective=51.0 contender_objective=51.0 score=1 accepted=True repair_failed=False used_exploration=False stagnation_rounds=1 weights_updated=False
  destroyed=destroy_all_forbidden_sequences: destroyed forbidden sequences: vars_erased=2
iter=23 elapsed=159.906s step_runtime=4.457s destroy=destroy_streak_around_worst_worker repair=repair_chuffed_fast objective_metric=minizinc_objective incumbent_objective=51.0 contender_objective=234.0 score=0 accepted=False repair_failed=False used_exploration=False stagnation_rounds=2 weights_updated=False
  destroyed=destroy_streak_around_worst_worker: destroyed streak len=69 start=(w26,d1) end=(w5,d6); destroyed_inside=69
iter=24 elapsed=163.375s step_runtime=3.470s destroy=destroy_random_workers_20pct repair=repair_gecode_fast objective_metric=minizinc_objective incumbent_objective=51.0 contender_objective=87.0 score=0 accepted=False repair_failed=False used_exploration=False stagnation_rounds=3 weights_updated=False
  destroyed=destroy_random_workers_20pct: destroyed workers: [10, 15, 25, 26, 28, 29]
iter=25 elapsed=167.269s step_runtime=3.894s destroy=destroy_worst_workers_10pct repair=repair_chuffed_fast objective_metric=minizinc_objective incumbent_objective=51.0 contender_objective=71.0 score=0 accepted=False repair_failed=False used_exploration=False stagnation_rounds=4 weights_updated=False
  destroyed=destroy_worst_workers_10pct: destroyed workers: [1, 2, 8]
iter=26 elapsed=170.743s step_runtime=3.473s destroy=destroy_random_workers_20pct repair=repair_gecode_fast objective_metric=minizinc_objective incumbent_objective=51.0 contender_objective=86.0 score=0 accepted=False repair_failed=False used_exploration=False stagnation_rounds=5 weights_updated=False
  destroyed=destroy_random_workers_20pct: destroyed workers: [5, 12, 18, 20, 25, 28]
iter=27 elapsed=186.217s step_runtime=15.474s destroy=destroy_random_window_20pct repair=repair_gecode_long objective_metric=minizinc_objective incumbent_objective=51.0 contender_objective=49.0 score=5 accepted=True repair_failed=False used_exploration=False stagnation_rounds=0 weights_updated=False
  destroyed=destroy_random_window_20pct: destroyed window: [0, 1, 2, 3, 4, 5, 6, 7, 8, 9, 10, 11, 12, 27, 28, 29] x [4, 5, 6]
