Loaded instance: Example12.txt
instance=Example12
instance_name=Example12
instance_file=Example12.txt
instance_path=/Users/gab/Library/Mobile Documents/com~apple~CloudDocs/QuIST/ML/Optimization/Project 2/LNS_scheduling/Instances1-50/Example12.txt
variant=alns_plain
seed=2

iter=1 elapsed=0.919s step_runtime=0.919s destroy=destroy_max_border_shift_2 repair=repair_gecode_long objective_metric=minizinc_objective incumbent_objective=inf contender_objective=254.0 score=5 accepted=True repair_failed=False used_exploration=False stagnation_rounds=0 weights_updated=False
  destroyed=destroy_max_border_shift_2: destroyed max-border shift_2: vars_erased=14
iter=2 elapsed=4.891s step_runtime=3.971s destroy=destroy_worst_workers_30pct repair=repair_chuffed_fast objective_metric=minizinc_objective incumbent_objective=254.0 contender_objective=157.0 score=5 accepted=True repair_failed=False used_exploration=False stagnation_rounds=0 weights_updated=False
  destroyed=destroy_worst_workers_30pct: destroyed workers: [0, 1, 2, 6, 7, 8]
iter=3 elapsed=20.585s step_runtime=15.694s destroy=destroy_random_days_20pct repair=repair_chuffed_long objective_metric=minizinc_objective incumbent_objective=157.0 contender_objective=117.0 score=5 accepted=True repair_failed=False used_exploration=False stagnation_rounds=0 weights_updated=False
  destroyed=destroy_random_days_20pct: destroyed days: [2, 6]
iter=4 elapsed=24.174s step_runtime=3.589s destroy=destroy_worst_days_30pct repair=repair_gecode_fast objective_metric=minizinc_objective incumbent_objective=117.0 contender_objective=166.0 score=0 accepted=False repair_failed=False used_exploration=False stagnation_rounds=1 weights_updated=False
  destroyed=destroy_worst_days_30pct: destroyed days: [0, 2, 6]
iter=5 elapsed=27.764s step_runtime=3.590s destroy=destroy_streak_around_worst_worker repair=repair_chuffed_fast objective_metric=minizinc_objective incumbent_objective=117.0 contender_objective=97.0 score=5 accepted=True repair_failed=False used_exploration=False stagnation_rounds=0 weights_updated=False
  destroyed=destroy_streak_around_worst_worker: destroyed streak len=27 start=(w18,d1) end=(w1,d6); destroyed_inside=27
iter=6 elapsed=43.279s step_runtime=15.515s destroy=destroy_random_workers_20pct repair=repair_chuffed_long objective_metric=minizinc_objective incumbent_objective=97.0 contender_objective=112.0 score=0 accepted=False repair_failed=False used_exploration=False stagnation_rounds=1 weights_updated=False
  destroyed=destroy_random_workers_20pct: destroyed workers: [1, 3, 8, 18]
iter=7 elapsed=46.735s step_runtime=3.455s destroy=destroy_worst_workers_30pct repair=repair_gecode_fast objective_metric=minizinc_objective incumbent_objective=97.0 contender_objective=118.0 score=0 accepted=False repair_failed=False used_exploration=False stagnation_rounds=2 weights_updated=False
  destroyed=destroy_worst_workers_30pct: destroyed workers: [0, 1, 2, 3, 4, 5]
iter=8 elapsed=47.346s step_runtime=0.612s destroy=destroy_all_forbidden_sequences repair=repair_chuffed_long objective_metric=minizinc_objective incumbent_objective=97.0 contender_objective=92.0 score=5 accepted=True repair_failed=False used_exploration=False stagnation_rounds=0 weights_updated=False
  destroyed=destroy_all_forbidden_sequences: destroyed forbidden sequences: vars_erased=4
iter=9 elapsed=49.348s step_runtime=2.002s destroy=destroy_random_window_20pct repair=repair_chuffed_fast objective_metric=minizinc_objective incumbent_objective=92.0 contender_objective=76.0 score=5 accepted=True repair_failed=False used_exploration=False stagnation_rounds=0 weights_updated=False
  destroyed=destroy_random_window_20pct: destroyed window: [0, 1, 2, 3, 4, 5, 16, 17, 18, 19] x [3, 4]
iter=10 elapsed=53.037s step_runtime=3.689s destroy=destroy_worst_workers_30pct repair=repair_chuffed_fast objective_metric=minizinc_objective incumbent_objective=76.0 contender_objective=125.0 score=0 accepted=False repair_failed=False used_exploration=False stagnation_rounds=1 weights_updated=True
  destroyed=destroy_worst_workers_30pct: destroyed workers: [1, 3, 4, 5, 6, 7]

  weight update (destroy):
    operator                             before    after
    destroy_worst_workers_10pct            0.08     0.06
    destroy_worst_workers_30pct            0.08     0.06
    destroy_random_workers_20pct           0.08     0.06
    destroy_random_window_20pct            0.08     0.11
    destroy_all_forbidden_sequences        0.08     0.11
    destroy_streak_around_worst_worker     0.08     0.11
    destroy_worst_days_10pct               0.08     0.06
    destroy_worst_days_30pct               0.08     0.06
    destroy_random_days_20pct              0.08     0.11
    destroy_max_border_work                0.08     0.06
    destroy_max_border_off                 0.08     0.06
    destroy_max_border_shift_1             0.08     0.06
    destroy_max_border_shift_2             0.08     0.06

  weight update (repair):
    operator                             before    after
    repair_chuffed_fast                    0.40     0.34
    repair_gecode_fast                     0.40     0.32
    repair_chuffed_long                    0.10     0.09
    repair_gecode_long                     0.10     0.24
iter=11 elapsed=56.732s step_runtime=3.695s destroy=destroy_worst_days_30pct repair=repair_chuffed_fast objective_metric=minizinc_objective incumbent_objective=76.0 contender_objective=92.0 score=0 accepted=False repair_failed=False used_exploration=False stagnation_rounds=2 weights_updated=False
  destroyed=destroy_worst_days_30pct: destroyed days: [0, 1, 2]
iter=12 elapsed=60.237s step_runtime=3.505s destroy=destroy_random_days_20pct repair=repair_chuffed_fast objective_metric=minizinc_objective incumbent_objective=76.0 contender_objective=86.0 score=0 accepted=False repair_failed=False used_exploration=False stagnation_rounds=3 weights_updated=False
  destroyed=destroy_random_days_20pct: destroyed days: [2, 5]
iter=13 elapsed=63.672s step_runtime=3.435s destroy=destroy_random_days_20pct repair=repair_gecode_fast objective_metric=minizinc_objective incumbent_objective=76.0 contender_objective=93.0 score=0 accepted=False repair_failed=False used_exploration=False stagnation_rounds=4 weights_updated=False
  destroyed=destroy_random_days_20pct: destroyed days: [2, 3]
iter=14 elapsed=67.084s step_runtime=3.412s destroy=destroy_random_workers_20pct repair=repair_gecode_fast objective_metric=minizinc_objective incumbent_objective=76.0 contender_objective=76.0 score=1 accepted=True repair_failed=False used_exploration=False stagnation_rounds=5 weights_updated=False
  destroyed=destroy_random_workers_20pct: destroyed workers: [1, 4, 8, 12]
iter=15 elapsed=67.708s step_runtime=0.624s destroy=destroy_all_forbidden_sequences repair=repair_chuffed_fast objective_metric=minizinc_objective incumbent_objective=76.0 contender_objective=76.0 score=1 accepted=True repair_failed=False used_exploration=False stagnation_rounds=6 weights_updated=False
  destroyed=destroy_all_forbidden_sequences: destroyed forbidden sequences: vars_erased=2
iter=16 elapsed=83.273s step_runtime=15.564s destroy=destroy_random_workers_20pct repair=repair_chuffed_long objective_metric=minizinc_objective incumbent_objective=76.0 contender_objective=88.0 score=0 accepted=False repair_failed=False used_exploration=False stagnation_rounds=7 weights_updated=False
  destroyed=destroy_random_workers_20pct: destroyed workers: [0, 9, 14, 17]
iter=17 elapsed=86.691s step_runtime=3.418s destroy=destroy_random_window_20pct repair=repair_gecode_fast objective_metric=minizinc_objective incumbent_objective=76.0 contender_objective=81.0 score=0 accepted=False repair_failed=False used_exploration=False stagnation_rounds=8 weights_updated=False
  destroyed=destroy_random_window_20pct: destroyed window: [0, 1, 2, 3, 4, 5, 6, 7, 8, 9, 15, 16, 17, 18, 19] x [4, 5]
iter=18 elapsed=89.454s step_runtime=2.763s destroy=destroy_random_window_20pct repair=repair_chuffed_fast objective_metric=minizinc_objective incumbent_objective=76.0 contender_objective=68.0 score=5 accepted=True repair_failed=False used_exploration=False stagnation_rounds=0 weights_updated=False
  destroyed=destroy_random_window_20pct: destroyed window: [9, 10, 11, 12, 13, 14, 15, 16, 17, 18, 19] x [5, 6]
iter=19 elapsed=90.486s step_runtime=1.032s destroy=destroy_max_border_off repair=repair_gecode_fast objective_metric=minizinc_objective incumbent_objective=68.0 contender_objective=36.0 score=5 accepted=True repair_failed=False used_exploration=False stagnation_rounds=0 weights_updated=False
  destroyed=destroy_max_border_off: destroyed max-border off: vars_erased=16
iter=20 elapsed=94.081s step_runtime=3.595s destroy=destroy_random_days_20pct repair=repair_chuffed_fast objective_metric=minizinc_objective incumbent_objective=36.0 contender_objective=77.0 score=0 accepted=False repair_failed=False used_exploration=False stagnation_rounds=1 weights_updated=True
  destroyed=destroy_random_days_20pct: destroyed days: [3, 6]

  weight update (destroy):
    operator                             before    after
    destroy_worst_workers_10pct            0.06     0.05
    destroy_worst_workers_30pct            0.06     0.05
    destroy_random_workers_20pct           0.06     0.05
    destroy_random_window_20pct            0.11     0.09
    destroy_all_forbidden_sequences        0.11     0.09
    destroy_streak_around_worst_worker     0.11     0.09
    destroy_worst_days_10pct               0.06     0.05
    destroy_worst_days_30pct               0.06     0.05
    destroy_random_days_20pct              0.11     0.09
    destroy_max_border_work                0.06     0.05
    destroy_max_border_off                 0.06     0.24
    destroy_max_border_shift_1             0.06     0.05
    destroy_max_border_shift_2             0.06     0.05

  weight update (repair):
    operator                             before    after
    repair_chuffed_fast                    0.34     0.34
    repair_gecode_fast                     0.32     0.36
    repair_chuffed_long                    0.09     0.09
    repair_gecode_long                     0.24     0.20
iter=21 elapsed=95.300s step_runtime=1.219s destroy=destroy_random_window_20pct repair=repair_chuffed_fast objective_metric=minizinc_objective incumbent_objective=36.0 contender_objective=36.0 score=1 accepted=True repair_failed=False used_exploration=False stagnation_rounds=2 weights_updated=False
  destroyed=destroy_random_window_20pct: destroyed window: [1, 2, 3, 4, 5, 6, 7, 8, 9, 10, 11] x [4, 5]
iter=22 elapsed=98.850s step_runtime=3.550s destroy=destroy_random_workers_20pct repair=repair_chuffed_fast objective_metric=minizinc_objective incumbent_objective=36.0 contender_objective=57.0 score=0 accepted=False repair_failed=False used_exploration=False stagnation_rounds=3 weights_updated=False
  destroyed=destroy_random_workers_20pct: destroyed workers: [2, 8, 13, 14]
iter=23 elapsed=102.255s step_runtime=3.405s destroy=destroy_random_window_20pct repair=repair_gecode_fast objective_metric=minizinc_objective incumbent_objective=36.0 contender_objective=35.0 score=5 accepted=True repair_failed=False used_exploration=False stagnation_rounds=0 weights_updated=False
  destroyed=destroy_random_window_20pct: destroyed window: [6, 7, 8, 9, 10, 11, 12] x [1, 2, 3]
iter=24 elapsed=105.664s step_runtime=3.409s destroy=destroy_random_window_20pct repair=repair_gecode_fast objective_metric=minizinc_objective incumbent_objective=35.0 contender_objective=36.0 score=0 accepted=True repair_failed=False used_exploration=False stagnation_rounds=1 weights_updated=False
  destroyed=destroy_random_window_20pct: destroyed window: [9, 10, 11, 12, 13, 14, 15, 16, 17, 18] x [0, 1]
iter=25 elapsed=109.105s step_runtime=3.441s destroy=destroy_worst_workers_30pct repair=repair_gecode_fast objective_metric=minizinc_objective incumbent_objective=36.0 contender_objective=88.0 score=0 accepted=False repair_failed=False used_exploration=False stagnation_rounds=2 weights_updated=False
  destroyed=destroy_worst_workers_30pct: destroyed workers: [0, 1, 2, 3, 4, 11]
iter=26 elapsed=112.680s step_runtime=3.575s destroy=destroy_random_window_20pct repair=repair_chuffed_fast objective_metric=minizinc_objective incumbent_objective=36.0 contender_objective=98.0 score=0 accepted=False repair_failed=False used_exploration=False stagnation_rounds=3 weights_updated=False
  destroyed=destroy_random_window_20pct: destroyed window: [2, 3, 4, 5, 6, 7, 8, 9, 10, 11, 12, 13, 14] x [2, 3, 4, 5]
iter=27 elapsed=116.093s step_runtime=3.413s destroy=destroy_random_window_20pct repair=repair_gecode_fast objective_metric=minizinc_objective incumbent_objective=36.0 contender_objective=43.0 score=0 accepted=True repair_failed=False used_exploration=False stagnation_rounds=4 weights_updated=False
  destroyed=destroy_random_window_20pct: destroyed window: [9, 10, 11, 12, 13, 14, 15] x [0, 1, 2, 6]
iter=28 elapsed=119.788s step_runtime=3.695s destroy=destroy_streak_around_worst_worker repair=repair_chuffed_fast objective_metric=minizinc_objective incumbent_objective=43.0 contender_objective=88.0 score=0 accepted=False repair_failed=False used_exploration=False stagnation_rounds=5 weights_updated=False
  destroyed=destroy_streak_around_worst_worker: destroyed streak len=37 start=(w17,d3) end=(w2,d4); destroyed_inside=37
iter=29 elapsed=123.341s step_runtime=3.553s destroy=destroy_random_window_20pct repair=repair_chuffed_fast objective_metric=minizinc_objective incumbent_objective=43.0 contender_objective=63.0 score=0 accepted=False repair_failed=False used_exploration=False stagnation_rounds=6 weights_updated=False
  destroyed=destroy_random_window_20pct: destroyed window: [0, 1, 2, 3, 4, 5, 6, 7, 8, 9, 10] x [0, 1, 2]
iter=30 elapsed=123.939s step_runtime=0.599s destroy=destroy_max_border_off repair=repair_chuffed_fast objective_metric=minizinc_objective incumbent_objective=43.0 contender_objective=39.0 score=3 accepted=True repair_failed=False used_exploration=False stagnation_rounds=0 weights_updated=True
  destroyed=destroy_max_border_off: destroyed max-border off: vars_erased=3

  weight update (destroy):
    operator                             before    after
    destroy_worst_workers_10pct            0.05     0.06
    destroy_worst_workers_30pct            0.05     0.06
    destroy_random_workers_20pct           0.05     0.06
    destroy_random_window_20pct            0.09     0.15
    destroy_all_forbidden_sequences        0.09     0.09
    destroy_streak_around_worst_worker     0.09     0.09
    destroy_worst_days_10pct               0.05     0.06
    destroy_worst_days_30pct               0.05     0.06
    destroy_random_days_20pct              0.09     0.09
    destroy_max_border_work                0.05     0.04
    destroy_max_border_off                 0.24     0.20
    destroy_max_border_shift_1             0.05     0.04
    destroy_max_border_shift_2             0.05     0.04

  weight update (repair):
    operator                             before    after
    repair_chuffed_fast                    0.34     0.32
    repair_gecode_fast                     0.36     0.41
    repair_chuffed_long                    0.09     0.09
    repair_gecode_long                     0.20     0.18
iter=31 elapsed=139.368s step_runtime=15.428s destroy=destroy_random_days_20pct repair=repair_gecode_long objective_metric=minizinc_objective incumbent_objective=39.0 contender_objective=62.0 score=0 accepted=False repair_failed=False used_exploration=False stagnation_rounds=1 weights_updated=False
  destroyed=destroy_random_days_20pct: destroyed days: [0, 5]
iter=32 elapsed=154.933s step_runtime=15.565s destroy=destroy_random_workers_20pct repair=repair_chuffed_long objective_metric=minizinc_objective incumbent_objective=39.0 contender_objective=51.0 score=0 accepted=False repair_failed=False used_exploration=False stagnation_rounds=2 weights_updated=False
  destroyed=destroy_random_workers_20pct: destroyed workers: [11, 13, 15, 19]
iter=33 elapsed=158.442s step_runtime=3.509s destroy=destroy_random_days_20pct repair=repair_chuffed_fast objective_metric=minizinc_objective incumbent_objective=39.0 contender_objective=100.0 score=0 accepted=False repair_failed=False used_exploration=False stagnation_rounds=3 weights_updated=False
  destroyed=destroy_random_days_20pct: destroyed days: [1, 4]
iter=34 elapsed=173.874s step_runtime=15.432s destroy=destroy_random_window_20pct repair=repair_gecode_long objective_metric=minizinc_objective incumbent_objective=39.0 contender_objective=47.0 score=0 accepted=False repair_failed=False used_exploration=False stagnation_rounds=4 weights_updated=False
  destroyed=destroy_random_window_20pct: destroyed window: [2, 3, 4, 5, 6, 7, 8, 9, 10, 11, 12, 13] x [1, 2, 3]
iter=35 elapsed=177.695s step_runtime=3.821s destroy=destroy_streak_around_worst_worker repair=repair_chuffed_fast objective_metric=minizinc_objective incumbent_objective=39.0 contender_objective=111.0 score=0 accepted=False repair_failed=False used_exploration=False stagnation_rounds=5 weights_updated=False
  destroyed=destroy_streak_around_worst_worker: destroyed streak len=47 start=(w16,d5) end=(w3,d2); destroyed_inside=47
iter=36 elapsed=181.116s step_runtime=3.420s destroy=destroy_random_window_20pct repair=repair_gecode_fast objective_metric=minizinc_objective incumbent_objective=39.0 contender_objective=70.0 score=0 accepted=False repair_failed=False used_exploration=False stagnation_rounds=6 weights_updated=False
  destroyed=destroy_random_window_20pct: destroyed window: [9, 10, 11, 12, 13, 14, 15, 16, 17, 18, 19] x [2, 3, 4]
