Loaded instance: Example12.txt
instance=Example12
instance_name=Example12
instance_file=Example12.txt
instance_path=/Users/gab/Library/Mobile Documents/com~apple~CloudDocs/QuIST/ML/Optimization/Project 2/LNS_scheduling/Instances1-50/Example12.txt
variant=alns_plain
seed=1

iter=1 elapsed=1.048s step_runtime=1.048s destroy=destroy_max_border_shift_1 repair=repair_chuffed_fast objective_metric=minizinc_objective incumbent_objective=inf contender_objective=199.0 score=5 accepted=True repair_failed=False used_exploration=False stagnation_rounds=0 weights_updated=False
  destroyed=destroy_max_border_shift_1: destroyed max-border shift_1: vars_erased=9
iter=2 elapsed=4.687s step_runtime=3.639s destroy=destroy_random_window_20pct repair=repair_gecode_fast objective_metric=minizinc_objective incumbent_objective=199.0 contender_objective=56.0 score=5 accepted=True repair_failed=False used_exploration=False stagnation_rounds=0 weights_updated=False
  destroyed=destroy_random_window_20pct: destroyed window: [12, 13, 14, 15, 16, 17, 18, 19] x [0, 1, 6]
iter=3 elapsed=5.972s step_runtime=1.285s destroy=destroy_worst_workers_10pct repair=repair_chuffed_fast objective_metric=minizinc_objective incumbent_objective=56.0 contender_objective=49.0 score=5 accepted=True repair_failed=False used_exploration=False stagnation_rounds=0 weights_updated=False
  destroyed=destroy_worst_workers_10pct: destroyed workers: [0, 1]
iter=4 elapsed=22.035s step_runtime=16.063s destroy=destroy_streak_around_worst_worker repair=repair_chuffed_long objective_metric=minizinc_objective incumbent_objective=49.0 contender_objective=78.0 score=0 accepted=False repair_failed=False used_exploration=False stagnation_rounds=1 weights_updated=False
  destroyed=destroy_streak_around_worst_worker: destroyed streak len=41 start=(w17,d1) end=(w2,d6); destroyed_inside=41
iter=5 elapsed=37.625s step_runtime=15.589s destroy=destroy_random_window_20pct repair=repair_chuffed_long objective_metric=minizinc_objective incumbent_objective=49.0 contender_objective=46.0 score=5 accepted=True repair_failed=False used_exploration=False stagnation_rounds=0 weights_updated=False
  destroyed=destroy_random_window_20pct: destroyed window: [11, 12, 13, 14, 15, 16, 17, 18] x [2, 3, 4, 5]
iter=6 elapsed=41.113s step_runtime=3.488s destroy=destroy_worst_days_30pct repair=repair_gecode_fast objective_metric=minizinc_objective incumbent_objective=46.0 contender_objective=111.0 score=0 accepted=False repair_failed=False used_exploration=False stagnation_rounds=1 weights_updated=False
  destroyed=destroy_worst_days_30pct: destroyed days: [0, 3, 4]
iter=7 elapsed=44.965s step_runtime=3.853s destroy=destroy_streak_around_worst_worker repair=repair_chuffed_fast objective_metric=minizinc_objective incumbent_objective=46.0 contender_objective=127.0 score=0 accepted=False repair_failed=False used_exploration=False stagnation_rounds=2 weights_updated=False
  destroyed=destroy_streak_around_worst_worker: destroyed streak len=49 start=(w16,d4) end=(w3,d3); destroyed_inside=49
iter=8 elapsed=48.433s step_runtime=3.468s destroy=destroy_worst_workers_30pct repair=repair_gecode_fast objective_metric=minizinc_objective incumbent_objective=46.0 contender_objective=58.0 score=0 accepted=False repair_failed=False used_exploration=False stagnation_rounds=3 weights_updated=False
  destroyed=destroy_worst_workers_30pct: destroyed workers: [0, 1, 8, 9, 10, 11]
iter=9 elapsed=63.983s step_runtime=15.550s destroy=destroy_random_workers_20pct repair=repair_chuffed_long objective_metric=minizinc_objective incumbent_objective=46.0 contender_objective=73.0 score=0 accepted=False repair_failed=False used_exploration=False stagnation_rounds=4 weights_updated=False
  destroyed=destroy_random_workers_20pct: destroyed workers: [5, 14, 16, 18]
iter=10 elapsed=67.555s step_runtime=3.572s destroy=destroy_random_window_20pct repair=repair_chuffed_fast objective_metric=minizinc_objective incumbent_objective=46.0 contender_objective=98.0 score=0 accepted=False repair_failed=False used_exploration=False stagnation_rounds=5 weights_updated=True
  destroyed=destroy_random_window_20pct: destroyed window: [4, 5, 6, 7, 8, 9, 10, 11, 12, 13, 14, 15, 16] x [1, 2, 3, 4]

  weight update (destroy):
    operator                             before    after
    destroy_worst_workers_10pct            0.08     0.25
    destroy_worst_workers_30pct            0.08     0.06
    destroy_random_workers_20pct           0.08     0.06
    destroy_random_window_20pct            0.08     0.08
    destroy_all_forbidden_sequences        0.08     0.06
    destroy_streak_around_worst_worker     0.08     0.06
    destroy_worst_days_10pct               0.08     0.06
    destroy_worst_days_30pct               0.08     0.06
    destroy_random_days_20pct              0.08     0.06
    destroy_max_border_work                0.08     0.06
    destroy_max_border_off                 0.08     0.06
    destroy_max_border_shift_1             0.08     0.06
    destroy_max_border_shift_2             0.08     0.06

  weight update (repair):
    operator                             before    after
    repair_chuffed_fast                    0.40     0.45
    repair_gecode_fast                     0.40     0.36
    repair_chuffed_long                    0.10     0.12
    repair_gecode_long                     0.10     0.08
iter=11 elapsed=71.127s step_runtime=3.572s destroy=destroy_random_workers_20pct repair=repair_chuffed_fast objective_metric=minizinc_objective incumbent_objective=46.0 contender_objective=80.0 score=0 accepted=False repair_failed=False used_exploration=False stagnation_rounds=6 weights_updated=False
  destroyed=destroy_random_workers_20pct: destroyed workers: [5, 6, 17, 19]
iter=12 elapsed=71.771s step_runtime=0.644s destroy=destroy_all_forbidden_sequences repair=repair_gecode_fast objective_metric=minizinc_objective incumbent_objective=46.0 contender_objective=31.0 score=5 accepted=True repair_failed=False used_exploration=False stagnation_rounds=0 weights_updated=False
  destroyed=destroy_all_forbidden_sequences: destroyed forbidden sequences: vars_erased=8
iter=13 elapsed=87.371s step_runtime=15.600s destroy=destroy_random_workers_20pct repair=repair_chuffed_long objective_metric=minizinc_objective incumbent_objective=31.0 contender_objective=38.0 score=0 accepted=False repair_failed=False used_exploration=False stagnation_rounds=1 weights_updated=False
  destroyed=destroy_random_workers_20pct: destroyed workers: [4, 17, 18, 19]
iter=14 elapsed=103.005s step_runtime=15.634s destroy=destroy_random_window_20pct repair=repair_chuffed_long objective_metric=minizinc_objective incumbent_objective=31.0 contender_objective=87.0 score=0 accepted=False repair_failed=False used_exploration=False stagnation_rounds=2 weights_updated=False
  destroyed=destroy_random_window_20pct: destroyed window: [2, 3, 4, 5, 6, 7, 8, 9, 10, 11, 12] x [0, 1, 2, 3]
iter=15 elapsed=106.689s step_runtime=3.684s destroy=destroy_worst_workers_30pct repair=repair_chuffed_fast objective_metric=minizinc_objective incumbent_objective=31.0 contender_objective=61.0 score=0 accepted=False repair_failed=False used_exploration=False stagnation_rounds=3 weights_updated=False
  destroyed=destroy_worst_workers_30pct: destroyed workers: [0, 1, 8, 10, 17, 19]
iter=16 elapsed=110.281s step_runtime=3.591s destroy=destroy_random_workers_20pct repair=repair_chuffed_fast objective_metric=minizinc_objective incumbent_objective=31.0 contender_objective=51.0 score=0 accepted=False repair_failed=False used_exploration=False stagnation_rounds=4 weights_updated=False
  destroyed=destroy_random_workers_20pct: destroyed workers: [8, 9, 13, 17]
iter=17 elapsed=114.255s step_runtime=3.974s destroy=destroy_random_window_20pct repair=repair_chuffed_long objective_metric=minizinc_objective incumbent_objective=31.0 contender_objective=24.0 score=5 accepted=True repair_failed=False used_exploration=False stagnation_rounds=0 weights_updated=False
  destroyed=destroy_random_window_20pct: destroyed window: [0, 1, 2, 3, 4, 5, 16, 17, 18, 19] x [3, 4, 5]
iter=18 elapsed=117.692s step_runtime=3.437s destroy=destroy_worst_workers_30pct repair=repair_gecode_fast objective_metric=minizinc_objective incumbent_objective=24.0 contender_objective=61.0 score=0 accepted=False repair_failed=False used_exploration=False stagnation_rounds=1 weights_updated=False
  destroyed=destroy_worst_workers_30pct: destroyed workers: [8, 10, 12, 13, 17, 19]
iter=19 elapsed=133.231s step_runtime=15.539s destroy=destroy_random_workers_20pct repair=repair_chuffed_long objective_metric=minizinc_objective incumbent_objective=24.0 contender_objective=32.0 score=0 accepted=False repair_failed=False used_exploration=False stagnation_rounds=2 weights_updated=False
  destroyed=destroy_random_workers_20pct: destroyed workers: [6, 9, 12, 18]
iter=20 elapsed=149.326s step_runtime=16.095s destroy=destroy_worst_days_30pct repair=repair_chuffed_long objective_metric=minizinc_objective incumbent_objective=24.0 contender_objective=73.0 score=0 accepted=False repair_failed=False used_exploration=False stagnation_rounds=3 weights_updated=True
  destroyed=destroy_worst_days_30pct: destroyed days: [0, 1, 6]

  weight update (destroy):
    operator                             before    after
    destroy_worst_workers_10pct            0.25     0.20
    destroy_worst_workers_30pct            0.06     0.05
    destroy_random_workers_20pct           0.06     0.05
    destroy_random_window_20pct            0.08     0.07
    destroy_all_forbidden_sequences        0.06     0.24
    destroy_streak_around_worst_worker     0.06     0.05
    destroy_worst_days_10pct               0.06     0.05
    destroy_worst_days_30pct               0.06     0.05
    destroy_random_days_20pct              0.06     0.05
    destroy_max_border_work                0.06     0.05
    destroy_max_border_off                 0.06     0.05
    destroy_max_border_shift_1             0.06     0.05
    destroy_max_border_shift_2             0.06     0.05

  weight update (repair):
    operator                             before    after
    repair_chuffed_fast                    0.45     0.36
    repair_gecode_fast                     0.36     0.46
    repair_chuffed_long                    0.12     0.11
    repair_gecode_long                     0.08     0.07
iter=21 elapsed=152.778s step_runtime=3.452s destroy=destroy_random_workers_20pct repair=repair_gecode_fast objective_metric=minizinc_objective incumbent_objective=24.0 contender_objective=36.0 score=0 accepted=True repair_failed=False used_exploration=False stagnation_rounds=4 weights_updated=False
  destroyed=destroy_random_workers_20pct: destroyed workers: [2, 3, 6, 13]
iter=22 elapsed=156.237s step_runtime=3.459s destroy=destroy_random_window_20pct repair=repair_gecode_fast objective_metric=minizinc_objective incumbent_objective=36.0 contender_objective=54.0 score=0 accepted=False repair_failed=False used_exploration=False stagnation_rounds=5 weights_updated=False
  destroyed=destroy_random_window_20pct: destroyed window: [9, 10, 11, 12, 13, 14, 15, 16, 17] x [0, 1, 2, 6]
iter=23 elapsed=157.174s step_runtime=0.937s destroy=destroy_all_forbidden_sequences repair=repair_gecode_fast objective_metric=minizinc_objective incumbent_objective=36.0 contender_objective=36.0 score=1 accepted=True repair_failed=False used_exploration=False stagnation_rounds=6 weights_updated=False
  destroyed=destroy_all_forbidden_sequences: destroyed forbidden sequences: vars_erased=2
iter=24 elapsed=159.710s step_runtime=2.536s destroy=destroy_random_window_20pct repair=repair_gecode_fast objective_metric=minizinc_objective incumbent_objective=36.0 contender_objective=27.0 score=3 accepted=True repair_failed=False used_exploration=False stagnation_rounds=0 weights_updated=False
  destroyed=destroy_random_window_20pct: destroyed window: [0, 1, 2, 10, 11, 12, 13, 14, 15, 16, 17, 18, 19] x [2, 3]
iter=25 elapsed=160.325s step_runtime=0.615s destroy=destroy_max_border_off repair=repair_gecode_fast objective_metric=minizinc_objective incumbent_objective=27.0 contender_objective=19.0 score=5 accepted=True repair_failed=False used_exploration=False stagnation_rounds=0 weights_updated=False
  destroyed=destroy_max_border_off: destroyed max-border off: vars_erased=3
iter=26 elapsed=163.947s step_runtime=3.622s destroy=destroy_random_workers_20pct repair=repair_chuffed_fast objective_metric=minizinc_objective incumbent_objective=19.0 contender_objective=32.0 score=0 accepted=False repair_failed=False used_exploration=False stagnation_rounds=1 weights_updated=False
  destroyed=destroy_random_workers_20pct: destroyed workers: [7, 10, 11, 18]
iter=27 elapsed=166.960s step_runtime=3.013s destroy=destroy_random_window_20pct repair=repair_gecode_fast objective_metric=minizinc_objective incumbent_objective=19.0 contender_objective=13.0 score=5 accepted=True repair_failed=False used_exploration=False stagnation_rounds=0 weights_updated=False
  destroyed=destroy_random_window_20pct: destroyed window: [10, 11, 12, 13, 14, 15, 16, 17, 18, 19] x [0, 1]
iter=28 elapsed=171.048s step_runtime=4.088s destroy=destroy_worst_days_30pct repair=repair_chuffed_fast objective_metric=minizinc_objective incumbent_objective=13.0 contender_objective=111.0 score=0 accepted=False repair_failed=False used_exploration=False stagnation_rounds=1 weights_updated=False
  destroyed=destroy_worst_days_30pct: destroyed days: [0, 3, 6]
iter=29 elapsed=174.670s step_runtime=3.621s destroy=destroy_random_workers_20pct repair=repair_chuffed_fast objective_metric=minizinc_objective incumbent_objective=13.0 contender_objective=28.0 score=0 accepted=False repair_failed=False used_exploration=False stagnation_rounds=2 weights_updated=False
  destroyed=destroy_random_workers_20pct: destroyed workers: [2, 3, 6, 8]
iter=30 elapsed=175.362s step_runtime=0.693s destroy=destroy_worst_workers_10pct repair=repair_gecode_fast objective_metric=minizinc_objective incumbent_objective=13.0 contender_objective=12.0 score=5 accepted=True repair_failed=False used_exploration=False stagnation_rounds=0 weights_updated=True
  destroyed=destroy_worst_workers_10pct: destroyed workers: [8, 12]

  weight update (destroy):
    operator                             before    after
    destroy_worst_workers_10pct            0.20     0.35
    destroy_worst_workers_30pct            0.05     0.04
    destroy_random_workers_20pct           0.05     0.04
    destroy_random_window_20pct            0.07     0.06
    destroy_all_forbidden_sequences        0.24     0.20
    destroy_streak_around_worst_worker     0.05     0.04
    destroy_worst_days_10pct               0.05     0.04
    destroy_worst_days_30pct               0.05     0.04
    destroy_random_days_20pct              0.05     0.04
    destroy_max_border_work                0.05     0.04
    destroy_max_border_off                 0.05     0.04
    destroy_max_border_shift_1             0.05     0.04
    destroy_max_border_shift_2             0.05     0.04

  weight update (repair):
    operator                             before    after
    repair_chuffed_fast                    0.36     0.29
    repair_gecode_fast                     0.46     0.56
    repair_chuffed_long                    0.11     0.09
    repair_gecode_long                     0.07     0.06
iter=31 elapsed=179.078s step_runtime=3.716s destroy=destroy_worst_workers_30pct repair=repair_chuffed_fast objective_metric=minizinc_objective incumbent_objective=12.0 contender_objective=70.0 score=0 accepted=False repair_failed=False used_exploration=False stagnation_rounds=1 weights_updated=False
  destroyed=destroy_worst_workers_30pct: destroyed workers: [8, 12, 13, 17, 18, 19]
iter=32 elapsed=182.659s step_runtime=3.581s destroy=destroy_random_workers_20pct repair=repair_chuffed_fast objective_metric=minizinc_objective incumbent_objective=12.0 contender_objective=35.0 score=0 accepted=False repair_failed=False used_exploration=False stagnation_rounds=2 weights_updated=False
  destroyed=destroy_random_workers_20pct: destroyed workers: [6, 11, 15, 17]
