Loaded instance: Example12.txt
instance=Example12
instance_name=Example12
instance_file=Example12.txt
instance_path=/Users/gab/Library/Mobile Documents/com~apple~CloudDocs/QuIST/ML/Optimization/Project 2/LNS_scheduling/Instances1-50/Example12.txt
variant=alns_plain
seed=0

iter=1 elapsed=15.963s step_runtime=15.963s destroy=destroy_streak_around_worst_worker repair=repair_chuffed_long objective_metric=minizinc_objective incumbent_objective=inf contender_objective=374.0 score=5 accepted=True repair_failed=False used_exploration=False stagnation_rounds=0 weights_updated=False
  destroyed=destroy_streak_around_worst_worker: destroyed streak len=31 start=(w17,d6) end=(w2,d1); destroyed_inside=31
iter=2 elapsed=19.619s step_runtime=3.656s destroy=destroy_random_days_20pct repair=repair_gecode_fast objective_metric=minizinc_objective incumbent_objective=374.0 contender_objective=87.0 score=5 accepted=True repair_failed=False used_exploration=False stagnation_rounds=0 weights_updated=False
  destroyed=destroy_random_days_20pct: destroyed days: [0, 3]
iter=3 elapsed=20.510s step_runtime=0.891s destroy=destroy_max_border_shift_2 repair=repair_chuffed_fast objective_metric=minizinc_objective incumbent_objective=87.0 contender_objective=85.0 score=5 accepted=True repair_failed=False used_exploration=False stagnation_rounds=0 weights_updated=False
  destroyed=destroy_max_border_shift_2: destroyed max-border shift_2: vars_erased=9
iter=4 elapsed=36.321s step_runtime=15.811s destroy=destroy_worst_days_30pct repair=repair_chuffed_long objective_metric=minizinc_objective incumbent_objective=85.0 contender_objective=124.0 score=0 accepted=False repair_failed=False used_exploration=False stagnation_rounds=1 weights_updated=False
  destroyed=destroy_worst_days_30pct: destroyed days: [0, 2, 3]
iter=5 elapsed=39.741s step_runtime=3.420s destroy=destroy_random_window_20pct repair=repair_gecode_fast objective_metric=minizinc_objective incumbent_objective=85.0 contender_objective=87.0 score=0 accepted=False repair_failed=False used_exploration=False stagnation_rounds=2 weights_updated=False
  destroyed=destroy_random_window_20pct: destroyed window: [6, 7, 8, 9, 10, 11, 12, 13] x [3, 4, 5, 6]
iter=6 elapsed=40.530s step_runtime=0.789s destroy=destroy_max_border_off repair=repair_gecode_long objective_metric=minizinc_objective incumbent_objective=85.0 contender_objective=70.0 score=5 accepted=True repair_failed=False used_exploration=False stagnation_rounds=0 weights_updated=False
  destroyed=destroy_max_border_off: destroyed max-border off: vars_erased=10
iter=7 elapsed=44.360s step_runtime=3.830s destroy=destroy_random_days_20pct repair=repair_chuffed_fast objective_metric=minizinc_objective incumbent_objective=70.0 contender_objective=122.0 score=0 accepted=False repair_failed=False used_exploration=False stagnation_rounds=1 weights_updated=False
  destroyed=destroy_random_days_20pct: destroyed days: [1, 6]
iter=8 elapsed=47.928s step_runtime=3.568s destroy=destroy_worst_workers_30pct repair=repair_gecode_fast objective_metric=minizinc_objective incumbent_objective=70.0 contender_objective=81.0 score=0 accepted=False repair_failed=False used_exploration=False stagnation_rounds=2 weights_updated=False
  destroyed=destroy_worst_workers_30pct: destroyed workers: [1, 7, 8, 9, 10, 11]
iter=9 elapsed=48.522s step_runtime=0.594s destroy=destroy_all_forbidden_sequences repair=repair_gecode_fast objective_metric=minizinc_objective incumbent_objective=70.0 contender_objective=62.0 score=5 accepted=True repair_failed=False used_exploration=False stagnation_rounds=0 weights_updated=False
  destroyed=destroy_all_forbidden_sequences: destroyed forbidden sequences: vars_erased=4
iter=10 elapsed=51.960s step_runtime=3.438s destroy=destroy_worst_workers_30pct repair=repair_gecode_fast objective_metric=minizinc_objective incumbent_objective=62.0 contender_objective=85.0 score=0 accepted=False repair_failed=False used_exploration=False stagnation_rounds=1 weights_updated=True
  destroyed=destroy_worst_workers_30pct: destroyed workers: [1, 7, 8, 9, 11, 14]

  weight update (destroy):
    operator                             before    after
    destroy_worst_workers_10pct            0.08     0.06
    destroy_worst_workers_30pct            0.08     0.06
    destroy_random_workers_20pct           0.08     0.06
    destroy_random_window_20pct            0.08     0.06
    destroy_all_forbidden_sequences        0.08     0.13
    destroy_streak_around_worst_worker     0.08     0.13
    destroy_worst_days_10pct               0.08     0.06
    destroy_worst_days_30pct               0.08     0.06
    destroy_random_days_20pct              0.08     0.06
    destroy_max_border_work                0.08     0.06
    destroy_max_border_off                 0.08     0.13
    destroy_max_border_shift_1             0.08     0.06
    destroy_max_border_shift_2             0.08     0.06

  weight update (repair):
    operator                             before    after
    repair_chuffed_fast                    0.40     0.32
    repair_gecode_fast                     0.40     0.32
    repair_chuffed_long                    0.10     0.08
    repair_gecode_long                     0.10     0.27
iter=11 elapsed=67.376s step_runtime=15.416s destroy=destroy_random_window_20pct repair=repair_gecode_long objective_metric=minizinc_objective incumbent_objective=62.0 contender_objective=66.0 score=0 accepted=False repair_failed=False used_exploration=False stagnation_rounds=2 weights_updated=False
  destroyed=destroy_random_window_20pct: destroyed window: [0, 1, 2, 3, 4, 5, 6, 15, 16, 17, 18, 19] x [0, 5, 6]
iter=12 elapsed=70.961s step_runtime=3.585s destroy=destroy_random_workers_20pct repair=repair_chuffed_fast objective_metric=minizinc_objective incumbent_objective=62.0 contender_objective=73.0 score=0 accepted=False repair_failed=False used_exploration=False stagnation_rounds=3 weights_updated=False
  destroyed=destroy_random_workers_20pct: destroyed workers: [9, 11, 12, 18]
iter=13 elapsed=74.522s step_runtime=3.561s destroy=destroy_random_workers_20pct repair=repair_chuffed_fast objective_metric=minizinc_objective incumbent_objective=62.0 contender_objective=73.0 score=0 accepted=True repair_failed=False used_exploration=False stagnation_rounds=4 weights_updated=False
  destroyed=destroy_random_workers_20pct: destroyed workers: [9, 12, 15, 18]
iter=14 elapsed=75.271s step_runtime=0.749s destroy=destroy_max_border_off repair=repair_chuffed_fast objective_metric=minizinc_objective incumbent_objective=73.0 contender_objective=59.0 score=5 accepted=True repair_failed=False used_exploration=False stagnation_rounds=0 weights_updated=False
  destroyed=destroy_max_border_off: destroyed max-border off: vars_erased=9
iter=15 elapsed=78.802s step_runtime=3.530s destroy=destroy_random_window_20pct repair=repair_chuffed_fast objective_metric=minizinc_objective incumbent_objective=59.0 contender_objective=63.0 score=0 accepted=False repair_failed=False used_exploration=False stagnation_rounds=1 weights_updated=False
  destroyed=destroy_random_window_20pct: destroyed window: [0, 1, 9, 10, 11, 12, 13, 14, 15, 16, 17, 18, 19] x [1, 2]
iter=16 elapsed=79.816s step_runtime=1.014s destroy=destroy_random_window_20pct repair=repair_gecode_long objective_metric=minizinc_objective incumbent_objective=59.0 contender_objective=59.0 score=1 accepted=True repair_failed=False used_exploration=False stagnation_rounds=2 weights_updated=False
  destroyed=destroy_random_window_20pct: destroyed window: [9, 10, 11, 12, 13, 14, 15, 16, 17] x [4, 5]
iter=17 elapsed=83.271s step_runtime=3.455s destroy=destroy_worst_days_30pct repair=repair_gecode_fast objective_metric=minizinc_objective incumbent_objective=59.0 contender_objective=116.0 score=0 accepted=False repair_failed=False used_exploration=False stagnation_rounds=3 weights_updated=False
  destroyed=destroy_worst_days_30pct: destroyed days: [0, 2, 3]
iter=18 elapsed=86.686s step_runtime=3.416s destroy=destroy_random_window_20pct repair=repair_gecode_fast objective_metric=minizinc_objective incumbent_objective=59.0 contender_objective=54.0 score=5 accepted=True repair_failed=False used_exploration=False stagnation_rounds=0 weights_updated=False
  destroyed=destroy_random_window_20pct: destroyed window: [4, 5, 6, 7, 8, 9, 10, 11, 12] x [4, 5, 6]
iter=19 elapsed=90.382s step_runtime=3.696s destroy=destroy_worst_workers_30pct repair=repair_chuffed_fast objective_metric=minizinc_objective incumbent_objective=54.0 contender_objective=108.0 score=0 accepted=False repair_failed=False used_exploration=False stagnation_rounds=1 weights_updated=False
  destroyed=destroy_worst_workers_30pct: destroyed workers: [1, 4, 5, 6, 11, 14]
iter=20 elapsed=105.801s step_runtime=15.419s destroy=destroy_random_workers_20pct repair=repair_gecode_long objective_metric=minizinc_objective incumbent_objective=54.0 contender_objective=44.0 score=5 accepted=True repair_failed=False used_exploration=False stagnation_rounds=0 weights_updated=True
  destroyed=destroy_random_workers_20pct: destroyed workers: [1, 4, 14, 18]

  weight update (destroy):
    operator                             before    after
    destroy_worst_workers_10pct            0.06     0.06
    destroy_worst_workers_30pct            0.06     0.06
    destroy_random_workers_20pct           0.06     0.14
    destroy_random_window_20pct            0.06     0.12
    destroy_all_forbidden_sequences        0.13     0.10
    destroy_streak_around_worst_worker     0.13     0.11
    destroy_worst_days_10pct               0.06     0.06
    destroy_worst_days_30pct               0.06     0.06
    destroy_random_days_20pct              0.06     0.06
    destroy_max_border_work                0.06     0.05
    destroy_max_border_off                 0.13     0.10
    destroy_max_border_shift_1             0.06     0.05
    destroy_max_border_shift_2             0.06     0.05

  weight update (repair):
    operator                             before    after
    repair_chuffed_fast                    0.32     0.27
    repair_gecode_fast                     0.32     0.38
    repair_chuffed_long                    0.08     0.07
    repair_gecode_long                     0.27     0.27
iter=21 elapsed=106.521s step_runtime=0.720s destroy=destroy_max_border_off repair=repair_chuffed_fast objective_metric=minizinc_objective incumbent_objective=44.0 contender_objective=32.0 score=5 accepted=True repair_failed=False used_exploration=False stagnation_rounds=0 weights_updated=False
  destroyed=destroy_max_border_off: destroyed max-border off: vars_erased=7
iter=22 elapsed=121.953s step_runtime=15.431s destroy=destroy_worst_workers_30pct repair=repair_gecode_long objective_metric=minizinc_objective incumbent_objective=32.0 contender_objective=67.0 score=0 accepted=False repair_failed=False used_exploration=False stagnation_rounds=1 weights_updated=False
  destroyed=destroy_worst_workers_30pct: destroyed workers: [6, 7, 8, 11, 14, 17]
iter=23 elapsed=125.536s step_runtime=3.583s destroy=destroy_random_window_20pct repair=repair_chuffed_fast objective_metric=minizinc_objective incumbent_objective=32.0 contender_objective=46.0 score=0 accepted=False repair_failed=False used_exploration=False stagnation_rounds=2 weights_updated=False
  destroyed=destroy_random_window_20pct: destroyed window: [12, 13, 14, 15, 16, 17, 18, 19] x [0, 5, 6]
iter=24 elapsed=128.968s step_runtime=3.432s destroy=destroy_streak_around_worst_worker repair=repair_gecode_fast objective_metric=minizinc_objective incumbent_objective=32.0 contender_objective=60.0 score=0 accepted=False repair_failed=False used_exploration=False stagnation_rounds=3 weights_updated=False
  destroyed=destroy_streak_around_worst_worker: destroyed streak len=35 start=(w8,d4) end=(w13,d3); destroyed_inside=35
iter=25 elapsed=132.600s step_runtime=3.632s destroy=destroy_random_days_20pct repair=repair_chuffed_fast objective_metric=minizinc_objective incumbent_objective=32.0 contender_objective=107.0 score=0 accepted=False repair_failed=False used_exploration=False stagnation_rounds=4 weights_updated=False
  destroyed=destroy_random_days_20pct: destroyed days: [1, 6]
iter=26 elapsed=136.280s step_runtime=3.679s destroy=destroy_random_window_20pct repair=repair_chuffed_fast objective_metric=minizinc_objective incumbent_objective=32.0 contender_objective=65.0 score=0 accepted=False repair_failed=False used_exploration=False stagnation_rounds=5 weights_updated=False
  destroyed=destroy_random_window_20pct: destroyed window: [0, 1, 12, 13, 14, 15, 16, 17, 18, 19] x [0, 1, 6]
iter=27 elapsed=139.711s step_runtime=3.432s destroy=destroy_random_window_20pct repair=repair_gecode_fast objective_metric=minizinc_objective incumbent_objective=32.0 contender_objective=64.0 score=0 accepted=False repair_failed=False used_exploration=False stagnation_rounds=6 weights_updated=False
  destroyed=destroy_random_window_20pct: destroyed window: [5, 6, 7, 8, 9, 10, 11, 12, 13, 14] x [1, 2, 3, 4]
iter=28 elapsed=155.131s step_runtime=15.419s destroy=destroy_random_workers_20pct repair=repair_gecode_long objective_metric=minizinc_objective incumbent_objective=32.0 contender_objective=34.0 score=0 accepted=False repair_failed=False used_exploration=False stagnation_rounds=7 weights_updated=False
  destroyed=destroy_random_workers_20pct: destroyed workers: [0, 5, 12, 18]
iter=29 elapsed=158.713s step_runtime=3.582s destroy=destroy_random_window_20pct repair=repair_chuffed_fast objective_metric=minizinc_objective incumbent_objective=32.0 contender_objective=55.0 score=0 accepted=False repair_failed=False used_exploration=False stagnation_rounds=8 weights_updated=False
  destroyed=destroy_random_window_20pct: destroyed window: [0, 1, 8, 9, 10, 11, 12, 13, 14, 15, 16, 17, 18, 19] x [3, 4, 5]
iter=30 elapsed=162.328s step_runtime=3.615s destroy=destroy_random_window_20pct repair=repair_chuffed_fast objective_metric=minizinc_objective incumbent_objective=32.0 contender_objective=55.0 score=0 accepted=False repair_failed=False used_exploration=False stagnation_rounds=9 weights_updated=True
  destroyed=destroy_random_window_20pct: destroyed window: [0, 12, 13, 14, 15, 16, 17, 18, 19] x [0, 5, 6]

  weight update (destroy):
    operator                             before    after
    destroy_worst_workers_10pct            0.06     0.06
    destroy_worst_workers_30pct            0.06     0.06
    destroy_random_workers_20pct           0.14     0.12
    destroy_random_window_20pct            0.12     0.10
    destroy_all_forbidden_sequences        0.10     0.09
    destroy_streak_around_worst_worker     0.11     0.10
    destroy_worst_days_10pct               0.06     0.06
    destroy_worst_days_30pct               0.06     0.06
    destroy_random_days_20pct              0.06     0.06
    destroy_max_border_work                0.05     0.05
    destroy_max_border_off                 0.10     0.18
    destroy_max_border_shift_1             0.05     0.04
    destroy_max_border_shift_2             0.05     0.04

  weight update (repair):
    operator                             before    after
    repair_chuffed_fast                    0.27     0.33
    repair_gecode_fast                     0.38     0.34
    repair_chuffed_long                    0.07     0.09
    repair_gecode_long                     0.27     0.25
iter=31 elapsed=177.924s step_runtime=15.595s destroy=destroy_random_workers_20pct repair=repair_chuffed_long objective_metric=minizinc_objective incumbent_objective=32.0 contender_objective=33.0 score=0 accepted=True repair_failed=False used_exploration=False stagnation_rounds=10 weights_updated=False
  destroyed=destroy_random_workers_20pct: destroyed workers: [0, 5, 6, 7]
iter=32 elapsed=228.586s step_runtime=50.662s destroy=destroy_exploration repair=repair_exploration objective_metric=minizinc_objective incumbent_objective=33.0 contender_objective=70.0 score=0 accepted=False repair_failed=False used_exploration=True stagnation_rounds=11 weights_updated=False
  destroyed=destroy_exploration: destroyed window: [3, 4, 5, 6, 7, 8, 9, 10, 11, 12, 13, 14, 15] x [3, 4, 5, 6]
