Loaded instance: Example13.txt
instance=Example13
instance_name=Example13
instance_file=Example13.txt
instance_path=/Users/gab/Library/Mobile Documents/com~apple~CloudDocs/QuIST/ML/Optimization/Project 2/LNS_scheduling/Instances1-50/Example13.txt
variant=alns_plain
seed=2

iter=1 elapsed=1.701s step_runtime=1.701s destroy=destroy_worst_workers_10pct repair=repair_gecode_long objective_metric=minizinc_objective incumbent_objective=inf contender_objective=317.0 score=5 accepted=True repair_failed=False used_exploration=False stagnation_rounds=0 weights_updated=False
  destroyed=destroy_worst_workers_10pct: destroyed workers: [0, 1, 6]
iter=2 elapsed=2.972s step_runtime=1.271s destroy=destroy_max_border_shift_1 repair=repair_chuffed_fast objective_metric=minizinc_objective incumbent_objective=317.0 contender_objective=149.0 score=5 accepted=True repair_failed=False used_exploration=False stagnation_rounds=0 weights_updated=False
  destroyed=destroy_max_border_shift_1: destroyed max-border shift_1: vars_erased=9
iter=3 elapsed=6.407s step_runtime=3.434s destroy=destroy_all_forbidden_sequences repair=repair_gecode_fast objective_metric=minizinc_objective incumbent_objective=149.0 contender_objective=44.0 score=5 accepted=True repair_failed=False used_exploration=False stagnation_rounds=0 weights_updated=False
  destroyed=destroy_all_forbidden_sequences: destroyed forbidden sequences: vars_erased=18
iter=4 elapsed=10.145s step_runtime=3.738s destroy=destroy_random_window_20pct repair=repair_gecode_fast objective_metric=minizinc_objective incumbent_objective=44.0 contender_objective=92.0 score=0 accepted=False repair_failed=False used_exploration=False stagnation_rounds=1 weights_updated=False
  destroyed=destroy_random_window_20pct: destroyed window: [0, 1, 2, 3, 4, 5, 6, 7, 8, 9, 10, 11, 12, 13, 14] x [3, 4, 5, 6]
iter=5 elapsed=13.813s step_runtime=3.668s destroy=destroy_random_window_20pct repair=repair_gecode_fast objective_metric=minizinc_objective incumbent_objective=44.0 contender_objective=97.0 score=0 accepted=False repair_failed=False used_exploration=False stagnation_rounds=2 weights_updated=False
  destroyed=destroy_random_window_20pct: destroyed window: [0, 1, 2, 3, 4, 5, 6, 7, 8, 9, 10, 11, 12, 13, 14, 15, 16] x [2, 3, 4]
iter=6 elapsed=17.259s step_runtime=3.446s destroy=destroy_random_workers_20pct repair=repair_gecode_fast objective_metric=minizinc_objective incumbent_objective=44.0 contender_objective=66.0 score=0 accepted=False repair_failed=False used_exploration=False stagnation_rounds=3 weights_updated=False
  destroyed=destroy_random_workers_20pct: destroyed workers: [11, 13, 14, 16, 23]
iter=7 elapsed=21.025s step_runtime=3.766s destroy=destroy_random_workers_20pct repair=repair_chuffed_fast objective_metric=minizinc_objective incumbent_objective=44.0 contender_objective=58.0 score=0 accepted=False repair_failed=False used_exploration=False stagnation_rounds=4 weights_updated=False
  destroyed=destroy_random_workers_20pct: destroyed workers: [12, 14, 20, 22, 23]
iter=8 elapsed=21.870s step_runtime=0.845s destroy=destroy_max_border_shift_2 repair=repair_gecode_fast objective_metric=minizinc_objective incumbent_objective=44.0 contender_objective=42.0 score=5 accepted=True repair_failed=False used_exploration=False stagnation_rounds=0 weights_updated=False
  destroyed=destroy_max_border_shift_2: destroyed max-border shift_2: vars_erased=6
iter=9 elapsed=22.861s step_runtime=0.990s destroy=destroy_max_border_off repair=repair_gecode_fast objective_metric=minizinc_objective incumbent_objective=42.0 contender_objective=23.0 score=5 accepted=True repair_failed=False used_exploration=False stagnation_rounds=0 weights_updated=False
  destroyed=destroy_max_border_off: destroyed max-border off: vars_erased=13
iter=10 elapsed=26.393s step_runtime=3.532s destroy=destroy_random_window_20pct repair=repair_gecode_fast objective_metric=minizinc_objective incumbent_objective=23.0 contender_objective=71.0 score=0 accepted=False repair_failed=False used_exploration=False stagnation_rounds=1 weights_updated=True
  destroyed=destroy_random_window_20pct: destroyed window: [0, 1, 2, 3, 4, 5, 6, 7, 8, 9, 10, 19, 20, 21, 22, 23] x [3, 4, 5, 6]

  weight update (destroy):
    operator                             before    after
    destroy_worst_workers_10pct            0.07     0.16
    destroy_worst_workers_30pct            0.07     0.06
    destroy_random_workers_20pct           0.07     0.06
    destroy_random_window_20pct            0.07     0.06
    destroy_all_forbidden_sequences        0.07     0.06
    destroy_streak_around_worst_worker     0.07     0.06
    destroy_worst_days_10pct               0.07     0.06
    destroy_worst_days_30pct               0.07     0.06
    destroy_random_days_20pct              0.07     0.06
    destroy_max_border_work                0.07     0.06
    destroy_max_border_off                 0.07     0.16
    destroy_max_border_shift_1             0.07     0.06
    destroy_max_border_shift_2             0.07     0.06
    destroy_max_border_shift_3             0.07     0.06

  weight update (repair):
    operator                             before    after
    repair_chuffed_fast                    0.40     0.32
    repair_gecode_fast                     0.40     0.32
    repair_chuffed_long                    0.10     0.08
    repair_gecode_long                     0.10     0.27
iter=11 elapsed=41.878s step_runtime=15.485s destroy=destroy_worst_workers_30pct repair=repair_gecode_long objective_metric=minizinc_objective incumbent_objective=23.0 contender_objective=82.0 score=0 accepted=False repair_failed=False used_exploration=False stagnation_rounds=2 weights_updated=False
  destroyed=destroy_worst_workers_30pct: destroyed workers: [9, 12, 15, 18, 19, 20, 21, 22]
iter=12 elapsed=45.377s step_runtime=3.500s destroy=destroy_worst_workers_30pct repair=repair_gecode_fast objective_metric=minizinc_objective incumbent_objective=23.0 contender_objective=86.0 score=0 accepted=False repair_failed=False used_exploration=False stagnation_rounds=3 weights_updated=False
  destroyed=destroy_worst_workers_30pct: destroyed workers: [1, 3, 9, 15, 19, 20, 21, 22]
iter=13 elapsed=49.108s step_runtime=3.730s destroy=destroy_random_workers_20pct repair=repair_chuffed_fast objective_metric=minizinc_objective incumbent_objective=23.0 contender_objective=47.0 score=0 accepted=False repair_failed=False used_exploration=False stagnation_rounds=4 weights_updated=False
  destroyed=destroy_random_workers_20pct: destroyed workers: [1, 6, 11, 13, 22]
iter=14 elapsed=52.800s step_runtime=3.692s destroy=destroy_random_workers_20pct repair=repair_chuffed_fast objective_metric=minizinc_objective incumbent_objective=23.0 contender_objective=53.0 score=0 accepted=False repair_failed=False used_exploration=False stagnation_rounds=5 weights_updated=False
  destroyed=destroy_random_workers_20pct: destroyed workers: [0, 3, 10, 14, 21]
iter=15 elapsed=68.247s step_runtime=15.448s destroy=destroy_random_window_20pct repair=repair_gecode_long objective_metric=minizinc_objective incumbent_objective=23.0 contender_objective=41.0 score=0 accepted=False repair_failed=False used_exploration=False stagnation_rounds=6 weights_updated=False
  destroyed=destroy_random_window_20pct: destroyed window: [8, 9, 10, 11, 12, 13, 14, 15, 16, 17, 18, 19, 20] x [0, 5, 6]
iter=16 elapsed=72.341s step_runtime=4.093s destroy=destroy_worst_workers_30pct repair=repair_chuffed_fast objective_metric=minizinc_objective incumbent_objective=23.0 contender_objective=105.0 score=0 accepted=False repair_failed=False used_exploration=False stagnation_rounds=7 weights_updated=False
  destroyed=destroy_worst_workers_30pct: destroyed workers: [3, 9, 15, 16, 19, 20, 21, 22]
iter=17 elapsed=75.785s step_runtime=3.444s destroy=destroy_random_workers_20pct repair=repair_gecode_fast objective_metric=minizinc_objective incumbent_objective=23.0 contender_objective=70.0 score=0 accepted=False repair_failed=False used_exploration=False stagnation_rounds=8 weights_updated=False
  destroyed=destroy_random_workers_20pct: destroyed workers: [2, 7, 8, 14, 18]
iter=18 elapsed=91.236s step_runtime=15.452s destroy=destroy_random_workers_20pct repair=repair_gecode_long objective_metric=minizinc_objective incumbent_objective=23.0 contender_objective=48.0 score=0 accepted=False repair_failed=False used_exploration=False stagnation_rounds=9 weights_updated=False
  destroyed=destroy_random_workers_20pct: destroyed workers: [0, 4, 8, 13, 16]
iter=19 elapsed=94.733s step_runtime=3.496s destroy=destroy_worst_workers_30pct repair=repair_gecode_fast objective_metric=minizinc_objective incumbent_objective=23.0 contender_objective=115.0 score=0 accepted=False repair_failed=False used_exploration=False stagnation_rounds=10 weights_updated=False
  destroyed=destroy_worst_workers_30pct: destroyed workers: [9, 14, 15, 19, 20, 21, 22, 23]
iter=20 elapsed=145.402s step_runtime=50.669s destroy=destroy_exploration repair=repair_exploration objective_metric=minizinc_objective incumbent_objective=23.0 contender_objective=41.0 score=0 accepted=False repair_failed=False used_exploration=True stagnation_rounds=11 weights_updated=True
  destroyed=destroy_exploration: destroyed window: [0, 1, 13, 14, 15, 16, 17, 18, 19, 20, 21, 22, 23] x [0, 1]

  weight update (destroy):
    operator                             before    after
    destroy_worst_workers_10pct            0.16     0.15
    destroy_worst_workers_30pct            0.06     0.07
    destroy_random_workers_20pct           0.06     0.07
    destroy_random_window_20pct            0.06     0.07
    destroy_all_forbidden_sequences        0.06     0.05
    destroy_streak_around_worst_worker     0.06     0.07
    destroy_worst_days_10pct               0.06     0.07
    destroy_worst_days_30pct               0.06     0.07
    destroy_random_days_20pct              0.06     0.07
    destroy_max_border_work                0.06     0.05
    destroy_max_border_off                 0.16     0.13
    destroy_max_border_shift_1             0.06     0.05
    destroy_max_border_shift_2             0.06     0.05
    destroy_max_border_shift_3             0.06     0.05

  weight update (repair):
    operator                             before    after
    repair_chuffed_fast                    0.32     0.31
    repair_gecode_fast                     0.32     0.31
    repair_chuffed_long                    0.08     0.11
    repair_gecode_long                     0.27     0.27
iter=21 elapsed=196.272s step_runtime=50.870s destroy=destroy_exploration repair=repair_exploration objective_metric=minizinc_objective incumbent_objective=23.0 contender_objective=86.0 score=0 accepted=False repair_failed=False used_exploration=True stagnation_rounds=12 weights_updated=False
  destroyed=destroy_exploration: destroyed window: [0, 1, 2, 3, 11, 12, 13, 14, 15, 16, 17, 18, 19, 20, 21, 22, 23] x [2, 3, 4, 5]
