Loaded instance: Example14.txt
instance=Example14
instance_name=Example14
instance_file=Example14.txt
instance_path=/Users/gab/Library/Mobile Documents/com~apple~CloudDocs/QuIST/ML/Optimization/Project 2/LNS_scheduling/Instances1-50/Example14.txt
variant=alns_plain
seed=1

iter=1 elapsed=0.823s step_runtime=0.823s destroy=destroy_max_border_shift_1 repair=repair_chuffed_fast objective_metric=minizinc_objective incumbent_objective=inf contender_objective=95.0 score=5 accepted=True repair_failed=False used_exploration=False stagnation_rounds=0 weights_updated=False
  destroyed=destroy_max_border_shift_1: destroyed max-border shift_1: vars_erased=3
iter=2 elapsed=4.456s step_runtime=3.633s destroy=destroy_random_window_20pct repair=repair_gecode_fast objective_metric=minizinc_objective incumbent_objective=95.0 contender_objective=29.0 score=5 accepted=True repair_failed=False used_exploration=False stagnation_rounds=0 weights_updated=False
  destroyed=destroy_random_window_20pct: destroyed window: [7, 8, 9, 10, 11, 12] x [3, 4, 5]
iter=3 elapsed=7.899s step_runtime=3.442s destroy=destroy_worst_workers_30pct repair=repair_gecode_fast objective_metric=minizinc_objective incumbent_objective=29.0 contender_objective=28.0 score=5 accepted=True repair_failed=False used_exploration=False stagnation_rounds=0 weights_updated=False
  destroyed=destroy_worst_workers_30pct: destroyed workers: [0, 1, 2, 7]
iter=4 elapsed=8.715s step_runtime=0.816s destroy=destroy_max_border_off repair=repair_chuffed_fast objective_metric=minizinc_objective incumbent_objective=28.0 contender_objective=15.0 score=5 accepted=True repair_failed=False used_exploration=False stagnation_rounds=0 weights_updated=False
  destroyed=destroy_max_border_off: destroyed max-border off: vars_erased=8
iter=5 elapsed=9.639s step_runtime=0.924s destroy=destroy_random_window_20pct repair=repair_chuffed_fast objective_metric=minizinc_objective incumbent_objective=15.0 contender_objective=15.0 score=1 accepted=True repair_failed=False used_exploration=False stagnation_rounds=1 weights_updated=False
  destroyed=destroy_random_window_20pct: destroyed window: [0, 1, 2, 3, 4, 5] x [0, 6]
iter=6 elapsed=10.230s step_runtime=0.591s destroy=destroy_max_border_shift_2 repair=repair_gecode_fast objective_metric=minizinc_objective incumbent_objective=15.0 contender_objective=15.0 score=1 accepted=True repair_failed=False used_exploration=False stagnation_rounds=2 weights_updated=False
  destroyed=destroy_max_border_shift_2: destroyed max-border shift_2: vars_erased=3
iter=7 elapsed=13.682s step_runtime=3.451s destroy=destroy_worst_days_30pct repair=repair_gecode_fast objective_metric=minizinc_objective incumbent_objective=15.0 contender_objective=50.0 score=0 accepted=False repair_failed=False used_exploration=False stagnation_rounds=3 weights_updated=False
  destroyed=destroy_worst_days_30pct: destroyed days: [3, 4, 6]
iter=8 elapsed=14.316s step_runtime=0.634s destroy=destroy_all_forbidden_sequences repair=repair_gecode_long objective_metric=minizinc_objective incumbent_objective=15.0 contender_objective=14.0 score=5 accepted=True repair_failed=False used_exploration=False stagnation_rounds=0 weights_updated=False
  destroyed=destroy_all_forbidden_sequences: destroyed forbidden sequences: vars_erased=7
iter=9 elapsed=14.890s step_runtime=0.574s destroy=destroy_max_border_shift_2 repair=repair_gecode_long objective_metric=minizinc_objective incumbent_objective=14.0 contender_objective=14.0 score=1 accepted=True repair_failed=False used_exploration=False stagnation_rounds=1 weights_updated=False
  destroyed=destroy_max_border_shift_2: destroyed max-border shift_2: vars_erased=3
iter=10 elapsed=18.333s step_runtime=3.443s destroy=destroy_worst_workers_30pct repair=repair_gecode_fast objective_metric=minizinc_objective incumbent_objective=14.0 contender_objective=29.0 score=0 accepted=False repair_failed=False used_exploration=False stagnation_rounds=2 weights_updated=True
  destroyed=destroy_worst_workers_30pct: destroyed workers: [0, 1, 10, 11]

  weight update (destroy):
    operator                             before    after
    destroy_worst_workers_10pct            0.07     0.06
    destroy_worst_workers_30pct            0.07     0.06
    destroy_random_workers_20pct           0.07     0.06
    destroy_random_window_20pct            0.07     0.07
    destroy_all_forbidden_sequences        0.07     0.24
    destroy_streak_around_worst_worker     0.07     0.06
    destroy_worst_days_10pct               0.07     0.06
    destroy_worst_days_30pct               0.07     0.06
    destroy_random_days_20pct              0.07     0.06
    destroy_max_border_work                0.07     0.06
    destroy_max_border_off                 0.07     0.06
    destroy_max_border_shift_1             0.07     0.06
    destroy_max_border_shift_2             0.07     0.06
    destroy_max_border_shift_3             0.07     0.06

  weight update (repair):
    operator                             before    after
    repair_chuffed_fast                    0.40     0.45
    repair_gecode_fast                     0.40     0.33
    repair_chuffed_long                    0.10     0.08
    repair_gecode_long                     0.10     0.13
iter=11 elapsed=21.767s step_runtime=3.435s destroy=destroy_streak_around_worst_worker repair=repair_gecode_fast objective_metric=minizinc_objective incumbent_objective=14.0 contender_objective=11.0 score=5 accepted=True repair_failed=False used_exploration=False stagnation_rounds=0 weights_updated=False
  destroyed=destroy_streak_around_worst_worker: destroyed streak len=19 start=(w11,d5) end=(w1,d2); destroyed_inside=19
iter=12 elapsed=22.408s step_runtime=0.641s destroy=destroy_all_forbidden_sequences repair=repair_chuffed_long objective_metric=minizinc_objective incumbent_objective=11.0 contender_objective=11.0 score=1 accepted=True repair_failed=False used_exploration=False stagnation_rounds=1 weights_updated=False
  destroyed=destroy_all_forbidden_sequences: destroyed forbidden sequences: vars_erased=7
iter=13 elapsed=25.847s step_runtime=3.439s destroy=destroy_random_workers_20pct repair=repair_chuffed_fast objective_metric=minizinc_objective incumbent_objective=11.0 contender_objective=23.0 score=0 accepted=False repair_failed=False used_exploration=False stagnation_rounds=2 weights_updated=False
  destroyed=destroy_random_workers_20pct: destroyed workers: [2, 7, 11]
iter=14 elapsed=27.159s step_runtime=1.313s destroy=destroy_random_window_20pct repair=repair_gecode_fast objective_metric=minizinc_objective incumbent_objective=11.0 contender_objective=11.0 score=1 accepted=True repair_failed=False used_exploration=False stagnation_rounds=3 weights_updated=False
  destroyed=destroy_random_window_20pct: destroyed window: [8, 9, 10, 11] x [1, 2, 3]
iter=15 elapsed=30.568s step_runtime=3.409s destroy=destroy_random_days_20pct repair=repair_gecode_fast objective_metric=minizinc_objective incumbent_objective=11.0 contender_objective=32.0 score=0 accepted=False repair_failed=False used_exploration=False stagnation_rounds=4 weights_updated=False
  destroyed=destroy_random_days_20pct: destroyed days: [2, 6]
iter=16 elapsed=31.891s step_runtime=1.323s destroy=destroy_random_workers_20pct repair=repair_chuffed_fast objective_metric=minizinc_objective incumbent_objective=11.0 contender_objective=9.0 score=5 accepted=True repair_failed=False used_exploration=False stagnation_rounds=0 weights_updated=False
  destroyed=destroy_random_workers_20pct: destroyed workers: [0, 3, 4]
iter=17 elapsed=35.391s step_runtime=3.499s destroy=destroy_worst_workers_30pct repair=repair_chuffed_fast objective_metric=minizinc_objective incumbent_objective=9.0 contender_objective=25.0 score=0 accepted=False repair_failed=False used_exploration=False stagnation_rounds=1 weights_updated=False
  destroyed=destroy_worst_workers_30pct: destroyed workers: [0, 7, 10, 12]
iter=18 elapsed=38.845s step_runtime=3.454s destroy=destroy_random_workers_20pct repair=repair_chuffed_fast objective_metric=minizinc_objective incumbent_objective=9.0 contender_objective=17.0 score=0 accepted=True repair_failed=False used_exploration=False stagnation_rounds=2 weights_updated=False
  destroyed=destroy_random_workers_20pct: destroyed workers: [2, 4, 9]
iter=19 elapsed=39.553s step_runtime=0.708s destroy=destroy_worst_workers_10pct repair=repair_gecode_long objective_metric=minizinc_objective incumbent_objective=17.0 contender_objective=8.0 score=5 accepted=True repair_failed=False used_exploration=False stagnation_rounds=0 weights_updated=False
  destroyed=destroy_worst_workers_10pct: destroyed workers: [0, 2]
iter=20 elapsed=55.028s step_runtime=15.475s destroy=destroy_random_workers_20pct repair=repair_chuffed_long objective_metric=minizinc_objective incumbent_objective=8.0 contender_objective=18.0 score=0 accepted=False repair_failed=False used_exploration=False stagnation_rounds=1 weights_updated=True
  destroyed=destroy_random_workers_20pct: destroyed workers: [9, 11, 12]

  weight update (destroy):
    operator                             before    after
    destroy_worst_workers_10pct            0.06     0.15
    destroy_worst_workers_30pct            0.06     0.05
    destroy_random_workers_20pct           0.06     0.05
    destroy_random_window_20pct            0.07     0.05
    destroy_all_forbidden_sequences        0.24     0.19
    destroy_streak_around_worst_worker     0.06     0.15
    destroy_worst_days_10pct               0.06     0.05
    destroy_worst_days_30pct               0.06     0.05
    destroy_random_days_20pct              0.06     0.05
    destroy_max_border_work                0.06     0.05
    destroy_max_border_off                 0.06     0.05
    destroy_max_border_shift_1             0.06     0.05
    destroy_max_border_shift_2             0.06     0.05
    destroy_max_border_shift_3             0.06     0.05

  weight update (repair):
    operator                             before    after
    repair_chuffed_fast                    0.45     0.36
    repair_gecode_fast                     0.33     0.27
    repair_chuffed_long                    0.08     0.06
    repair_gecode_long                     0.13     0.30
iter=21 elapsed=55.671s step_runtime=0.643s destroy=destroy_all_forbidden_sequences repair=repair_gecode_fast objective_metric=minizinc_objective incumbent_objective=8.0 contender_objective=8.0 score=1 accepted=True repair_failed=False used_exploration=False stagnation_rounds=2 weights_updated=False
  destroyed=destroy_all_forbidden_sequences: destroyed forbidden sequences: vars_erased=5
iter=22 elapsed=59.103s step_runtime=3.432s destroy=destroy_streak_around_worst_worker repair=repair_gecode_fast objective_metric=minizinc_objective incumbent_objective=8.0 contender_objective=41.0 score=0 accepted=False repair_failed=False used_exploration=False stagnation_rounds=3 weights_updated=False
  destroyed=destroy_streak_around_worst_worker: destroyed streak len=29 start=(w11,d0) end=(w2,d0); destroyed_inside=29
iter=23 elapsed=59.860s step_runtime=0.757s destroy=destroy_random_window_20pct repair=repair_chuffed_fast objective_metric=minizinc_objective incumbent_objective=8.0 contender_objective=8.0 score=1 accepted=True repair_failed=False used_exploration=False stagnation_rounds=4 weights_updated=False
  destroyed=destroy_random_window_20pct: destroyed window: [8, 9, 10, 11, 12] x [5, 6]
iter=24 elapsed=63.305s step_runtime=3.445s destroy=destroy_worst_workers_30pct repair=repair_gecode_fast objective_metric=minizinc_objective incumbent_objective=8.0 contender_objective=25.0 score=0 accepted=False repair_failed=False used_exploration=False stagnation_rounds=5 weights_updated=False
  destroyed=destroy_worst_workers_30pct: destroyed workers: [3, 7, 10, 12]
iter=25 elapsed=64.397s step_runtime=1.092s destroy=destroy_random_window_20pct repair=repair_chuffed_fast objective_metric=minizinc_objective incumbent_objective=8.0 contender_objective=8.0 score=1 accepted=True repair_failed=False used_exploration=False stagnation_rounds=6 weights_updated=False
  destroyed=destroy_random_window_20pct: destroyed window: [0, 1, 7, 8, 9, 10, 11, 12] x [4, 5]
iter=26 elapsed=79.928s step_runtime=15.532s destroy=destroy_worst_days_30pct repair=repair_chuffed_long objective_metric=minizinc_objective incumbent_objective=8.0 contender_objective=64.0 score=0 accepted=False repair_failed=False used_exploration=False stagnation_rounds=7 weights_updated=False
  destroyed=destroy_worst_days_30pct: destroyed days: [1, 2, 3]
iter=27 elapsed=83.343s step_runtime=3.414s destroy=destroy_random_window_20pct repair=repair_gecode_fast objective_metric=minizinc_objective incumbent_objective=8.0 contender_objective=19.0 score=0 accepted=False repair_failed=False used_exploration=False stagnation_rounds=8 weights_updated=False
  destroyed=destroy_random_window_20pct: destroyed window: [7, 8, 9, 10, 11, 12] x [0, 1, 2, 3]
iter=28 elapsed=86.826s step_runtime=3.483s destroy=destroy_worst_workers_30pct repair=repair_chuffed_fast objective_metric=minizinc_objective incumbent_objective=8.0 contender_objective=28.0 score=0 accepted=False repair_failed=False used_exploration=False stagnation_rounds=9 weights_updated=False
  destroyed=destroy_worst_workers_30pct: destroyed workers: [3, 8, 10, 12]
iter=29 elapsed=90.255s step_runtime=3.430s destroy=destroy_random_window_20pct repair=repair_gecode_fast objective_metric=minizinc_objective incumbent_objective=8.0 contender_objective=27.0 score=0 accepted=False repair_failed=False used_exploration=False stagnation_rounds=10 weights_updated=False
  destroyed=destroy_random_window_20pct: destroyed window: [0, 1, 2, 7, 8, 9, 10, 11, 12] x [2, 3, 4]
iter=30 elapsed=94.142s step_runtime=3.887s destroy=destroy_exploration repair=repair_exploration objective_metric=minizinc_objective incumbent_objective=8.0 contender_objective=8.0 score=1 accepted=True repair_failed=False used_exploration=True stagnation_rounds=11 weights_updated=True
  destroyed=destroy_exploration: destroyed window: [1, 2, 3, 4, 5, 6, 7, 8, 9] x [1, 2]

  weight update (destroy):
    operator                             before    after
    destroy_worst_workers_10pct            0.15     0.13
    destroy_worst_workers_30pct            0.05     0.06
    destroy_random_workers_20pct           0.05     0.06
    destroy_random_window_20pct            0.05     0.08
    destroy_all_forbidden_sequences        0.19     0.16
    destroy_streak_around_worst_worker     0.15     0.13
    destroy_worst_days_10pct               0.05     0.06
    destroy_worst_days_30pct               0.05     0.06
    destroy_random_days_20pct              0.05     0.06
    destroy_max_border_work                0.05     0.04
    destroy_max_border_off                 0.05     0.06
    destroy_max_border_shift_1             0.05     0.04
    destroy_max_border_shift_2             0.05     0.04
    destroy_max_border_shift_3             0.05     0.04

  weight update (repair):
    operator                             before    after
    repair_chuffed_fast                    0.36     0.38
    repair_gecode_fast                     0.27     0.26
    repair_chuffed_long                    0.06     0.08
    repair_gecode_long                     0.30     0.27
iter=31 elapsed=94.766s step_runtime=0.623s destroy=destroy_exploration repair=repair_exploration objective_metric=minizinc_objective incumbent_objective=8.0 contender_objective=7.0 score=5 accepted=True repair_failed=False used_exploration=True stagnation_rounds=0 weights_updated=False
  destroyed=destroy_exploration: destroyed window: [0, 1, 11, 12] x [4, 5]
iter=32 elapsed=98.271s step_runtime=3.505s destroy=destroy_random_days_20pct repair=repair_chuffed_fast objective_metric=minizinc_objective incumbent_objective=7.0 contender_objective=21.0 score=0 accepted=False repair_failed=False used_exploration=False stagnation_rounds=1 weights_updated=False
  destroyed=destroy_random_days_20pct: destroyed days: [1, 6]
iter=33 elapsed=109.774s step_runtime=11.503s destroy=destroy_random_workers_20pct repair=repair_gecode_long objective_metric=minizinc_objective incumbent_objective=7.0 contender_objective=7.0 score=1 accepted=True repair_failed=False used_exploration=False stagnation_rounds=2 weights_updated=False
  destroyed=destroy_random_workers_20pct: destroyed workers: [3, 9, 11]
iter=34 elapsed=110.336s step_runtime=0.562s destroy=destroy_all_forbidden_sequences repair=repair_gecode_long objective_metric=minizinc_objective incumbent_objective=7.0 contender_objective=7.0 score=1 accepted=True repair_failed=False used_exploration=False stagnation_rounds=3 weights_updated=False
  destroyed=destroy_all_forbidden_sequences: destroyed forbidden sequences: vars_erased=2
iter=35 elapsed=125.754s step_runtime=15.418s destroy=destroy_worst_workers_30pct repair=repair_gecode_long objective_metric=minizinc_objective incumbent_objective=7.0 contender_objective=24.0 score=0 accepted=False repair_failed=False used_exploration=False stagnation_rounds=4 weights_updated=False
  destroyed=destroy_worst_workers_30pct: destroyed workers: [6, 8, 10, 12]
iter=36 elapsed=129.163s step_runtime=3.409s destroy=destroy_random_workers_20pct repair=repair_gecode_fast objective_metric=minizinc_objective incumbent_objective=7.0 contender_objective=16.0 score=0 accepted=False repair_failed=False used_exploration=False stagnation_rounds=5 weights_updated=False
  destroyed=destroy_random_workers_20pct: destroyed workers: [5, 7, 10]
iter=37 elapsed=144.602s step_runtime=15.438s destroy=destroy_worst_days_30pct repair=repair_gecode_long objective_metric=minizinc_objective incumbent_objective=7.0 contender_objective=52.0 score=0 accepted=False repair_failed=False used_exploration=False stagnation_rounds=6 weights_updated=False
  destroyed=destroy_worst_days_30pct: destroyed days: [1, 3, 6]
iter=38 elapsed=160.045s step_runtime=15.443s destroy=destroy_random_window_20pct repair=repair_gecode_long objective_metric=minizinc_objective incumbent_objective=7.0 contender_objective=25.0 score=0 accepted=False repair_failed=False used_exploration=False stagnation_rounds=7 weights_updated=False
  destroyed=destroy_random_window_20pct: destroyed window: [0, 1, 2, 3, 8, 9, 10, 11, 12] x [3, 4, 5, 6]
iter=39 elapsed=160.747s step_runtime=0.702s destroy=destroy_random_window_20pct repair=repair_gecode_fast objective_metric=minizinc_objective incumbent_objective=7.0 contender_objective=7.0 score=1 accepted=True repair_failed=False used_exploration=False stagnation_rounds=8 weights_updated=False
  destroyed=destroy_random_window_20pct: destroyed window: [6, 7, 8] x [0, 4, 5, 6]
iter=40 elapsed=176.171s step_runtime=15.423s destroy=destroy_worst_workers_30pct repair=repair_gecode_long objective_metric=minizinc_objective incumbent_objective=7.0 contender_objective=18.0 score=0 accepted=False repair_failed=False used_exploration=False stagnation_rounds=9 weights_updated=True
  destroyed=destroy_worst_workers_30pct: destroyed workers: [4, 8, 10, 12]

  weight update (destroy):
    operator                             before    after
    destroy_worst_workers_10pct            0.13     0.12
    destroy_worst_workers_30pct            0.06     0.06
    destroy_random_workers_20pct           0.06     0.07
    destroy_random_window_20pct            0.08     0.09
    destroy_all_forbidden_sequences        0.16     0.19
    destroy_streak_around_worst_worker     0.13     0.12
    destroy_worst_days_10pct               0.06     0.06
    destroy_worst_days_30pct               0.06     0.06
    destroy_random_days_20pct              0.06     0.06
    destroy_max_border_work                0.04     0.03
    destroy_max_border_off                 0.06     0.04
    destroy_max_border_shift_1             0.04     0.03
    destroy_max_border_shift_2             0.04     0.03
    destroy_max_border_shift_3             0.04     0.03

  weight update (repair):
    operator                             before    after
    repair_chuffed_fast                    0.38     0.34
    repair_gecode_fast                     0.26     0.28
    repair_chuffed_long                    0.08     0.10
    repair_gecode_long                     0.27     0.28
iter=41 elapsed=178.553s step_runtime=2.382s destroy=destroy_random_window_20pct repair=repair_gecode_long objective_metric=minizinc_objective incumbent_objective=7.0 contender_objective=6.0 score=5 accepted=True repair_failed=False used_exploration=False stagnation_rounds=0 weights_updated=False
  destroyed=destroy_random_window_20pct: destroyed window: [7, 8, 9, 10] x [1, 2, 3, 4]
iter=42 elapsed=179.329s step_runtime=0.776s destroy=destroy_random_window_20pct repair=repair_chuffed_fast objective_metric=minizinc_objective incumbent_objective=6.0 contender_objective=6.0 score=1 accepted=True repair_failed=False used_exploration=False stagnation_rounds=1 weights_updated=False
  destroyed=destroy_random_window_20pct: destroyed window: [0, 1, 2, 3, 4, 11, 12] x [4, 5]
iter=43 elapsed=181.018s step_runtime=1.689s destroy=destroy_random_window_20pct repair=repair_gecode_fast objective_metric=minizinc_objective incumbent_objective=6.0 contender_objective=6.0 score=1 accepted=True repair_failed=False used_exploration=False stagnation_rounds=2 weights_updated=False
  destroyed=destroy_random_window_20pct: destroyed window: [6, 7, 8, 9, 10] x [0, 4, 5, 6]
