Loaded instance: Example14.txt
instance=Example14
instance_name=Example14
instance_file=Example14.txt
instance_path=/Users/gab/Library/Mobile Documents/com~apple~CloudDocs/QuIST/ML/Optimization/Project 2/LNS_scheduling/Instances1-50/Example14.txt
variant=alns_plain
seed=2

iter=1 elapsed=1.009s step_runtime=1.009s destroy=destroy_worst_workers_10pct repair=repair_gecode_long objective_metric=minizinc_objective incumbent_objective=inf contender_objective=123.0 score=5 accepted=True repair_failed=False used_exploration=False stagnation_rounds=0 weights_updated=False
  destroyed=destroy_worst_workers_10pct: destroyed workers: [0, 1]
iter=2 elapsed=1.819s step_runtime=0.810s destroy=destroy_max_border_shift_1 repair=repair_chuffed_fast objective_metric=minizinc_objective incumbent_objective=123.0 contender_objective=86.0 score=5 accepted=True repair_failed=False used_exploration=False stagnation_rounds=0 weights_updated=False
  destroyed=destroy_max_border_shift_1: destroyed max-border shift_1: vars_erased=3
iter=3 elapsed=5.237s step_runtime=3.418s destroy=destroy_all_forbidden_sequences repair=repair_gecode_fast objective_metric=minizinc_objective incumbent_objective=86.0 contender_objective=18.0 score=5 accepted=True repair_failed=False used_exploration=False stagnation_rounds=0 weights_updated=False
  destroyed=destroy_all_forbidden_sequences: destroyed forbidden sequences: vars_erased=16
iter=4 elapsed=6.078s step_runtime=0.841s destroy=destroy_random_window_20pct repair=repair_gecode_fast objective_metric=minizinc_objective incumbent_objective=18.0 contender_objective=13.0 score=5 accepted=True repair_failed=False used_exploration=False stagnation_rounds=0 weights_updated=False
  destroyed=destroy_random_window_20pct: destroyed window: [0, 1, 2, 3, 4, 5, 12] x [2, 3]
iter=5 elapsed=21.757s step_runtime=15.679s destroy=destroy_streak_around_worst_worker repair=repair_gecode_long objective_metric=minizinc_objective incumbent_objective=13.0 contender_objective=50.0 score=0 accepted=False repair_failed=False used_exploration=False stagnation_rounds=1 weights_updated=False
  destroyed=destroy_streak_around_worst_worker: destroyed streak len=35 start=(w10,d4) end=(w2,d3); destroyed_inside=35
iter=6 elapsed=23.505s step_runtime=1.748s destroy=destroy_random_window_20pct repair=repair_chuffed_fast objective_metric=minizinc_objective incumbent_objective=13.0 contender_objective=12.0 score=5 accepted=True repair_failed=False used_exploration=False stagnation_rounds=0 weights_updated=False
  destroyed=destroy_random_window_20pct: destroyed window: [5, 6, 7, 8, 9, 10, 11, 12] x [0, 6]
iter=7 elapsed=25.635s step_runtime=2.130s destroy=destroy_random_window_20pct repair=repair_chuffed_fast objective_metric=minizinc_objective incumbent_objective=12.0 contender_objective=12.0 score=1 accepted=True repair_failed=False used_exploration=False stagnation_rounds=1 weights_updated=False
  destroyed=destroy_random_window_20pct: destroyed window: [0, 6, 7, 8, 9, 10, 11, 12] x [4, 5]
iter=8 elapsed=41.046s step_runtime=15.411s destroy=destroy_random_window_20pct repair=repair_gecode_long objective_metric=minizinc_objective incumbent_objective=12.0 contender_objective=10.0 score=5 accepted=True repair_failed=False used_exploration=False stagnation_rounds=0 weights_updated=False
  destroyed=destroy_random_window_20pct: destroyed window: [0, 1, 2, 11, 12] x [0, 1, 2, 3]
iter=9 elapsed=44.467s step_runtime=3.421s destroy=destroy_random_window_20pct repair=repair_gecode_fast objective_metric=minizinc_objective incumbent_objective=10.0 contender_objective=15.0 score=0 accepted=True repair_failed=False used_exploration=False stagnation_rounds=1 weights_updated=False
  destroyed=destroy_random_window_20pct: destroyed window: [1, 2, 3, 4, 5, 6, 7] x [0, 4, 5, 6]
iter=10 elapsed=45.211s step_runtime=0.744s destroy=destroy_random_window_20pct repair=repair_gecode_fast objective_metric=minizinc_objective incumbent_objective=15.0 contender_objective=15.0 score=1 accepted=True repair_failed=False used_exploration=False stagnation_rounds=2 weights_updated=True
  destroyed=destroy_random_window_20pct: destroyed window: [1, 2, 3, 4, 5] x [1, 2, 3]

  weight update (destroy):
    operator                             before    after
    destroy_worst_workers_10pct            0.07     0.15
    destroy_worst_workers_30pct            0.07     0.06
    destroy_random_workers_20pct           0.07     0.06
    destroy_random_window_20pct            0.07     0.06
    destroy_all_forbidden_sequences        0.07     0.15
    destroy_streak_around_worst_worker     0.07     0.06
    destroy_worst_days_10pct               0.07     0.06
    destroy_worst_days_30pct               0.07     0.06
    destroy_random_days_20pct              0.07     0.06
    destroy_max_border_work                0.07     0.06
    destroy_max_border_off                 0.07     0.06
    destroy_max_border_shift_1             0.07     0.06
    destroy_max_border_shift_2             0.07     0.06
    destroy_max_border_shift_3             0.07     0.06

  weight update (repair):
    operator                             before    after
    repair_chuffed_fast                    0.40     0.43
    repair_gecode_fast                     0.40     0.35
    repair_chuffed_long                    0.10     0.08
    repair_gecode_long                     0.10     0.15
iter=11 elapsed=48.669s step_runtime=3.458s destroy=destroy_random_workers_20pct repair=repair_chuffed_fast objective_metric=minizinc_objective incumbent_objective=15.0 contender_objective=29.0 score=0 accepted=False repair_failed=False used_exploration=False stagnation_rounds=3 weights_updated=False
  destroyed=destroy_random_workers_20pct: destroyed workers: [3, 6, 9]
iter=12 elapsed=49.433s step_runtime=0.764s destroy=destroy_random_window_20pct repair=repair_chuffed_fast objective_metric=minizinc_objective incumbent_objective=15.0 contender_objective=15.0 score=1 accepted=True repair_failed=False used_exploration=False stagnation_rounds=4 weights_updated=False
  destroyed=destroy_random_window_20pct: destroyed window: [4, 5, 6, 7, 8, 9, 10] x [5, 6]
iter=13 elapsed=52.869s step_runtime=3.436s destroy=destroy_random_window_20pct repair=repair_chuffed_fast objective_metric=minizinc_objective incumbent_objective=15.0 contender_objective=40.0 score=0 accepted=False repair_failed=False used_exploration=False stagnation_rounds=5 weights_updated=False
  destroyed=destroy_random_window_20pct: destroyed window: [3, 4, 5, 6, 7, 8] x [1, 2, 3, 4]
iter=14 elapsed=53.424s step_runtime=0.555s destroy=destroy_max_border_off repair=repair_gecode_long objective_metric=minizinc_objective incumbent_objective=15.0 contender_objective=14.0 score=3 accepted=True repair_failed=False used_exploration=False stagnation_rounds=0 weights_updated=False
  destroyed=destroy_max_border_off: destroyed max-border off: vars_erased=3
iter=15 elapsed=53.966s step_runtime=0.542s destroy=destroy_all_forbidden_sequences repair=repair_chuffed_fast objective_metric=minizinc_objective incumbent_objective=14.0 contender_objective=14.0 score=1 accepted=True repair_failed=False used_exploration=False stagnation_rounds=1 weights_updated=False
  destroyed=destroy_all_forbidden_sequences: destroyed forbidden sequences: vars_erased=2
iter=16 elapsed=57.464s step_runtime=3.498s destroy=destroy_worst_workers_30pct repair=repair_chuffed_fast objective_metric=minizinc_objective incumbent_objective=14.0 contender_objective=33.0 score=0 accepted=False repair_failed=False used_exploration=False stagnation_rounds=2 weights_updated=False
  destroyed=destroy_worst_workers_30pct: destroyed workers: [1, 2, 10, 12]
iter=17 elapsed=58.013s step_runtime=0.550s destroy=destroy_max_border_shift_2 repair=repair_chuffed_fast objective_metric=minizinc_objective incumbent_objective=14.0 contender_objective=14.0 score=1 accepted=True repair_failed=False used_exploration=False stagnation_rounds=3 weights_updated=False
  destroyed=destroy_max_border_shift_2: destroyed max-border shift_2: vars_erased=3
iter=18 elapsed=73.463s step_runtime=15.449s destroy=destroy_random_window_20pct repair=repair_gecode_long objective_metric=minizinc_objective incumbent_objective=14.0 contender_objective=10.0 score=3 accepted=True repair_failed=False used_exploration=False stagnation_rounds=0 weights_updated=False
  destroyed=destroy_random_window_20pct: destroyed window: [1, 2, 3, 4, 5, 6, 7] x [0, 1, 5, 6]
iter=19 elapsed=88.952s step_runtime=15.489s destroy=destroy_worst_workers_30pct repair=repair_chuffed_long objective_metric=minizinc_objective incumbent_objective=10.0 contender_objective=27.0 score=0 accepted=False repair_failed=False used_exploration=False stagnation_rounds=1 weights_updated=False
  destroyed=destroy_worst_workers_30pct: destroyed workers: [1, 3, 10, 12]
iter=20 elapsed=89.582s step_runtime=0.630s destroy=destroy_random_window_20pct repair=repair_chuffed_fast objective_metric=minizinc_objective incumbent_objective=10.0 contender_objective=9.0 score=5 accepted=True repair_failed=False used_exploration=False stagnation_rounds=0 weights_updated=True
  destroyed=destroy_random_window_20pct: destroyed window: [8, 9, 10, 11] x [4, 5]

  weight update (destroy):
    operator                             before    after
    destroy_worst_workers_10pct            0.15     0.13
    destroy_worst_workers_30pct            0.06     0.05
    destroy_random_workers_20pct           0.06     0.05
    destroy_random_window_20pct            0.06     0.17
    destroy_all_forbidden_sequences        0.15     0.14
    destroy_streak_around_worst_worker     0.06     0.05
    destroy_worst_days_10pct               0.06     0.05
    destroy_worst_days_30pct               0.06     0.05
    destroy_random_days_20pct              0.06     0.05
    destroy_max_border_work                0.06     0.05
    destroy_max_border_off                 0.06     0.05
    destroy_max_border_shift_1             0.06     0.05
    destroy_max_border_shift_2             0.06     0.06
    destroy_max_border_shift_3             0.06     0.05

  weight update (repair):
    operator                             before    after
    repair_chuffed_fast                    0.43     0.35
    repair_gecode_fast                     0.35     0.28
    repair_chuffed_long                    0.08     0.07
    repair_gecode_long                     0.15     0.30
iter=21 elapsed=90.244s step_runtime=0.662s destroy=destroy_random_window_20pct repair=repair_gecode_long objective_metric=minizinc_objective incumbent_objective=9.0 contender_objective=9.0 score=1 accepted=True repair_failed=False used_exploration=False stagnation_rounds=1 weights_updated=False
  destroyed=destroy_random_window_20pct: destroyed window: [6, 7, 8, 9, 10, 11] x [5, 6]
iter=22 elapsed=93.771s step_runtime=3.527s destroy=destroy_random_window_20pct repair=repair_chuffed_fast objective_metric=minizinc_objective incumbent_objective=9.0 contender_objective=24.0 score=0 accepted=False repair_failed=False used_exploration=False stagnation_rounds=2 weights_updated=False
  destroyed=destroy_random_window_20pct: destroyed window: [2, 3, 4, 5, 6, 7] x [0, 1, 2, 6]
iter=23 elapsed=95.124s step_runtime=1.353s destroy=destroy_random_window_20pct repair=repair_chuffed_fast objective_metric=minizinc_objective incumbent_objective=9.0 contender_objective=9.0 score=1 accepted=True repair_failed=False used_exploration=False stagnation_rounds=3 weights_updated=False
  destroyed=destroy_random_window_20pct: destroyed window: [0, 1, 2, 3, 4, 5, 6] x [0, 1, 2]
iter=24 elapsed=98.551s step_runtime=3.427s destroy=destroy_random_days_20pct repair=repair_chuffed_fast objective_metric=minizinc_objective incumbent_objective=9.0 contender_objective=20.0 score=0 accepted=True repair_failed=False used_exploration=False stagnation_rounds=4 weights_updated=False
  destroyed=destroy_random_days_20pct: destroyed days: [3, 5]
iter=25 elapsed=102.047s step_runtime=3.496s destroy=destroy_worst_workers_30pct repair=repair_chuffed_fast objective_metric=minizinc_objective incumbent_objective=20.0 contender_objective=46.0 score=0 accepted=False repair_failed=False used_exploration=False stagnation_rounds=5 weights_updated=False
  destroyed=destroy_worst_workers_30pct: destroyed workers: [2, 3, 10, 12]
iter=26 elapsed=117.493s step_runtime=15.446s destroy=destroy_random_window_20pct repair=repair_gecode_long objective_metric=minizinc_objective incumbent_objective=20.0 contender_objective=48.0 score=0 accepted=False repair_failed=False used_exploration=False stagnation_rounds=6 weights_updated=False
  destroyed=destroy_random_window_20pct: destroyed window: [0, 5, 6, 7, 8, 9, 10, 11, 12] x [2, 3, 4, 5]
iter=27 elapsed=120.021s step_runtime=2.528s destroy=destroy_random_window_20pct repair=repair_chuffed_fast objective_metric=minizinc_objective incumbent_objective=20.0 contender_objective=19.0 score=3 accepted=True repair_failed=False used_exploration=False stagnation_rounds=0 weights_updated=False
  destroyed=destroy_random_window_20pct: destroyed window: [9, 10, 11, 12] x [1, 2, 3]
iter=28 elapsed=135.437s step_runtime=15.416s destroy=destroy_random_window_20pct repair=repair_gecode_long objective_metric=minizinc_objective incumbent_objective=19.0 contender_objective=34.0 score=0 accepted=False repair_failed=False used_exploration=False stagnation_rounds=1 weights_updated=False
  destroyed=destroy_random_window_20pct: destroyed window: [7, 8, 9, 10, 11, 12] x [0, 1, 2, 6]
iter=29 elapsed=137.418s step_runtime=1.981s destroy=destroy_random_window_20pct repair=repair_gecode_fast objective_metric=minizinc_objective incumbent_objective=19.0 contender_objective=14.0 score=3 accepted=True repair_failed=False used_exploration=False stagnation_rounds=0 weights_updated=False
  destroyed=destroy_random_window_20pct: destroyed window: [0, 1, 7, 8, 9, 10, 11, 12] x [3, 4]
iter=30 elapsed=137.981s step_runtime=0.563s destroy=destroy_max_border_shift_2 repair=repair_chuffed_fast objective_metric=minizinc_objective incumbent_objective=14.0 contender_objective=14.0 score=1 accepted=True repair_failed=False used_exploration=False stagnation_rounds=1 weights_updated=True
  destroyed=destroy_max_border_shift_2: destroyed max-border shift_2: vars_erased=3

  weight update (destroy):
    operator                             before    after
    destroy_worst_workers_10pct            0.13     0.11
    destroy_worst_workers_30pct            0.05     0.05
    destroy_random_workers_20pct           0.05     0.05
    destroy_random_window_20pct            0.17     0.20
    destroy_all_forbidden_sequences        0.14     0.12
    destroy_streak_around_worst_worker     0.05     0.05
    destroy_worst_days_10pct               0.05     0.05
    destroy_worst_days_30pct               0.05     0.05
    destroy_random_days_20pct              0.05     0.05
    destroy_max_border_work                0.05     0.05
    destroy_max_border_off                 0.05     0.04
    destroy_max_border_shift_1             0.05     0.04
    destroy_max_border_shift_2             0.06     0.10
    destroy_max_border_shift_3             0.05     0.04

  weight update (repair):
    operator                             before    after
    repair_chuffed_fast                    0.35     0.29
    repair_gecode_fast                     0.28     0.41
    repair_chuffed_long                    0.07     0.06
    repair_gecode_long                     0.30     0.24
iter=31 elapsed=138.609s step_runtime=0.628s destroy=destroy_random_window_20pct repair=repair_gecode_fast objective_metric=minizinc_objective incumbent_objective=14.0 contender_objective=11.0 score=3 accepted=True repair_failed=False used_exploration=False stagnation_rounds=0 weights_updated=False
  destroyed=destroy_random_window_20pct: destroyed window: [0, 11, 12] x [0, 1, 2]
iter=32 elapsed=139.329s step_runtime=0.720s destroy=destroy_random_window_20pct repair=repair_gecode_fast objective_metric=minizinc_objective incumbent_objective=11.0 contender_objective=8.0 score=5 accepted=True repair_failed=False used_exploration=False stagnation_rounds=0 weights_updated=False
  destroyed=destroy_random_window_20pct: destroyed window: [0, 1, 2, 3, 4, 5, 6] x [0, 5, 6]
iter=33 elapsed=142.755s step_runtime=3.426s destroy=destroy_worst_workers_30pct repair=repair_gecode_fast objective_metric=minizinc_objective incumbent_objective=8.0 contender_objective=19.0 score=0 accepted=True repair_failed=False used_exploration=False stagnation_rounds=1 weights_updated=False
  destroyed=destroy_worst_workers_30pct: destroyed workers: [0, 2, 3, 12]
iter=34 elapsed=146.198s step_runtime=3.442s destroy=destroy_streak_around_worst_worker repair=repair_gecode_fast objective_metric=minizinc_objective incumbent_objective=19.0 contender_objective=52.0 score=0 accepted=False repair_failed=False used_exploration=False stagnation_rounds=2 weights_updated=False
  destroyed=destroy_streak_around_worst_worker: destroyed streak len=35 start=(w10,d4) end=(w2,d3); destroyed_inside=35
iter=35 elapsed=149.663s step_runtime=3.465s destroy=destroy_random_window_20pct repair=repair_chuffed_fast objective_metric=minizinc_objective incumbent_objective=19.0 contender_objective=16.0 score=3 accepted=True repair_failed=False used_exploration=False stagnation_rounds=0 weights_updated=False
  destroyed=destroy_random_window_20pct: destroyed window: [0, 1, 2, 10, 11, 12] x [0, 5, 6]
iter=36 elapsed=150.310s step_runtime=0.647s destroy=destroy_max_border_off repair=repair_chuffed_long objective_metric=minizinc_objective incumbent_objective=16.0 contender_objective=8.0 score=3 accepted=True repair_failed=False used_exploration=False stagnation_rounds=0 weights_updated=False
  destroyed=destroy_max_border_off: destroyed max-border off: vars_erased=8
iter=37 elapsed=165.736s step_runtime=15.426s destroy=destroy_worst_workers_30pct repair=repair_gecode_long objective_metric=minizinc_objective incumbent_objective=8.0 contender_objective=18.0 score=0 accepted=False repair_failed=False used_exploration=False stagnation_rounds=1 weights_updated=False
  destroyed=destroy_worst_workers_30pct: destroyed workers: [0, 5, 6, 12]
iter=38 elapsed=169.175s step_runtime=3.439s destroy=destroy_worst_days_30pct repair=repair_gecode_fast objective_metric=minizinc_objective incumbent_objective=8.0 contender_objective=68.0 score=0 accepted=False repair_failed=False used_exploration=False stagnation_rounds=2 weights_updated=False
  destroyed=destroy_worst_days_30pct: destroyed days: [0, 1, 3]
iter=39 elapsed=172.591s step_runtime=3.416s destroy=destroy_random_days_20pct repair=repair_gecode_fast objective_metric=minizinc_objective incumbent_objective=8.0 contender_objective=10.0 score=0 accepted=True repair_failed=False used_exploration=False stagnation_rounds=3 weights_updated=False
  destroyed=destroy_random_days_20pct: destroyed days: [4, 5]
iter=40 elapsed=173.143s step_runtime=0.553s destroy=destroy_all_forbidden_sequences repair=repair_chuffed_fast objective_metric=minizinc_objective incumbent_objective=10.0 contender_objective=10.0 score=1 accepted=True repair_failed=False used_exploration=False stagnation_rounds=4 weights_updated=True
  destroyed=destroy_all_forbidden_sequences: destroyed forbidden sequences: vars_erased=2

  weight update (destroy):
    operator                             before    after
    destroy_worst_workers_10pct            0.11     0.09
    destroy_worst_workers_30pct            0.05     0.04
    destroy_random_workers_20pct           0.05     0.04
    destroy_random_window_20pct            0.20     0.34
    destroy_all_forbidden_sequences        0.12     0.10
    destroy_streak_around_worst_worker     0.05     0.04
    destroy_worst_days_10pct               0.05     0.04
    destroy_worst_days_30pct               0.05     0.04
    destroy_random_days_20pct              0.05     0.04
    destroy_max_border_work                0.05     0.04
    destroy_max_border_off                 0.04     0.04
    destroy_max_border_shift_1             0.04     0.03
    destroy_max_border_shift_2             0.10     0.08
    destroy_max_border_shift_3             0.04     0.03

  weight update (repair):
    operator                             before    after
    repair_chuffed_fast                    0.29     0.27
    repair_gecode_fast                     0.41     0.34
    repair_chuffed_long                    0.06     0.20
    repair_gecode_long                     0.24     0.20
iter=41 elapsed=176.627s step_runtime=3.484s destroy=destroy_random_window_20pct repair=repair_chuffed_fast objective_metric=minizinc_objective incumbent_objective=10.0 contender_objective=25.0 score=0 accepted=False repair_failed=False used_exploration=False stagnation_rounds=5 weights_updated=False
  destroyed=destroy_random_window_20pct: destroyed window: [0, 1, 2, 3, 9, 10, 11, 12] x [2, 3, 4, 5]
iter=42 elapsed=178.614s step_runtime=1.987s destroy=destroy_random_window_20pct repair=repair_chuffed_long objective_metric=minizinc_objective incumbent_objective=10.0 contender_objective=5.0 score=5 accepted=True repair_failed=False used_exploration=False stagnation_rounds=0 weights_updated=False
  destroyed=destroy_random_window_20pct: destroyed window: [0, 1, 2, 3, 4, 5, 6, 7] x [2, 3, 4]
iter=43 elapsed=194.125s step_runtime=15.510s destroy=destroy_worst_workers_30pct repair=repair_chuffed_long objective_metric=minizinc_objective incumbent_objective=5.0 contender_objective=22.0 score=0 accepted=False repair_failed=False used_exploration=False stagnation_rounds=1 weights_updated=False
  destroyed=destroy_worst_workers_30pct: destroyed workers: [1, 5, 9, 12]
