Loaded instance: Example0.txt
instance=Example0
instance_name=Example0
instance_file=Example0.txt
instance_path=/Users/gab/Library/Mobile Documents/com~apple~CloudDocs/QuIST/ML/Optimization/Project 2/LNS_scheduling/Instances1-50/Example0.txt
variant=alns_plain
seed=0

iter=1 elapsed=5.260s step_runtime=5.260s destroy=destroy_streak_around_worst_worker repair=repair_tabu_fast objective_metric=minizinc_objective incumbent_objective=inf contender_objective=10.0 score=5 accepted=True repair_failed=False used_exploration=False stagnation_rounds=0 weights_updated=False
  destroyed=destroy_streak_around_worst_worker: destroyed streak len=9 start=(w0,d3) end=(w1,d4); destroyed_inside=9
iter=2 elapsed=7.010s step_runtime=1.750s destroy=destroy_random_days_20pct repair=repair_gecode_fast objective_metric=minizinc_objective incumbent_objective=10.0 contender_objective=5.0 score=5 accepted=True repair_failed=False used_exploration=False stagnation_rounds=0 weights_updated=False
  destroyed=destroy_random_days_20pct: destroyed days: [1, 4]
iter=3 elapsed=7.635s step_runtime=0.625s destroy=destroy_random_window_20pct repair=repair_chuffed_long objective_metric=minizinc_objective incumbent_objective=5.0 contender_objective=5.0 score=1 accepted=True repair_failed=False used_exploration=False stagnation_rounds=1 weights_updated=False
  destroyed=destroy_random_window_20pct: destroyed window: [4, 5, 6] x [0, 6]
iter=4 elapsed=11.446s step_runtime=3.811s destroy=destroy_streak_around_worst_worker repair=repair_tabu_fast objective_metric=minizinc_objective incumbent_objective=5.0 contender_objective=8.0 score=0 accepted=True repair_failed=False used_exploration=False stagnation_rounds=2 weights_updated=False
  destroyed=destroy_streak_around_worst_worker: destroyed streak len=13 start=(w1,d1) end=(w2,d6); destroyed_inside=13
iter=5 elapsed=24.926s step_runtime=13.480s destroy=destroy_random_days_20pct repair=repair_tabu_long objective_metric=minizinc_objective incumbent_objective=8.0 contender_objective=5.0 score=3 accepted=True repair_failed=False used_exploration=False stagnation_rounds=0 weights_updated=False
  destroyed=destroy_random_days_20pct: destroyed days: [2, 4]
iter=6 elapsed=26.025s step_runtime=1.099s destroy=destroy_random_days_20pct repair=repair_chuffed_long objective_metric=minizinc_objective incumbent_objective=5.0 contender_objective=5.0 score=1 accepted=True repair_failed=False used_exploration=False stagnation_rounds=1 weights_updated=False
  destroyed=destroy_random_days_20pct: destroyed days: [2, 3]
iter=7 elapsed=26.691s step_runtime=0.666s destroy=destroy_all_forbidden_sequences repair=repair_gecode_long objective_metric=minizinc_objective incumbent_objective=5.0 contender_objective=3.0 score=5 accepted=True repair_failed=False used_exploration=False stagnation_rounds=0 weights_updated=False
  destroyed=destroy_all_forbidden_sequences: destroyed forbidden sequences: vars_erased=4
iter=8 elapsed=27.293s step_runtime=0.602s destroy=destroy_random_window_20pct repair=repair_chuffed_fast objective_metric=minizinc_objective incumbent_objective=3.0 contender_objective=2.0 score=5 accepted=True repair_failed=False used_exploration=False stagnation_rounds=0 weights_updated=False
  destroyed=destroy_random_window_20pct: destroyed window: [0, 6] x [0, 1, 5, 6]
iter=9 elapsed=30.845s step_runtime=3.552s destroy=destroy_worst_days_30pct repair=repair_tabu_fast objective_metric=minizinc_objective incumbent_objective=2.0 contender_objective=2.0 score=1 accepted=True repair_failed=False used_exploration=False stagnation_rounds=1 weights_updated=False
  destroyed=destroy_worst_days_30pct: destroyed days: [1, 4, 5]
iter=10 elapsed=31.848s step_runtime=1.003s destroy=destroy_random_days_20pct repair=repair_gecode_fast objective_metric=minizinc_objective incumbent_objective=2.0 contender_objective=2.0 score=1 accepted=True repair_failed=False used_exploration=False stagnation_rounds=2 weights_updated=True
  destroyed=destroy_random_days_20pct: destroyed days: [3, 4]

  weight update (destroy):
    operator                             before    after
    destroy_worst_workers_10pct            0.07     0.06
    destroy_worst_workers_30pct            0.07     0.06
    destroy_random_workers_20pct           0.07     0.06
    destroy_random_window_20pct            0.07     0.07
    destroy_all_forbidden_sequences        0.07     0.22
    destroy_streak_around_worst_worker     0.07     0.07
    destroy_worst_days_10pct               0.07     0.06
    destroy_worst_days_30pct               0.07     0.06
    destroy_random_days_20pct              0.07     0.07
    destroy_max_border_work                0.07     0.06
    destroy_max_border_off                 0.07     0.06
    destroy_max_border_shift_1             0.07     0.06
    destroy_max_border_shift_2             0.07     0.06
    destroy_max_border_shift_3             0.07     0.06

  weight update (repair):
    operator                             before    after
    repair_chuffed_fast                    0.22     0.27
    repair_gecode_fast                     0.22     0.19
    repair_chuffed_long                    0.11     0.09
    repair_gecode_long                     0.11     0.18
    repair_tabu_fast                       0.22     0.18
    repair_tabu_long                       0.11     0.10
iter=11 elapsed=32.541s step_runtime=0.693s destroy=destroy_streak_around_worst_worker repair=repair_gecode_fast objective_metric=minizinc_objective incumbent_objective=2.0 contender_objective=2.0 score=1 accepted=True repair_failed=False used_exploration=False stagnation_rounds=3 weights_updated=False
  destroyed=destroy_streak_around_worst_worker: destroyed streak len=15 start=(w6,d0) end=(w1,d0); destroyed_inside=15
iter=12 elapsed=33.241s step_runtime=0.700s destroy=destroy_random_workers_20pct repair=repair_chuffed_fast objective_metric=minizinc_objective incumbent_objective=2.0 contender_objective=1.0 score=5 accepted=True repair_failed=False used_exploration=False stagnation_rounds=0 weights_updated=False
  destroyed=destroy_random_workers_20pct: destroyed workers: [1, 4]
iter=13 elapsed=37.956s step_runtime=4.715s destroy=destroy_random_workers_20pct repair=repair_tabu_fast objective_metric=minizinc_objective incumbent_objective=1.0 contender_objective=1.0 score=1 accepted=True repair_failed=False used_exploration=False stagnation_rounds=1 weights_updated=False
  destroyed=destroy_random_workers_20pct: destroyed workers: [0, 2]
iter=14 elapsed=42.234s step_runtime=4.278s destroy=destroy_random_workers_20pct repair=repair_tabu_fast objective_metric=minizinc_objective incumbent_objective=1.0 contender_objective=1.0 score=1 accepted=True repair_failed=False used_exploration=False stagnation_rounds=2 weights_updated=False
  destroyed=destroy_random_workers_20pct: destroyed workers: [0, 4]
iter=15 elapsed=43.017s step_runtime=0.783s destroy=destroy_random_workers_20pct repair=repair_chuffed_fast objective_metric=minizinc_objective incumbent_objective=1.0 contender_objective=0.0 score=5 accepted=True repair_failed=False used_exploration=False stagnation_rounds=0 weights_updated=False
  destroyed=destroy_random_workers_20pct: destroyed workers: [2, 3]
