{
  "rollout_length": 10,
  "episode_return": [
    47.81600097080646,
    60.35984848484849,
    97.0,
    87.6722925922456,
    46.4897320223636,
    41.9047619047619,
    15.1,
    5.3999999999999995,
    22.0,
    6.75,
    25.25,
    10.0,
    7.0,
    7.0,
    9.0,
    19.0,
    21.043889484828416,
    10.372063097641602,
    32.614737502315435,
    10.524681570741505,
    11.87140361094933,
    21.752901116162676,
    -1.3543458064006013,
    -0.13721529195064186,
    1.4174484052532839,
    1.1265334665334665,
    11.338096282661205,
    0.1267605633802817,
    10.80199378086702,
    64.96258295967598,
    17.400000000000002,
    38.8,
    6.5,
    14.0,
    7.0,
    7.0,
    9.0,
    3.375,
    14.2,
    14.25,
    18.0,
    7.5,
    38.3968671679198,
    18.3952380952381,
    28.2,
    6.0,
    7.0,
    27.0,
    60.5,
    42.269210103981735,
    32.89130325414458,
    21.687748106794324
  ],
  "best_objective": [
    22.0,
    19.0,
    19.0,
    15.0,
    15.0,
    15.0,
    15.0,
    15.0,
    11.0,
    11.0,
    9.0,
    9.0,
    9.0,
    8.0,
    8.0,
    8.0,
    7.0,
    5.0,
    5.0,
    4.0,
    4.0,
    3.0,
    3.0,
    1.0,
    1.0,
    1.0,
    0.0,
    0.0,
    0.0,
    0.0,
    55.0,
    52.0,
    48.0,
    48.0,
    47.0,
    41.0,
    41.0,
    39.0,
    32.0,
    26.0,
    26.0,
    24.0,
    20.0,
    20.0,
    20.0,
    19.0,
    15.0,
    15.0,
    15.0,
    15.0,
    8.0,
    8.0,
    6.0,
    6.0,
    6.0,
    6.0,
    6.0,
    6.0,
    5.0,
    5.0,
    5.0,
    5.0,
    5.0,
    5.0,
    5.0,
    5.0,
    5.0,
    5.0,
    4.0,
    4.0,
    4.0,
    4.0,
    4.0,
    4.0,
    4.0,
    4.0,
    4.0,
    4.0,
    4.0,
    4.0,
    4.0,
    3.0,
    3.0,
    3.0,
    3.0,
    3.0,
    3.0,
    3.0,
    3.0,
    3.0,
    3.0,
    3.0,
    3.0,
    3.0,
    3.0,
    3.0,
    3.0,
    3.0,
    3.0,
    3.0,
    3.0,
    3.0,
    3.0,
    2.0,
    2.0,
    2.0,
    2.0,
    2.0,
    2.0,
    2.0,
    2.0,
    2.0,
    2.0,
    2.0,
    2.0,
    2.0,
    2.0,
    2.0,
    2.0,
    2.0,
    2.0,
    2.0,
    2.0,
    2.0,
    2.0,
    2.0,
    2.0,
    2.0,
    2.0,
    2.0,
    2.0,
    2.0,
    2.0,
    2.0,
    2.0,
    2.0,
    2.0,
    2.0,
    2.0,
    2.0,
    2.0,
    2.0,
    2.0,
    2.0,
    2.0,
    2.0,
    2.0,
    2.0,
    2.0,
    2.0,
    2.0,
    2.0,
    2.0,
    1.0,
    1.0,
    146.0,
    146.0,
    146.0,
    146.0,
    146.0,
    146.0,
    146.0,
    140.0,
    140.0,
    140.0,
    140.0,
    140.0,
    140.0,
    140.0,
    140.0,
    140.0,
    140.0,
    140.0,
    136.0,
    136.0,
    136.0,
    128.0,
    128.0,
    128.0,
    128.0,
    123.0,
    105.0,
    105.0,
    105.0,
    105.0,
    105.0,
    105.0,
    105.0,
    105.0,
    105.0,
    105.0,
    105.0,
    101.0,
    101.0,
    101.0,
    101.0,
    101.0,
    101.0,
    101.0,
    101.0,
    101.0,
    101.0,
    84.0,
    84.0,
    84.0,
    84.0,
    78.0,
    78.0,
    78.0,
    78.0,
    78.0,
    78.0,
    72.0,
    72.0,
    72.0,
    72.0,
    72.0,
    72.0,
    72.0,
    72.0,
    72.0,
    72.0,
    72.0,
    72.0,
    72.0,
    72.0,
    72.0,
    72.0,
    72.0,
    72.0,
    72.0,
    72.0,
    72.0,
    72.0,
    72.0,
    72.0,
    72.0,
    72.0,
    72.0,
    72.0,
    72.0,
    72.0,
    72.0,
    72.0,
    72.0,
    72.0,
    72.0,
    72.0,
    72.0,
    72.0,
    72.0,
    72.0,
    72.0,
    72.0,
    72.0,
    72.0,
    72.0,
    72.0,
    72.0,
    72.0,
    70.0,
    70.0,
    70.0,
    70.0,
    70.0,
    70.0,
    70.0,
    70.0,
    70.0,
    70.0,
    70.0,
    70.0,
    70.0,
    70.0,
    70.0,
    70.0,
    65.0,
    65.0,
    65.0,
    65.0,
    42.0,
    12.0,
    12.0,
    10.0,
    10.0,
    10.0,
    10.0,
    7.0,
    7.0,
    6.0,
    6.0,
    4.0,
    4.0,
    4.0,
    4.0,
    4.0,
    4.0,
    4.0,
    4.0,
    4.0,
    4.0,
    4.0,
    4.0,
    4.0,
    1.0,
    1.0,
    1.0,
    1.0,
    1.0,
    1.0,
    1.0,
    1.0,
    1.0,
    1.0,
    1.0,
    1.0,
    1.0,
    1.0,
    1.0,
    1.0,
    1.0,
    1.0,
    1.0,
    1.0,
    1.0,
    1.0,
    1.0,
    1.0,
    1.0,
    1.0,
    1.0,
    1.0,
    1.0,
    1.0,
    1.0,
    1.0,
    1.0,
    1.0,
    1.0,
    1.0,
    1.0,
    1.0,
    1.0,
    1.0,
    1.0,
    1.0,
    1.0,
    1.0,
    1.0,
    1.0,
    1.0,
    1.0,
    1.0,
    1.0,
    1.0,
    1.0,
    1.0,
    1.0,
    1.0,
    1.0,
    1.0,
    1.0,
    1.0,
    1.0,
    1.0,
    1.0,
    1.0,
    1.0,
    1.0,
    1.0,
    1.0,
    1.0,
    1.0,
    1.0,
    1.0,
    1.0,
    1.0,
    1.0,
    1.0,
    1.0,
    1.0,
    1.0,
    1.0,
    1.0,
    1.0,
    1.0,
    1.0,
    1.0,
    1.0,
    1.0,
    1.0,
    1.0,
    1.0,
    1.0,
    1.0,
    1.0,
    1.0,
    1.0,
    1.0,
    1.0,
    1.0,
    1.0,
    1.0,
    1.0,
    1.0,
    19.0,
    6.0,
    6.0,
    6.0,
    6.0,
    6.0,
    6.0,
    6.0,
    5.0,
    5.0,
    5.0,
    5.0,
    5.0,
    5.0,
    5.0,
    5.0,
    5.0,
    4.0,
    4.0,
    4.0,
    4.0,
    4.0,
    4.0,
    4.0,
    4.0,
    4.0,
    4.0,
    4.0,
    2.0,
    2.0,
    2.0,
    2.0,
    2.0,
    2.0,
    2.0,
    2.0,
    2.0,
    2.0,
    2.0,
    2.0,
    2.0,
    2.0,
    2.0,
    2.0,
    2.0,
    2.0,
    2.0,
    2.0,
    2.0,
    2.0,
    2.0,
    2.0,
    2.0,
    2.0,
    2.0,
    1.0,
    1.0,
    1.0,
    1.0,
    1.0,
    1.0,
    1.0,
    1.0,
    1.0,
    1.0,
    1.0,
    1.0,
    0.0,
    0.0,
    0.0,
    142.0,
    125.0,
    125.0,
    119.0,
    114.0,
    114.0,
    114.0,
    114.0,
    114.0,
    114.0,
    114.0,
    114.0,
    110.0,
    110.0,
    93.0,
    93.0,
    93.0,
    93.0,
    86.0,
    86.0,
    86.0,
    78.0,
    78.0,
    78.0,
    73.0
  ],
  "current_objective": [
    22.0,
    19.0,
    19.0,
    15.0,
    15.0,
    15.0,
    15.0,
    15.0,
    11.0,
    11.0,
    9.0,
    9.0,
    9.0,
    8.0,
    8.0,
    8.0,
    7.0,
    5.0,
    5.0,
    4.0,
    4.0,
    3.0,
    3.0,
    1.0,
    1.0,
    1.0,
    0.0,
    0.0,
    0.0,
    0.0,
    55.0,
    52.0,
    48.0,
    48.0,
    47.0,
    41.0,
    41.0,
    39.0,
    32.0,
    26.0,
    26.0,
    24.0,
    20.0,
    20.0,
    20.0,
    19.0,
    15.0,
    15.0,
    15.0,
    15.0,
    8.0,
    8.0,
    6.0,
    6.0,
    6.0,
    6.0,
    6.0,
    6.0,
    5.0,
    5.0,
    5.0,
    5.0,
    5.0,
    5.0,
    5.0,
    5.0,
    5.0,
    5.0,
    4.0,
    4.0,
    4.0,
    4.0,
    4.0,
    4.0,
    4.0,
    4.0,
    4.0,
    4.0,
    4.0,
    4.0,
    4.0,
    3.0,
    3.0,
    3.0,
    3.0,
    3.0,
    3.0,
    3.0,
    3.0,
    3.0,
    3.0,
    3.0,
    3.0,
    3.0,
    3.0,
    3.0,
    3.0,
    3.0,
    3.0,
    3.0,
    3.0,
    3.0,
    3.0,
    2.0,
    2.0,
    2.0,
    2.0,
    2.0,
    2.0,
    2.0,
    2.0,
    2.0,
    2.0,
    2.0,
    2.0,
    2.0,
    2.0,
    2.0,
    2.0,
    2.0,
    2.0,
    2.0,
    2.0,
    2.0,
    2.0,
    2.0,
    2.0,
    2.0,
    2.0,
    2.0,
    2.0,
    2.0,
    2.0,
    2.0,
    2.0,
    2.0,
    2.0,
    2.0,
    2.0,
    2.0,
    2.0,
    2.0,
    2.0,
    2.0,
    2.0,
    2.0,
    2.0,
    2.0,
    2.0,
    2.0,
    2.0,
    2.0,
    2.0,
    1.0,
    1.0,
    146.0,
    146.0,
    146.0,
    154.0,
    149.0,
    149.0,
    149.0,
    140.0,
    140.0,
    140.0,
    140.0,
    140.0,
    140.0,
    140.0,
    140.0,
    140.0,
    140.0,
    140.0,
    136.0,
    136.0,
    136.0,
    128.0,
    128.0,
    128.0,
    128.0,
    123.0,
    105.0,
    105.0,
    105.0,
    105.0,
    105.0,
    105.0,
    105.0,
    105.0,
    105.0,
    105.0,
    105.0,
    101.0,
    101.0,
    101.0,
    101.0,
    101.0,
    101.0,
    101.0,
    101.0,
    101.0,
    101.0,
    84.0,
    84.0,
    84.0,
    84.0,
    78.0,
    78.0,
    78.0,
    78.0,
    78.0,
    78.0,
    72.0,
    72.0,
    72.0,
    72.0,
    72.0,
    72.0,
    72.0,
    72.0,
    76.0,
    76.0,
    76.0,
    76.0,
    76.0,
    76.0,
    76.0,
    76.0,
    76.0,
    84.0,
    84.0,
    84.0,
    84.0,
    84.0,
    82.0,
    77.0,
    77.0,
    77.0,
    77.0,
    77.0,
    77.0,
    77.0,
    77.0,
    77.0,
    77.0,
    77.0,
    77.0,
    77.0,
    74.0,
    74.0,
    74.0,
    74.0,
    74.0,
    74.0,
    74.0,
    74.0,
    72.0,
    72.0,
    72.0,
    72.0,
    70.0,
    70.0,
    70.0,
    70.0,
    70.0,
    70.0,
    70.0,
    70.0,
    70.0,
    70.0,
    70.0,
    70.0,
    70.0,
    70.0,
    70.0,
    70.0,
    65.0,
    65.0,
    65.0,
    65.0,
    42.0,
    12.0,
    12.0,
    10.0,
    10.0,
    10.0,
    10.0,
    7.0,
    7.0,
    6.0,
    6.0,
    4.0,
    4.0,
    4.0,
    4.0,
    4.0,
    4.0,
    4.0,
    4.0,
    4.0,
    4.0,
    4.0,
    4.0,
    4.0,
    1.0,
    1.0,
    1.0,
    1.0,
    1.0,
    1.0,
    1.0,
    1.0,
    5.0,
    5.0,
    5.0,
    5.0,
    3.0,
    3.0,
    3.0,
    3.0,
    3.0,
    3.0,
    2.0,
    2.0,
    2.0,
    2.0,
    2.0,
    2.0,
    2.0,
    2.0,
    2.0,
    2.0,
    2.0,
    2.0,
    2.0,
    2.0,
    2.0,
    2.0,
    2.0,
    2.0,
    2.0,
    2.0,
    2.0,
    2.0,
    2.0,
    2.0,
    2.0,
    2.0,
    2.0,
    2.0,
    2.0,
    2.0,
    2.0,
    2.0,
    2.0,
    2.0,
    2.0,
    2.0,
    2.0,
    2.0,
    2.0,
    2.0,
    2.0,
    2.0,
    2.0,
    2.0,
    2.0,
    2.0,
    2.0,
    7.0,
    7.0,
    7.0,
    7.0,
    7.0,
    7.0,
    4.0,
    4.0,
    3.0,
    3.0,
    3.0,
    3.0,
    3.0,
    3.0,
    3.0,
    3.0,
    3.0,
    2.0,
    2.0,
    2.0,
    2.0,
    2.0,
    2.0,
    2.0,
    2.0,
    2.0,
    1.0,
    1.0,
    1.0,
    1.0,
    1.0,
    1.0,
    1.0,
    1.0,
    1.0,
    1.0,
    19.0,
    6.0,
    6.0,
    6.0,
    6.0,
    6.0,
    6.0,
    6.0,
    5.0,
    8.0,
    8.0,
    8.0,
    8.0,
    8.0,
    8.0,
    8.0,
    6.0,
    4.0,
    4.0,
    4.0,
    4.0,
    4.0,
    4.0,
    4.0,
    4.0,
    4.0,
    4.0,
    4.0,
    2.0,
    2.0,
    2.0,
    2.0,
    2.0,
    2.0,
    2.0,
    2.0,
    2.0,
    2.0,
    2.0,
    2.0,
    2.0,
    2.0,
    2.0,
    2.0,
    2.0,
    2.0,
    2.0,
    2.0,
    2.0,
    2.0,
    2.0,
    2.0,
    2.0,
    2.0,
    2.0,
    1.0,
    1.0,
    1.0,
    1.0,
    1.0,
    1.0,
    1.0,
    1.0,
    1.0,
    1.0,
    1.0,
    1.0,
    0.0,
    0.0,
    0.0,
    142.0,
    125.0,
    125.0,
    119.0,
    114.0,
    114.0,
    114.0,
    114.0,
    114.0,
    114.0,
    114.0,
    114.0,
    110.0,
    110.0,
    93.0,
    93.0,
    93.0,
    93.0,
    86.0,
    86.0,
    86.0,
    78.0,
    78.0,
    78.0,
    73.0
  ],
  "policy_loss": [
    -0.05854318290948868,
    -0.03780198097229004,
    -0.02939012087881565,
    -0.0349985770881176,
    -0.04226582124829292,
    -0.01319092232733965,
    -0.016222823411226273,
    -0.018907416611909866,
    -0.022899210453033447,
    -0.020470548421144485,
    -0.02152302861213684,
    -0.018164176493883133,
    -0.014427781105041504,
    -0.014725953340530396,
    -0.020873408764600754,
    -0.040581367909908295,
    -0.043937359005212784,
    -0.07948871701955795,
    -0.03604530170559883,
    -0.036069028079509735,
    -0.027099091559648514,
    -0.027930015698075294,
    -0.04217679426074028,
    -0.0733800083398819,
    -0.032767146825790405,
    -0.03342156484723091,
    -0.04510706663131714,
    -0.04198240488767624,
    -0.04448508098721504,
    -0.029461437836289406,
    -0.021484320983290672,
    -0.021562188863754272,
    -0.05007554218173027,
    -0.03573669120669365,
    -0.024081582203507423,
    -0.03142421692609787,
    -0.02250457927584648,
    -0.012600535526871681,
    -0.0467899926006794,
    -0.028357326984405518,
    -0.02731521800160408,
    -0.02307307720184326,
    -0.03568463772535324,
    -0.01372387446463108,
    -0.01594855822622776,
    -0.029642760753631592,
    -0.015108451247215271,
    -0.018240202218294144,
    -0.02265266701579094,
    -0.03207802027463913,
    -0.04834699630737305,
    -0.06790484488010406
  ],
  "value_loss": [
    0.9052644968032837,
    0.8833457827568054,
    0.9003670811653137,
    0.8952031135559082,
    0.8989446759223938,
    0.8878833055496216,
    0.8779469728469849,
    0.8998069763183594,
    0.8944488763809204,
    0.9044173359870911,
    0.8931070566177368,
    0.9006403684616089,
    0.8963079452514648,
    0.8801165819168091,
    0.8864020109176636,
    0.7164574861526489,
    0.896028995513916,
    0.8731420636177063,
    0.9379123449325562,
    0.8305344581604004,
    0.8918129205703735,
    0.9012390375137329,
    0.8606386184692383,
    1.0526025295257568,
    0.9115678668022156,
    0.8880044221878052,
    0.8635495901107788,
    0.8650439977645874,
    0.8652898669242859,
    0.9195280075073242,
    0.8758711814880371,
    0.8754565119743347,
    0.8558670878410339,
    0.8790400624275208,
    0.9252233505249023,
    0.8762394785881042,
    0.8761224746704102,
    0.9092884063720703,
    0.7722433805465698,
    0.8188549280166626,
    0.822482705116272,
    0.8129690289497375,
    0.881613552570343,
    0.8087009191513062,
    0.896682620048523,
    0.9793503880500793,
    0.8628966212272644,
    0.8960648775100708,
    0.8924962878227234,
    1.04360032081604,
    0.7993462681770325,
    0.6869571805000305
  ],
  "entropy": [
    10.232511520385742,
    10.246183395385742,
    10.263858795166016,
    10.210787773132324,
    10.226524353027344,
    10.244616508483887,
    10.246294975280762,
    10.245889663696289,
    10.246004104614258,
    10.243778228759766,
    10.242375373840332,
    10.239534378051758,
    10.24136734008789,
    10.238847732543945,
    10.232226371765137,
    10.228293418884277,
    10.121038436889648,
    10.020166397094727,
    10.070756912231445,
    10.057992935180664,
    10.058679580688477,
    10.062670707702637,
    10.077055931091309,
    10.012065887451172,
    10.11095905303955,
    10.107458114624023,
    10.072853088378906,
    10.019700050354004,
    10.064631462097168,
    10.15985107421875,
    10.184269905090332,
    10.199384689331055,
    10.176066398620605,
    10.21982479095459,
    10.228084564208984,
    10.225589752197266,
    10.219694137573242,
    10.215617179870605,
    9.959426879882812,
    10.181703567504883,
    10.206525802612305,
    10.203869819641113,
    10.14875602722168,
    10.153543472290039,
    10.171432495117188,
    10.192697525024414,
    10.196297645568848,
    10.199464797973633,
    10.210572242736816,
    9.968429565429688,
    9.967689514160156,
    10.005718231201172
  ],
  "accepted_count": [
    9,
    9,
    9,
    10,
    9,
    10,
    8,
    9,
    8,
    9,
    10,
    10,
    7,
    7,
    9,
    2,
    8,
    4,
    7,
    5,
    6,
    7,
    5,
    5,
    8,
    6,
    7,
    3,
    2,
    8,
    9,
    9,
    10,
    8,
    7,
    7,
    9,
    9,
    8,
    9,
    9,
    5,
    9,
    9,
    9,
    6,
    7,
    9,
    10,
    7,
    8,
    3
  ],
  "stagnation": [
    0,
    0,
    0,
    0,
    0,
    0,
    1,
    0,
    0,
    0,
    0,
    0,
    0,
    0,
    1,
    0,
    0,
    0,
    0,
    0,
    1,
    0,
    0,
    0,
    0,
    0,
    0,
    0,
    0,
    0,
    0,
    0,
    0,
    0,
    0,
    0,
    0,
    0,
    0,
    0,
    1,
    0,
    0,
    0,
    0,
    0,
    0,
    0,
    0,
    0,
    0,
    0,
    0,
    0,
    0,
    0,
    0,
    0,
    0,
    0,
    0,
    0,
    0,
    0,
    0,
    1,
    0,
    0,
    0,
    1,
    0,
    0,
    0,
    0,
    1,
    0,
    0,
    0,
    0,
    0,
    1,
    0,
    0,
    0,
    0,
    1,
    0,
    0,
    0,
    0,
    0,
    0,
    0,
    0,
    0,
    0,
    1,
    0,
    0,
    0,
    0,
    0,
    0,
    0,
    0,
    0,
    0,
    0,
    0,
    0,
    0,
    0,
    0,
    0,
    0,
    0,
    0,
    0,
    0,
    0,
    0,
    0,
    1,
    2,
    0,
    0,
    0,
    1,
    0,
    0,
    0,
    0,
    1,
    2,
    3,
    0,
    0,
    0,
    0,
    0,
    0,
    1,
    0,
    0,
    0,
    0,
    0,
    0,
    0,
    0,
    1,
    2,
    3,
    0,
    0,
    0,
    0,
    0,
    0,
    0,
    1,
    0,
    0,
    0,
    1,
    2,
    3,
    4,
    5,
    6,
    7,
    0,
    0,
    0,
    0,
    0,
    0,
    0,
    0,
    1,
    0,
    0,
    1,
    2,
    0,
    1,
    0,
    0,
    1,
    2,
    3,
    0,
    0,
    0,
    1,
    2,
    0,
    1,
    0,
    0,
    1,
    0,
    0,
    1,
    0,
    0,
    0,
    0,
    0,
    1,
    2,
    0,
    0,
    1,
    0,
    0,
    1,
    2,
    0,
    0,
    0,
    0,
    1,
    2,
    3,
    4,
    5,
    6,
    7,
    0,
    0,
    1,
    0,
    0,
    0,
    0,
    1,
    0,
    0,
    0,
    0,
    0,
    0,
    0,
    1,
    0,
    1,
    0,
    0,
    1,
    0,
    0,
    0,
    1,
    2,
    0,
    0,
    0,
    1,
    0,
    0,
    0,
    1,
    0,
    1,
    2,
    3,
    4,
    5,
    0,
    0,
    1,
    2,
    3,
    0,
    0,
    0,
    1,
    2,
    3,
    0,
    0,
    0,
    0,
    1,
    0,
    0,
    0,
    1,
    0,
    1,
    0,
    0,
    0,
    0,
    0,
    0,
    0,
    0,
    0,
    0,
    0,
    0,
    1,
    0,
    0,
    0,
    0,
    0,
    0,
    0,
    0,
    0,
    0,
    0,
    0,
    0,
    0,
    0,
    0,
    0,
    0,
    0,
    1,
    0,
    0,
    0,
    1,
    0,
    0,
    0,
    0,
    0,
    0,
    0,
    1,
    0,
    1,
    0,
    1,
    0,
    1,
    0,
    0,
    0,
    0,
    0,
    1,
    0,
    1,
    0,
    0,
    0,
    0,
    0,
    1,
    0,
    0,
    0,
    0,
    0,
    0,
    0,
    0,
    0,
    1,
    0,
    0,
    0,
    0,
    0,
    0,
    0,
    1,
    0,
    0,
    0,
    0,
    0,
    1,
    0,
    0,
    0,
    0,
    0,
    1,
    0,
    0,
    0,
    0,
    0,
    1,
    0,
    0,
    0,
    0,
    0,
    0,
    0,
    0,
    0,
    0,
    0,
    0,
    0,
    0,
    0,
    0,
    0,
    0,
    0,
    0,
    1,
    0,
    0,
    0,
    0,
    1,
    0,
    0,
    0,
    0,
    0,
    0,
    0,
    1,
    0,
    0,
    0,
    0,
    0,
    0,
    0,
    0,
    0,
    0,
    0,
    0,
    0,
    1,
    0,
    1,
    2,
    0,
    1,
    0,
    0,
    1,
    0,
    0,
    1,
    2,
    0,
    0,
    0,
    0,
    0,
    0,
    0,
    0,
    0,
    0,
    0,
    0,
    1,
    0,
    0,
    0,
    0,
    0,
    0,
    0,
    0,
    0,
    0,
    0,
    0,
    0,
    0,
    0,
    0,
    0,
    1,
    2,
    3,
    0,
    1,
    0,
    0,
    0,
    0,
    0,
    0,
    0,
    1,
    2,
    0,
    1,
    0,
    0
  ],
  "reward": [
    10.130434782608695,
    11.513636363636364,
    0.15,
    12.292763157894736,
    0.1875,
    0.1875,
    0.0,
    0.1875,
    12.916666666666666,
    0.25,
    12.118181818181817,
    0.3,
    0.3,
    11.333333333333334,
    0.0,
    0.3333333333333333,
    11.375,
    12.5,
    0.5,
    11.6,
    0.0,
    16.75,
    0.75,
    23.5,
    1.5,
    1.5,
    44.0,
    3.0,
    3.0,
    3.0,
    10.053571428571429,
    10.60205831903945,
    10.830455259026687,
    0.061224489795918366,
    10.270833333333334,
    11.348024316109422,
    0.07142857142857142,
    10.56280487804878,
    11.885780885780886,
    11.98611111111111,
    0.0,
    10.88923076923077,
    11.80952380952381,
    0.14285714285714285,
    0.14285714285714285,
    10.65,
    12.292763157894736,
    0.1875,
    0.1875,
    0.1875,
    15.0,
    0.3333333333333333,
    12.428571428571429,
    0.42857142857142855,
    0.42857142857142855,
    0.42857142857142855,
    0.42857142857142855,
    0.42857142857142855,
    11.5,
    0.5,
    0.5,
    0.5,
    0.5,
    0.5,
    0.5,
    0.0,
    0.5,
    0.5,
    11.6,
    0.0,
    0.6,
    0.6,
    0.6,
    0.6,
    0.0,
    0.6,
    0.6,
    0.6,
    0.6,
    0.6,
    0.0,
    16.75,
    0.75,
    0.75,
    0.75,
    0.0,
    0.75,
    0.75,
    0.75,
    0.75,
    0.75,
    0.75,
    0.75,
    0.75,
    0.75,
    0.75,
    0.0,
    0.75,
    0.75,
    0.75,
    0.75,
    0.75,
    0.75,
    17.0,
    1.0,
    1.0,
    1.0,
    1.0,
    1.0,
    1.0,
    1.0,
    1.0,
    1.0,
    1.0,
    1.0,
    1.0,
    1.0,
    1.0,
    1.0,
    1.0,
    1.0,
    1.0,
    0.0,
    0.0,
    1.0,
    1.0,
    1.0,
    0.0,
    1.0,
    1.0,
    1.0,
    1.0,
    0.0,
    0.0,
    0.0,
    1.0,
    1.0,
    1.0,
    1.0,
    1.0,
    1.0,
    0.0,
    1.0,
    1.0,
    1.0,
    1.0,
    1.0,
    1.0,
    1.0,
    1.0,
    0.0,
    0.0,
    0.0,
    17.5,
    1.5,
    10.020408163265307,
    0.02040816326530612,
    0.02040816326530612,
    -0.5285903667697746,
    0.8446753246753247,
    0.0,
    0.02,
    10.625303441382265,
    0.02127659574468085,
    0.0,
    0.0,
    0.0,
    0.0,
    0.0,
    0.0,
    0.0,
    0.02127659574468085,
    0.02127659574468085,
    10.307612095933264,
    0.021897810218978103,
    0.021897810218978103,
    10.611491108071135,
    0.023255813953488372,
    0.023255813953488372,
    0.0,
    10.414818548387096,
    11.491716520938795,
    0.0,
    0.0,
    0.02830188679245283,
    0.0,
    0.02830188679245283,
    0.02830188679245283,
    0.0,
    0.0,
    0.0,
    0.02830188679245283,
    10.410364145658264,
    0.029411764705882353,
    0.0,
    0.0,
    0.029411764705882353,
    0.0,
    0.029411764705882353,
    0.029411764705882353,
    0.0,
    0.029411764705882353,
    11.718462434478742,
    0.0,
    0.03529411764705882,
    0.03529411764705882,
    10.752260397830018,
    0.0379746835443038,
    0.0379746835443038,
    0.0,
    0.0,
    0.0379746835443038,
    10.810326659641728,
    0.0,
    0.0410958904109589,
    0.0410958904109589,
    0.0,
    -1.0,
    0.0410958904109589,
    0.0410958904109589,
    -0.5165945165945166,
    0.03896103896103896,
    0.0,
    0.0,
    0.0,
    0.0,
    0.0,
    0.0,
    0.0,
    -1.0173374613003094,
    0.03529411764705882,
    0.0,
    0.03529411764705882,
    0.03529411764705882,
    0.7742398164084912,
    1.148217636022514,
    0.0,
    0.038461538461538464,
    0.038461538461538464,
    0.038461538461538464,
    0.038461538461538464,
    0.038461538461538464,
    0.038461538461538464,
    0.038461538461538464,
    0.0,
    0.038461538461538464,
    0.0,
    0.038461538461538464,
    0.9296103896103896,
    0.0,
    0.04,
    0.04,
    0.04,
    0.0,
    0.0,
    0.04,
    0.8113661606812291,
    0.0410958904109589,
    0.0,
    0.0410958904109589,
    10.320031298904539,
    0.04225352112676056,
    0.0,
    0.04225352112676056,
    0.0,
    0.0,
    0.0,
    0.0,
    0.0,
    0.04225352112676056,
    0.04225352112676056,
    0.0,
    0.0,
    0.0,
    0.04225352112676056,
    0.04225352112676056,
    10.75974025974026,
    0.0,
    0.0,
    0.0,
    10.069767441860465,
    17.373626373626372,
    0.23076923076923078,
    11.93939393939394,
    0.0,
    0.2727272727272727,
    0.2727272727272727,
    13.375,
    0.0,
    11.428571428571429,
    0.0,
    12.6,
    0.6,
    0.6,
    0.6,
    0.6,
    0.6,
    0.6,
    0.6,
    0.6,
    0.6,
    0.6,
    0.6,
    0.0,
    29.5,
    1.5,
    1.5,
    1.5,
    1.5,
    1.5,
    1.5,
    1.5,
    -3.5,
    0.5,
    0.5,
    0.5,
    3.25,
    0.75,
    0.75,
    0.75,
    0.75,
    0.75,
    7.5,
    0.0,
    1.0,
    1.0,
    1.0,
    0.0,
    1.0,
    1.0,
    1.0,
    1.0,
    1.0,
    1.0,
    1.0,
    0.0,
    1.0,
    0.0,
    1.0,
    0.0,
    1.0,
    0.0,
    1.0,
    1.0,
    1.0,
    1.0,
    1.0,
    0.0,
    1.0,
    0.0,
    1.0,
    1.0,
    1.0,
    1.0,
    1.0,
    0.0,
    1.0,
    1.0,
    1.0,
    1.0,
    1.0,
    1.0,
    1.0,
    1.0,
    1.0,
    0.0,
    1.0,
    1.0,
    1.0,
    -4.625,
    0.375,
    0.375,
    0.375,
    0.0,
    0.375,
    4.1,
    0.6,
    7.25,
    0.75,
    0.0,
    0.75,
    0.75,
    0.75,
    0.75,
    0.75,
    0.0,
    7.5,
    1.0,
    1.0,
    1.0,
    1.0,
    0.0,
    1.0,
    1.0,
    1.0,
    8.0,
    1.5,
    1.5,
    1.5,
    1.5,
    1.5,
    1.5,
    1.5,
    1.5,
    1.5,
    10.15,
    17.270676691729324,
    0.42857142857142855,
    0.42857142857142855,
    0.42857142857142855,
    0.42857142857142855,
    0.42857142857142855,
    0.0,
    11.5,
    -2.6666666666666665,
    0.3333333333333333,
    0.3333333333333333,
    0.0,
    0.3333333333333333,
    0.3333333333333333,
    0.3333333333333333,
    2.9285714285714284,
    12.6,
    0.6,
    0.6,
    0.0,
    0.6,
    0.6,
    0.6,
    0.6,
    0.6,
    0.6,
    0.6,
    23.0,
    1.0,
    1.0,
    1.0,
    1.0,
    1.0,
    0.0,
    1.0,
    0.0,
    0.0,
    1.0,
    0.0,
    1.0,
    1.0,
    0.0,
    1.0,
    1.0,
    0.0,
    0.0,
    1.0,
    1.0,
    1.0,
    1.0,
    1.0,
    1.0,
    1.0,
    1.0,
    17.5,
    1.5,
    1.5,
    1.5,
    0.0,
    1.5,
    1.5,
    1.5,
    1.5,
    1.5,
    1.5,
    1.5,
    44.0,
    3.0,
    3.0,
    10.020979020979022,
    11.220992622401074,
    0.023809523809523808,
    10.505,
    10.44625502374863,
    0.02608695652173913,
    0.02608695652173913,
    0.0,
    0.0,
    0.0,
    0.02608695652173913,
    0.0,
    10.377904220009484,
    0.02702702702702703,
    11.577369439071568,
    0.031914893617021274,
    0.031914893617021274,
    0.031914893617021274,
    10.7871709306637,
    0.0,
    0.0,
    10.968207241683839,
    0.0,
    0.0379746835443038,
    10.68156618156618
  ],
  "cumulative_rewards": [
    47.81600097080646,
    60.35984848484849,
    97.0,
    87.6722925922456,
    46.4897320223636,
    41.9047619047619,
    15.1,
    5.3999999999999995,
    22.0,
    6.75,
    25.25,
    10.0,
    7.0,
    7.0,
    9.0,
    19.0,
    21.043889484828416,
    10.372063097641602,
    32.614737502315435,
    10.524681570741505,
    11.87140361094933,
    21.752901116162676,
    -1.3543458064006013,
    -0.13721529195064186,
    1.4174484052532839,
    1.1265334665334665,
    11.338096282661205,
    0.1267605633802817,
    10.80199378086702,
    64.96258295967598,
    17.400000000000002,
    38.8,
    6.5,
    14.0,
    7.0,
    7.0,
    9.0,
    3.375,
    14.2,
    14.25,
    18.0,
    7.5,
    38.3968671679198,
    18.3952380952381,
    28.2,
    6.0,
    7.0,
    27.0,
    60.5,
    42.269210103981735,
    32.89130325414458,
    21.687748106794324
  ]
}