iter=1 elapsed=11.534s step_runtime=11.534s destroy=destroy_worst_days_10pct repair=repair_chuffed_long objective_metric=minizinc_objective incumbent_objective=inf contender_objective=36.0 score=5 accepted=True repair_failed=False used_exploration=False stagnation_rounds=0 weights_updated=False
  destroyed=destroy_worst_days_10pct: destroyed days: [1]
iter=2 elapsed=15.714s step_runtime=4.180s destroy=destroy_all_forbidden_sequences repair=repair_gecode_fast objective_metric=minizinc_objective incumbent_objective=36.0 contender_objective=46.0 score=0 accepted=True repair_failed=False used_exploration=False stagnation_rounds=1 weights_updated=False
  destroyed=destroy_all_forbidden_sequences: destroyed forbidden sequences: vars_erased=16
iter=3 elapsed=16.709s step_runtime=0.996s destroy=destroy_max_border_shift_3 repair=repair_chuffed_fast objective_metric=minizinc_objective incumbent_objective=46.0 contender_objective=46.0 score=1 accepted=True repair_failed=False used_exploration=False stagnation_rounds=2 weights_updated=False
  destroyed=destroy_max_border_shift_3: destroyed max-border shift_3: vars_erased=3
iter=4 elapsed=32.505s step_runtime=15.796s destroy=destroy_streak_around_worst_worker repair=repair_gecode_long objective_metric=minizinc_objective incumbent_objective=46.0 contender_objective=63.0 score=0 accepted=False repair_failed=False used_exploration=False stagnation_rounds=3 weights_updated=False
  destroyed=destroy_streak_around_worst_worker: destroyed streak len=39 start=(w14,d2) end=(w2,d5); destroyed_inside=39
iter=5 elapsed=35.893s step_runtime=3.388s destroy=destroy_max_border_off repair=repair_chuffed_fast objective_metric=minizinc_objective incumbent_objective=46.0 contender_objective=34.0 score=5 accepted=True repair_failed=False used_exploration=False stagnation_rounds=0 weights_updated=False
  destroyed=destroy_max_border_off: destroyed max-border off: vars_erased=10
iter=6 elapsed=52.198s step_runtime=16.305s destroy=destroy_worst_workers_30pct repair=repair_chuffed_long objective_metric=minizinc_objective incumbent_objective=34.0 contender_objective=55.0 score=0 accepted=False repair_failed=False used_exploration=False stagnation_rounds=1 weights_updated=False
  destroyed=destroy_worst_workers_30pct: destroyed workers: [0, 2, 5, 7, 8, 9]
iter=7 elapsed=55.881s step_runtime=3.683s destroy=destroy_random_workers_20pct repair=repair_gecode_fast objective_metric=minizinc_objective incumbent_objective=34.0 contender_objective=44.0 score=0 accepted=False repair_failed=False used_exploration=False stagnation_rounds=2 weights_updated=False
  destroyed=destroy_random_workers_20pct: destroyed workers: [2, 4, 9, 12]
iter=8 elapsed=59.695s step_runtime=3.814s destroy=destroy_random_workers_20pct repair=repair_chuffed_fast objective_metric=minizinc_objective incumbent_objective=34.0 contender_objective=49.0 score=0 accepted=False repair_failed=False used_exploration=False stagnation_rounds=3 weights_updated=False
  destroyed=destroy_random_workers_20pct: destroyed workers: [1, 3, 11, 16]
iter=9 elapsed=63.350s step_runtime=3.654s destroy=destroy_random_window_20pct repair=repair_chuffed_long objective_metric=minizinc_objective incumbent_objective=34.0 contender_objective=26.0 score=5 accepted=True repair_failed=False used_exploration=False stagnation_rounds=0 weights_updated=False
  destroyed=destroy_random_window_20pct: destroyed window: [11, 12, 13, 14, 15] x [1, 2, 3, 4]
iter=10 elapsed=67.086s step_runtime=3.737s destroy=destroy_random_window_20pct repair=repair_gecode_fast objective_metric=minizinc_objective incumbent_objective=26.0 contender_objective=78.0 score=0 accepted=False repair_failed=False used_exploration=False stagnation_rounds=1 weights_updated=True
  destroyed=destroy_random_window_20pct: destroyed window: [0, 1, 2, 3, 4, 5, 6, 12, 13, 14, 15, 16] x [1, 2, 3, 4]

  weight update (destroy):
    operator                             before    after
    destroy_worst_workers_10pct            0.07     0.06
    destroy_worst_workers_30pct            0.07     0.06
    destroy_random_workers_20pct           0.07     0.06
    destroy_random_window_20pct            0.07     0.06
    destroy_all_forbidden_sequences        0.07     0.06
    destroy_streak_around_worst_worker     0.07     0.06
    destroy_worst_days_10pct               0.07     0.15
    destroy_worst_days_30pct               0.07     0.06
    destroy_random_days_20pct              0.07     0.06
    destroy_max_border_work                0.07     0.06
    destroy_max_border_off                 0.07     0.15
    destroy_max_border_shift_1             0.07     0.06
    destroy_max_border_shift_2             0.07     0.06
    destroy_max_border_shift_3             0.07     0.06

  weight update (repair):
    operator                             before    after
    repair_chuffed_fast                    0.40     0.36
    repair_gecode_fast                     0.40     0.33
    repair_chuffed_long                    0.10     0.23
    repair_gecode_long                     0.10     0.09
iter=11 elapsed=82.783s step_runtime=15.696s destroy=destroy_random_window_20pct repair=repair_gecode_long objective_metric=minizinc_objective incumbent_objective=26.0 contender_objective=57.0 score=0 accepted=False repair_failed=False used_exploration=False stagnation_rounds=2 weights_updated=False
  destroyed=destroy_random_window_20pct: destroyed window: [0, 1, 2, 3, 4, 5, 6, 12, 13, 14, 15, 16] x [0, 1, 6]
iter=12 elapsed=83.833s step_runtime=1.050s destroy=destroy_all_forbidden_sequences repair=repair_gecode_long objective_metric=minizinc_objective incumbent_objective=26.0 contender_objective=26.0 score=1 accepted=True repair_failed=False used_exploration=False stagnation_rounds=3 weights_updated=False
  destroyed=destroy_all_forbidden_sequences: destroyed forbidden sequences: vars_erased=8
iter=13 elapsed=84.703s step_runtime=0.870s destroy=destroy_max_border_shift_3 repair=repair_chuffed_long objective_metric=minizinc_objective incumbent_objective=26.0 contender_objective=26.0 score=1 accepted=True repair_failed=False used_exploration=False stagnation_rounds=4 weights_updated=False
  destroyed=destroy_max_border_shift_3: destroyed max-border shift_3: vars_erased=8
iter=14 elapsed=88.674s step_runtime=3.971s destroy=destroy_worst_days_30pct repair=repair_chuffed_fast objective_metric=minizinc_objective incumbent_objective=26.0 contender_objective=92.0 score=0 accepted=False repair_failed=False used_exploration=False stagnation_rounds=5 weights_updated=False
  destroyed=destroy_worst_days_30pct: destroyed days: [0, 1, 4]
iter=15 elapsed=92.485s step_runtime=3.811s destroy=destroy_random_workers_20pct repair=repair_chuffed_fast objective_metric=minizinc_objective incumbent_objective=26.0 contender_objective=44.0 score=0 accepted=False repair_failed=False used_exploration=False stagnation_rounds=6 weights_updated=False
  destroyed=destroy_random_workers_20pct: destroyed workers: [1, 3, 9, 15]
iter=16 elapsed=108.289s step_runtime=15.804s destroy=destroy_random_window_20pct repair=repair_chuffed_long objective_metric=minizinc_objective incumbent_objective=26.0 contender_objective=29.0 score=0 accepted=True repair_failed=False used_exploration=False stagnation_rounds=7 weights_updated=False
  destroyed=destroy_random_window_20pct: destroyed window: [10, 11, 12, 13, 14, 15] x [0, 1, 2, 3]
iter=17 elapsed=109.174s step_runtime=0.885s destroy=destroy_max_border_off repair=repair_gecode_fast objective_metric=minizinc_objective incumbent_objective=29.0 contender_objective=25.0 score=5 accepted=True repair_failed=False used_exploration=False stagnation_rounds=0 weights_updated=False
  destroyed=destroy_max_border_off: destroyed max-border off: vars_erased=6
iter=18 elapsed=113.174s step_runtime=4.000s destroy=destroy_worst_workers_30pct repair=repair_chuffed_fast objective_metric=minizinc_objective incumbent_objective=25.0 contender_objective=53.0 score=0 accepted=False repair_failed=False used_exploration=False stagnation_rounds=1 weights_updated=False
  destroyed=destroy_worst_workers_30pct: destroyed workers: [0, 2, 5, 7, 8, 9]
iter=19 elapsed=117.028s step_runtime=3.853s destroy=destroy_random_window_20pct repair=repair_chuffed_fast objective_metric=minizinc_objective incumbent_objective=25.0 contender_objective=40.0 score=0 accepted=False repair_failed=False used_exploration=False stagnation_rounds=2 weights_updated=False
  destroyed=destroy_random_window_20pct: destroyed window: [1, 2, 3, 4, 5, 6, 7, 8, 9] x [3, 4, 5, 6]
iter=20 elapsed=132.735s step_runtime=15.707s destroy=destroy_random_window_20pct repair=repair_chuffed_long objective_metric=minizinc_objective incumbent_objective=25.0 contender_objective=49.0 score=0 accepted=False repair_failed=False used_exploration=False stagnation_rounds=3 weights_updated=True
  destroyed=destroy_random_window_20pct: destroyed window: [4, 5, 6, 7, 8, 9, 10, 11, 12, 13] x [3, 4, 5]

  weight update (destroy):
    operator                             before    after
    destroy_worst_workers_10pct            0.06     0.05
    destroy_worst_workers_30pct            0.06     0.05
    destroy_random_workers_20pct           0.06     0.05
    destroy_random_window_20pct            0.06     0.05
    destroy_all_forbidden_sequences        0.06     0.05
    destroy_streak_around_worst_worker     0.06     0.05
    destroy_worst_days_10pct               0.15     0.12
    destroy_worst_days_30pct               0.06     0.05
    destroy_random_days_20pct              0.06     0.05
    destroy_max_border_work                0.06     0.05
    destroy_max_border_off                 0.15     0.31
    destroy_max_border_shift_1             0.06     0.05
    destroy_max_border_shift_2             0.06     0.05
    destroy_max_border_shift_3             0.06     0.05

  weight update (repair):
    operator                             before    after
    repair_chuffed_fast                    0.36     0.29
    repair_gecode_fast                     0.33     0.45
    repair_chuffed_long                    0.23     0.19
    repair_gecode_long                     0.09     0.07
iter=21 elapsed=148.663s step_runtime=15.928s destroy=destroy_random_workers_20pct repair=repair_chuffed_long objective_metric=minizinc_objective incumbent_objective=25.0 contender_objective=36.0 score=0 accepted=False repair_failed=False used_exploration=False stagnation_rounds=4 weights_updated=False
  destroyed=destroy_random_workers_20pct: destroyed workers: [2, 4, 6, 12]
iter=22 elapsed=164.627s step_runtime=15.964s destroy=destroy_random_window_20pct repair=repair_chuffed_long objective_metric=minizinc_objective incumbent_objective=25.0 contender_objective=56.0 score=0 accepted=False repair_failed=False used_exploration=False stagnation_rounds=5 weights_updated=False
  destroyed=destroy_random_window_20pct: destroyed window: [0, 1, 8, 9, 10, 11, 12, 13, 14, 15, 16] x [0, 1, 2, 3]
