Loaded instance: Example3.txt
instance=Example3
instance_name=Example3
instance_file=Example3.txt
instance_path=/Users/gab/Library/Mobile Documents/com~apple~CloudDocs/QuIST/ML/Optimization/Project 2/LNS_scheduling/Instances1-50/Example3.txt

iter=1 elapsed=2.760s step_runtime=2.760s destroy=destroy_max_border_off repair=repair_chuffed_fast objective_metric=minizinc_objective incumbent_objective=inf contender_objective=162.0 score=5 accepted=True repair_failed=False used_exploration=False stagnation_rounds=0 weights_updated=False
  destroyed=destroy_max_border_off: destroyed max-border off: vars_erased=10
iter=2 elapsed=18.997s step_runtime=16.236s destroy=destroy_worst_workers_30pct repair=repair_chuffed_long objective_metric=minizinc_objective incumbent_objective=162.0 contender_objective=65.0 score=5 accepted=True repair_failed=False used_exploration=False stagnation_rounds=0 weights_updated=False
  destroyed=destroy_worst_workers_30pct: destroyed workers: [0, 1, 7, 8, 9, 10]
iter=3 elapsed=23.226s step_runtime=4.230s destroy=destroy_streak_around_worst_worker repair=repair_tabu_fast objective_metric=minizinc_objective incumbent_objective=65.0 contender_objective=60.0 score=5 accepted=True repair_failed=False used_exploration=False stagnation_rounds=0 weights_updated=False
  destroyed=destroy_streak_around_worst_worker: destroyed streak len=41 start=(w14,d1) end=(w2,d6); destroyed_inside=41
iter=4 elapsed=27.218s step_runtime=3.992s destroy=destroy_streak_around_worst_worker repair=repair_chuffed_fast objective_metric=minizinc_objective incumbent_objective=60.0 contender_objective=114.0 score=0 accepted=False repair_failed=False used_exploration=False stagnation_rounds=1 weights_updated=False
  destroyed=destroy_streak_around_worst_worker: destroyed streak len=43 start=(w14,d0) end=(w3,d0); destroyed_inside=43
iter=5 elapsed=43.307s step_runtime=16.088s destroy=destroy_random_days_20pct repair=repair_tabu_long objective_metric=minizinc_objective incumbent_objective=60.0 contender_objective=53.0 score=5 accepted=True repair_failed=False used_exploration=False stagnation_rounds=0 weights_updated=False
  destroyed=destroy_random_days_20pct: destroyed days: [3, 6]
iter=6 elapsed=47.132s step_runtime=3.825s destroy=destroy_random_days_20pct repair=repair_gecode_fast objective_metric=minizinc_objective incumbent_objective=53.0 contender_objective=82.0 score=0 accepted=False repair_failed=False used_exploration=False stagnation_rounds=1 weights_updated=False
  destroyed=destroy_random_days_20pct: destroyed days: [2, 3]
iter=7 elapsed=51.339s step_runtime=4.207s destroy=destroy_streak_around_worst_worker repair=repair_tabu_fast objective_metric=minizinc_objective incumbent_objective=53.0 contender_objective=53.0 score=1 accepted=True repair_failed=False used_exploration=False stagnation_rounds=2 weights_updated=False
  destroyed=destroy_streak_around_worst_worker: destroyed streak len=37 start=(w6,d3) end=(w11,d4); destroyed_inside=37
iter=8 elapsed=55.130s step_runtime=3.791s destroy=destroy_worst_workers_30pct repair=repair_chuffed_fast objective_metric=minizinc_objective incumbent_objective=53.0 contender_objective=102.0 score=0 accepted=False repair_failed=False used_exploration=False stagnation_rounds=3 weights_updated=False
  destroyed=destroy_worst_workers_30pct: destroyed workers: [1, 5, 6, 9, 12, 13]
iter=9 elapsed=71.318s step_runtime=16.188s destroy=destroy_random_window_20pct repair=repair_chuffed_long objective_metric=minizinc_objective incumbent_objective=53.0 contender_objective=88.0 score=0 accepted=False repair_failed=False used_exploration=False stagnation_rounds=4 weights_updated=False
  destroyed=destroy_random_window_20pct: destroyed window: [5, 6, 7, 8, 9, 10, 11, 12, 13, 14, 15] x [0, 1, 5, 6]
iter=10 elapsed=75.108s step_runtime=3.790s destroy=destroy_random_workers_20pct repair=repair_chuffed_fast objective_metric=minizinc_objective incumbent_objective=53.0 contender_objective=59.0 score=0 accepted=False repair_failed=False used_exploration=False stagnation_rounds=5 weights_updated=True
  destroyed=destroy_random_workers_20pct: destroyed workers: [2, 3, 8, 16]

  weight update (destroy):
    operator                             before    after
    destroy_worst_workers_10pct            0.07     0.06
    destroy_worst_workers_30pct            0.07     0.06
    destroy_random_workers_20pct           0.07     0.06
    destroy_random_window_20pct            0.07     0.06
    destroy_all_forbidden_sequences        0.07     0.06
    destroy_streak_around_worst_worker     0.07     0.06
    destroy_worst_days_10pct               0.07     0.06
    destroy_worst_days_30pct               0.07     0.06
    destroy_random_days_20pct              0.07     0.06
    destroy_max_border_work                0.07     0.06
    destroy_max_border_off                 0.07     0.25
    destroy_max_border_shift_1             0.07     0.06
    destroy_max_border_shift_2             0.07     0.06
    destroy_max_border_shift_3             0.07     0.06

  weight update (repair):
    operator                             before    after
    repair_chuffed_fast                    0.22     0.18
    repair_gecode_fast                     0.22     0.18
    repair_chuffed_long                    0.11     0.09
    repair_gecode_long                     0.11     0.09
    repair_tabu_fast                       0.22     0.19
    repair_tabu_long                       0.11     0.27
iter=11 elapsed=91.489s step_runtime=16.380s destroy=destroy_random_window_20pct repair=repair_tabu_long objective_metric=minizinc_objective incumbent_objective=53.0 contender_objective=53.0 score=1 accepted=True repair_failed=False used_exploration=False stagnation_rounds=6 weights_updated=False
  destroyed=destroy_random_window_20pct: destroyed window: [1, 2, 3, 4, 5, 6, 7, 8, 9] x [2, 3, 4, 5]
iter=12 elapsed=102.391s step_runtime=10.903s destroy=destroy_random_window_20pct repair=repair_gecode_long objective_metric=minizinc_objective incumbent_objective=53.0 contender_objective=44.0 score=5 accepted=True repair_failed=False used_exploration=False stagnation_rounds=0 weights_updated=False
  destroyed=destroy_random_window_20pct: destroyed window: [0, 1, 2, 3, 4, 5, 6, 7, 8, 9, 15, 16] x [2, 3]
iter=13 elapsed=118.751s step_runtime=16.359s destroy=destroy_max_border_off repair=repair_tabu_long objective_metric=minizinc_objective incumbent_objective=44.0 contender_objective=44.0 score=1 accepted=True repair_failed=False used_exploration=False stagnation_rounds=1 weights_updated=False
  destroyed=destroy_max_border_off: destroyed max-border off: vars_erased=6
iter=14 elapsed=134.544s step_runtime=15.793s destroy=destroy_random_window_20pct repair=repair_gecode_long objective_metric=minizinc_objective incumbent_objective=44.0 contender_objective=67.0 score=0 accepted=False repair_failed=False used_exploration=False stagnation_rounds=2 weights_updated=False
  destroyed=destroy_random_window_20pct: destroyed window: [3, 4, 5, 6, 7, 8, 9, 10, 11, 12, 13, 14] x [0, 5, 6]
iter=15 elapsed=138.065s step_runtime=3.521s destroy=destroy_worst_workers_30pct repair=repair_gecode_fast objective_metric=minizinc_objective incumbent_objective=44.0 contender_objective=76.0 score=0 accepted=False repair_failed=False used_exploration=False stagnation_rounds=3 weights_updated=False
  destroyed=destroy_worst_workers_30pct: destroyed workers: [0, 1, 6, 9, 12, 13]
iter=16 elapsed=142.475s step_runtime=4.410s destroy=destroy_all_forbidden_sequences repair=repair_tabu_fast objective_metric=minizinc_objective incumbent_objective=44.0 contender_objective=45.0 score=0 accepted=True repair_failed=False used_exploration=False stagnation_rounds=4 weights_updated=False
  destroyed=destroy_all_forbidden_sequences: destroyed forbidden sequences: vars_erased=6
iter=17 elapsed=158.365s step_runtime=15.889s destroy=destroy_max_border_off repair=repair_tabu_long objective_metric=minizinc_objective incumbent_objective=45.0 contender_objective=45.0 score=1 accepted=True repair_failed=False used_exploration=False stagnation_rounds=5 weights_updated=False
  destroyed=destroy_max_border_off: destroyed max-border off: vars_erased=6
