Loaded instance: Example1.txt
instance=Example1
instance_name=Example1
instance_file=Example1.txt
instance_path=/Users/gab/Library/Mobile Documents/com~apple~CloudDocs/QuIST/ML/Optimization/Project 2/LNS_scheduling/Instances1-50/Example1.txt
variant=alns_late_phase
seed=1

iter=1 elapsed=0.809s step_runtime=0.809s destroy=destroy_random_window_20pct repair=repair_chuffed_fast objective_metric=minizinc_objective incumbent_objective=inf contender_objective=19.0 score=5 accepted=True repair_failed=False used_exploration=False stagnation_rounds=0 weights_updated=False
  destroyed=destroy_random_window_20pct: destroyed window: [7, 8] x [3, 4, 5]
iter=2 elapsed=1.595s step_runtime=0.785s destroy=destroy_random_workers_20pct repair=repair_chuffed_fast objective_metric=minizinc_objective incumbent_objective=19.0 contender_objective=15.0 score=5 accepted=True repair_failed=False used_exploration=False stagnation_rounds=0 weights_updated=False
  destroyed=destroy_random_workers_20pct: destroyed workers: [0, 7]
iter=3 elapsed=2.190s step_runtime=0.595s destroy=destroy_worst_workers_10pct repair=repair_chuffed_long objective_metric=minizinc_objective incumbent_objective=15.0 contender_objective=15.0 score=0 accepted=False repair_failed=False used_exploration=False stagnation_rounds=1 weights_updated=False
  destroyed=destroy_worst_workers_10pct: destroyed workers: [2]
iter=4 elapsed=8.838s step_runtime=6.648s destroy=destroy_streak_around_worst_worker repair=repair_gecode_fast objective_metric=minizinc_objective incumbent_objective=15.0 contender_objective=14.0 score=5 accepted=True repair_failed=False used_exploration=False stagnation_rounds=0 weights_updated=False
  destroyed=destroy_streak_around_worst_worker: destroyed streak len=25 start=(w0,d2) end=(w3,d5); destroyed_inside=25
iter=5 elapsed=9.625s step_runtime=0.787s destroy=destroy_streak_around_worst_worker repair=repair_gecode_fast objective_metric=minizinc_objective incumbent_objective=14.0 contender_objective=12.0 score=5 accepted=True repair_failed=False used_exploration=False stagnation_rounds=0 weights_updated=False
  destroyed=destroy_streak_around_worst_worker: destroyed streak len=13 start=(w8,d1) end=(w0,d6); destroyed_inside=13
iter=6 elapsed=11.113s step_runtime=1.487s destroy=destroy_all_forbidden_sequences repair=repair_gecode_fast objective_metric=minizinc_objective incumbent_objective=12.0 contender_objective=11.0 score=5 accepted=True repair_failed=False used_exploration=False stagnation_rounds=0 weights_updated=False
  destroyed=destroy_all_forbidden_sequences: destroyed forbidden sequences: vars_erased=16
iter=7 elapsed=18.677s step_runtime=7.564s destroy=destroy_streak_around_worst_worker repair=repair_chuffed_long objective_metric=minizinc_objective incumbent_objective=11.0 contender_objective=10.0 score=5 accepted=True repair_failed=False used_exploration=False stagnation_rounds=0 weights_updated=False
  destroyed=destroy_streak_around_worst_worker: destroyed streak len=23 start=(w8,d3) end=(w2,d4); destroyed_inside=23
iter=8 elapsed=22.877s step_runtime=4.200s destroy=destroy_streak_around_worst_worker repair=repair_chuffed_long objective_metric=minizinc_objective incumbent_objective=10.0 contender_objective=7.0 score=5 accepted=True repair_failed=False used_exploration=False stagnation_rounds=0 weights_updated=False
  destroyed=destroy_streak_around_worst_worker: destroyed streak len=21 start=(w1,d4) end=(w4,d3); destroyed_inside=21
iter=9 elapsed=23.366s step_runtime=0.489s destroy=destroy_max_border_off repair=repair_chuffed_fast objective_metric=minizinc_objective incumbent_objective=7.0 contender_objective=7.0 score=0 accepted=False repair_failed=False used_exploration=False stagnation_rounds=1 weights_updated=False
  destroyed=destroy_max_border_off: destroyed max-border off: vars_erased=9
iter=10 elapsed=53.914s step_runtime=30.548s destroy=destroy_streak_around_worst_worker repair=repair_chuffed_long objective_metric=minizinc_objective incumbent_objective=7.0 contender_objective=7.0 score=0 accepted=False repair_failed=True used_exploration=False stagnation_rounds=2 weights_updated=True
  repair_error=RuntimeError: MiniZinc repair failed with status: UNKNOWN
  destroyed=destroy_streak_around_worst_worker: destroyed streak len=31 start=(w0,d6) end=(w5,d1); destroyed_inside=31

  weight update (destroy):
    operator                             before    after
    destroy_worst_workers_10pct            0.07     0.06
    destroy_worst_workers_30pct            0.07     0.06
    destroy_random_workers_20pct           0.07     0.12
    destroy_random_window_20pct            0.07     0.12
    destroy_all_forbidden_sequences        0.07     0.12
    destroy_streak_around_worst_worker     0.07     0.07
    destroy_worst_days_10pct               0.07     0.06
    destroy_worst_days_30pct               0.07     0.06
    destroy_random_days_20pct              0.07     0.06
    destroy_max_border_work                0.07     0.06
    destroy_max_border_off                 0.07     0.06
    destroy_max_border_shift_1             0.07     0.06
    destroy_max_border_shift_2             0.07     0.06
    destroy_max_border_shift_3             0.07     0.06

  weight update (repair):
    operator                             before    after
    repair_chuffed_fast                    0.40     0.33
    repair_gecode_fast                     0.40     0.50
    repair_chuffed_long                    0.10     0.08
    repair_gecode_long                     0.10     0.08
iter=11 elapsed=54.535s step_runtime=0.620s destroy=destroy_all_forbidden_sequences repair=repair_chuffed_fast objective_metric=minizinc_objective incumbent_objective=7.0 contender_objective=5.0 score=5 accepted=True repair_failed=False used_exploration=False stagnation_rounds=0 weights_updated=False
  destroyed=destroy_all_forbidden_sequences: destroyed forbidden sequences: vars_erased=8
iter=12 elapsed=55.033s step_runtime=0.498s destroy=destroy_max_border_shift_1 repair=repair_chuffed_fast objective_metric=minizinc_objective incumbent_objective=5.0 contender_objective=5.0 score=0 accepted=False repair_failed=False used_exploration=False stagnation_rounds=1 weights_updated=False
  destroyed=destroy_max_border_shift_1: destroyed max-border shift_1: vars_erased=6
iter=13 elapsed=55.533s step_runtime=0.501s destroy=destroy_max_border_work repair=repair_chuffed_fast objective_metric=minizinc_objective incumbent_objective=5.0 contender_objective=5.0 score=0 accepted=False repair_failed=False used_exploration=False stagnation_rounds=2 weights_updated=False
  destroyed=destroy_max_border_work: destroyed max-border work: vars_erased=6
iter=14 elapsed=56.058s step_runtime=0.525s destroy=destroy_max_border_shift_1 repair=repair_gecode_fast objective_metric=minizinc_objective incumbent_objective=5.0 contender_objective=5.0 score=0 accepted=False repair_failed=False used_exploration=False stagnation_rounds=3 weights_updated=False
  destroyed=destroy_max_border_shift_1: destroyed max-border shift_1: vars_erased=19
iter=15 elapsed=56.586s step_runtime=0.528s destroy=destroy_max_border_shift_2 repair=repair_gecode_fast objective_metric=minizinc_objective incumbent_objective=5.0 contender_objective=5.0 score=0 accepted=False repair_failed=False used_exploration=False stagnation_rounds=4 weights_updated=False
  destroyed=destroy_max_border_shift_2: destroyed max-border shift_2: vars_erased=6
iter=16 elapsed=60.109s step_runtime=3.523s destroy=destroy_streak_around_worst_worker repair=repair_gecode_fast objective_metric=minizinc_objective incumbent_objective=5.0 contender_objective=5.0 score=0 accepted=False repair_failed=False used_exploration=False stagnation_rounds=5 weights_updated=False
  destroyed=destroy_streak_around_worst_worker: destroyed streak len=21 start=(w1,d4) end=(w4,d3); destroyed_inside=21
iter=17 elapsed=60.703s step_runtime=0.594s destroy=destroy_worst_workers_10pct repair=repair_gecode_fast objective_metric=minizinc_objective incumbent_objective=5.0 contender_objective=5.0 score=0 accepted=False repair_failed=False used_exploration=False stagnation_rounds=6 weights_updated=False
  destroyed=destroy_worst_workers_10pct: destroyed workers: [3]
iter=18 elapsed=61.240s step_runtime=0.537s destroy=destroy_max_border_work repair=repair_gecode_fast objective_metric=minizinc_objective incumbent_objective=5.0 contender_objective=5.0 score=0 accepted=False repair_failed=False used_exploration=False stagnation_rounds=7 weights_updated=False
  destroyed=destroy_max_border_work: destroyed max-border work: vars_erased=7
iter=19 elapsed=61.820s step_runtime=0.580s destroy=destroy_worst_workers_10pct repair=repair_chuffed_fast objective_metric=minizinc_objective incumbent_objective=5.0 contender_objective=5.0 score=0 accepted=False repair_failed=False used_exploration=False stagnation_rounds=8 weights_updated=False
  destroyed=destroy_worst_workers_10pct: destroyed workers: [3]
iter=20 elapsed=62.441s step_runtime=0.621s destroy=destroy_worst_days_10pct repair=repair_chuffed_fast objective_metric=minizinc_objective incumbent_objective=5.0 contender_objective=5.0 score=0 accepted=False repair_failed=False used_exploration=False stagnation_rounds=9 weights_updated=True
  destroyed=destroy_worst_days_10pct: destroyed days: [5]

  weight update (destroy):
    operator                             before    after
    destroy_worst_workers_10pct            0.06     0.05
    destroy_worst_workers_30pct            0.06     0.05
    destroy_random_workers_20pct           0.12     0.10
    destroy_random_window_20pct            0.12     0.10
    destroy_all_forbidden_sequences        0.12     0.29
    destroy_streak_around_worst_worker     0.07     0.06
    destroy_worst_days_10pct               0.06     0.05
    destroy_worst_days_30pct               0.06     0.05
    destroy_random_days_20pct              0.06     0.05
    destroy_max_border_work                0.06     0.05
    destroy_max_border_off                 0.06     0.05
    destroy_max_border_shift_1             0.06     0.05
    destroy_max_border_shift_2             0.06     0.05
    destroy_max_border_shift_3             0.06     0.05

  weight update (repair):
    operator                             before    after
    repair_chuffed_fast                    0.33     0.39
    repair_gecode_fast                     0.50     0.43
    repair_chuffed_long                    0.08     0.09
    repair_gecode_long                     0.08     0.09
iter=21 elapsed=62.935s step_runtime=0.494s destroy=destroy_max_border_work repair=repair_chuffed_long objective_metric=minizinc_objective incumbent_objective=5.0 contender_objective=5.0 score=0 accepted=False repair_failed=False used_exploration=False stagnation_rounds=10 weights_updated=False
  destroyed=destroy_max_border_work: destroyed max-border work: vars_erased=6
iter=22 elapsed=63.576s step_runtime=0.641s destroy=destroy_exploration repair=repair_exploration objective_metric=minizinc_objective incumbent_objective=5.0 contender_objective=5.0 score=0 accepted=False repair_failed=False used_exploration=True stagnation_rounds=11 weights_updated=False
  destroyed=destroy_exploration: destroyed window: [0, 1, 8] x [1, 2, 3, 4]
iter=23 elapsed=64.149s step_runtime=0.573s destroy=destroy_exploration repair=repair_exploration objective_metric=minizinc_objective incumbent_objective=5.0 contender_objective=5.0 score=0 accepted=False repair_failed=False used_exploration=True stagnation_rounds=12 weights_updated=False
  destroyed=destroy_exploration: destroyed window: [6, 7, 8] x [2, 3]
iter=24 elapsed=64.729s step_runtime=0.580s destroy=destroy_all_forbidden_sequences repair=repair_gecode_fast objective_metric=minizinc_objective incumbent_objective=5.0 contender_objective=5.0 score=0 accepted=False repair_failed=False used_exploration=False stagnation_rounds=13 weights_updated=False
  destroyed=destroy_all_forbidden_sequences: destroyed forbidden sequences: vars_erased=6
iter=25 elapsed=71.243s step_runtime=6.515s destroy=destroy_streak_around_worst_worker repair=repair_chuffed_fast objective_metric=minizinc_objective incumbent_objective=5.0 contender_objective=5.0 score=0 accepted=False repair_failed=True used_exploration=False stagnation_rounds=14 weights_updated=False
  repair_error=RuntimeError: MiniZinc repair failed with status: UNKNOWN
  destroyed=destroy_streak_around_worst_worker: destroyed streak len=31 start=(w0,d6) end=(w5,d1); destroyed_inside=31
iter=26 elapsed=71.817s step_runtime=0.573s destroy=destroy_all_forbidden_sequences repair=repair_chuffed_fast objective_metric=minizinc_objective incumbent_objective=5.0 contender_objective=5.0 score=0 accepted=False repair_failed=False used_exploration=False stagnation_rounds=15 weights_updated=False
  destroyed=destroy_all_forbidden_sequences: destroyed forbidden sequences: vars_erased=6
iter=27 elapsed=72.404s step_runtime=0.587s destroy=destroy_all_forbidden_sequences repair=repair_gecode_fast objective_metric=minizinc_objective incumbent_objective=5.0 contender_objective=5.0 score=0 accepted=False repair_failed=False used_exploration=False stagnation_rounds=16 weights_updated=False
  destroyed=destroy_all_forbidden_sequences: destroyed forbidden sequences: vars_erased=6
iter=28 elapsed=72.986s step_runtime=0.582s destroy=destroy_all_forbidden_sequences repair=repair_gecode_fast objective_metric=minizinc_objective incumbent_objective=5.0 contender_objective=5.0 score=0 accepted=False repair_failed=False used_exploration=False stagnation_rounds=17 weights_updated=False
  destroyed=destroy_all_forbidden_sequences: destroyed forbidden sequences: vars_erased=6
iter=29 elapsed=73.512s step_runtime=0.526s destroy=destroy_max_border_shift_1 repair=repair_gecode_fast objective_metric=minizinc_objective incumbent_objective=5.0 contender_objective=5.0 score=0 accepted=False repair_failed=False used_exploration=False stagnation_rounds=18 weights_updated=False
  destroyed=destroy_max_border_shift_1: destroyed max-border shift_1: vars_erased=6
iter=30 elapsed=74.102s step_runtime=0.590s destroy=destroy_all_forbidden_sequences repair=repair_chuffed_fast objective_metric=minizinc_objective incumbent_objective=5.0 contender_objective=5.0 score=0 accepted=False repair_failed=False used_exploration=False stagnation_rounds=19 weights_updated=True
  destroyed=destroy_all_forbidden_sequences: destroyed forbidden sequences: vars_erased=6

  weight update (destroy):
    operator                             before    after
    destroy_worst_workers_10pct            0.05     0.06
    destroy_worst_workers_30pct            0.05     0.06
    destroy_random_workers_20pct           0.10     0.10
    destroy_random_window_20pct            0.10     0.10
    destroy_all_forbidden_sequences        0.29     0.26
    destroy_streak_around_worst_worker     0.06     0.07
    destroy_worst_days_10pct               0.05     0.06
    destroy_worst_days_30pct               0.05     0.06
    destroy_random_days_20pct              0.05     0.06
    destroy_max_border_work                0.05     0.04
    destroy_max_border_off                 0.05     0.04
    destroy_max_border_shift_1             0.05     0.04
    destroy_max_border_shift_2             0.05     0.04
    destroy_max_border_shift_3             0.05     0.04

  weight update (repair):
    operator                             before    after
    repair_chuffed_fast                    0.39     0.36
    repair_gecode_fast                     0.43     0.39
    repair_chuffed_long                    0.09     0.13
    repair_gecode_long                     0.09     0.12
iter=31 elapsed=74.687s step_runtime=0.584s destroy=destroy_all_forbidden_sequences repair=repair_gecode_fast objective_metric=minizinc_objective incumbent_objective=5.0 contender_objective=5.0 score=0 accepted=False repair_failed=False used_exploration=False stagnation_rounds=20 weights_updated=False
  destroyed=destroy_all_forbidden_sequences: destroyed forbidden sequences: vars_erased=6
iter=32 elapsed=75.341s step_runtime=0.654s destroy=destroy_exploration repair=repair_exploration objective_metric=minizinc_objective incumbent_objective=5.0 contender_objective=5.0 score=0 accepted=False repair_failed=False used_exploration=True stagnation_rounds=21 weights_updated=False
  destroyed=destroy_exploration: destroyed window: [1, 2, 3, 4, 5, 6] x [5, 6]
iter=33 elapsed=76.413s step_runtime=1.072s destroy=destroy_exploration repair=repair_exploration objective_metric=minizinc_objective incumbent_objective=5.0 contender_objective=4.0 score=5 accepted=True repair_failed=False used_exploration=True stagnation_rounds=0 weights_updated=False
  destroyed=destroy_exploration: destroyed window: [4, 5, 6, 7] x [3, 4, 5, 6]
iter=34 elapsed=77.044s step_runtime=0.631s destroy=destroy_worst_days_10pct repair=repair_gecode_long objective_metric=minizinc_objective incumbent_objective=4.0 contender_objective=4.0 score=0 accepted=False repair_failed=False used_exploration=False stagnation_rounds=1 weights_updated=False
  destroyed=destroy_worst_days_10pct: destroyed days: [5]
iter=35 elapsed=77.620s step_runtime=0.577s destroy=destroy_all_forbidden_sequences repair=repair_gecode_fast objective_metric=minizinc_objective incumbent_objective=4.0 contender_objective=4.0 score=0 accepted=False repair_failed=False used_exploration=False stagnation_rounds=2 weights_updated=False
  destroyed=destroy_all_forbidden_sequences: destroyed forbidden sequences: vars_erased=4
iter=36 elapsed=78.171s step_runtime=0.551s destroy=destroy_all_forbidden_sequences repair=repair_chuffed_fast objective_metric=minizinc_objective incumbent_objective=4.0 contender_objective=4.0 score=0 accepted=False repair_failed=False used_exploration=False stagnation_rounds=3 weights_updated=False
  destroyed=destroy_all_forbidden_sequences: destroyed forbidden sequences: vars_erased=4
iter=37 elapsed=78.733s step_runtime=0.562s destroy=destroy_all_forbidden_sequences repair=repair_gecode_fast objective_metric=minizinc_objective incumbent_objective=4.0 contender_objective=4.0 score=0 accepted=False repair_failed=False used_exploration=False stagnation_rounds=4 weights_updated=False
  destroyed=destroy_all_forbidden_sequences: destroyed forbidden sequences: vars_erased=4
iter=38 elapsed=79.305s step_runtime=0.572s destroy=destroy_all_forbidden_sequences repair=repair_gecode_fast objective_metric=minizinc_objective incumbent_objective=4.0 contender_objective=4.0 score=0 accepted=False repair_failed=False used_exploration=False stagnation_rounds=5 weights_updated=False
  destroyed=destroy_all_forbidden_sequences: destroyed forbidden sequences: vars_erased=4
iter=39 elapsed=85.837s step_runtime=6.533s destroy=destroy_streak_around_worst_worker repair=repair_chuffed_fast objective_metric=minizinc_objective incumbent_objective=4.0 contender_objective=4.0 score=0 accepted=False repair_failed=True used_exploration=False stagnation_rounds=6 weights_updated=False
  repair_error=RuntimeError: MiniZinc repair failed with status: UNKNOWN
  destroyed=destroy_streak_around_worst_worker: destroyed streak len=31 start=(w0,d6) end=(w5,d1); destroyed_inside=31
iter=40 elapsed=86.331s step_runtime=0.494s destroy=destroy_max_border_work repair=repair_chuffed_fast objective_metric=minizinc_objective incumbent_objective=4.0 contender_objective=4.0 score=0 accepted=False repair_failed=False used_exploration=False stagnation_rounds=7 weights_updated=True
  destroyed=destroy_max_border_work: destroyed max-border work: vars_erased=7

  weight update (destroy):
    operator                             before    after
    destroy_worst_workers_10pct            0.06     0.07
    destroy_worst_workers_30pct            0.06     0.07
    destroy_random_workers_20pct           0.10     0.10
    destroy_random_window_20pct            0.10     0.10
    destroy_all_forbidden_sequences        0.26     0.23
    destroy_streak_around_worst_worker     0.07     0.08
    destroy_worst_days_10pct               0.06     0.07
    destroy_worst_days_30pct               0.06     0.07
    destroy_random_days_20pct              0.06     0.07
    destroy_max_border_work                0.04     0.03
    destroy_max_border_off                 0.04     0.03
    destroy_max_border_shift_1             0.04     0.03
    destroy_max_border_shift_2             0.04     0.03
    destroy_max_border_shift_3             0.04     0.03

  weight update (repair):
    operator                             before    after
    repair_chuffed_fast                    0.36     0.34
    repair_gecode_fast                     0.39     0.36
    repair_chuffed_long                    0.13     0.15
    repair_gecode_long                     0.12     0.15
iter=41 elapsed=86.891s step_runtime=0.560s destroy=destroy_all_forbidden_sequences repair=repair_gecode_fast objective_metric=minizinc_objective incumbent_objective=4.0 contender_objective=4.0 score=0 accepted=False repair_failed=False used_exploration=False stagnation_rounds=8 weights_updated=False
  destroyed=destroy_all_forbidden_sequences: destroyed forbidden sequences: vars_erased=4
iter=42 elapsed=87.436s step_runtime=0.545s destroy=destroy_all_forbidden_sequences repair=repair_chuffed_fast objective_metric=minizinc_objective incumbent_objective=4.0 contender_objective=4.0 score=0 accepted=False repair_failed=False used_exploration=False stagnation_rounds=9 weights_updated=False
  destroyed=destroy_all_forbidden_sequences: destroyed forbidden sequences: vars_erased=4
iter=43 elapsed=88.021s step_runtime=0.585s destroy=destroy_worst_workers_10pct repair=repair_gecode_fast objective_metric=minizinc_objective incumbent_objective=4.0 contender_objective=4.0 score=0 accepted=False repair_failed=False used_exploration=False stagnation_rounds=10 weights_updated=False
  destroyed=destroy_worst_workers_10pct: destroyed workers: [3]
iter=44 elapsed=92.128s step_runtime=4.106s destroy=destroy_exploration repair=repair_exploration objective_metric=minizinc_objective incumbent_objective=4.0 contender_objective=4.0 score=0 accepted=False repair_failed=False used_exploration=True stagnation_rounds=11 weights_updated=False
  destroyed=destroy_exploration: destroyed window: [2, 3, 4, 5] x [0, 1, 5, 6]
iter=45 elapsed=92.765s step_runtime=0.637s destroy=destroy_exploration repair=repair_exploration objective_metric=minizinc_objective incumbent_objective=4.0 contender_objective=4.0 score=0 accepted=False repair_failed=False used_exploration=True stagnation_rounds=12 weights_updated=False
  destroyed=destroy_exploration: destroyed window: [0, 1, 7, 8] x [1, 2, 3]
iter=46 elapsed=93.288s step_runtime=0.523s destroy=destroy_max_border_off repair=repair_gecode_long objective_metric=minizinc_objective incumbent_objective=4.0 contender_objective=4.0 score=0 accepted=False repair_failed=False used_exploration=False stagnation_rounds=13 weights_updated=False
  destroyed=destroy_max_border_off: destroyed max-border off: vars_erased=9
iter=47 elapsed=93.859s step_runtime=0.571s destroy=destroy_all_forbidden_sequences repair=repair_gecode_fast objective_metric=minizinc_objective incumbent_objective=4.0 contender_objective=4.0 score=0 accepted=False repair_failed=False used_exploration=False stagnation_rounds=14 weights_updated=False
  destroyed=destroy_all_forbidden_sequences: destroyed forbidden sequences: vars_erased=4
iter=48 elapsed=94.384s step_runtime=0.525s destroy=destroy_max_border_shift_2 repair=repair_gecode_long objective_metric=minizinc_objective incumbent_objective=4.0 contender_objective=4.0 score=0 accepted=False repair_failed=False used_exploration=False stagnation_rounds=15 weights_updated=False
  destroyed=destroy_max_border_shift_2: destroyed max-border shift_2: vars_erased=4
iter=49 elapsed=94.911s step_runtime=0.526s destroy=destroy_max_border_shift_2 repair=repair_gecode_fast objective_metric=minizinc_objective incumbent_objective=4.0 contender_objective=4.0 score=0 accepted=False repair_failed=False used_exploration=False stagnation_rounds=16 weights_updated=False
  destroyed=destroy_max_border_shift_2: destroyed max-border shift_2: vars_erased=7
iter=50 elapsed=99.478s step_runtime=4.567s destroy=destroy_streak_around_worst_worker repair=repair_chuffed_fast objective_metric=minizinc_objective incumbent_objective=4.0 contender_objective=4.0 score=0 accepted=False repair_failed=False used_exploration=False stagnation_rounds=17 weights_updated=True
  destroyed=destroy_streak_around_worst_worker: destroyed streak len=21 start=(w1,d4) end=(w4,d3); destroyed_inside=21

  weight update (destroy):
    operator                             before    after
    destroy_worst_workers_10pct            0.07     0.08
    destroy_worst_workers_30pct            0.07     0.08
    destroy_random_workers_20pct           0.10     0.10
    destroy_random_window_20pct            0.10     0.10
    destroy_all_forbidden_sequences        0.23     0.20
    destroy_streak_around_worst_worker     0.08     0.08
    destroy_worst_days_10pct               0.07     0.08
    destroy_worst_days_30pct               0.07     0.08
    destroy_random_days_20pct              0.07     0.08
    destroy_max_border_work                0.03     0.03
    destroy_max_border_off                 0.03     0.03
    destroy_max_border_shift_1             0.03     0.03
    destroy_max_border_shift_2             0.03     0.03
    destroy_max_border_shift_3             0.03     0.03

  weight update (repair):
    operator                             before    after
    repair_chuffed_fast                    0.34     0.32
    repair_gecode_fast                     0.36     0.34
    repair_chuffed_long                    0.15     0.17
    repair_gecode_long                     0.15     0.17
iter=51 elapsed=100.048s step_runtime=0.570s destroy=destroy_all_forbidden_sequences repair=repair_gecode_long objective_metric=minizinc_objective incumbent_objective=4.0 contender_objective=4.0 score=0 accepted=False repair_failed=False used_exploration=False stagnation_rounds=18 weights_updated=False
  destroyed=destroy_all_forbidden_sequences: destroyed forbidden sequences: vars_erased=4
iter=52 elapsed=102.184s step_runtime=2.137s destroy=destroy_streak_around_worst_worker repair=repair_chuffed_fast objective_metric=minizinc_objective incumbent_objective=4.0 contender_objective=4.0 score=0 accepted=False repair_failed=False used_exploration=False stagnation_rounds=19 weights_updated=False
  destroyed=destroy_streak_around_worst_worker: destroyed streak len=17 start=(w1,d6) end=(w4,d1); destroyed_inside=17
iter=53 elapsed=132.626s step_runtime=30.441s destroy=destroy_streak_around_worst_worker repair=repair_gecode_long objective_metric=minizinc_objective incumbent_objective=4.0 contender_objective=13.0 score=0 accepted=False repair_failed=False used_exploration=False stagnation_rounds=20 weights_updated=False
  destroyed=destroy_streak_around_worst_worker: destroyed streak len=29 start=(w1,d0) end=(w5,d0); destroyed_inside=29
iter=54 elapsed=133.888s step_runtime=1.263s destroy=destroy_exploration repair=repair_exploration objective_metric=minizinc_objective incumbent_objective=4.0 contender_objective=4.0 score=0 accepted=False repair_failed=False used_exploration=True stagnation_rounds=21 weights_updated=False
  destroyed=destroy_exploration: destroyed window: [0, 1, 6, 7, 8] x [1, 2, 3, 4]
iter=55 elapsed=135.308s step_runtime=1.420s destroy=destroy_exploration repair=repair_exploration objective_metric=minizinc_objective incumbent_objective=4.0 contender_objective=4.0 score=0 accepted=False repair_failed=False used_exploration=True stagnation_rounds=22 weights_updated=False
  destroyed=destroy_exploration: destroyed window: [0, 1, 2, 3, 7, 8] x [1, 2, 3, 4]
iter=56 elapsed=141.826s step_runtime=6.518s destroy=destroy_streak_around_worst_worker repair=repair_chuffed_fast objective_metric=minizinc_objective incumbent_objective=4.0 contender_objective=4.0 score=0 accepted=False repair_failed=True used_exploration=False stagnation_rounds=23 weights_updated=False
  repair_error=RuntimeError: MiniZinc repair failed with status: UNKNOWN
  destroyed=destroy_streak_around_worst_worker: destroyed streak len=31 start=(w0,d6) end=(w5,d1); destroyed_inside=31
iter=57 elapsed=142.351s step_runtime=0.525s destroy=destroy_max_border_off repair=repair_gecode_long objective_metric=minizinc_objective incumbent_objective=4.0 contender_objective=4.0 score=0 accepted=False repair_failed=False used_exploration=False stagnation_rounds=24 weights_updated=False
  destroyed=destroy_max_border_off: destroyed max-border off: vars_erased=17
iter=58 elapsed=142.967s step_runtime=0.616s destroy=destroy_worst_days_10pct repair=repair_gecode_long objective_metric=minizinc_objective incumbent_objective=4.0 contender_objective=4.0 score=0 accepted=False repair_failed=False used_exploration=False stagnation_rounds=25 weights_updated=False
  destroyed=destroy_worst_days_10pct: destroyed days: [5]
iter=59 elapsed=143.509s step_runtime=0.543s destroy=destroy_all_forbidden_sequences repair=repair_chuffed_long objective_metric=minizinc_objective incumbent_objective=4.0 contender_objective=4.0 score=0 accepted=False repair_failed=False used_exploration=False stagnation_rounds=26 weights_updated=False
  destroyed=destroy_all_forbidden_sequences: destroyed forbidden sequences: vars_erased=4
iter=60 elapsed=144.040s step_runtime=0.530s destroy=destroy_max_border_shift_2 repair=repair_gecode_fast objective_metric=minizinc_objective incumbent_objective=4.0 contender_objective=4.0 score=0 accepted=False repair_failed=False used_exploration=False stagnation_rounds=27 weights_updated=True
  destroyed=destroy_max_border_shift_2: destroyed max-border shift_2: vars_erased=9

  weight update (destroy):
    operator                             before    after
    destroy_worst_workers_10pct            0.08     0.08
    destroy_worst_workers_30pct            0.08     0.08
    destroy_random_workers_20pct           0.10     0.10
    destroy_random_window_20pct            0.10     0.10
    destroy_all_forbidden_sequences        0.20     0.18
    destroy_streak_around_worst_worker     0.08     0.09
    destroy_worst_days_10pct               0.08     0.08
    destroy_worst_days_30pct               0.08     0.08
    destroy_random_days_20pct              0.08     0.08
    destroy_max_border_work                0.03     0.02
    destroy_max_border_off                 0.03     0.02
    destroy_max_border_shift_1             0.03     0.02
    destroy_max_border_shift_2             0.03     0.02
    destroy_max_border_shift_3             0.03     0.02

  weight update (repair):
    operator                             before    after
    repair_chuffed_fast                    0.32     0.31
    repair_gecode_fast                     0.34     0.32
    repair_chuffed_long                    0.17     0.19
    repair_gecode_long                     0.17     0.18
iter=61 elapsed=144.599s step_runtime=0.559s destroy=destroy_all_forbidden_sequences repair=repair_gecode_long objective_metric=minizinc_objective incumbent_objective=4.0 contender_objective=4.0 score=0 accepted=False repair_failed=False used_exploration=False stagnation_rounds=28 weights_updated=False
  destroyed=destroy_all_forbidden_sequences: destroyed forbidden sequences: vars_erased=4
iter=62 elapsed=145.145s step_runtime=0.546s destroy=destroy_all_forbidden_sequences repair=repair_chuffed_fast objective_metric=minizinc_objective incumbent_objective=4.0 contender_objective=4.0 score=0 accepted=False repair_failed=False used_exploration=False stagnation_rounds=29 weights_updated=False
  destroyed=destroy_all_forbidden_sequences: destroyed forbidden sequences: vars_erased=4
iter=63 elapsed=145.770s step_runtime=0.624s destroy=destroy_worst_days_10pct repair=repair_chuffed_fast objective_metric=minizinc_objective incumbent_objective=4.0 contender_objective=4.0 score=0 accepted=False repair_failed=False used_exploration=False stagnation_rounds=30 weights_updated=False
  destroyed=destroy_worst_days_10pct: destroyed days: [5]
iter=64 elapsed=146.522s step_runtime=0.752s destroy=destroy_exploration repair=repair_exploration objective_metric=minizinc_objective incumbent_objective=4.0 contender_objective=4.0 score=0 accepted=False repair_failed=False used_exploration=True stagnation_rounds=31 weights_updated=False
  destroyed=destroy_exploration: destroyed window: [0, 1, 7, 8] x [2, 3, 4, 5]
iter=65 elapsed=147.109s step_runtime=0.587s destroy=destroy_exploration repair=repair_exploration objective_metric=minizinc_objective incumbent_objective=4.0 contender_objective=4.0 score=0 accepted=False repair_failed=False used_exploration=True stagnation_rounds=32 weights_updated=False
  destroyed=destroy_exploration: destroyed window: [0, 6, 7, 8] x [0, 1]
iter=66 elapsed=147.695s step_runtime=0.586s destroy=destroy_all_forbidden_sequences repair=repair_gecode_fast objective_metric=minizinc_objective incumbent_objective=4.0 contender_objective=4.0 score=0 accepted=False repair_failed=False used_exploration=False stagnation_rounds=33 weights_updated=False
  destroyed=destroy_all_forbidden_sequences: destroyed forbidden sequences: vars_erased=4
iter=67 elapsed=154.184s step_runtime=6.489s destroy=destroy_streak_around_worst_worker repair=repair_gecode_fast objective_metric=minizinc_objective incumbent_objective=4.0 contender_objective=14.0 score=0 accepted=False repair_failed=False used_exploration=False stagnation_rounds=34 weights_updated=False
  destroyed=destroy_streak_around_worst_worker: destroyed streak len=25 start=(w1,d2) end=(w4,d5); destroyed_inside=25
iter=68 elapsed=154.797s step_runtime=0.613s destroy=destroy_worst_days_10pct repair=repair_chuffed_fast objective_metric=minizinc_objective incumbent_objective=4.0 contender_objective=4.0 score=0 accepted=False repair_failed=False used_exploration=False stagnation_rounds=35 weights_updated=False
  destroyed=destroy_worst_days_10pct: destroyed days: [5]
iter=69 elapsed=161.300s step_runtime=6.503s destroy=destroy_streak_around_worst_worker repair=repair_chuffed_fast objective_metric=minizinc_objective incumbent_objective=4.0 contender_objective=4.0 score=0 accepted=False repair_failed=True used_exploration=False stagnation_rounds=36 weights_updated=False
  repair_error=RuntimeError: MiniZinc repair failed with status: UNKNOWN
  destroyed=destroy_streak_around_worst_worker: destroyed streak len=29 start=(w1,d0) end=(w5,d0); destroyed_inside=29
iter=70 elapsed=163.456s step_runtime=2.156s destroy=destroy_streak_around_worst_worker repair=repair_chuffed_fast objective_metric=minizinc_objective incumbent_objective=4.0 contender_objective=4.0 score=0 accepted=False repair_failed=False used_exploration=False stagnation_rounds=37 weights_updated=True
  destroyed=destroy_streak_around_worst_worker: destroyed streak len=17 start=(w1,d6) end=(w4,d1); destroyed_inside=17

  weight update (destroy):
    operator                             before    after
    destroy_worst_workers_10pct            0.08     0.09
    destroy_worst_workers_30pct            0.08     0.09
    destroy_random_workers_20pct           0.10     0.10
    destroy_random_window_20pct            0.10     0.10
    destroy_all_forbidden_sequences        0.18     0.17
    destroy_streak_around_worst_worker     0.09     0.09
    destroy_worst_days_10pct               0.08     0.09
    destroy_worst_days_30pct               0.08     0.09
    destroy_random_days_20pct              0.08     0.09
    destroy_max_border_work                0.02     0.02
    destroy_max_border_off                 0.02     0.02
    destroy_max_border_shift_1             0.02     0.02
    destroy_max_border_shift_2             0.02     0.02
    destroy_max_border_shift_3             0.02     0.02

  weight update (repair):
    operator                             before    after
    repair_chuffed_fast                    0.31     0.30
    repair_gecode_fast                     0.32     0.31
    repair_chuffed_long                    0.19     0.20
    repair_gecode_long                     0.18     0.20
iter=71 elapsed=168.029s step_runtime=4.573s destroy=destroy_streak_around_worst_worker repair=repair_chuffed_long objective_metric=minizinc_objective incumbent_objective=4.0 contender_objective=4.0 score=0 accepted=False repair_failed=False used_exploration=False stagnation_rounds=38 weights_updated=False
  destroyed=destroy_streak_around_worst_worker: destroyed streak len=21 start=(w1,d4) end=(w4,d3); destroyed_inside=21
iter=72 elapsed=168.610s step_runtime=0.581s destroy=destroy_worst_workers_10pct repair=repair_gecode_long objective_metric=minizinc_objective incumbent_objective=4.0 contender_objective=4.0 score=0 accepted=False repair_failed=False used_exploration=False stagnation_rounds=39 weights_updated=False
  destroyed=destroy_worst_workers_10pct: destroyed workers: [3]
iter=73 elapsed=169.178s step_runtime=0.568s destroy=destroy_all_forbidden_sequences repair=repair_gecode_fast objective_metric=minizinc_objective incumbent_objective=4.0 contender_objective=4.0 score=0 accepted=False repair_failed=False used_exploration=False stagnation_rounds=40 weights_updated=False
  destroyed=destroy_all_forbidden_sequences: destroyed forbidden sequences: vars_erased=4
iter=74 elapsed=169.937s step_runtime=0.759s destroy=destroy_exploration repair=repair_exploration objective_metric=minizinc_objective incumbent_objective=4.0 contender_objective=4.0 score=0 accepted=False repair_failed=False used_exploration=True stagnation_rounds=41 weights_updated=False
  destroyed=destroy_exploration: destroyed window: [0, 1, 4, 5, 6, 7, 8] x [5, 6]
iter=75 elapsed=170.709s step_runtime=0.772s destroy=destroy_exploration repair=repair_exploration objective_metric=minizinc_objective incumbent_objective=4.0 contender_objective=4.0 score=0 accepted=False repair_failed=False used_exploration=True stagnation_rounds=42 weights_updated=False
  destroyed=destroy_exploration: destroyed window: [1, 2, 3, 4, 5, 6] x [0, 6]
iter=76 elapsed=171.269s step_runtime=0.559s destroy=destroy_all_forbidden_sequences repair=repair_chuffed_long objective_metric=minizinc_objective incumbent_objective=4.0 contender_objective=4.0 score=0 accepted=False repair_failed=False used_exploration=False stagnation_rounds=43 weights_updated=False
  destroyed=destroy_all_forbidden_sequences: destroyed forbidden sequences: vars_erased=4
iter=77 elapsed=171.841s step_runtime=0.573s destroy=destroy_worst_workers_10pct repair=repair_gecode_long objective_metric=minizinc_objective incumbent_objective=4.0 contender_objective=4.0 score=0 accepted=False repair_failed=False used_exploration=False stagnation_rounds=44 weights_updated=False
  destroyed=destroy_worst_workers_10pct: destroyed workers: [3]
iter=78 elapsed=178.371s step_runtime=6.530s destroy=destroy_streak_around_worst_worker repair=repair_chuffed_fast objective_metric=minizinc_objective incumbent_objective=4.0 contender_objective=4.0 score=0 accepted=False repair_failed=True used_exploration=False stagnation_rounds=45 weights_updated=False
  repair_error=RuntimeError: MiniZinc repair failed with status: UNKNOWN
  destroyed=destroy_streak_around_worst_worker: destroyed streak len=31 start=(w0,d6) end=(w5,d1); destroyed_inside=31
iter=79 elapsed=182.082s step_runtime=3.710s destroy=destroy_streak_around_worst_worker repair=repair_gecode_long objective_metric=minizinc_objective incumbent_objective=4.0 contender_objective=4.0 score=0 accepted=False repair_failed=False used_exploration=False stagnation_rounds=46 weights_updated=False
  destroyed=destroy_streak_around_worst_worker: destroyed streak len=21 start=(w1,d4) end=(w4,d3); destroyed_inside=21
