Loaded instance: Example1.txt
instance=Example1
instance_name=Example1
instance_file=Example1.txt
instance_path=/Users/gab/Library/Mobile Documents/com~apple~CloudDocs/QuIST/ML/Optimization/Project 2/LNS_scheduling/Instances1-50/Example1.txt
variant=alns_late_phase
seed=2

iter=1 elapsed=0.904s step_runtime=0.904s destroy=destroy_worst_workers_10pct repair=repair_gecode_long objective_metric=minizinc_objective incumbent_objective=inf contender_objective=21.0 score=5 accepted=True repair_failed=False used_exploration=False stagnation_rounds=0 weights_updated=False
  destroyed=destroy_worst_workers_10pct: destroyed workers: [0]
iter=2 elapsed=4.574s step_runtime=3.670s destroy=destroy_all_forbidden_sequences repair=repair_chuffed_fast objective_metric=minizinc_objective incumbent_objective=21.0 contender_objective=40.0 score=0 accepted=False repair_failed=False used_exploration=False stagnation_rounds=1 weights_updated=False
  destroyed=destroy_all_forbidden_sequences: destroyed forbidden sequences: vars_erased=29
iter=3 elapsed=5.061s step_runtime=0.488s destroy=destroy_max_border_shift_3 repair=repair_chuffed_long objective_metric=minizinc_objective incumbent_objective=21.0 contender_objective=21.0 score=1 accepted=True repair_failed=False used_exploration=False stagnation_rounds=2 weights_updated=False
  destroyed=destroy_max_border_shift_3: destroyed max-border shift_3: vars_erased=18
iter=4 elapsed=5.556s step_runtime=0.495s destroy=destroy_max_border_shift_2 repair=repair_chuffed_fast objective_metric=minizinc_objective incumbent_objective=21.0 contender_objective=21.0 score=1 accepted=True repair_failed=False used_exploration=False stagnation_rounds=3 weights_updated=False
  destroyed=destroy_max_border_shift_2: destroyed max-border shift_2: vars_erased=15
iter=5 elapsed=6.106s step_runtime=0.550s destroy=destroy_max_border_shift_1 repair=repair_gecode_long objective_metric=minizinc_objective incumbent_objective=21.0 contender_objective=21.0 score=1 accepted=True repair_failed=False used_exploration=False stagnation_rounds=4 weights_updated=False
  destroyed=destroy_max_border_shift_1: destroyed max-border shift_1: vars_erased=18
iter=6 elapsed=6.800s step_runtime=0.694s destroy=destroy_max_border_shift_2 repair=repair_gecode_fast objective_metric=minizinc_objective incumbent_objective=21.0 contender_objective=21.0 score=1 accepted=True repair_failed=False used_exploration=False stagnation_rounds=5 weights_updated=False
  destroyed=destroy_max_border_shift_2: destroyed max-border shift_2: vars_erased=27
iter=7 elapsed=7.360s step_runtime=0.560s destroy=destroy_max_border_shift_2 repair=repair_chuffed_fast objective_metric=minizinc_objective incumbent_objective=21.0 contender_objective=21.0 score=1 accepted=True repair_failed=False used_exploration=False stagnation_rounds=6 weights_updated=False
  destroyed=destroy_max_border_shift_2: destroyed max-border shift_2: vars_erased=21
iter=8 elapsed=10.869s step_runtime=3.510s destroy=destroy_worst_days_30pct repair=repair_chuffed_fast objective_metric=minizinc_objective incumbent_objective=21.0 contender_objective=32.0 score=0 accepted=False repair_failed=False used_exploration=False stagnation_rounds=7 weights_updated=False
  destroyed=destroy_worst_days_30pct: destroyed days: [0, 1, 2]
iter=9 elapsed=12.323s step_runtime=1.453s destroy=destroy_random_days_20pct repair=repair_gecode_fast objective_metric=minizinc_objective incumbent_objective=21.0 contender_objective=12.0 score=5 accepted=True repair_failed=False used_exploration=False stagnation_rounds=0 weights_updated=False
  destroyed=destroy_random_days_20pct: destroyed days: [0, 1]
iter=10 elapsed=12.960s step_runtime=0.637s destroy=destroy_worst_days_10pct repair=repair_chuffed_fast objective_metric=minizinc_objective incumbent_objective=12.0 contender_objective=12.0 score=0 accepted=False repair_failed=False used_exploration=False stagnation_rounds=1 weights_updated=True
  destroyed=destroy_worst_days_10pct: destroyed days: [0]

  weight update (destroy):
    operator                             before    after
    destroy_worst_workers_10pct            0.07     0.16
    destroy_worst_workers_30pct            0.07     0.06
    destroy_random_workers_20pct           0.07     0.06
    destroy_random_window_20pct            0.07     0.06
    destroy_all_forbidden_sequences        0.07     0.06
    destroy_streak_around_worst_worker     0.07     0.06
    destroy_worst_days_10pct               0.07     0.06
    destroy_worst_days_30pct               0.07     0.06
    destroy_random_days_20pct              0.07     0.16
    destroy_max_border_work                0.07     0.06
    destroy_max_border_off                 0.07     0.06
    destroy_max_border_shift_1             0.07     0.06
    destroy_max_border_shift_2             0.07     0.06
    destroy_max_border_shift_3             0.07     0.06

  weight update (repair):
    operator                             before    after
    repair_chuffed_fast                    0.40     0.32
    repair_gecode_fast                     0.40     0.42
    repair_chuffed_long                    0.10     0.08
    repair_gecode_long                     0.10     0.18
iter=11 elapsed=13.488s step_runtime=0.528s destroy=destroy_max_border_shift_1 repair=repair_gecode_fast objective_metric=minizinc_objective incumbent_objective=12.0 contender_objective=12.0 score=0 accepted=False repair_failed=False used_exploration=False stagnation_rounds=2 weights_updated=False
  destroyed=destroy_max_border_shift_1: destroyed max-border shift_1: vars_erased=7
iter=12 elapsed=14.176s step_runtime=0.688s destroy=destroy_worst_days_10pct repair=repair_chuffed_long objective_metric=minizinc_objective incumbent_objective=12.0 contender_objective=12.0 score=0 accepted=False repair_failed=False used_exploration=False stagnation_rounds=3 weights_updated=False
  destroyed=destroy_worst_days_10pct: destroyed days: [1]
iter=13 elapsed=14.851s step_runtime=0.676s destroy=destroy_worst_days_10pct repair=repair_chuffed_fast objective_metric=minizinc_objective incumbent_objective=12.0 contender_objective=9.0 score=5 accepted=True repair_failed=False used_exploration=False stagnation_rounds=0 weights_updated=False
  destroyed=destroy_worst_days_10pct: destroyed days: [3]
iter=14 elapsed=17.877s step_runtime=3.026s destroy=destroy_all_forbidden_sequences repair=repair_gecode_fast objective_metric=minizinc_objective incumbent_objective=9.0 contender_objective=9.0 score=0 accepted=False repair_failed=False used_exploration=False stagnation_rounds=1 weights_updated=False
  destroyed=destroy_all_forbidden_sequences: destroyed forbidden sequences: vars_erased=18
iter=15 elapsed=24.328s step_runtime=6.451s destroy=destroy_streak_around_worst_worker repair=repair_chuffed_fast objective_metric=minizinc_objective incumbent_objective=9.0 contender_objective=17.0 score=0 accepted=False repair_failed=False used_exploration=False stagnation_rounds=2 weights_updated=False
  destroyed=destroy_streak_around_worst_worker: destroyed streak len=21 start=(w0,d4) end=(w3,d3); destroyed_inside=21
iter=16 elapsed=24.853s step_runtime=0.524s destroy=destroy_max_border_shift_3 repair=repair_gecode_fast objective_metric=minizinc_objective incumbent_objective=9.0 contender_objective=9.0 score=0 accepted=False repair_failed=False used_exploration=False stagnation_rounds=3 weights_updated=False
  destroyed=destroy_max_border_shift_3: destroyed max-border shift_3: vars_erased=19
iter=17 elapsed=25.429s step_runtime=0.576s destroy=destroy_worst_workers_10pct repair=repair_chuffed_fast objective_metric=minizinc_objective incumbent_objective=9.0 contender_objective=9.0 score=0 accepted=False repair_failed=False used_exploration=False stagnation_rounds=4 weights_updated=False
  destroyed=destroy_worst_workers_10pct: destroyed workers: [2]
iter=18 elapsed=28.368s step_runtime=2.939s destroy=destroy_all_forbidden_sequences repair=repair_gecode_long objective_metric=minizinc_objective incumbent_objective=9.0 contender_objective=9.0 score=0 accepted=False repair_failed=False used_exploration=False stagnation_rounds=5 weights_updated=False
  destroyed=destroy_all_forbidden_sequences: destroyed forbidden sequences: vars_erased=18
iter=19 elapsed=34.803s step_runtime=6.435s destroy=destroy_streak_around_worst_worker repair=repair_gecode_fast objective_metric=minizinc_objective incumbent_objective=9.0 contender_objective=39.0 score=0 accepted=False repair_failed=False used_exploration=False stagnation_rounds=6 weights_updated=False
  destroyed=destroy_streak_around_worst_worker: destroyed streak len=31 start=(w8,d6) end=(w4,d1); destroyed_inside=31
iter=20 elapsed=35.295s step_runtime=0.492s destroy=destroy_max_border_shift_2 repair=repair_chuffed_fast objective_metric=minizinc_objective incumbent_objective=9.0 contender_objective=9.0 score=0 accepted=False repair_failed=False used_exploration=False stagnation_rounds=7 weights_updated=True
  destroyed=destroy_max_border_shift_2: destroyed max-border shift_2: vars_erased=23

  weight update (destroy):
    operator                             before    after
    destroy_worst_workers_10pct            0.16     0.13
    destroy_worst_workers_30pct            0.06     0.05
    destroy_random_workers_20pct           0.06     0.05
    destroy_random_window_20pct            0.06     0.05
    destroy_all_forbidden_sequences        0.06     0.05
    destroy_streak_around_worst_worker     0.06     0.05
    destroy_worst_days_10pct               0.06     0.21
    destroy_worst_days_30pct               0.06     0.05
    destroy_random_days_20pct              0.16     0.13
    destroy_max_border_work                0.06     0.05
    destroy_max_border_off                 0.06     0.05
    destroy_max_border_shift_1             0.06     0.05
    destroy_max_border_shift_2             0.06     0.05
    destroy_max_border_shift_3             0.06     0.05

  weight update (repair):
    operator                             before    after
    repair_chuffed_fast                    0.32     0.39
    repair_gecode_fast                     0.42     0.35
    repair_chuffed_long                    0.08     0.09
    repair_gecode_long                     0.18     0.16
iter=21 elapsed=35.930s step_runtime=0.635s destroy=destroy_worst_days_10pct repair=repair_chuffed_fast objective_metric=minizinc_objective incumbent_objective=9.0 contender_objective=9.0 score=0 accepted=False repair_failed=False used_exploration=False stagnation_rounds=8 weights_updated=False
  destroyed=destroy_worst_days_10pct: destroyed days: [2]
iter=22 elapsed=36.527s step_runtime=0.596s destroy=destroy_worst_workers_10pct repair=repair_gecode_long objective_metric=minizinc_objective incumbent_objective=9.0 contender_objective=9.0 score=0 accepted=False repair_failed=False used_exploration=False stagnation_rounds=9 weights_updated=False
  destroyed=destroy_worst_workers_10pct: destroyed workers: [2]
iter=23 elapsed=37.057s step_runtime=0.530s destroy=destroy_max_border_work repair=repair_gecode_fast objective_metric=minizinc_objective incumbent_objective=9.0 contender_objective=9.0 score=0 accepted=False repair_failed=False used_exploration=False stagnation_rounds=10 weights_updated=False
  destroyed=destroy_max_border_work: destroyed max-border work: vars_erased=9
iter=24 elapsed=39.613s step_runtime=2.556s destroy=destroy_exploration repair=repair_exploration objective_metric=minizinc_objective incumbent_objective=9.0 contender_objective=7.0 score=5 accepted=True repair_failed=False used_exploration=True stagnation_rounds=0 weights_updated=False
  destroyed=destroy_exploration: destroyed window: [0, 1, 2, 3, 4] x [3, 4, 5, 6]
iter=25 elapsed=41.818s step_runtime=2.205s destroy=destroy_exploration repair=repair_exploration objective_metric=minizinc_objective incumbent_objective=7.0 contender_objective=6.0 score=5 accepted=True repair_failed=False used_exploration=True stagnation_rounds=0 weights_updated=False
  destroyed=destroy_exploration: destroyed window: [0, 1, 5, 6, 7, 8] x [0, 5, 6]
iter=26 elapsed=42.456s step_runtime=0.638s destroy=destroy_worst_days_10pct repair=repair_chuffed_long objective_metric=minizinc_objective incumbent_objective=6.0 contender_objective=6.0 score=0 accepted=False repair_failed=False used_exploration=False stagnation_rounds=1 weights_updated=False
  destroyed=destroy_worst_days_10pct: destroyed days: [2]
iter=27 elapsed=42.951s step_runtime=0.495s destroy=destroy_max_border_shift_3 repair=repair_chuffed_fast objective_metric=minizinc_objective incumbent_objective=6.0 contender_objective=6.0 score=0 accepted=False repair_failed=False used_exploration=False stagnation_rounds=2 weights_updated=False
  destroyed=destroy_max_border_shift_3: destroyed max-border shift_3: vars_erased=9
iter=28 elapsed=43.572s step_runtime=0.621s destroy=destroy_worst_days_10pct repair=repair_chuffed_fast objective_metric=minizinc_objective incumbent_objective=6.0 contender_objective=6.0 score=0 accepted=False repair_failed=False used_exploration=False stagnation_rounds=3 weights_updated=False
  destroyed=destroy_worst_days_10pct: destroyed days: [4]
iter=29 elapsed=44.325s step_runtime=0.753s destroy=destroy_all_forbidden_sequences repair=repair_chuffed_fast objective_metric=minizinc_objective incumbent_objective=6.0 contender_objective=6.0 score=0 accepted=False repair_failed=False used_exploration=False stagnation_rounds=4 weights_updated=False
  destroyed=destroy_all_forbidden_sequences: destroyed forbidden sequences: vars_erased=12
iter=30 elapsed=74.861s step_runtime=30.537s destroy=destroy_streak_around_worst_worker repair=repair_chuffed_long objective_metric=minizinc_objective incumbent_objective=6.0 contender_objective=27.0 score=0 accepted=False repair_failed=False used_exploration=False stagnation_rounds=5 weights_updated=True
  destroyed=destroy_streak_around_worst_worker: destroyed streak len=31 start=(w8,d6) end=(w4,d1); destroyed_inside=31

  weight update (destroy):
    operator                             before    after
    destroy_worst_workers_10pct            0.13     0.13
    destroy_worst_workers_30pct            0.05     0.06
    destroy_random_workers_20pct           0.05     0.06
    destroy_random_window_20pct            0.05     0.06
    destroy_all_forbidden_sequences        0.05     0.06
    destroy_streak_around_worst_worker     0.05     0.06
    destroy_worst_days_10pct               0.21     0.19
    destroy_worst_days_30pct               0.05     0.06
    destroy_random_days_20pct              0.13     0.13
    destroy_max_border_work                0.05     0.04
    destroy_max_border_off                 0.05     0.04
    destroy_max_border_shift_1             0.05     0.04
    destroy_max_border_shift_2             0.05     0.04
    destroy_max_border_shift_3             0.05     0.04

  weight update (repair):
    operator                             before    after
    repair_chuffed_fast                    0.39     0.37
    repair_gecode_fast                     0.35     0.33
    repair_chuffed_long                    0.09     0.12
    repair_gecode_long                     0.16     0.18
iter=31 elapsed=75.444s step_runtime=0.582s destroy=destroy_worst_workers_10pct repair=repair_gecode_fast objective_metric=minizinc_objective incumbent_objective=6.0 contender_objective=6.0 score=0 accepted=False repair_failed=False used_exploration=False stagnation_rounds=6 weights_updated=False
  destroyed=destroy_worst_workers_10pct: destroyed workers: [2]
iter=32 elapsed=75.965s step_runtime=0.521s destroy=destroy_max_border_work repair=repair_gecode_fast objective_metric=minizinc_objective incumbent_objective=6.0 contender_objective=6.0 score=0 accepted=False repair_failed=False used_exploration=False stagnation_rounds=7 weights_updated=False
  destroyed=destroy_max_border_work: destroyed max-border work: vars_erased=7
iter=33 elapsed=76.490s step_runtime=0.525s destroy=destroy_max_border_shift_3 repair=repair_gecode_fast objective_metric=minizinc_objective incumbent_objective=6.0 contender_objective=6.0 score=0 accepted=False repair_failed=False used_exploration=False stagnation_rounds=8 weights_updated=False
  destroyed=destroy_max_border_shift_3: destroyed max-border shift_3: vars_erased=7
iter=34 elapsed=77.074s step_runtime=0.584s destroy=destroy_worst_workers_10pct repair=repair_gecode_fast objective_metric=minizinc_objective incumbent_objective=6.0 contender_objective=6.0 score=0 accepted=False repair_failed=False used_exploration=False stagnation_rounds=9 weights_updated=False
  destroyed=destroy_worst_workers_10pct: destroyed workers: [2]
iter=35 elapsed=77.656s step_runtime=0.582s destroy=destroy_worst_workers_10pct repair=repair_gecode_long objective_metric=minizinc_objective incumbent_objective=6.0 contender_objective=6.0 score=0 accepted=False repair_failed=False used_exploration=False stagnation_rounds=10 weights_updated=False
  destroyed=destroy_worst_workers_10pct: destroyed workers: [2]
iter=36 elapsed=78.296s step_runtime=0.640s destroy=destroy_exploration repair=repair_exploration objective_metric=minizinc_objective incumbent_objective=6.0 contender_objective=6.0 score=0 accepted=False repair_failed=False used_exploration=True stagnation_rounds=11 weights_updated=False
  destroyed=destroy_exploration: destroyed window: [0, 1, 8] x [1, 2, 3, 4]
iter=37 elapsed=78.862s step_runtime=0.566s destroy=destroy_exploration repair=repair_exploration objective_metric=minizinc_objective incumbent_objective=6.0 contender_objective=6.0 score=0 accepted=False repair_failed=False used_exploration=True stagnation_rounds=12 weights_updated=False
  destroyed=destroy_exploration: destroyed window: [5, 6, 7] x [0, 6]
iter=38 elapsed=79.357s step_runtime=0.495s destroy=destroy_max_border_work repair=repair_chuffed_fast objective_metric=minizinc_objective incumbent_objective=6.0 contender_objective=6.0 score=0 accepted=False repair_failed=False used_exploration=False stagnation_rounds=13 weights_updated=False
  destroyed=destroy_max_border_work: destroyed max-border work: vars_erased=9
iter=39 elapsed=79.843s step_runtime=0.486s destroy=destroy_max_border_work repair=repair_chuffed_fast objective_metric=minizinc_objective incumbent_objective=6.0 contender_objective=6.0 score=0 accepted=False repair_failed=False used_exploration=False stagnation_rounds=14 weights_updated=False
  destroyed=destroy_max_border_work: destroyed max-border work: vars_erased=12
iter=40 elapsed=80.468s step_runtime=0.624s destroy=destroy_worst_days_10pct repair=repair_gecode_fast objective_metric=minizinc_objective incumbent_objective=6.0 contender_objective=6.0 score=0 accepted=False repair_failed=False used_exploration=False stagnation_rounds=15 weights_updated=True
  destroyed=destroy_worst_days_10pct: destroyed days: [1]

  weight update (destroy):
    operator                             before    after
    destroy_worst_workers_10pct            0.13     0.12
    destroy_worst_workers_30pct            0.06     0.07
    destroy_random_workers_20pct           0.06     0.07
    destroy_random_window_20pct            0.06     0.07
    destroy_all_forbidden_sequences        0.06     0.07
    destroy_streak_around_worst_worker     0.06     0.07
    destroy_worst_days_10pct               0.19     0.18
    destroy_worst_days_30pct               0.06     0.07
    destroy_random_days_20pct              0.13     0.12
    destroy_max_border_work                0.04     0.03
    destroy_max_border_off                 0.04     0.03
    destroy_max_border_shift_1             0.04     0.03
    destroy_max_border_shift_2             0.04     0.03
    destroy_max_border_shift_3             0.04     0.03

  weight update (repair):
    operator                             before    after
    repair_chuffed_fast                    0.37     0.34
    repair_gecode_fast                     0.33     0.32
    repair_chuffed_long                    0.12     0.15
    repair_gecode_long                     0.18     0.19
iter=41 elapsed=81.298s step_runtime=0.831s destroy=destroy_streak_around_worst_worker repair=repair_chuffed_fast objective_metric=minizinc_objective incumbent_objective=6.0 contender_objective=6.0 score=0 accepted=False repair_failed=False used_exploration=False stagnation_rounds=16 weights_updated=False
  destroyed=destroy_streak_around_worst_worker: destroyed streak len=15 start=(w1,d0) end=(w3,d0); destroyed_inside=15
iter=42 elapsed=108.677s step_runtime=27.378s destroy=destroy_streak_around_worst_worker repair=repair_chuffed_long objective_metric=minizinc_objective incumbent_objective=6.0 contender_objective=5.0 score=5 accepted=True repair_failed=False used_exploration=False stagnation_rounds=0 weights_updated=False
  destroyed=destroy_streak_around_worst_worker: destroyed streak len=29 start=(w0,d0) end=(w4,d0); destroyed_inside=29
iter=43 elapsed=115.179s step_runtime=6.502s destroy=destroy_streak_around_worst_worker repair=repair_chuffed_fast objective_metric=minizinc_objective incumbent_objective=5.0 contender_objective=31.0 score=0 accepted=False repair_failed=False used_exploration=False stagnation_rounds=1 weights_updated=False
  destroyed=destroy_streak_around_worst_worker: destroyed streak len=29 start=(w1,d0) end=(w5,d0); destroyed_inside=29
iter=44 elapsed=115.838s step_runtime=0.659s destroy=destroy_all_forbidden_sequences repair=repair_chuffed_fast objective_metric=minizinc_objective incumbent_objective=5.0 contender_objective=5.0 score=0 accepted=False repair_failed=False used_exploration=False stagnation_rounds=2 weights_updated=False
  destroyed=destroy_all_forbidden_sequences: destroyed forbidden sequences: vars_erased=10
iter=45 elapsed=122.286s step_runtime=6.447s destroy=destroy_streak_around_worst_worker repair=repair_gecode_fast objective_metric=minizinc_objective incumbent_objective=5.0 contender_objective=63.0 score=0 accepted=False repair_failed=False used_exploration=False stagnation_rounds=3 weights_updated=False
  destroyed=destroy_streak_around_worst_worker: destroyed streak len=37 start=(w0,d3) end=(w5,d4); destroyed_inside=37
iter=46 elapsed=122.910s step_runtime=0.624s destroy=destroy_worst_days_10pct repair=repair_gecode_fast objective_metric=minizinc_objective incumbent_objective=5.0 contender_objective=5.0 score=0 accepted=False repair_failed=False used_exploration=False stagnation_rounds=4 weights_updated=False
  destroyed=destroy_worst_days_10pct: destroyed days: [1]
iter=47 elapsed=123.543s step_runtime=0.633s destroy=destroy_all_forbidden_sequences repair=repair_gecode_fast objective_metric=minizinc_objective incumbent_objective=5.0 contender_objective=5.0 score=0 accepted=False repair_failed=False used_exploration=False stagnation_rounds=5 weights_updated=False
  destroyed=destroy_all_forbidden_sequences: destroyed forbidden sequences: vars_erased=10
iter=48 elapsed=124.186s step_runtime=0.643s destroy=destroy_all_forbidden_sequences repair=repair_gecode_fast objective_metric=minizinc_objective incumbent_objective=5.0 contender_objective=5.0 score=0 accepted=False repair_failed=False used_exploration=False stagnation_rounds=6 weights_updated=False
  destroyed=destroy_all_forbidden_sequences: destroyed forbidden sequences: vars_erased=10
iter=49 elapsed=124.706s step_runtime=0.521s destroy=destroy_max_border_shift_1 repair=repair_gecode_fast objective_metric=minizinc_objective incumbent_objective=5.0 contender_objective=5.0 score=0 accepted=False repair_failed=False used_exploration=False stagnation_rounds=7 weights_updated=False
  destroyed=destroy_max_border_shift_1: destroyed max-border shift_1: vars_erased=10
iter=50 elapsed=125.232s step_runtime=0.525s destroy=destroy_max_border_shift_3 repair=repair_chuffed_long objective_metric=minizinc_objective incumbent_objective=5.0 contender_objective=5.0 score=0 accepted=False repair_failed=False used_exploration=False stagnation_rounds=8 weights_updated=True
  destroyed=destroy_max_border_shift_3: destroyed max-border shift_3: vars_erased=3

  weight update (destroy):
    operator                             before    after
    destroy_worst_workers_10pct            0.12     0.11
    destroy_worst_workers_30pct            0.07     0.07
    destroy_random_workers_20pct           0.07     0.07
    destroy_random_window_20pct            0.07     0.07
    destroy_all_forbidden_sequences        0.07     0.07
    destroy_streak_around_worst_worker     0.07     0.14
    destroy_worst_days_10pct               0.18     0.15
    destroy_worst_days_30pct               0.07     0.07
    destroy_random_days_20pct              0.12     0.11
    destroy_max_border_work                0.03     0.03
    destroy_max_border_off                 0.03     0.03
    destroy_max_border_shift_1             0.03     0.03
    destroy_max_border_shift_2             0.03     0.03
    destroy_max_border_shift_3             0.03     0.04

  weight update (repair):
    operator                             before    after
    repair_chuffed_fast                    0.34     0.28
    repair_gecode_fast                     0.32     0.26
    repair_chuffed_long                    0.15     0.30
    repair_gecode_long                     0.19     0.16
iter=51 elapsed=125.811s step_runtime=0.579s destroy=destroy_worst_workers_10pct repair=repair_gecode_fast objective_metric=minizinc_objective incumbent_objective=5.0 contender_objective=5.0 score=0 accepted=False repair_failed=False used_exploration=False stagnation_rounds=9 weights_updated=False
  destroyed=destroy_worst_workers_10pct: destroyed workers: [3]
iter=52 elapsed=132.255s step_runtime=6.445s destroy=destroy_streak_around_worst_worker repair=repair_gecode_fast objective_metric=minizinc_objective incumbent_objective=5.0 contender_objective=40.0 score=0 accepted=False repair_failed=False used_exploration=False stagnation_rounds=10 weights_updated=False
  destroyed=destroy_streak_around_worst_worker: destroyed streak len=31 start=(w0,d6) end=(w5,d1); destroyed_inside=31
iter=53 elapsed=133.284s step_runtime=1.029s destroy=destroy_exploration repair=repair_exploration objective_metric=minizinc_objective incumbent_objective=5.0 contender_objective=5.0 score=0 accepted=False repair_failed=False used_exploration=True stagnation_rounds=11 weights_updated=False
  destroyed=destroy_exploration: destroyed window: [0, 1, 7, 8] x [0, 1, 5, 6]
iter=54 elapsed=134.347s step_runtime=1.063s destroy=destroy_exploration repair=repair_exploration objective_metric=minizinc_objective incumbent_objective=5.0 contender_objective=5.0 score=0 accepted=False repair_failed=False used_exploration=True stagnation_rounds=12 weights_updated=False
  destroyed=destroy_exploration: destroyed window: [0, 1, 2, 6, 7, 8] x [1, 2, 3]
iter=55 elapsed=135.055s step_runtime=0.708s destroy=destroy_streak_around_worst_worker repair=repair_chuffed_fast objective_metric=minizinc_objective incumbent_objective=5.0 contender_objective=5.0 score=0 accepted=False repair_failed=False used_exploration=False stagnation_rounds=13 weights_updated=False
  destroyed=destroy_streak_around_worst_worker: destroyed streak len=13 start=(w2,d1) end=(w3,d6); destroyed_inside=13
iter=56 elapsed=135.547s step_runtime=0.492s destroy=destroy_max_border_shift_2 repair=repair_chuffed_long objective_metric=minizinc_objective incumbent_objective=5.0 contender_objective=5.0 score=0 accepted=False repair_failed=False used_exploration=False stagnation_rounds=14 weights_updated=False
  destroyed=destroy_max_border_shift_2: destroyed max-border shift_2: vars_erased=9
iter=57 elapsed=136.225s step_runtime=0.678s destroy=destroy_worst_days_10pct repair=repair_chuffed_fast objective_metric=minizinc_objective incumbent_objective=5.0 contender_objective=5.0 score=0 accepted=False repair_failed=False used_exploration=False stagnation_rounds=15 weights_updated=False
  destroyed=destroy_worst_days_10pct: destroyed days: [0]
iter=58 elapsed=136.964s step_runtime=0.739s destroy=destroy_streak_around_worst_worker repair=repair_gecode_long objective_metric=minizinc_objective incumbent_objective=5.0 contender_objective=5.0 score=0 accepted=False repair_failed=False used_exploration=False stagnation_rounds=16 weights_updated=False
  destroyed=destroy_streak_around_worst_worker: destroyed streak len=15 start=(w2,d0) end=(w4,d0); destroyed_inside=15
iter=59 elapsed=137.604s step_runtime=0.640s destroy=destroy_worst_days_10pct repair=repair_chuffed_long objective_metric=minizinc_objective incumbent_objective=5.0 contender_objective=5.0 score=0 accepted=False repair_failed=False used_exploration=False stagnation_rounds=17 weights_updated=False
  destroyed=destroy_worst_days_10pct: destroyed days: [1]
iter=60 elapsed=138.231s step_runtime=0.627s destroy=destroy_all_forbidden_sequences repair=repair_gecode_fast objective_metric=minizinc_objective incumbent_objective=5.0 contender_objective=5.0 score=0 accepted=False repair_failed=False used_exploration=False stagnation_rounds=18 weights_updated=True
  destroyed=destroy_all_forbidden_sequences: destroyed forbidden sequences: vars_erased=10

  weight update (destroy):
    operator                             before    after
    destroy_worst_workers_10pct            0.11     0.11
    destroy_worst_workers_30pct            0.07     0.07
    destroy_random_workers_20pct           0.07     0.07
    destroy_random_window_20pct            0.07     0.07
    destroy_all_forbidden_sequences        0.07     0.07
    destroy_streak_around_worst_worker     0.14     0.13
    destroy_worst_days_10pct               0.15     0.14
    destroy_worst_days_30pct               0.07     0.07
    destroy_random_days_20pct              0.11     0.11
    destroy_max_border_work                0.03     0.02
    destroy_max_border_off                 0.03     0.02
    destroy_max_border_shift_1             0.03     0.02
    destroy_max_border_shift_2             0.03     0.02
    destroy_max_border_shift_3             0.04     0.05

  weight update (repair):
    operator                             before    after
    repair_chuffed_fast                    0.28     0.27
    repair_gecode_fast                     0.26     0.26
    repair_chuffed_long                    0.30     0.29
    repair_gecode_long                     0.16     0.18
iter=61 elapsed=138.746s step_runtime=0.515s destroy=destroy_max_border_shift_3 repair=repair_chuffed_fast objective_metric=minizinc_objective incumbent_objective=5.0 contender_objective=5.0 score=0 accepted=False repair_failed=False used_exploration=False stagnation_rounds=19 weights_updated=False
  destroyed=destroy_max_border_shift_3: destroyed max-border shift_3: vars_erased=3
iter=62 elapsed=139.406s step_runtime=0.660s destroy=destroy_all_forbidden_sequences repair=repair_chuffed_long objective_metric=minizinc_objective incumbent_objective=5.0 contender_objective=5.0 score=0 accepted=False repair_failed=False used_exploration=False stagnation_rounds=20 weights_updated=False
  destroyed=destroy_all_forbidden_sequences: destroyed forbidden sequences: vars_erased=10
iter=63 elapsed=140.085s step_runtime=0.679s destroy=destroy_exploration repair=repair_exploration objective_metric=minizinc_objective incumbent_objective=5.0 contender_objective=5.0 score=0 accepted=False repair_failed=False used_exploration=True stagnation_rounds=21 weights_updated=False
  destroyed=destroy_exploration: destroyed window: [0, 1, 2, 7, 8] x [5, 6]
iter=64 elapsed=140.729s step_runtime=0.644s destroy=destroy_exploration repair=repair_exploration objective_metric=minizinc_objective incumbent_objective=5.0 contender_objective=5.0 score=0 accepted=False repair_failed=False used_exploration=True stagnation_rounds=22 weights_updated=False
  destroyed=destroy_exploration: destroyed window: [0, 1, 2, 6, 7, 8] x [2, 3]
iter=65 elapsed=144.271s step_runtime=3.542s destroy=destroy_streak_around_worst_worker repair=repair_chuffed_long objective_metric=minizinc_objective incumbent_objective=5.0 contender_objective=5.0 score=0 accepted=False repair_failed=False used_exploration=False stagnation_rounds=23 weights_updated=False
  destroyed=destroy_streak_around_worst_worker: destroyed streak len=19 start=(w1,d5) end=(w4,d2); destroyed_inside=19
iter=66 elapsed=146.342s step_runtime=2.070s destroy=destroy_streak_around_worst_worker repair=repair_chuffed_fast objective_metric=minizinc_objective incumbent_objective=5.0 contender_objective=5.0 score=0 accepted=False repair_failed=False used_exploration=False stagnation_rounds=24 weights_updated=False
  destroyed=destroy_streak_around_worst_worker: destroyed streak len=17 start=(w1,d6) end=(w4,d1); destroyed_inside=17
iter=67 elapsed=152.791s step_runtime=6.449s destroy=destroy_streak_around_worst_worker repair=repair_gecode_fast objective_metric=minizinc_objective incumbent_objective=5.0 contender_objective=75.0 score=0 accepted=False repair_failed=False used_exploration=False stagnation_rounds=25 weights_updated=False
  destroyed=destroy_streak_around_worst_worker: destroyed streak len=39 start=(w0,d2) end=(w5,d5); destroyed_inside=39
iter=68 elapsed=153.453s step_runtime=0.662s destroy=destroy_all_forbidden_sequences repair=repair_chuffed_fast objective_metric=minizinc_objective incumbent_objective=5.0 contender_objective=5.0 score=0 accepted=False repair_failed=False used_exploration=False stagnation_rounds=26 weights_updated=False
  destroyed=destroy_all_forbidden_sequences: destroyed forbidden sequences: vars_erased=10
iter=69 elapsed=154.077s step_runtime=0.624s destroy=destroy_streak_around_worst_worker repair=repair_gecode_fast objective_metric=minizinc_objective incumbent_objective=5.0 contender_objective=5.0 score=0 accepted=False repair_failed=False used_exploration=False stagnation_rounds=27 weights_updated=False
  destroyed=destroy_streak_around_worst_worker: destroyed streak len=11 start=(w2,d2) end=(w3,d5); destroyed_inside=11
iter=70 elapsed=154.673s step_runtime=0.596s destroy=destroy_worst_days_10pct repair=repair_gecode_long objective_metric=minizinc_objective incumbent_objective=5.0 contender_objective=5.0 score=0 accepted=False repair_failed=False used_exploration=False stagnation_rounds=28 weights_updated=True
  destroyed=destroy_worst_days_10pct: destroyed days: [6]

  weight update (destroy):
    operator                             before    after
    destroy_worst_workers_10pct            0.11     0.11
    destroy_worst_workers_30pct            0.07     0.08
    destroy_random_workers_20pct           0.07     0.08
    destroy_random_window_20pct            0.07     0.08
    destroy_all_forbidden_sequences        0.07     0.08
    destroy_streak_around_worst_worker     0.13     0.12
    destroy_worst_days_10pct               0.14     0.13
    destroy_worst_days_30pct               0.07     0.08
    destroy_random_days_20pct              0.11     0.11
    destroy_max_border_work                0.02     0.02
    destroy_max_border_off                 0.02     0.02
    destroy_max_border_shift_1             0.02     0.02
    destroy_max_border_shift_2             0.02     0.02
    destroy_max_border_shift_3             0.05     0.06

  weight update (repair):
    operator                             before    after
    repair_chuffed_fast                    0.27     0.27
    repair_gecode_fast                     0.26     0.25
    repair_chuffed_long                    0.29     0.28
    repair_gecode_long                     0.18     0.19
iter=71 elapsed=155.248s step_runtime=0.574s destroy=destroy_worst_workers_10pct repair=repair_chuffed_long objective_metric=minizinc_objective incumbent_objective=5.0 contender_objective=5.0 score=0 accepted=False repair_failed=False used_exploration=False stagnation_rounds=29 weights_updated=False
  destroyed=destroy_worst_workers_10pct: destroyed workers: [3]
iter=72 elapsed=155.793s step_runtime=0.545s destroy=destroy_max_border_shift_3 repair=repair_gecode_fast objective_metric=minizinc_objective incumbent_objective=5.0 contender_objective=5.0 score=0 accepted=False repair_failed=False used_exploration=False stagnation_rounds=30 weights_updated=False
  destroyed=destroy_max_border_shift_3: destroyed max-border shift_3: vars_erased=3
iter=73 elapsed=156.382s step_runtime=0.589s destroy=destroy_exploration repair=repair_exploration objective_metric=minizinc_objective incumbent_objective=5.0 contender_objective=5.0 score=0 accepted=False repair_failed=False used_exploration=True stagnation_rounds=31 weights_updated=False
  destroyed=destroy_exploration: destroyed window: [0, 6, 7, 8] x [5, 6]
iter=74 elapsed=156.964s step_runtime=0.581s destroy=destroy_exploration repair=repair_exploration objective_metric=minizinc_objective incumbent_objective=5.0 contender_objective=5.0 score=0 accepted=False repair_failed=False used_exploration=True stagnation_rounds=32 weights_updated=False
  destroyed=destroy_exploration: destroyed window: [2, 3, 4] x [0, 6]
iter=75 elapsed=157.538s step_runtime=0.574s destroy=destroy_streak_around_worst_worker repair=repair_gecode_long objective_metric=minizinc_objective incumbent_objective=5.0 contender_objective=5.0 score=0 accepted=False repair_failed=False used_exploration=False stagnation_rounds=33 weights_updated=False
  destroyed=destroy_streak_around_worst_worker: destroyed streak len=5 start=(w2,d5) end=(w3,d2); destroyed_inside=5
iter=76 elapsed=158.195s step_runtime=0.657s destroy=destroy_all_forbidden_sequences repair=repair_chuffed_fast objective_metric=minizinc_objective incumbent_objective=5.0 contender_objective=5.0 score=0 accepted=False repair_failed=False used_exploration=False stagnation_rounds=34 weights_updated=False
  destroyed=destroy_all_forbidden_sequences: destroyed forbidden sequences: vars_erased=10
iter=77 elapsed=158.710s step_runtime=0.516s destroy=destroy_max_border_shift_3 repair=repair_chuffed_long objective_metric=minizinc_objective incumbent_objective=5.0 contender_objective=5.0 score=0 accepted=False repair_failed=False used_exploration=False stagnation_rounds=35 weights_updated=False
  destroyed=destroy_max_border_shift_3: destroyed max-border shift_3: vars_erased=3
iter=78 elapsed=160.575s step_runtime=1.864s destroy=destroy_streak_around_worst_worker repair=repair_gecode_long objective_metric=minizinc_objective incumbent_objective=5.0 contender_objective=5.0 score=0 accepted=False repair_failed=False used_exploration=False stagnation_rounds=36 weights_updated=False
  destroyed=destroy_streak_around_worst_worker: destroyed streak len=19 start=(w1,d5) end=(w4,d2); destroyed_inside=19
iter=79 elapsed=167.072s step_runtime=6.498s destroy=destroy_streak_around_worst_worker repair=repair_chuffed_fast objective_metric=minizinc_objective incumbent_objective=5.0 contender_objective=30.0 score=0 accepted=False repair_failed=False used_exploration=False stagnation_rounds=37 weights_updated=False
  destroyed=destroy_streak_around_worst_worker: destroyed streak len=29 start=(w1,d0) end=(w5,d0); destroyed_inside=29
iter=80 elapsed=167.643s step_runtime=0.571s destroy=destroy_worst_workers_10pct repair=repair_chuffed_long objective_metric=minizinc_objective incumbent_objective=5.0 contender_objective=5.0 score=0 accepted=False repair_failed=False used_exploration=False stagnation_rounds=38 weights_updated=True
  destroyed=destroy_worst_workers_10pct: destroyed workers: [3]

  weight update (destroy):
    operator                             before    after
    destroy_worst_workers_10pct            0.11     0.10
    destroy_worst_workers_30pct            0.08     0.08
    destroy_random_workers_20pct           0.08     0.08
    destroy_random_window_20pct            0.08     0.08
    destroy_all_forbidden_sequences        0.08     0.08
    destroy_streak_around_worst_worker     0.12     0.12
    destroy_worst_days_10pct               0.13     0.13
    destroy_worst_days_30pct               0.08     0.08
    destroy_random_days_20pct              0.11     0.10
    destroy_max_border_work                0.02     0.02
    destroy_max_border_off                 0.02     0.02
    destroy_max_border_shift_1             0.02     0.02
    destroy_max_border_shift_2             0.02     0.02
    destroy_max_border_shift_3             0.06     0.07

  weight update (repair):
    operator                             before    after
    repair_chuffed_fast                    0.27     0.26
    repair_gecode_fast                     0.25     0.25
    repair_chuffed_long                    0.28     0.28
    repair_gecode_long                     0.19     0.20
iter=81 elapsed=174.154s step_runtime=6.511s destroy=destroy_streak_around_worst_worker repair=repair_chuffed_fast objective_metric=minizinc_objective incumbent_objective=5.0 contender_objective=47.0 score=0 accepted=False repair_failed=False used_exploration=False stagnation_rounds=39 weights_updated=False
  destroyed=destroy_streak_around_worst_worker: destroyed streak len=31 start=(w0,d6) end=(w5,d1); destroyed_inside=31
iter=82 elapsed=174.768s step_runtime=0.615s destroy=destroy_worst_days_10pct repair=repair_chuffed_fast objective_metric=minizinc_objective incumbent_objective=5.0 contender_objective=5.0 score=0 accepted=False repair_failed=False used_exploration=False stagnation_rounds=40 weights_updated=False
  destroyed=destroy_worst_days_10pct: destroyed days: [4]
iter=83 elapsed=176.161s step_runtime=1.392s destroy=destroy_exploration repair=repair_exploration objective_metric=minizinc_objective incumbent_objective=5.0 contender_objective=5.0 score=0 accepted=False repair_failed=False used_exploration=True stagnation_rounds=41 weights_updated=False
  destroyed=destroy_exploration: destroyed window: [3, 4, 5, 6] x [1, 2, 3, 4]
iter=84 elapsed=187.520s step_runtime=11.359s destroy=destroy_exploration repair=repair_exploration objective_metric=minizinc_objective incumbent_objective=5.0 contender_objective=3.0 score=5 accepted=True repair_failed=False used_exploration=True stagnation_rounds=0 weights_updated=False
  destroyed=destroy_exploration: destroyed window: [0, 4, 5, 6, 7, 8] x [3, 4, 5, 6]
