Loaded instance: Example2.txt
instance=Example2
instance_name=Example2
instance_file=Example2.txt
instance_path=/Users/gab/Library/Mobile Documents/com~apple~CloudDocs/QuIST/ML/Optimization/Project 2/LNS_scheduling/Instances1-50/Example2.txt
variant=alns_late_phase
seed=2

iter=1 elapsed=0.825s step_runtime=0.825s destroy=destroy_worst_workers_10pct repair=repair_gecode_long objective_metric=minizinc_objective incumbent_objective=inf contender_objective=63.0 score=5 accepted=True repair_failed=False used_exploration=False stagnation_rounds=0 weights_updated=False
  destroyed=destroy_worst_workers_10pct: destroyed workers: [0]
iter=2 elapsed=4.507s step_runtime=3.682s destroy=destroy_all_forbidden_sequences repair=repair_chuffed_fast objective_metric=minizinc_objective incumbent_objective=63.0 contender_objective=57.0 score=5 accepted=True repair_failed=False used_exploration=False stagnation_rounds=0 weights_updated=False
  destroyed=destroy_all_forbidden_sequences: destroyed forbidden sequences: vars_erased=25
iter=3 elapsed=5.630s step_runtime=1.122s destroy=destroy_random_workers_20pct repair=repair_gecode_long objective_metric=minizinc_objective incumbent_objective=57.0 contender_objective=47.0 score=5 accepted=True repair_failed=False used_exploration=False stagnation_rounds=0 weights_updated=False
  destroyed=destroy_random_workers_20pct: destroyed workers: [0, 8]
iter=4 elapsed=6.434s step_runtime=0.804s destroy=destroy_random_window_20pct repair=repair_chuffed_fast objective_metric=minizinc_objective incumbent_objective=47.0 contender_objective=47.0 score=1 accepted=True repair_failed=False used_exploration=False stagnation_rounds=1 weights_updated=False
  destroyed=destroy_random_window_20pct: destroyed window: [0, 6, 7, 8] x [4, 5]
iter=5 elapsed=7.203s step_runtime=0.769s destroy=destroy_random_window_20pct repair=repair_gecode_long objective_metric=minizinc_objective incumbent_objective=47.0 contender_objective=44.0 score=5 accepted=True repair_failed=False used_exploration=False stagnation_rounds=0 weights_updated=False
  destroyed=destroy_random_window_20pct: destroyed window: [0, 1, 2, 8] x [0, 1]
iter=6 elapsed=8.146s step_runtime=0.943s destroy=destroy_random_window_20pct repair=repair_gecode_fast objective_metric=minizinc_objective incumbent_objective=44.0 contender_objective=26.0 score=5 accepted=True repair_failed=False used_exploration=False stagnation_rounds=0 weights_updated=False
  destroyed=destroy_random_window_20pct: destroyed window: [0, 1, 2, 3] x [0, 1, 5, 6]
iter=7 elapsed=9.919s step_runtime=1.773s destroy=destroy_worst_workers_30pct repair=repair_gecode_fast objective_metric=minizinc_objective incumbent_objective=26.0 contender_objective=15.0 score=5 accepted=True repair_failed=False used_exploration=False stagnation_rounds=0 weights_updated=False
  destroyed=destroy_worst_workers_30pct: destroyed workers: [0, 3, 5]
iter=8 elapsed=10.615s step_runtime=0.696s destroy=destroy_max_border_off repair=repair_gecode_fast objective_metric=minizinc_objective incumbent_objective=15.0 contender_objective=11.0 score=5 accepted=True repair_failed=False used_exploration=False stagnation_rounds=0 weights_updated=False
  destroyed=destroy_max_border_off: destroyed max-border off: vars_erased=4
iter=9 elapsed=11.305s step_runtime=0.690s destroy=destroy_worst_days_10pct repair=repair_chuffed_fast objective_metric=minizinc_objective incumbent_objective=11.0 contender_objective=11.0 score=0 accepted=False repair_failed=False used_exploration=False stagnation_rounds=1 weights_updated=False
  destroyed=destroy_worst_days_10pct: destroyed days: [0]
iter=10 elapsed=11.826s step_runtime=0.521s destroy=destroy_max_border_shift_2 repair=repair_gecode_long objective_metric=minizinc_objective incumbent_objective=11.0 contender_objective=11.0 score=0 accepted=False repair_failed=False used_exploration=False stagnation_rounds=2 weights_updated=True
  destroyed=destroy_max_border_shift_2: destroyed max-border shift_2: vars_erased=9

  weight update (destroy):
    operator                             before    after
    destroy_worst_workers_10pct            0.07     0.11
    destroy_worst_workers_30pct            0.07     0.11
    destroy_random_workers_20pct           0.07     0.11
    destroy_random_window_20pct            0.07     0.06
    destroy_all_forbidden_sequences        0.07     0.11
    destroy_streak_around_worst_worker     0.07     0.06
    destroy_worst_days_10pct               0.07     0.06
    destroy_worst_days_30pct               0.07     0.06
    destroy_random_days_20pct              0.07     0.06
    destroy_max_border_work                0.07     0.06
    destroy_max_border_off                 0.07     0.06
    destroy_max_border_shift_1             0.07     0.06
    destroy_max_border_shift_2             0.07     0.06
    destroy_max_border_shift_3             0.07     0.06

  weight update (repair):
    operator                             before    after
    repair_chuffed_fast                    0.40     0.32
    repair_gecode_fast                     0.40     0.49
    repair_chuffed_long                    0.10     0.08
    repair_gecode_long                     0.10     0.11
iter=11 elapsed=12.313s step_runtime=0.487s destroy=destroy_max_border_off repair=repair_chuffed_fast objective_metric=minizinc_objective incumbent_objective=11.0 contender_objective=11.0 score=0 accepted=False repair_failed=False used_exploration=False stagnation_rounds=3 weights_updated=False
  destroyed=destroy_max_border_off: destroyed max-border off: vars_erased=2
iter=12 elapsed=12.832s step_runtime=0.519s destroy=destroy_max_border_work repair=repair_gecode_fast objective_metric=minizinc_objective incumbent_objective=11.0 contender_objective=11.0 score=0 accepted=False repair_failed=False used_exploration=False stagnation_rounds=4 weights_updated=False
  destroyed=destroy_max_border_work: destroyed max-border work: vars_erased=9
iter=13 elapsed=16.161s step_runtime=3.329s destroy=destroy_streak_around_worst_worker repair=repair_chuffed_fast objective_metric=minizinc_objective incumbent_objective=11.0 contender_objective=9.0 score=5 accepted=True repair_failed=False used_exploration=False stagnation_rounds=0 weights_updated=False
  destroyed=destroy_streak_around_worst_worker: destroyed streak len=21 start=(w2,d6) end=(w5,d5); destroyed_inside=21
iter=14 elapsed=17.359s step_runtime=1.198s destroy=destroy_streak_around_worst_worker repair=repair_chuffed_long objective_metric=minizinc_objective incumbent_objective=9.0 contender_objective=9.0 score=0 accepted=False repair_failed=False used_exploration=False stagnation_rounds=1 weights_updated=False
  destroyed=destroy_streak_around_worst_worker: destroyed streak len=17 start=(w3,d6) end=(w6,d1); destroyed_inside=17
iter=15 elapsed=23.894s step_runtime=6.535s destroy=destroy_streak_around_worst_worker repair=repair_chuffed_fast objective_metric=minizinc_objective incumbent_objective=9.0 contender_objective=53.0 score=0 accepted=False repair_failed=False used_exploration=False stagnation_rounds=2 weights_updated=False
  destroyed=destroy_streak_around_worst_worker: destroyed streak len=33 start=(w2,d5) end=(w7,d2); destroyed_inside=33
iter=16 elapsed=24.391s step_runtime=0.497s destroy=destroy_max_border_work repair=repair_chuffed_fast objective_metric=minizinc_objective incumbent_objective=9.0 contender_objective=9.0 score=0 accepted=False repair_failed=False used_exploration=False stagnation_rounds=3 weights_updated=False
  destroyed=destroy_max_border_work: destroyed max-border work: vars_erased=9
iter=17 elapsed=26.650s step_runtime=2.259s destroy=destroy_streak_around_worst_worker repair=repair_chuffed_long objective_metric=minizinc_objective incumbent_objective=9.0 contender_objective=9.0 score=0 accepted=False repair_failed=False used_exploration=False stagnation_rounds=4 weights_updated=False
  destroyed=destroy_streak_around_worst_worker: destroyed streak len=21 start=(w3,d4) end=(w6,d3); destroyed_inside=21
iter=18 elapsed=27.266s step_runtime=0.616s destroy=destroy_worst_days_10pct repair=repair_gecode_long objective_metric=minizinc_objective incumbent_objective=9.0 contender_objective=9.0 score=0 accepted=False repair_failed=False used_exploration=False stagnation_rounds=5 weights_updated=False
  destroyed=destroy_worst_days_10pct: destroyed days: [1]
iter=19 elapsed=27.882s step_runtime=0.616s destroy=destroy_worst_days_10pct repair=repair_gecode_fast objective_metric=minizinc_objective incumbent_objective=9.0 contender_objective=9.0 score=0 accepted=False repair_failed=False used_exploration=False stagnation_rounds=6 weights_updated=False
  destroyed=destroy_worst_days_10pct: destroyed days: [2]
iter=20 elapsed=28.510s step_runtime=0.628s destroy=destroy_worst_days_10pct repair=repair_chuffed_fast objective_metric=minizinc_objective incumbent_objective=9.0 contender_objective=9.0 score=0 accepted=False repair_failed=False used_exploration=False stagnation_rounds=7 weights_updated=True
  destroyed=destroy_worst_days_10pct: destroyed days: [6]

  weight update (destroy):
    operator                             before    after
    destroy_worst_workers_10pct            0.11     0.10
    destroy_worst_workers_30pct            0.11     0.10
    destroy_random_workers_20pct           0.11     0.10
    destroy_random_window_20pct            0.06     0.06
    destroy_all_forbidden_sequences        0.11     0.10
    destroy_streak_around_worst_worker     0.06     0.13
    destroy_worst_days_10pct               0.06     0.06
    destroy_worst_days_30pct               0.06     0.06
    destroy_random_days_20pct              0.06     0.06
    destroy_max_border_work                0.06     0.05
    destroy_max_border_off                 0.06     0.05
    destroy_max_border_shift_1             0.06     0.05
    destroy_max_border_shift_2             0.06     0.05
    destroy_max_border_shift_3             0.06     0.05

  weight update (repair):
    operator                             before    after
    repair_chuffed_fast                    0.32     0.38
    repair_gecode_fast                     0.49     0.42
    repair_chuffed_long                    0.08     0.09
    repair_gecode_long                     0.11     0.11
iter=21 elapsed=29.134s step_runtime=0.624s destroy=destroy_worst_days_10pct repair=repair_chuffed_fast objective_metric=minizinc_objective incumbent_objective=9.0 contender_objective=9.0 score=0 accepted=False repair_failed=False used_exploration=False stagnation_rounds=8 weights_updated=False
  destroyed=destroy_worst_days_10pct: destroyed days: [3]
iter=22 elapsed=29.729s step_runtime=0.595s destroy=destroy_worst_days_10pct repair=repair_chuffed_fast objective_metric=minizinc_objective incumbent_objective=9.0 contender_objective=9.0 score=0 accepted=False repair_failed=False used_exploration=False stagnation_rounds=9 weights_updated=False
  destroyed=destroy_worst_days_10pct: destroyed days: [5]
iter=23 elapsed=30.263s step_runtime=0.534s destroy=destroy_all_forbidden_sequences repair=repair_gecode_fast objective_metric=minizinc_objective incumbent_objective=9.0 contender_objective=9.0 score=0 accepted=False repair_failed=False used_exploration=False stagnation_rounds=10 weights_updated=False
  destroyed=destroy_all_forbidden_sequences: destroyed forbidden sequences: vars_erased=2
iter=24 elapsed=31.150s step_runtime=0.887s destroy=destroy_exploration repair=repair_exploration objective_metric=minizinc_objective incumbent_objective=9.0 contender_objective=6.0 score=5 accepted=True repair_failed=False used_exploration=True stagnation_rounds=0 weights_updated=False
  destroyed=destroy_exploration: destroyed window: [4, 5, 6, 7] x [3, 4, 5, 6]
iter=25 elapsed=32.991s step_runtime=1.840s destroy=destroy_exploration repair=repair_exploration objective_metric=minizinc_objective incumbent_objective=6.0 contender_objective=6.0 score=0 accepted=False repair_failed=False used_exploration=True stagnation_rounds=1 weights_updated=False
  destroyed=destroy_exploration: destroyed window: [3, 4, 5, 6, 7, 8] x [0, 1, 2]
iter=26 elapsed=33.532s step_runtime=0.541s destroy=destroy_max_border_off repair=repair_gecode_fast objective_metric=minizinc_objective incumbent_objective=6.0 contender_objective=6.0 score=0 accepted=False repair_failed=False used_exploration=False stagnation_rounds=2 weights_updated=False
  destroyed=destroy_max_border_off: destroyed max-border off: vars_erased=11
iter=27 elapsed=34.021s step_runtime=0.489s destroy=destroy_max_border_shift_3 repair=repair_chuffed_fast objective_metric=minizinc_objective incumbent_objective=6.0 contender_objective=6.0 score=0 accepted=False repair_failed=False used_exploration=False stagnation_rounds=3 weights_updated=False
  destroyed=destroy_max_border_shift_3: destroyed max-border shift_3: vars_erased=7
iter=28 elapsed=34.604s step_runtime=0.583s destroy=destroy_worst_workers_10pct repair=repair_gecode_fast objective_metric=minizinc_objective incumbent_objective=6.0 contender_objective=6.0 score=0 accepted=False repair_failed=False used_exploration=False stagnation_rounds=4 weights_updated=False
  destroyed=destroy_worst_workers_10pct: destroyed workers: [5]
iter=29 elapsed=35.185s step_runtime=0.581s destroy=destroy_worst_workers_10pct repair=repair_gecode_fast objective_metric=minizinc_objective incumbent_objective=6.0 contender_objective=6.0 score=0 accepted=False repair_failed=False used_exploration=False stagnation_rounds=5 weights_updated=False
  destroyed=destroy_worst_workers_10pct: destroyed workers: [5]
iter=30 elapsed=41.663s step_runtime=6.478s destroy=destroy_streak_around_worst_worker repair=repair_chuffed_fast objective_metric=minizinc_objective incumbent_objective=6.0 contender_objective=18.0 score=0 accepted=False repair_failed=False used_exploration=False stagnation_rounds=6 weights_updated=True
  destroyed=destroy_streak_around_worst_worker: destroyed streak len=25 start=(w3,d2) end=(w6,d5); destroyed_inside=25

  weight update (destroy):
    operator                             before    after
    destroy_worst_workers_10pct            0.10     0.10
    destroy_worst_workers_30pct            0.10     0.10
    destroy_random_workers_20pct           0.10     0.10
    destroy_random_window_20pct            0.06     0.08
    destroy_all_forbidden_sequences        0.10     0.08
    destroy_streak_around_worst_worker     0.13     0.13
    destroy_worst_days_10pct               0.06     0.07
    destroy_worst_days_30pct               0.06     0.07
    destroy_random_days_20pct              0.06     0.07
    destroy_max_border_work                0.05     0.04
    destroy_max_border_off                 0.05     0.04
    destroy_max_border_shift_1             0.05     0.04
    destroy_max_border_shift_2             0.05     0.04
    destroy_max_border_shift_3             0.05     0.04

  weight update (repair):
    operator                             before    after
    repair_chuffed_fast                    0.38     0.35
    repair_gecode_fast                     0.42     0.39
    repair_chuffed_long                    0.09     0.12
    repair_gecode_long                     0.11     0.14
iter=31 elapsed=42.181s step_runtime=0.518s destroy=destroy_all_forbidden_sequences repair=repair_chuffed_fast objective_metric=minizinc_objective incumbent_objective=6.0 contender_objective=6.0 score=0 accepted=False repair_failed=False used_exploration=False stagnation_rounds=7 weights_updated=False
  destroyed=destroy_all_forbidden_sequences: destroyed forbidden sequences: vars_erased=15
iter=32 elapsed=42.674s step_runtime=0.493s destroy=destroy_max_border_off repair=repair_chuffed_fast objective_metric=minizinc_objective incumbent_objective=6.0 contender_objective=6.0 score=0 accepted=False repair_failed=False used_exploration=False stagnation_rounds=8 weights_updated=False
  destroyed=destroy_max_border_off: destroyed max-border off: vars_erased=17
iter=33 elapsed=43.842s step_runtime=1.168s destroy=destroy_streak_around_worst_worker repair=repair_chuffed_fast objective_metric=minizinc_objective incumbent_objective=6.0 contender_objective=6.0 score=0 accepted=False repair_failed=False used_exploration=False stagnation_rounds=9 weights_updated=False
  destroyed=destroy_streak_around_worst_worker: destroyed streak len=17 start=(w3,d6) end=(w6,d1); destroyed_inside=17
iter=34 elapsed=44.330s step_runtime=0.488s destroy=destroy_max_border_work repair=repair_chuffed_long objective_metric=minizinc_objective incumbent_objective=6.0 contender_objective=6.0 score=0 accepted=False repair_failed=False used_exploration=False stagnation_rounds=10 weights_updated=False
  destroyed=destroy_max_border_work: destroyed max-border work: vars_erased=25
iter=35 elapsed=46.309s step_runtime=1.979s destroy=destroy_exploration repair=repair_exploration objective_metric=minizinc_objective incumbent_objective=6.0 contender_objective=5.0 score=5 accepted=True repair_failed=False used_exploration=True stagnation_rounds=0 weights_updated=False
  destroyed=destroy_exploration: destroyed window: [0, 3, 4, 5, 6, 7, 8] x [1, 2, 3]
iter=36 elapsed=63.208s step_runtime=16.900s destroy=destroy_exploration repair=repair_exploration objective_metric=minizinc_objective incumbent_objective=5.0 contender_objective=4.0 score=5 accepted=True repair_failed=False used_exploration=True stagnation_rounds=0 weights_updated=False
  destroyed=destroy_exploration: destroyed window: [0, 3, 4, 5, 6, 7, 8] x [0, 1, 2, 3]
iter=37 elapsed=63.801s step_runtime=0.593s destroy=destroy_worst_days_10pct repair=repair_chuffed_fast objective_metric=minizinc_objective incumbent_objective=4.0 contender_objective=4.0 score=0 accepted=False repair_failed=False used_exploration=False stagnation_rounds=1 weights_updated=False
  destroyed=destroy_worst_days_10pct: destroyed days: [4]
iter=38 elapsed=64.292s step_runtime=0.491s destroy=destroy_all_forbidden_sequences repair=repair_chuffed_fast objective_metric=minizinc_objective incumbent_objective=4.0 contender_objective=4.0 score=0 accepted=False repair_failed=False used_exploration=False stagnation_rounds=2 weights_updated=False
  destroyed=destroy_all_forbidden_sequences: destroyed forbidden sequences: vars_erased=21
iter=39 elapsed=65.023s step_runtime=0.731s destroy=destroy_streak_around_worst_worker repair=repair_gecode_fast objective_metric=minizinc_objective incumbent_objective=4.0 contender_objective=4.0 score=0 accepted=False repair_failed=False used_exploration=False stagnation_rounds=3 weights_updated=False
  destroyed=destroy_streak_around_worst_worker: destroyed streak len=15 start=(w4,d0) end=(w6,d0); destroyed_inside=15
iter=40 elapsed=66.187s step_runtime=1.164s destroy=destroy_streak_around_worst_worker repair=repair_chuffed_fast objective_metric=minizinc_objective incumbent_objective=4.0 contender_objective=4.0 score=0 accepted=False repair_failed=False used_exploration=False stagnation_rounds=4 weights_updated=True
  destroyed=destroy_streak_around_worst_worker: destroyed streak len=17 start=(w3,d6) end=(w6,d1); destroyed_inside=17

  weight update (destroy):
    operator                             before    after
    destroy_worst_workers_10pct            0.10     0.11
    destroy_worst_workers_30pct            0.10     0.11
    destroy_random_workers_20pct           0.10     0.11
    destroy_random_window_20pct            0.08     0.08
    destroy_all_forbidden_sequences        0.08     0.07
    destroy_streak_around_worst_worker     0.13     0.13
    destroy_worst_days_10pct               0.07     0.08
    destroy_worst_days_30pct               0.07     0.08
    destroy_random_days_20pct              0.07     0.08
    destroy_max_border_work                0.04     0.03
    destroy_max_border_off                 0.04     0.03
    destroy_max_border_shift_1             0.04     0.03
    destroy_max_border_shift_2             0.04     0.03
    destroy_max_border_shift_3             0.04     0.03

  weight update (repair):
    operator                             before    after
    repair_chuffed_fast                    0.35     0.33
    repair_gecode_fast                     0.39     0.36
    repair_chuffed_long                    0.12     0.15
    repair_gecode_long                     0.14     0.16
iter=41 elapsed=96.743s step_runtime=30.556s destroy=destroy_streak_around_worst_worker repair=repair_chuffed_long objective_metric=minizinc_objective incumbent_objective=4.0 contender_objective=45.0 score=0 accepted=False repair_failed=False used_exploration=False stagnation_rounds=5 weights_updated=False
  destroyed=destroy_streak_around_worst_worker: destroyed streak len=35 start=(w2,d4) end=(w7,d3); destroyed_inside=35
iter=42 elapsed=97.309s step_runtime=0.566s destroy=destroy_worst_workers_10pct repair=repair_chuffed_fast objective_metric=minizinc_objective incumbent_objective=4.0 contender_objective=4.0 score=0 accepted=False repair_failed=False used_exploration=False stagnation_rounds=6 weights_updated=False
  destroyed=destroy_worst_workers_10pct: destroyed workers: [5]
iter=43 elapsed=97.795s step_runtime=0.486s destroy=destroy_all_forbidden_sequences repair=repair_chuffed_fast objective_metric=minizinc_objective incumbent_objective=4.0 contender_objective=4.0 score=0 accepted=False repair_failed=False used_exploration=False stagnation_rounds=7 weights_updated=False
  destroyed=destroy_all_forbidden_sequences: destroyed forbidden sequences: vars_erased=7
iter=44 elapsed=98.954s step_runtime=1.159s destroy=destroy_streak_around_worst_worker repair=repair_gecode_fast objective_metric=minizinc_objective incumbent_objective=4.0 contender_objective=2.0 score=5 accepted=True repair_failed=False used_exploration=False stagnation_rounds=0 weights_updated=False
  destroyed=destroy_streak_around_worst_worker: destroyed streak len=21 start=(w3,d4) end=(w6,d3); destroyed_inside=21
iter=45 elapsed=100.014s step_runtime=1.060s destroy=destroy_streak_around_worst_worker repair=repair_chuffed_long objective_metric=minizinc_objective incumbent_objective=2.0 contender_objective=2.0 score=0 accepted=False repair_failed=False used_exploration=False stagnation_rounds=1 weights_updated=False
  destroyed=destroy_streak_around_worst_worker: destroyed streak len=17 start=(w3,d6) end=(w6,d1); destroyed_inside=17
iter=46 elapsed=100.542s step_runtime=0.528s destroy=destroy_all_forbidden_sequences repair=repair_gecode_long objective_metric=minizinc_objective incumbent_objective=2.0 contender_objective=2.0 score=0 accepted=False repair_failed=False used_exploration=False stagnation_rounds=2 weights_updated=False
  destroyed=destroy_all_forbidden_sequences: destroyed forbidden sequences: vars_erased=9
iter=47 elapsed=107.006s step_runtime=6.464s destroy=destroy_streak_around_worst_worker repair=repair_chuffed_fast objective_metric=minizinc_objective incumbent_objective=2.0 contender_objective=20.0 score=0 accepted=False repair_failed=False used_exploration=False stagnation_rounds=3 weights_updated=False
  destroyed=destroy_streak_around_worst_worker: destroyed streak len=25 start=(w3,d2) end=(w6,d5); destroyed_inside=25
iter=48 elapsed=107.528s step_runtime=0.522s destroy=destroy_max_border_shift_2 repair=repair_gecode_fast objective_metric=minizinc_objective incumbent_objective=2.0 contender_objective=2.0 score=0 accepted=False repair_failed=False used_exploration=False stagnation_rounds=4 weights_updated=False
  destroyed=destroy_max_border_shift_2: destroyed max-border shift_2: vars_erased=19
iter=49 elapsed=108.019s step_runtime=0.491s destroy=destroy_max_border_shift_1 repair=repair_chuffed_fast objective_metric=minizinc_objective incumbent_objective=2.0 contender_objective=2.0 score=0 accepted=False repair_failed=False used_exploration=False stagnation_rounds=5 weights_updated=False
  destroyed=destroy_max_border_shift_1: destroyed max-border shift_1: vars_erased=23
iter=50 elapsed=108.790s step_runtime=0.771s destroy=destroy_streak_around_worst_worker repair=repair_chuffed_fast objective_metric=minizinc_objective incumbent_objective=2.0 contender_objective=2.0 score=0 accepted=False repair_failed=False used_exploration=False stagnation_rounds=6 weights_updated=True
  destroyed=destroy_streak_around_worst_worker: destroyed streak len=13 start=(w4,d1) end=(w5,d6); destroyed_inside=13

  weight update (destroy):
    operator                             before    after
    destroy_worst_workers_10pct            0.11     0.10
    destroy_worst_workers_30pct            0.11     0.10
    destroy_random_workers_20pct           0.11     0.10
    destroy_random_window_20pct            0.08     0.08
    destroy_all_forbidden_sequences        0.07     0.05
    destroy_streak_around_worst_worker     0.13     0.18
    destroy_worst_days_10pct               0.08     0.08
    destroy_worst_days_30pct               0.08     0.08
    destroy_random_days_20pct              0.08     0.08
    destroy_max_border_work                0.03     0.03
    destroy_max_border_off                 0.03     0.03
    destroy_max_border_shift_1             0.03     0.03
    destroy_max_border_shift_2             0.03     0.03
    destroy_max_border_shift_3             0.03     0.03

  weight update (repair):
    operator                             before    after
    repair_chuffed_fast                    0.33     0.27
    repair_gecode_fast                     0.36     0.47
    repair_chuffed_long                    0.15     0.12
    repair_gecode_long                     0.16     0.13
iter=51 elapsed=109.954s step_runtime=1.165s destroy=destroy_streak_around_worst_worker repair=repair_gecode_long objective_metric=minizinc_objective incumbent_objective=2.0 contender_objective=2.0 score=0 accepted=False repair_failed=False used_exploration=False stagnation_rounds=7 weights_updated=False
  destroyed=destroy_streak_around_worst_worker: destroyed streak len=21 start=(w3,d4) end=(w6,d3); destroyed_inside=21
iter=52 elapsed=110.446s step_runtime=0.492s destroy=destroy_max_border_shift_3 repair=repair_chuffed_fast objective_metric=minizinc_objective incumbent_objective=2.0 contender_objective=2.0 score=0 accepted=False repair_failed=False used_exploration=False stagnation_rounds=8 weights_updated=False
  destroyed=destroy_max_border_shift_3: destroyed max-border shift_3: vars_erased=7
iter=53 elapsed=111.056s step_runtime=0.610s destroy=destroy_worst_days_10pct repair=repair_chuffed_long objective_metric=minizinc_objective incumbent_objective=2.0 contender_objective=1.0 score=5 accepted=True repair_failed=False used_exploration=False stagnation_rounds=0 weights_updated=False
  destroyed=destroy_worst_days_10pct: destroyed days: [3]
iter=54 elapsed=111.668s step_runtime=0.612s destroy=destroy_worst_days_10pct repair=repair_chuffed_long objective_metric=minizinc_objective incumbent_objective=1.0 contender_objective=1.0 score=0 accepted=False repair_failed=False used_exploration=False stagnation_rounds=1 weights_updated=False
  destroyed=destroy_worst_days_10pct: destroyed days: [4]
iter=55 elapsed=112.272s step_runtime=0.604s destroy=destroy_worst_days_10pct repair=repair_gecode_fast objective_metric=minizinc_objective incumbent_objective=1.0 contender_objective=1.0 score=0 accepted=False repair_failed=False used_exploration=False stagnation_rounds=2 weights_updated=False
  destroyed=destroy_worst_days_10pct: destroyed days: [5]
iter=56 elapsed=118.787s step_runtime=6.515s destroy=destroy_streak_around_worst_worker repair=repair_gecode_fast objective_metric=minizinc_objective incumbent_objective=1.0 contender_objective=23.0 score=0 accepted=False repair_failed=False used_exploration=False stagnation_rounds=3 weights_updated=False
  destroyed=destroy_streak_around_worst_worker: destroyed streak len=29 start=(w3,d0) end=(w7,d0); destroyed_inside=29
iter=57 elapsed=119.481s step_runtime=0.694s destroy=destroy_worst_days_10pct repair=repair_chuffed_fast objective_metric=minizinc_objective incumbent_objective=1.0 contender_objective=1.0 score=0 accepted=False repair_failed=False used_exploration=False stagnation_rounds=4 weights_updated=False
  destroyed=destroy_worst_days_10pct: destroyed days: [1]
iter=58 elapsed=120.142s step_runtime=0.660s destroy=destroy_worst_days_10pct repair=repair_gecode_fast objective_metric=minizinc_objective incumbent_objective=1.0 contender_objective=1.0 score=0 accepted=False repair_failed=False used_exploration=False stagnation_rounds=5 weights_updated=False
  destroyed=destroy_worst_days_10pct: destroyed days: [6]
iter=59 elapsed=120.787s step_runtime=0.645s destroy=destroy_worst_days_10pct repair=repair_gecode_fast objective_metric=minizinc_objective incumbent_objective=1.0 contender_objective=1.0 score=0 accepted=False repair_failed=False used_exploration=False stagnation_rounds=6 weights_updated=False
  destroyed=destroy_worst_days_10pct: destroyed days: [2]
iter=60 elapsed=121.415s step_runtime=0.627s destroy=destroy_worst_days_10pct repair=repair_gecode_fast objective_metric=minizinc_objective incumbent_objective=1.0 contender_objective=1.0 score=0 accepted=False repair_failed=False used_exploration=False stagnation_rounds=7 weights_updated=True
  destroyed=destroy_worst_days_10pct: destroyed days: [0]

  weight update (destroy):
    operator                             before    after
    destroy_worst_workers_10pct            0.10     0.10
    destroy_worst_workers_30pct            0.10     0.10
    destroy_random_workers_20pct           0.10     0.10
    destroy_random_window_20pct            0.08     0.09
    destroy_all_forbidden_sequences        0.05     0.04
    destroy_streak_around_worst_worker     0.18     0.16
    destroy_worst_days_10pct               0.08     0.12
    destroy_worst_days_30pct               0.08     0.09
    destroy_random_days_20pct              0.08     0.09
    destroy_max_border_work                0.03     0.02
    destroy_max_border_off                 0.03     0.02
    destroy_max_border_shift_1             0.03     0.02
    destroy_max_border_shift_2             0.03     0.02
    destroy_max_border_shift_3             0.03     0.02

  weight update (repair):
    operator                             before    after
    repair_chuffed_fast                    0.27     0.22
    repair_gecode_fast                     0.47     0.38
    repair_chuffed_long                    0.12     0.29
    repair_gecode_long                     0.13     0.11
iter=61 elapsed=121.934s step_runtime=0.519s destroy=destroy_max_border_work repair=repair_chuffed_long objective_metric=minizinc_objective incumbent_objective=1.0 contender_objective=1.0 score=0 accepted=False repair_failed=False used_exploration=False stagnation_rounds=8 weights_updated=False
  destroyed=destroy_max_border_work: destroyed max-border work: vars_erased=7
iter=62 elapsed=122.451s step_runtime=0.517s destroy=destroy_max_border_shift_3 repair=repair_chuffed_long objective_metric=minizinc_objective incumbent_objective=1.0 contender_objective=1.0 score=0 accepted=False repair_failed=False used_exploration=False stagnation_rounds=9 weights_updated=False
  destroyed=destroy_max_border_shift_3: destroyed max-border shift_3: vars_erased=13
iter=63 elapsed=122.967s step_runtime=0.517s destroy=destroy_max_border_off repair=repair_chuffed_fast objective_metric=minizinc_objective incumbent_objective=1.0 contender_objective=1.0 score=0 accepted=False repair_failed=False used_exploration=False stagnation_rounds=10 weights_updated=False
  destroyed=destroy_max_border_off: destroyed max-border off: vars_erased=19
iter=64 elapsed=123.896s step_runtime=0.928s destroy=destroy_exploration repair=repair_exploration objective_metric=minizinc_objective incumbent_objective=1.0 contender_objective=1.0 score=0 accepted=False repair_failed=False used_exploration=True stagnation_rounds=11 weights_updated=False
  destroyed=destroy_exploration: destroyed window: [3, 4, 5, 6] x [3, 4, 5, 6]
iter=65 elapsed=124.642s step_runtime=0.746s destroy=destroy_exploration repair=repair_exploration objective_metric=minizinc_objective incumbent_objective=1.0 contender_objective=1.0 score=0 accepted=False repair_failed=False used_exploration=True stagnation_rounds=12 weights_updated=False
  destroyed=destroy_exploration: destroyed window: [2, 3, 4, 5, 6] x [3, 4, 5]
iter=66 elapsed=155.194s step_runtime=30.552s destroy=destroy_streak_around_worst_worker repair=repair_chuffed_long objective_metric=minizinc_objective incumbent_objective=1.0 contender_objective=27.0 score=0 accepted=False repair_failed=False used_exploration=False stagnation_rounds=13 weights_updated=False
  destroyed=destroy_streak_around_worst_worker: destroyed streak len=33 start=(w2,d5) end=(w7,d2); destroyed_inside=33
iter=67 elapsed=161.620s step_runtime=6.426s destroy=destroy_streak_around_worst_worker repair=repair_gecode_fast objective_metric=minizinc_objective incumbent_objective=1.0 contender_objective=15.0 score=0 accepted=False repair_failed=False used_exploration=False stagnation_rounds=14 weights_updated=False
  destroyed=destroy_streak_around_worst_worker: destroyed streak len=27 start=(w3,d1) end=(w6,d6); destroyed_inside=27
iter=68 elapsed=163.953s step_runtime=2.333s destroy=destroy_streak_around_worst_worker repair=repair_gecode_fast objective_metric=minizinc_objective incumbent_objective=1.0 contender_objective=1.0 score=0 accepted=False repair_failed=False used_exploration=False stagnation_rounds=15 weights_updated=False
  destroyed=destroy_streak_around_worst_worker: destroyed streak len=23 start=(w3,d3) end=(w6,d4); destroyed_inside=23
iter=69 elapsed=164.448s step_runtime=0.495s destroy=destroy_max_border_shift_3 repair=repair_chuffed_long objective_metric=minizinc_objective incumbent_objective=1.0 contender_objective=1.0 score=0 accepted=False repair_failed=False used_exploration=False stagnation_rounds=16 weights_updated=False
  destroyed=destroy_max_border_shift_3: destroyed max-border shift_3: vars_erased=9
iter=70 elapsed=165.022s step_runtime=0.575s destroy=destroy_worst_workers_10pct repair=repair_gecode_fast objective_metric=minizinc_objective incumbent_objective=1.0 contender_objective=1.0 score=0 accepted=False repair_failed=False used_exploration=False stagnation_rounds=17 weights_updated=True
  destroyed=destroy_worst_workers_10pct: destroyed workers: [5]

  weight update (destroy):
    operator                             before    after
    destroy_worst_workers_10pct            0.10     0.10
    destroy_worst_workers_30pct            0.10     0.10
    destroy_random_workers_20pct           0.10     0.10
    destroy_random_window_20pct            0.09     0.09
    destroy_all_forbidden_sequences        0.04     0.04
    destroy_streak_around_worst_worker     0.16     0.15
    destroy_worst_days_10pct               0.12     0.12
    destroy_worst_days_30pct               0.09     0.09
    destroy_random_days_20pct              0.09     0.09
    destroy_max_border_work                0.02     0.02
    destroy_max_border_off                 0.02     0.02
    destroy_max_border_shift_1             0.02     0.02
    destroy_max_border_shift_2             0.02     0.02
    destroy_max_border_shift_3             0.02     0.02

  weight update (repair):
    operator                             before    after
    repair_chuffed_fast                    0.22     0.23
    repair_gecode_fast                     0.38     0.36
    repair_chuffed_long                    0.29     0.28
    repair_gecode_long                     0.11     0.14
iter=71 elapsed=165.662s step_runtime=0.639s destroy=destroy_worst_days_10pct repair=repair_chuffed_fast objective_metric=minizinc_objective incumbent_objective=1.0 contender_objective=1.0 score=0 accepted=False repair_failed=False used_exploration=False stagnation_rounds=18 weights_updated=False
  destroyed=destroy_worst_days_10pct: destroyed days: [0]
iter=72 elapsed=166.286s step_runtime=0.624s destroy=destroy_worst_days_10pct repair=repair_chuffed_long objective_metric=minizinc_objective incumbent_objective=1.0 contender_objective=1.0 score=0 accepted=False repair_failed=False used_exploration=False stagnation_rounds=19 weights_updated=False
  destroyed=destroy_worst_days_10pct: destroyed days: [1]
iter=73 elapsed=166.779s step_runtime=0.493s destroy=destroy_max_border_shift_3 repair=repair_chuffed_fast objective_metric=minizinc_objective incumbent_objective=1.0 contender_objective=1.0 score=0 accepted=False repair_failed=False used_exploration=False stagnation_rounds=20 weights_updated=False
  destroyed=destroy_max_border_shift_3: destroyed max-border shift_3: vars_erased=9
iter=74 elapsed=167.502s step_runtime=0.724s destroy=destroy_exploration repair=repair_exploration objective_metric=minizinc_objective incumbent_objective=1.0 contender_objective=1.0 score=0 accepted=False repair_failed=False used_exploration=True stagnation_rounds=21 weights_updated=False
  destroyed=destroy_exploration: destroyed window: [0, 4, 5, 6, 7, 8] x [5, 6]
iter=75 elapsed=168.146s step_runtime=0.644s destroy=destroy_exploration repair=repair_exploration objective_metric=minizinc_objective incumbent_objective=1.0 contender_objective=1.0 score=0 accepted=False repair_failed=False used_exploration=True stagnation_rounds=22 weights_updated=False
  destroyed=destroy_exploration: destroyed window: [0, 4, 5, 6, 7, 8] x [0, 1]
iter=76 elapsed=168.765s step_runtime=0.619s destroy=destroy_worst_days_10pct repair=repair_gecode_long objective_metric=minizinc_objective incumbent_objective=1.0 contender_objective=1.0 score=0 accepted=False repair_failed=False used_exploration=False stagnation_rounds=23 weights_updated=False
  destroyed=destroy_worst_days_10pct: destroyed days: [3]
iter=77 elapsed=169.270s step_runtime=0.505s destroy=destroy_max_border_shift_1 repair=repair_chuffed_long objective_metric=minizinc_objective incumbent_objective=1.0 contender_objective=1.0 score=0 accepted=False repair_failed=False used_exploration=False stagnation_rounds=24 weights_updated=False
  destroyed=destroy_max_border_shift_1: destroyed max-border shift_1: vars_erased=7
iter=78 elapsed=175.796s step_runtime=6.525s destroy=destroy_streak_around_worst_worker repair=repair_chuffed_fast objective_metric=minizinc_objective incumbent_objective=1.0 contender_objective=46.0 score=0 accepted=False repair_failed=False used_exploration=False stagnation_rounds=25 weights_updated=False
  destroyed=destroy_streak_around_worst_worker: destroyed streak len=31 start=(w2,d6) end=(w7,d1); destroyed_inside=31
iter=79 elapsed=176.408s step_runtime=0.612s destroy=destroy_worst_days_10pct repair=repair_gecode_fast objective_metric=minizinc_objective incumbent_objective=1.0 contender_objective=1.0 score=0 accepted=False repair_failed=False used_exploration=False stagnation_rounds=26 weights_updated=False
  destroyed=destroy_worst_days_10pct: destroyed days: [4]
iter=80 elapsed=182.905s step_runtime=6.497s destroy=destroy_streak_around_worst_worker repair=repair_chuffed_fast objective_metric=minizinc_objective incumbent_objective=1.0 contender_objective=38.0 score=0 accepted=False repair_failed=False used_exploration=False stagnation_rounds=27 weights_updated=True
  destroyed=destroy_streak_around_worst_worker: destroyed streak len=29 start=(w3,d0) end=(w7,d0); destroyed_inside=29

  weight update (destroy):
    operator                             before    after
    destroy_worst_workers_10pct            0.10     0.11
    destroy_worst_workers_30pct            0.10     0.11
    destroy_random_workers_20pct           0.10     0.11
    destroy_random_window_20pct            0.09     0.10
    destroy_all_forbidden_sequences        0.04     0.03
    destroy_streak_around_worst_worker     0.15     0.15
    destroy_worst_days_10pct               0.12     0.12
    destroy_worst_days_30pct               0.09     0.10
    destroy_random_days_20pct              0.09     0.10
    destroy_max_border_work                0.02     0.02
    destroy_max_border_off                 0.02     0.02
    destroy_max_border_shift_1             0.02     0.02
    destroy_max_border_shift_2             0.02     0.02
    destroy_max_border_shift_3             0.02     0.02

  weight update (repair):
    operator                             before    after
    repair_chuffed_fast                    0.23     0.23
    repair_gecode_fast                     0.36     0.34
    repair_chuffed_long                    0.28     0.27
    repair_gecode_long                     0.14     0.16
