Loaded instance: Example2.txt
instance=Example2
instance_name=Example2
instance_file=Example2.txt
instance_path=/Users/gab/Library/Mobile Documents/com~apple~CloudDocs/QuIST/ML/Optimization/Project 2/LNS_scheduling/Instances1-50/Example2.txt
variant=alns_late_phase
seed=0

iter=1 elapsed=1.011s step_runtime=1.011s destroy=destroy_streak_around_worst_worker repair=repair_chuffed_long objective_metric=minizinc_objective incumbent_objective=inf contender_objective=61.0 score=5 accepted=True repair_failed=False used_exploration=False stagnation_rounds=0 weights_updated=False
  destroyed=destroy_streak_around_worst_worker: destroyed streak len=11 start=(w8,d2) end=(w0,d5); destroyed_inside=11
iter=2 elapsed=16.530s step_runtime=15.519s destroy=destroy_worst_days_30pct repair=repair_chuffed_long objective_metric=minizinc_objective incumbent_objective=61.0 contender_objective=60.0 score=5 accepted=True repair_failed=False used_exploration=False stagnation_rounds=0 weights_updated=False
  destroyed=destroy_worst_days_30pct: destroyed days: [0, 4, 6]
iter=3 elapsed=17.122s step_runtime=0.592s destroy=destroy_max_border_off repair=repair_chuffed_fast objective_metric=minizinc_objective incumbent_objective=60.0 contender_objective=47.0 score=5 accepted=True repair_failed=False used_exploration=False stagnation_rounds=0 weights_updated=False
  destroyed=destroy_max_border_off: destroyed max-border off: vars_erased=7
iter=4 elapsed=17.706s step_runtime=0.584s destroy=destroy_worst_workers_10pct repair=repair_chuffed_fast objective_metric=minizinc_objective incumbent_objective=47.0 contender_objective=39.0 score=5 accepted=True repair_failed=False used_exploration=False stagnation_rounds=0 weights_updated=False
  destroyed=destroy_worst_workers_10pct: destroyed workers: [1]
iter=5 elapsed=21.224s step_runtime=3.519s destroy=destroy_random_window_20pct repair=repair_gecode_fast objective_metric=minizinc_objective incumbent_objective=39.0 contender_objective=21.0 score=5 accepted=True repair_failed=False used_exploration=False stagnation_rounds=0 weights_updated=False
  destroyed=destroy_random_window_20pct: destroyed window: [1, 2, 3, 4, 5] x [1, 2, 3, 4]
iter=6 elapsed=23.082s step_runtime=1.857s destroy=destroy_worst_workers_30pct repair=repair_chuffed_fast objective_metric=minizinc_objective incumbent_objective=21.0 contender_objective=5.0 score=5 accepted=True repair_failed=False used_exploration=False stagnation_rounds=0 weights_updated=False
  destroyed=destroy_worst_workers_30pct: destroyed workers: [4, 6, 7]
iter=7 elapsed=26.062s step_runtime=2.981s destroy=destroy_streak_around_worst_worker repair=repair_gecode_fast objective_metric=minizinc_objective incumbent_objective=5.0 contender_objective=0.0 score=5 accepted=True repair_failed=False used_exploration=False stagnation_rounds=0 weights_updated=False
  destroyed=destroy_streak_around_worst_worker: destroyed streak len=31 start=(w1,d6) end=(w6,d1); destroyed_inside=31
