Loaded instance: Example3.txt
instance=Example3
instance_name=Example3
instance_file=Example3.txt
instance_path=/Users/gab/Library/Mobile Documents/com~apple~CloudDocs/QuIST/ML/Optimization/Project 2/LNS_scheduling/Instances1-50/Example3.txt
variant=alns_late_phase
seed=0

iter=1 elapsed=1.021s step_runtime=1.021s destroy=destroy_max_border_off repair=repair_chuffed_long objective_metric=minizinc_objective incumbent_objective=inf contender_objective=162.0 score=5 accepted=True repair_failed=False used_exploration=False stagnation_rounds=0 weights_updated=False
  destroyed=destroy_max_border_off: destroyed max-border off: vars_erased=10
iter=2 elapsed=4.725s step_runtime=3.704s destroy=destroy_random_window_20pct repair=repair_gecode_fast objective_metric=minizinc_objective incumbent_objective=162.0 contender_objective=41.0 score=5 accepted=True repair_failed=False used_exploration=False stagnation_rounds=0 weights_updated=False
  destroyed=destroy_random_window_20pct: destroyed window: [6, 7, 8, 9, 10, 11, 12, 13, 14, 15, 16] x [0, 1, 2, 6]
iter=3 elapsed=20.214s step_runtime=15.489s destroy=destroy_streak_around_worst_worker repair=repair_gecode_long objective_metric=minizinc_objective incumbent_objective=41.0 contender_objective=78.0 score=0 accepted=False repair_failed=False used_exploration=False stagnation_rounds=1 weights_updated=False
  destroyed=destroy_streak_around_worst_worker: destroyed streak len=39 start=(w14,d2) end=(w2,d5); destroyed_inside=39
iter=4 elapsed=23.888s step_runtime=3.674s destroy=destroy_random_workers_20pct repair=repair_chuffed_fast objective_metric=minizinc_objective incumbent_objective=41.0 contender_objective=64.0 score=0 accepted=False repair_failed=False used_exploration=False stagnation_rounds=2 weights_updated=False
  destroyed=destroy_random_workers_20pct: destroyed workers: [1, 5, 9, 10]
iter=5 elapsed=27.668s step_runtime=3.780s destroy=destroy_worst_workers_30pct repair=repair_chuffed_fast objective_metric=minizinc_objective incumbent_objective=41.0 contender_objective=91.0 score=0 accepted=False repair_failed=False used_exploration=False stagnation_rounds=3 weights_updated=False
  destroyed=destroy_worst_workers_30pct: destroyed workers: [0, 1, 5, 6, 7, 8]
iter=6 elapsed=31.249s step_runtime=3.582s destroy=destroy_random_window_20pct repair=repair_chuffed_fast objective_metric=minizinc_objective incumbent_objective=41.0 contender_objective=198.0 score=0 accepted=False repair_failed=False used_exploration=False stagnation_rounds=4 weights_updated=False
  destroyed=destroy_random_window_20pct: destroyed window: [4, 5, 6, 7, 8, 9, 10, 11, 12, 13] x [3, 4, 5, 6]
iter=7 elapsed=46.667s step_runtime=15.418s destroy=destroy_random_window_20pct repair=repair_gecode_long objective_metric=minizinc_objective incumbent_objective=41.0 contender_objective=49.0 score=0 accepted=False repair_failed=False used_exploration=False stagnation_rounds=5 weights_updated=False
  destroyed=destroy_random_window_20pct: destroyed window: [0, 1, 2, 3, 8, 9, 10, 11, 12, 13, 14, 15, 16] x [1, 2]
iter=8 elapsed=62.196s step_runtime=15.529s destroy=destroy_random_workers_20pct repair=repair_chuffed_long objective_metric=minizinc_objective incumbent_objective=41.0 contender_objective=56.0 score=0 accepted=False repair_failed=False used_exploration=False stagnation_rounds=6 weights_updated=False
  destroyed=destroy_random_workers_20pct: destroyed workers: [1, 7, 9, 13]
iter=9 elapsed=77.621s step_runtime=15.425s destroy=destroy_random_workers_20pct repair=repair_gecode_long objective_metric=minizinc_objective incumbent_objective=41.0 contender_objective=52.0 score=0 accepted=False repair_failed=False used_exploration=False stagnation_rounds=7 weights_updated=False
  destroyed=destroy_random_workers_20pct: destroyed workers: [1, 3, 5, 12]
iter=10 elapsed=81.092s step_runtime=3.471s destroy=destroy_all_forbidden_sequences repair=repair_chuffed_fast objective_metric=minizinc_objective incumbent_objective=41.0 contender_objective=57.0 score=0 accepted=False repair_failed=False used_exploration=False stagnation_rounds=8 weights_updated=True
  destroyed=destroy_all_forbidden_sequences: destroyed forbidden sequences: vars_erased=16

  weight update (destroy):
    operator                             before    after
    destroy_worst_workers_10pct            0.07     0.07
    destroy_worst_workers_30pct            0.07     0.07
    destroy_random_workers_20pct           0.07     0.07
    destroy_random_window_20pct            0.07     0.16
    destroy_all_forbidden_sequences        0.07     0.07
    destroy_streak_around_worst_worker     0.07     0.07
    destroy_worst_days_10pct               0.07     0.07
    destroy_worst_days_30pct               0.07     0.07
    destroy_random_days_20pct              0.07     0.07
    destroy_max_border_work                0.07     0.06
    destroy_max_border_off                 0.07     0.07
    destroy_max_border_shift_1             0.07     0.06
    destroy_max_border_shift_2             0.07     0.06
    destroy_max_border_shift_3             0.07     0.07

  weight update (repair):
    operator                             before    after
    repair_chuffed_fast                    0.40     0.32
    repair_gecode_fast                     0.40     0.52
    repair_chuffed_long                    0.10     0.08
    repair_gecode_long                     0.10     0.08
iter=11 elapsed=84.513s step_runtime=3.421s destroy=destroy_random_workers_20pct repair=repair_gecode_fast objective_metric=minizinc_objective incumbent_objective=41.0 contender_objective=53.0 score=0 accepted=False repair_failed=False used_exploration=False stagnation_rounds=9 weights_updated=False
  destroyed=destroy_random_workers_20pct: destroyed workers: [1, 6, 10, 12]
iter=12 elapsed=88.061s step_runtime=3.548s destroy=destroy_random_window_20pct repair=repair_chuffed_fast objective_metric=minizinc_objective incumbent_objective=41.0 contender_objective=73.0 score=0 accepted=False repair_failed=False used_exploration=False stagnation_rounds=10 weights_updated=False
  destroyed=destroy_random_window_20pct: destroyed window: [0, 1, 11, 12, 13, 14, 15, 16] x [2, 3, 4, 5]
iter=13 elapsed=138.624s step_runtime=50.563s destroy=destroy_exploration repair=repair_exploration objective_metric=minizinc_objective incumbent_objective=41.0 contender_objective=54.0 score=0 accepted=False repair_failed=False used_exploration=True stagnation_rounds=11 weights_updated=False
  destroyed=destroy_exploration: destroyed window: [3, 4, 5, 6, 7, 8, 9, 10, 11, 12] x [2, 3, 4]
iter=14 elapsed=189.213s step_runtime=50.589s destroy=destroy_exploration repair=repair_exploration objective_metric=minizinc_objective incumbent_objective=41.0 contender_objective=79.0 score=0 accepted=False repair_failed=False used_exploration=True stagnation_rounds=12 weights_updated=False
  destroyed=destroy_exploration: destroyed window: [0, 1, 2, 3, 4, 5, 6, 11, 12, 13, 14, 15, 16] x [3, 4, 5]
