Loaded instance: Example4.txt
instance=Example4
instance_name=Example4
instance_file=Example4.txt
instance_path=/Users/gab/Library/Mobile Documents/com~apple~CloudDocs/QuIST/ML/Optimization/Project 2/LNS_scheduling/Instances1-50/Example4.txt
variant=alns_late_phase
seed=0

iter=1 elapsed=2.269s step_runtime=2.269s destroy=destroy_streak_around_worst_worker repair=repair_chuffed_long objective_metric=minizinc_objective incumbent_objective=inf contender_objective=19.0 score=5 accepted=True repair_failed=False used_exploration=False stagnation_rounds=0 weights_updated=False
  destroyed=destroy_streak_around_worst_worker: destroyed streak len=19 start=(w11,d5) end=(w1,d2); destroyed_inside=19
iter=2 elapsed=3.257s step_runtime=0.988s destroy=destroy_random_window_20pct repair=repair_gecode_fast objective_metric=minizinc_objective incumbent_objective=19.0 contender_objective=17.0 score=5 accepted=True repair_failed=False used_exploration=False stagnation_rounds=0 weights_updated=False
  destroyed=destroy_random_window_20pct: destroyed window: [2, 3, 4, 5, 6, 7, 8] x [0, 6]
iter=3 elapsed=18.686s step_runtime=15.429s destroy=destroy_all_forbidden_sequences repair=repair_gecode_long objective_metric=minizinc_objective incumbent_objective=17.0 contender_objective=11.0 score=5 accepted=True repair_failed=False used_exploration=False stagnation_rounds=0 weights_updated=False
  destroyed=destroy_all_forbidden_sequences: destroyed forbidden sequences: vars_erased=21
iter=4 elapsed=25.295s step_runtime=6.609s destroy=destroy_streak_around_worst_worker repair=repair_chuffed_fast objective_metric=minizinc_objective incumbent_objective=11.0 contender_objective=67.0 score=0 accepted=False repair_failed=False used_exploration=False stagnation_rounds=1 weights_updated=False
  destroyed=destroy_streak_around_worst_worker: destroyed streak len=37 start=(w11,d3) end=(w3,d4); destroyed_inside=37
iter=5 elapsed=25.834s step_runtime=0.539s destroy=destroy_max_border_work repair=repair_gecode_fast objective_metric=minizinc_objective incumbent_objective=11.0 contender_objective=11.0 score=0 accepted=False repair_failed=False used_exploration=False stagnation_rounds=2 weights_updated=False
  destroyed=destroy_max_border_work: destroyed max-border work: vars_erased=13
iter=6 elapsed=27.403s step_runtime=1.569s destroy=destroy_worst_workers_10pct repair=repair_gecode_fast objective_metric=minizinc_objective incumbent_objective=11.0 contender_objective=10.0 score=5 accepted=True repair_failed=False used_exploration=False stagnation_rounds=0 weights_updated=False
  destroyed=destroy_worst_workers_10pct: destroyed workers: [1, 6]
iter=7 elapsed=27.947s step_runtime=0.544s destroy=destroy_max_border_work repair=repair_gecode_long objective_metric=minizinc_objective incumbent_objective=10.0 contender_objective=10.0 score=0 accepted=False repair_failed=False used_exploration=False stagnation_rounds=1 weights_updated=False
  destroyed=destroy_max_border_work: destroyed max-border work: vars_erased=14
iter=8 elapsed=28.642s step_runtime=0.695s destroy=destroy_worst_days_10pct repair=repair_chuffed_fast objective_metric=minizinc_objective incumbent_objective=10.0 contender_objective=8.0 score=5 accepted=True repair_failed=False used_exploration=False stagnation_rounds=0 weights_updated=False
  destroyed=destroy_worst_days_10pct: destroyed days: [5]
iter=9 elapsed=29.343s step_runtime=0.701s destroy=destroy_all_forbidden_sequences repair=repair_chuffed_fast objective_metric=minizinc_objective incumbent_objective=8.0 contender_objective=8.0 score=0 accepted=False repair_failed=False used_exploration=False stagnation_rounds=1 weights_updated=False
  destroyed=destroy_all_forbidden_sequences: destroyed forbidden sequences: vars_erased=9
iter=10 elapsed=29.882s step_runtime=0.538s destroy=destroy_max_border_shift_3 repair=repair_gecode_fast objective_metric=minizinc_objective incumbent_objective=8.0 contender_objective=8.0 score=0 accepted=False repair_failed=False used_exploration=False stagnation_rounds=2 weights_updated=True
  destroyed=destroy_max_border_shift_3: destroyed max-border shift_3: vars_erased=14

  weight update (destroy):
    operator                             before    after
    destroy_worst_workers_10pct            0.07     0.12
    destroy_worst_workers_30pct            0.07     0.06
    destroy_random_workers_20pct           0.07     0.06
    destroy_random_window_20pct            0.07     0.12
    destroy_all_forbidden_sequences        0.07     0.06
    destroy_streak_around_worst_worker     0.07     0.06
    destroy_worst_days_10pct               0.07     0.12
    destroy_worst_days_30pct               0.07     0.06
    destroy_random_days_20pct              0.07     0.06
    destroy_max_border_work                0.07     0.06
    destroy_max_border_off                 0.07     0.06
    destroy_max_border_shift_1             0.07     0.06
    destroy_max_border_shift_2             0.07     0.06
    destroy_max_border_shift_3             0.07     0.06

  weight update (repair):
    operator                             before    after
    repair_chuffed_fast                    0.40     0.32
    repair_gecode_fast                     0.40     0.32
    repair_chuffed_long                    0.10     0.27
    repair_gecode_long                     0.10     0.08
iter=11 elapsed=30.572s step_runtime=0.691s destroy=destroy_all_forbidden_sequences repair=repair_chuffed_long objective_metric=minizinc_objective incumbent_objective=8.0 contender_objective=8.0 score=0 accepted=False repair_failed=False used_exploration=False stagnation_rounds=3 weights_updated=False
  destroyed=destroy_all_forbidden_sequences: destroyed forbidden sequences: vars_erased=9
iter=12 elapsed=31.088s step_runtime=0.516s destroy=destroy_max_border_shift_2 repair=repair_chuffed_long objective_metric=minizinc_objective incumbent_objective=8.0 contender_objective=8.0 score=0 accepted=False repair_failed=False used_exploration=False stagnation_rounds=4 weights_updated=False
  destroyed=destroy_max_border_shift_2: destroyed max-border shift_2: vars_erased=14
iter=13 elapsed=31.618s step_runtime=0.530s destroy=destroy_max_border_work repair=repair_chuffed_fast objective_metric=minizinc_objective incumbent_objective=8.0 contender_objective=8.0 score=0 accepted=False repair_failed=False used_exploration=False stagnation_rounds=5 weights_updated=False
  destroyed=destroy_max_border_work: destroyed max-border work: vars_erased=13
iter=14 elapsed=32.388s step_runtime=0.769s destroy=destroy_worst_days_10pct repair=repair_gecode_fast objective_metric=minizinc_objective incumbent_objective=8.0 contender_objective=8.0 score=0 accepted=False repair_failed=False used_exploration=False stagnation_rounds=6 weights_updated=False
  destroyed=destroy_worst_days_10pct: destroyed days: [0]
iter=15 elapsed=38.935s step_runtime=6.548s destroy=destroy_streak_around_worst_worker repair=repair_chuffed_fast objective_metric=minizinc_objective incumbent_objective=8.0 contender_objective=29.0 score=0 accepted=False repair_failed=False used_exploration=False stagnation_rounds=7 weights_updated=False
  destroyed=destroy_streak_around_worst_worker: destroyed streak len=29 start=(w12,d0) end=(w3,d0); destroyed_inside=29
iter=16 elapsed=39.458s step_runtime=0.523s destroy=destroy_max_border_shift_3 repair=repair_chuffed_fast objective_metric=minizinc_objective incumbent_objective=8.0 contender_objective=8.0 score=0 accepted=False repair_failed=False used_exploration=False stagnation_rounds=8 weights_updated=False
  destroyed=destroy_max_border_shift_3: destroyed max-border shift_3: vars_erased=23
iter=17 elapsed=45.914s step_runtime=6.456s destroy=destroy_streak_around_worst_worker repair=repair_gecode_fast objective_metric=minizinc_objective incumbent_objective=8.0 contender_objective=45.0 score=0 accepted=False repair_failed=False used_exploration=False stagnation_rounds=9 weights_updated=False
  destroyed=destroy_streak_around_worst_worker: destroyed streak len=37 start=(w11,d3) end=(w3,d4); destroyed_inside=37
iter=18 elapsed=46.425s step_runtime=0.510s destroy=destroy_max_border_work repair=repair_chuffed_long objective_metric=minizinc_objective incumbent_objective=8.0 contender_objective=8.0 score=0 accepted=False repair_failed=False used_exploration=False stagnation_rounds=10 weights_updated=False
  destroyed=destroy_max_border_work: destroyed max-border work: vars_erased=13
iter=19 elapsed=49.573s step_runtime=3.149s destroy=destroy_exploration repair=repair_exploration objective_metric=minizinc_objective incumbent_objective=8.0 contender_objective=6.0 score=5 accepted=True repair_failed=False used_exploration=True stagnation_rounds=0 weights_updated=False
  destroyed=destroy_exploration: destroyed window: [0, 1, 2, 3, 8, 9, 10, 11, 12] x [0, 1, 6]
iter=20 elapsed=51.088s step_runtime=1.515s destroy=destroy_exploration repair=repair_exploration objective_metric=minizinc_objective incumbent_objective=6.0 contender_objective=5.0 score=5 accepted=True repair_failed=False used_exploration=True stagnation_rounds=0 weights_updated=True
  destroyed=destroy_exploration: destroyed window: [7, 8, 9, 10, 11, 12] x [4, 5, 6]

  weight update (destroy):
    operator                             before    after
    destroy_worst_workers_10pct            0.12     0.12
    destroy_worst_workers_30pct            0.06     0.07
    destroy_random_workers_20pct           0.06     0.07
    destroy_random_window_20pct            0.12     0.12
    destroy_all_forbidden_sequences        0.06     0.07
    destroy_streak_around_worst_worker     0.06     0.07
    destroy_worst_days_10pct               0.12     0.12
    destroy_worst_days_30pct               0.06     0.07
    destroy_random_days_20pct              0.06     0.07
    destroy_max_border_work                0.06     0.05
    destroy_max_border_off                 0.06     0.05
    destroy_max_border_shift_1             0.06     0.05
    destroy_max_border_shift_2             0.06     0.05
    destroy_max_border_shift_3             0.06     0.05

  weight update (repair):
    operator                             before    after
    repair_chuffed_fast                    0.32     0.31
    repair_gecode_fast                     0.32     0.31
    repair_chuffed_long                    0.27     0.27
    repair_gecode_long                     0.08     0.12
iter=21 elapsed=52.941s step_runtime=1.852s destroy=destroy_streak_around_worst_worker repair=repair_gecode_long objective_metric=minizinc_objective incumbent_objective=5.0 contender_objective=5.0 score=0 accepted=False repair_failed=False used_exploration=False stagnation_rounds=1 weights_updated=False
  destroyed=destroy_streak_around_worst_worker: destroyed streak len=21 start=(w4,d4) end=(w7,d3); destroyed_inside=21
iter=22 elapsed=53.506s step_runtime=0.566s destroy=destroy_all_forbidden_sequences repair=repair_chuffed_long objective_metric=minizinc_objective incumbent_objective=5.0 contender_objective=5.0 score=0 accepted=False repair_failed=False used_exploration=False stagnation_rounds=2 weights_updated=False
  destroyed=destroy_all_forbidden_sequences: destroyed forbidden sequences: vars_erased=4
iter=23 elapsed=54.181s step_runtime=0.675s destroy=destroy_worst_workers_10pct repair=repair_gecode_long objective_metric=minizinc_objective incumbent_objective=5.0 contender_objective=4.0 score=5 accepted=True repair_failed=False used_exploration=False stagnation_rounds=0 weights_updated=False
  destroyed=destroy_worst_workers_10pct: destroyed workers: [1, 6]
iter=24 elapsed=84.622s step_runtime=30.441s destroy=destroy_streak_around_worst_worker repair=repair_gecode_long objective_metric=minizinc_objective incumbent_objective=4.0 contender_objective=6.0 score=0 accepted=False repair_failed=False used_exploration=False stagnation_rounds=1 weights_updated=False
  destroyed=destroy_streak_around_worst_worker: destroyed streak len=31 start=(w3,d6) end=(w8,d1); destroyed_inside=31
iter=25 elapsed=85.315s step_runtime=0.693s destroy=destroy_worst_workers_10pct repair=repair_gecode_long objective_metric=minizinc_objective incumbent_objective=4.0 contender_objective=4.0 score=0 accepted=False repair_failed=False used_exploration=False stagnation_rounds=2 weights_updated=False
  destroyed=destroy_worst_workers_10pct: destroyed workers: [6, 7]
iter=26 elapsed=85.860s step_runtime=0.545s destroy=destroy_max_border_shift_3 repair=repair_gecode_fast objective_metric=minizinc_objective incumbent_objective=4.0 contender_objective=4.0 score=0 accepted=False repair_failed=False used_exploration=False stagnation_rounds=3 weights_updated=False
  destroyed=destroy_max_border_shift_3: destroyed max-border shift_3: vars_erased=4
iter=27 elapsed=86.560s step_runtime=0.699s destroy=destroy_worst_workers_10pct repair=repair_gecode_fast objective_metric=minizinc_objective incumbent_objective=4.0 contender_objective=4.0 score=0 accepted=False repair_failed=False used_exploration=False stagnation_rounds=4 weights_updated=False
  destroyed=destroy_worst_workers_10pct: destroyed workers: [6, 7]
iter=28 elapsed=87.078s step_runtime=0.518s destroy=destroy_max_border_work repair=repair_chuffed_fast objective_metric=minizinc_objective incumbent_objective=4.0 contender_objective=4.0 score=0 accepted=False repair_failed=False used_exploration=False stagnation_rounds=5 weights_updated=False
  destroyed=destroy_max_border_work: destroyed max-border work: vars_erased=13
iter=29 elapsed=87.596s step_runtime=0.518s destroy=destroy_max_border_shift_3 repair=repair_chuffed_long objective_metric=minizinc_objective incumbent_objective=4.0 contender_objective=4.0 score=0 accepted=False repair_failed=False used_exploration=False stagnation_rounds=6 weights_updated=False
  destroyed=destroy_max_border_shift_3: destroyed max-border shift_3: vars_erased=14
iter=30 elapsed=92.487s step_runtime=4.892s destroy=destroy_streak_around_worst_worker repair=repair_chuffed_long objective_metric=minizinc_objective incumbent_objective=4.0 contender_objective=4.0 score=0 accepted=False repair_failed=False used_exploration=False stagnation_rounds=7 weights_updated=True
  destroyed=destroy_streak_around_worst_worker: destroyed streak len=25 start=(w4,d2) end=(w7,d5); destroyed_inside=25

  weight update (destroy):
    operator                             before    after
    destroy_worst_workers_10pct            0.12     0.21
    destroy_worst_workers_30pct            0.07     0.06
    destroy_random_workers_20pct           0.07     0.06
    destroy_random_window_20pct            0.12     0.11
    destroy_all_forbidden_sequences        0.07     0.06
    destroy_streak_around_worst_worker     0.07     0.06
    destroy_worst_days_10pct               0.12     0.11
    destroy_worst_days_30pct               0.07     0.06
    destroy_random_days_20pct              0.07     0.06
    destroy_max_border_work                0.05     0.04
    destroy_max_border_off                 0.05     0.04
    destroy_max_border_shift_1             0.05     0.04
    destroy_max_border_shift_2             0.05     0.04
    destroy_max_border_shift_3             0.05     0.04

  weight update (repair):
    operator                             before    after
    repair_chuffed_fast                    0.31     0.27
    repair_gecode_fast                     0.31     0.27
    repair_chuffed_long                    0.27     0.23
    repair_gecode_long                     0.12     0.23
iter=31 elapsed=93.371s step_runtime=0.884s destroy=destroy_worst_days_10pct repair=repair_chuffed_long objective_metric=minizinc_objective incumbent_objective=4.0 contender_objective=3.0 score=5 accepted=True repair_failed=False used_exploration=False stagnation_rounds=0 weights_updated=False
  destroyed=destroy_worst_days_10pct: destroyed days: [3]
iter=32 elapsed=94.051s step_runtime=0.680s destroy=destroy_worst_days_10pct repair=repair_gecode_fast objective_metric=minizinc_objective incumbent_objective=3.0 contender_objective=3.0 score=0 accepted=False repair_failed=False used_exploration=False stagnation_rounds=1 weights_updated=False
  destroyed=destroy_worst_days_10pct: destroyed days: [0]
iter=33 elapsed=100.814s step_runtime=6.763s destroy=destroy_streak_around_worst_worker repair=repair_chuffed_fast objective_metric=minizinc_objective incumbent_objective=3.0 contender_objective=133.0 score=0 accepted=False repair_failed=False used_exploration=False stagnation_rounds=2 weights_updated=False
  destroyed=destroy_streak_around_worst_worker: destroyed streak len=51 start=(w2,d3) end=(w9,d4); destroyed_inside=51
iter=34 elapsed=101.534s step_runtime=0.720s destroy=destroy_worst_days_10pct repair=repair_gecode_fast objective_metric=minizinc_objective incumbent_objective=3.0 contender_objective=3.0 score=0 accepted=False repair_failed=False used_exploration=False stagnation_rounds=3 weights_updated=False
  destroyed=destroy_worst_days_10pct: destroyed days: [6]
iter=35 elapsed=102.270s step_runtime=0.736s destroy=destroy_worst_days_10pct repair=repair_gecode_long objective_metric=minizinc_objective incumbent_objective=3.0 contender_objective=3.0 score=0 accepted=False repair_failed=False used_exploration=False stagnation_rounds=4 weights_updated=False
  destroyed=destroy_worst_days_10pct: destroyed days: [1]
iter=36 elapsed=102.990s step_runtime=0.720s destroy=destroy_worst_days_10pct repair=repair_gecode_long objective_metric=minizinc_objective incumbent_objective=3.0 contender_objective=3.0 score=0 accepted=False repair_failed=False used_exploration=False stagnation_rounds=5 weights_updated=False
  destroyed=destroy_worst_days_10pct: destroyed days: [5]
iter=37 elapsed=103.709s step_runtime=0.719s destroy=destroy_worst_days_10pct repair=repair_gecode_fast objective_metric=minizinc_objective incumbent_objective=3.0 contender_objective=3.0 score=0 accepted=False repair_failed=False used_exploration=False stagnation_rounds=6 weights_updated=False
  destroyed=destroy_worst_days_10pct: destroyed days: [4]
iter=38 elapsed=104.295s step_runtime=0.586s destroy=destroy_all_forbidden_sequences repair=repair_gecode_long objective_metric=minizinc_objective incumbent_objective=3.0 contender_objective=3.0 score=0 accepted=False repair_failed=False used_exploration=False stagnation_rounds=7 weights_updated=False
  destroyed=destroy_all_forbidden_sequences: destroyed forbidden sequences: vars_erased=4
iter=39 elapsed=104.855s step_runtime=0.559s destroy=destroy_max_border_shift_3 repair=repair_gecode_fast objective_metric=minizinc_objective incumbent_objective=3.0 contender_objective=3.0 score=0 accepted=False repair_failed=False used_exploration=False stagnation_rounds=8 weights_updated=False
  destroyed=destroy_max_border_shift_3: destroyed max-border shift_3: vars_erased=13
iter=40 elapsed=105.575s step_runtime=0.720s destroy=destroy_worst_workers_10pct repair=repair_gecode_fast objective_metric=minizinc_objective incumbent_objective=3.0 contender_objective=3.0 score=0 accepted=False repair_failed=False used_exploration=False stagnation_rounds=9 weights_updated=True
  destroyed=destroy_worst_workers_10pct: destroyed workers: [6, 7]

  weight update (destroy):
    operator                             before    after
    destroy_worst_workers_10pct            0.21     0.19
    destroy_worst_workers_30pct            0.06     0.07
    destroy_random_workers_20pct           0.06     0.07
    destroy_random_window_20pct            0.11     0.10
    destroy_all_forbidden_sequences        0.06     0.07
    destroy_streak_around_worst_worker     0.06     0.07
    destroy_worst_days_10pct               0.11     0.14
    destroy_worst_days_30pct               0.06     0.07
    destroy_random_days_20pct              0.06     0.07
    destroy_max_border_work                0.04     0.03
    destroy_max_border_off                 0.04     0.03
    destroy_max_border_shift_1             0.04     0.03
    destroy_max_border_shift_2             0.04     0.03
    destroy_max_border_shift_3             0.04     0.03

  weight update (repair):
    operator                             before    after
    repair_chuffed_fast                    0.27     0.21
    repair_gecode_fast                     0.27     0.22
    repair_chuffed_long                    0.23     0.39
    repair_gecode_long                     0.23     0.18
iter=41 elapsed=106.295s step_runtime=0.719s destroy=destroy_worst_workers_10pct repair=repair_gecode_fast objective_metric=minizinc_objective incumbent_objective=3.0 contender_objective=3.0 score=0 accepted=False repair_failed=False used_exploration=False stagnation_rounds=10 weights_updated=False
  destroyed=destroy_worst_workers_10pct: destroyed workers: [6, 7]
iter=42 elapsed=107.228s step_runtime=0.934s destroy=destroy_exploration repair=repair_exploration objective_metric=minizinc_objective incumbent_objective=3.0 contender_objective=3.0 score=0 accepted=False repair_failed=False used_exploration=True stagnation_rounds=11 weights_updated=False
  destroyed=destroy_exploration: destroyed window: [0, 1, 2, 3, 4, 5, 6, 7, 8] x [4, 5]
iter=43 elapsed=109.226s step_runtime=1.998s destroy=destroy_exploration repair=repair_exploration objective_metric=minizinc_objective incumbent_objective=3.0 contender_objective=3.0 score=0 accepted=False repair_failed=False used_exploration=True stagnation_rounds=12 weights_updated=False
  destroyed=destroy_exploration: destroyed window: [0, 1, 2, 3, 4, 9, 10, 11, 12] x [1, 2]
iter=44 elapsed=139.705s step_runtime=30.479s destroy=destroy_streak_around_worst_worker repair=repair_gecode_long objective_metric=minizinc_objective incumbent_objective=3.0 contender_objective=28.0 score=0 accepted=False repair_failed=False used_exploration=False stagnation_rounds=13 weights_updated=False
  destroyed=destroy_streak_around_worst_worker: destroyed streak len=35 start=(w3,d4) end=(w8,d3); destroyed_inside=35
iter=45 elapsed=146.299s step_runtime=6.594s destroy=destroy_streak_around_worst_worker repair=repair_gecode_fast objective_metric=minizinc_objective incumbent_objective=3.0 contender_objective=39.0 score=0 accepted=False repair_failed=False used_exploration=False stagnation_rounds=14 weights_updated=False
  destroyed=destroy_streak_around_worst_worker: destroyed streak len=35 start=(w3,d4) end=(w8,d3); destroyed_inside=35
iter=46 elapsed=147.107s step_runtime=0.808s destroy=destroy_worst_days_10pct repair=repair_gecode_long objective_metric=minizinc_objective incumbent_objective=3.0 contender_objective=3.0 score=0 accepted=False repair_failed=False used_exploration=False stagnation_rounds=15 weights_updated=False
  destroyed=destroy_worst_days_10pct: destroyed days: [6]
iter=47 elapsed=148.185s step_runtime=1.078s destroy=destroy_worst_workers_10pct repair=repair_chuffed_long objective_metric=minizinc_objective incumbent_objective=3.0 contender_objective=3.0 score=0 accepted=False repair_failed=False used_exploration=False stagnation_rounds=16 weights_updated=False
  destroyed=destroy_worst_workers_10pct: destroyed workers: [6, 7]
iter=48 elapsed=148.837s step_runtime=0.652s destroy=destroy_max_border_off repair=repair_chuffed_fast objective_metric=minizinc_objective incumbent_objective=3.0 contender_objective=3.0 score=0 accepted=False repair_failed=False used_exploration=False stagnation_rounds=17 weights_updated=False
  destroyed=destroy_max_border_off: destroyed max-border off: vars_erased=14
iter=49 elapsed=149.933s step_runtime=1.096s destroy=destroy_worst_days_10pct repair=repair_chuffed_fast objective_metric=minizinc_objective incumbent_objective=3.0 contender_objective=3.0 score=0 accepted=False repair_failed=False used_exploration=False stagnation_rounds=18 weights_updated=False
  destroyed=destroy_worst_days_10pct: destroyed days: [3]
iter=50 elapsed=151.041s step_runtime=1.108s destroy=destroy_worst_days_10pct repair=repair_chuffed_fast objective_metric=minizinc_objective incumbent_objective=3.0 contender_objective=3.0 score=0 accepted=False repair_failed=False used_exploration=False stagnation_rounds=19 weights_updated=True
  destroyed=destroy_worst_days_10pct: destroyed days: [0]

  weight update (destroy):
    operator                             before    after
    destroy_worst_workers_10pct            0.19     0.17
    destroy_worst_workers_30pct            0.07     0.08
    destroy_random_workers_20pct           0.07     0.08
    destroy_random_window_20pct            0.10     0.10
    destroy_all_forbidden_sequences        0.07     0.08
    destroy_streak_around_worst_worker     0.07     0.08
    destroy_worst_days_10pct               0.14     0.14
    destroy_worst_days_30pct               0.07     0.08
    destroy_random_days_20pct              0.07     0.08
    destroy_max_border_work                0.03     0.03
    destroy_max_border_off                 0.03     0.03
    destroy_max_border_shift_1             0.03     0.03
    destroy_max_border_shift_2             0.03     0.03
    destroy_max_border_shift_3             0.03     0.03

  weight update (repair):
    operator                             before    after
    repair_chuffed_fast                    0.21     0.22
    repair_gecode_fast                     0.22     0.22
    repair_chuffed_long                    0.39     0.36
    repair_gecode_long                     0.18     0.20
iter=51 elapsed=151.776s step_runtime=0.735s destroy=destroy_all_forbidden_sequences repair=repair_gecode_long objective_metric=minizinc_objective incumbent_objective=3.0 contender_objective=3.0 score=0 accepted=False repair_failed=False used_exploration=False stagnation_rounds=20 weights_updated=False
  destroyed=destroy_all_forbidden_sequences: destroyed forbidden sequences: vars_erased=4
iter=52 elapsed=152.673s step_runtime=0.898s destroy=destroy_exploration repair=repair_exploration objective_metric=minizinc_objective incumbent_objective=3.0 contender_objective=3.0 score=0 accepted=False repair_failed=False used_exploration=True stagnation_rounds=21 weights_updated=False
  destroyed=destroy_exploration: destroyed window: [0, 1, 2, 3, 4, 11, 12] x [5, 6]
iter=53 elapsed=153.621s step_runtime=0.948s destroy=destroy_exploration repair=repair_exploration objective_metric=minizinc_objective incumbent_objective=3.0 contender_objective=3.0 score=0 accepted=False repair_failed=False used_exploration=True stagnation_rounds=22 weights_updated=False
  destroyed=destroy_exploration: destroyed window: [0, 1, 2, 3, 4, 5, 6, 12] x [5, 6]
iter=54 elapsed=154.772s step_runtime=1.151s destroy=destroy_worst_days_10pct repair=repair_chuffed_fast objective_metric=minizinc_objective incumbent_objective=3.0 contender_objective=3.0 score=0 accepted=False repair_failed=False used_exploration=False stagnation_rounds=23 weights_updated=False
  destroyed=destroy_worst_days_10pct: destroyed days: [1]
iter=55 elapsed=156.231s step_runtime=1.459s destroy=destroy_worst_days_10pct repair=repair_chuffed_long objective_metric=minizinc_objective incumbent_objective=3.0 contender_objective=2.0 score=5 accepted=True repair_failed=False used_exploration=False stagnation_rounds=0 weights_updated=False
  destroyed=destroy_worst_days_10pct: destroyed days: [2]
iter=56 elapsed=157.243s step_runtime=1.012s destroy=destroy_worst_days_10pct repair=repair_chuffed_fast objective_metric=minizinc_objective incumbent_objective=2.0 contender_objective=2.0 score=0 accepted=False repair_failed=False used_exploration=False stagnation_rounds=1 weights_updated=False
  destroyed=destroy_worst_days_10pct: destroyed days: [4]
iter=57 elapsed=187.965s step_runtime=30.721s destroy=destroy_streak_around_worst_worker repair=repair_chuffed_long objective_metric=minizinc_objective incumbent_objective=2.0 contender_objective=24.0 score=0 accepted=False repair_failed=False used_exploration=False stagnation_rounds=2 weights_updated=False
  destroyed=destroy_streak_around_worst_worker: destroyed streak len=29 start=(w5,d1) end=(w9,d1); destroyed_inside=29
