Loaded instance: Example4.txt
instance=Example4
instance_name=Example4
instance_file=Example4.txt
instance_path=/Users/gab/Library/Mobile Documents/com~apple~CloudDocs/QuIST/ML/Optimization/Project 2/LNS_scheduling/Instances1-50/Example4.txt
variant=alns_late_phase
seed=2

iter=1 elapsed=1.081s step_runtime=1.081s destroy=destroy_worst_workers_10pct repair=repair_gecode_long objective_metric=minizinc_objective incumbent_objective=inf contender_objective=18.0 score=5 accepted=True repair_failed=False used_exploration=False stagnation_rounds=0 weights_updated=False
  destroyed=destroy_worst_workers_10pct: destroyed workers: [0, 1]
iter=2 elapsed=3.989s step_runtime=2.908s destroy=destroy_all_forbidden_sequences repair=repair_chuffed_fast objective_metric=minizinc_objective incumbent_objective=18.0 contender_objective=7.0 score=5 accepted=True repair_failed=False used_exploration=False stagnation_rounds=0 weights_updated=False
  destroyed=destroy_all_forbidden_sequences: destroyed forbidden sequences: vars_erased=16
iter=3 elapsed=10.449s step_runtime=6.460s destroy=destroy_streak_around_worst_worker repair=repair_gecode_fast objective_metric=minizinc_objective incumbent_objective=7.0 contender_objective=34.0 score=0 accepted=False repair_failed=False used_exploration=False stagnation_rounds=1 weights_updated=False
  destroyed=destroy_streak_around_worst_worker: destroyed streak len=35 start=(w4,d4) end=(w9,d3); destroyed_inside=35
iter=4 elapsed=10.963s step_runtime=0.514s destroy=destroy_max_border_shift_2 repair=repair_chuffed_fast objective_metric=minizinc_objective incumbent_objective=7.0 contender_objective=7.0 score=0 accepted=False repair_failed=False used_exploration=False stagnation_rounds=2 weights_updated=False
  destroyed=destroy_max_border_shift_2: destroyed max-border shift_2: vars_erased=25
iter=5 elapsed=11.473s step_runtime=0.510s destroy=destroy_max_border_off repair=repair_chuffed_fast objective_metric=minizinc_objective incumbent_objective=7.0 contender_objective=7.0 score=0 accepted=False repair_failed=False used_exploration=False stagnation_rounds=3 weights_updated=False
  destroyed=destroy_max_border_off: destroyed max-border off: vars_erased=13
iter=6 elapsed=12.409s step_runtime=0.937s destroy=destroy_worst_days_10pct repair=repair_chuffed_fast objective_metric=minizinc_objective incumbent_objective=7.0 contender_objective=6.0 score=5 accepted=True repair_failed=False used_exploration=False stagnation_rounds=0 weights_updated=False
  destroyed=destroy_worst_days_10pct: destroyed days: [0]
iter=7 elapsed=19.028s step_runtime=6.618s destroy=destroy_streak_around_worst_worker repair=repair_chuffed_fast objective_metric=minizinc_objective incumbent_objective=6.0 contender_objective=11.0 score=0 accepted=False repair_failed=False used_exploration=False stagnation_rounds=1 weights_updated=False
  destroyed=destroy_streak_around_worst_worker: destroyed streak len=31 start=(w4,d6) end=(w9,d1); destroyed_inside=31
iter=8 elapsed=19.590s step_runtime=0.563s destroy=destroy_max_border_shift_2 repair=repair_gecode_long objective_metric=minizinc_objective incumbent_objective=6.0 contender_objective=6.0 score=0 accepted=False repair_failed=False used_exploration=False stagnation_rounds=2 weights_updated=False
  destroyed=destroy_max_border_shift_2: destroyed max-border shift_2: vars_erased=6
iter=9 elapsed=20.150s step_runtime=0.559s destroy=destroy_max_border_work repair=repair_chuffed_long objective_metric=minizinc_objective incumbent_objective=6.0 contender_objective=6.0 score=0 accepted=False repair_failed=False used_exploration=False stagnation_rounds=3 weights_updated=False
  destroyed=destroy_max_border_work: destroyed max-border work: vars_erased=6
iter=10 elapsed=20.922s step_runtime=0.772s destroy=destroy_max_border_off repair=repair_gecode_fast objective_metric=minizinc_objective incumbent_objective=6.0 contender_objective=6.0 score=0 accepted=False repair_failed=False used_exploration=False stagnation_rounds=4 weights_updated=True
  destroyed=destroy_max_border_off: destroyed max-border off: vars_erased=14

  weight update (destroy):
    operator                             before    after
    destroy_worst_workers_10pct            0.07     0.12
    destroy_worst_workers_30pct            0.07     0.06
    destroy_random_workers_20pct           0.07     0.06
    destroy_random_window_20pct            0.07     0.06
    destroy_all_forbidden_sequences        0.07     0.12
    destroy_streak_around_worst_worker     0.07     0.06
    destroy_worst_days_10pct               0.07     0.12
    destroy_worst_days_30pct               0.07     0.06
    destroy_random_days_20pct              0.07     0.06
    destroy_max_border_work                0.07     0.06
    destroy_max_border_off                 0.07     0.06
    destroy_max_border_shift_1             0.07     0.06
    destroy_max_border_shift_2             0.07     0.06
    destroy_max_border_shift_3             0.07     0.06

  weight update (repair):
    operator                             before    after
    repair_chuffed_fast                    0.40     0.38
    repair_gecode_fast                     0.40     0.32
    repair_chuffed_long                    0.10     0.08
    repair_gecode_long                     0.10     0.21
iter=11 elapsed=21.521s step_runtime=0.599s destroy=destroy_max_border_work repair=repair_chuffed_fast objective_metric=minizinc_objective incumbent_objective=6.0 contender_objective=6.0 score=0 accepted=False repair_failed=False used_exploration=False stagnation_rounds=5 weights_updated=False
  destroyed=destroy_max_border_work: destroyed max-border work: vars_erased=13
iter=12 elapsed=22.442s step_runtime=0.920s destroy=destroy_worst_workers_10pct repair=repair_chuffed_long objective_metric=minizinc_objective incumbent_objective=6.0 contender_objective=6.0 score=0 accepted=False repair_failed=False used_exploration=False stagnation_rounds=6 weights_updated=False
  destroyed=destroy_worst_workers_10pct: destroyed workers: [6, 7]
iter=13 elapsed=23.314s step_runtime=0.873s destroy=destroy_worst_workers_10pct repair=repair_chuffed_fast objective_metric=minizinc_objective incumbent_objective=6.0 contender_objective=6.0 score=0 accepted=False repair_failed=False used_exploration=False stagnation_rounds=7 weights_updated=False
  destroyed=destroy_worst_workers_10pct: destroyed workers: [6, 7]
iter=14 elapsed=24.282s step_runtime=0.968s destroy=destroy_worst_days_10pct repair=repair_chuffed_fast objective_metric=minizinc_objective incumbent_objective=6.0 contender_objective=6.0 score=0 accepted=False repair_failed=False used_exploration=False stagnation_rounds=8 weights_updated=False
  destroyed=destroy_worst_days_10pct: destroyed days: [0]
iter=15 elapsed=24.825s step_runtime=0.543s destroy=destroy_max_border_work repair=repair_gecode_long objective_metric=minizinc_objective incumbent_objective=6.0 contender_objective=6.0 score=0 accepted=False repair_failed=False used_exploration=False stagnation_rounds=9 weights_updated=False
  destroyed=destroy_max_border_work: destroyed max-border work: vars_erased=25
iter=16 elapsed=25.350s step_runtime=0.525s destroy=destroy_max_border_shift_3 repair=repair_chuffed_fast objective_metric=minizinc_objective incumbent_objective=6.0 contender_objective=6.0 score=0 accepted=False repair_failed=False used_exploration=False stagnation_rounds=10 weights_updated=False
  destroyed=destroy_max_border_shift_3: destroyed max-border shift_3: vars_erased=13
iter=17 elapsed=26.265s step_runtime=0.915s destroy=destroy_exploration repair=repair_exploration objective_metric=minizinc_objective incumbent_objective=6.0 contender_objective=6.0 score=0 accepted=False repair_failed=False used_exploration=True stagnation_rounds=11 weights_updated=False
  destroyed=destroy_exploration: destroyed window: [1, 2, 3, 4, 5, 6, 7] x [2, 3]
iter=18 elapsed=29.420s step_runtime=3.155s destroy=destroy_exploration repair=repair_exploration objective_metric=minizinc_objective incumbent_objective=6.0 contender_objective=6.0 score=0 accepted=False repair_failed=False used_exploration=True stagnation_rounds=12 weights_updated=False
  destroyed=destroy_exploration: destroyed window: [0, 1, 2, 3, 10, 11, 12] x [1, 2, 3]
iter=19 elapsed=36.014s step_runtime=6.594s destroy=destroy_streak_around_worst_worker repair=repair_chuffed_fast objective_metric=minizinc_objective incumbent_objective=6.0 contender_objective=10.0 score=0 accepted=False repair_failed=False used_exploration=False stagnation_rounds=13 weights_updated=False
  destroyed=destroy_streak_around_worst_worker: destroyed streak len=31 start=(w4,d6) end=(w9,d1); destroyed_inside=31
iter=20 elapsed=36.605s step_runtime=0.591s destroy=destroy_all_forbidden_sequences repair=repair_gecode_long objective_metric=minizinc_objective incumbent_objective=6.0 contender_objective=6.0 score=0 accepted=False repair_failed=False used_exploration=False stagnation_rounds=14 weights_updated=True
  destroyed=destroy_all_forbidden_sequences: destroyed forbidden sequences: vars_erased=6

  weight update (destroy):
    operator                             before    after
    destroy_worst_workers_10pct            0.12     0.12
    destroy_worst_workers_30pct            0.06     0.07
    destroy_random_workers_20pct           0.06     0.07
    destroy_random_window_20pct            0.06     0.07
    destroy_all_forbidden_sequences        0.12     0.12
    destroy_streak_around_worst_worker     0.06     0.07
    destroy_worst_days_10pct               0.12     0.12
    destroy_worst_days_30pct               0.06     0.07
    destroy_random_days_20pct              0.06     0.07
    destroy_max_border_work                0.06     0.05
    destroy_max_border_off                 0.06     0.05
    destroy_max_border_shift_1             0.06     0.05
    destroy_max_border_shift_2             0.06     0.05
    destroy_max_border_shift_3             0.06     0.05

  weight update (repair):
    operator                             before    after
    repair_chuffed_fast                    0.38     0.36
    repair_gecode_fast                     0.32     0.31
    repair_chuffed_long                    0.08     0.12
    repair_gecode_long                     0.21     0.22
iter=21 elapsed=37.545s step_runtime=0.940s destroy=destroy_worst_days_10pct repair=repair_chuffed_fast objective_metric=minizinc_objective incumbent_objective=6.0 contender_objective=6.0 score=0 accepted=False repair_failed=False used_exploration=False stagnation_rounds=15 weights_updated=False
  destroyed=destroy_worst_days_10pct: destroyed days: [0]
iter=22 elapsed=38.085s step_runtime=0.539s destroy=destroy_max_border_work repair=repair_gecode_fast objective_metric=minizinc_objective incumbent_objective=6.0 contender_objective=6.0 score=0 accepted=False repair_failed=False used_exploration=False stagnation_rounds=16 weights_updated=False
  destroyed=destroy_max_border_work: destroyed max-border work: vars_erased=14
iter=23 elapsed=38.624s step_runtime=0.539s destroy=destroy_max_border_work repair=repair_gecode_fast objective_metric=minizinc_objective incumbent_objective=6.0 contender_objective=6.0 score=0 accepted=False repair_failed=False used_exploration=False stagnation_rounds=17 weights_updated=False
  destroyed=destroy_max_border_work: destroyed max-border work: vars_erased=14
iter=24 elapsed=39.177s step_runtime=0.554s destroy=destroy_max_border_shift_1 repair=repair_gecode_long objective_metric=minizinc_objective incumbent_objective=6.0 contender_objective=6.0 score=0 accepted=False repair_failed=False used_exploration=False stagnation_rounds=18 weights_updated=False
  destroyed=destroy_max_border_shift_1: destroyed max-border shift_1: vars_erased=14
iter=25 elapsed=39.701s step_runtime=0.524s destroy=destroy_max_border_shift_3 repair=repair_chuffed_fast objective_metric=minizinc_objective incumbent_objective=6.0 contender_objective=6.0 score=0 accepted=False repair_failed=False used_exploration=False stagnation_rounds=19 weights_updated=False
  destroyed=destroy_max_border_shift_3: destroyed max-border shift_3: vars_erased=14
iter=26 elapsed=40.324s step_runtime=0.623s destroy=destroy_all_forbidden_sequences repair=repair_gecode_fast objective_metric=minizinc_objective incumbent_objective=6.0 contender_objective=6.0 score=0 accepted=False repair_failed=False used_exploration=False stagnation_rounds=20 weights_updated=False
  destroyed=destroy_all_forbidden_sequences: destroyed forbidden sequences: vars_erased=6
iter=27 elapsed=41.839s step_runtime=1.515s destroy=destroy_exploration repair=repair_exploration objective_metric=minizinc_objective incumbent_objective=6.0 contender_objective=6.0 score=0 accepted=False repair_failed=False used_exploration=True stagnation_rounds=21 weights_updated=False
  destroyed=destroy_exploration: destroyed window: [6, 7, 8, 9, 10, 11] x [2, 3, 4]
iter=28 elapsed=43.355s step_runtime=1.515s destroy=destroy_exploration repair=repair_exploration objective_metric=minizinc_objective incumbent_objective=6.0 contender_objective=5.0 score=5 accepted=True repair_failed=False used_exploration=True stagnation_rounds=0 weights_updated=False
  destroyed=destroy_exploration: destroyed window: [0, 8, 9, 10, 11, 12] x [3, 4, 5]
iter=29 elapsed=44.174s step_runtime=0.820s destroy=destroy_worst_workers_10pct repair=repair_chuffed_long objective_metric=minizinc_objective incumbent_objective=5.0 contender_objective=5.0 score=0 accepted=False repair_failed=False used_exploration=False stagnation_rounds=1 weights_updated=False
  destroyed=destroy_worst_workers_10pct: destroyed workers: [6, 7]
iter=30 elapsed=74.617s step_runtime=30.443s destroy=destroy_streak_around_worst_worker repair=repair_gecode_long objective_metric=minizinc_objective incumbent_objective=5.0 contender_objective=9.0 score=0 accepted=False repair_failed=False used_exploration=False stagnation_rounds=2 weights_updated=True
  destroyed=destroy_streak_around_worst_worker: destroyed streak len=31 start=(w4,d6) end=(w9,d1); destroyed_inside=31

  weight update (destroy):
    operator                             before    after
    destroy_worst_workers_10pct            0.12     0.12
    destroy_worst_workers_30pct            0.07     0.08
    destroy_random_workers_20pct           0.07     0.08
    destroy_random_window_20pct            0.07     0.08
    destroy_all_forbidden_sequences        0.12     0.12
    destroy_streak_around_worst_worker     0.07     0.08
    destroy_worst_days_10pct               0.12     0.12
    destroy_worst_days_30pct               0.07     0.08
    destroy_random_days_20pct              0.07     0.08
    destroy_max_border_work                0.05     0.04
    destroy_max_border_off                 0.05     0.04
    destroy_max_border_shift_1             0.05     0.04
    destroy_max_border_shift_2             0.05     0.04
    destroy_max_border_shift_3             0.05     0.04

  weight update (repair):
    operator                             before    after
    repair_chuffed_fast                    0.36     0.33
    repair_gecode_fast                     0.31     0.30
    repair_chuffed_long                    0.12     0.14
    repair_gecode_long                     0.22     0.23
iter=31 elapsed=75.449s step_runtime=0.832s destroy=destroy_worst_workers_10pct repair=repair_chuffed_fast objective_metric=minizinc_objective incumbent_objective=5.0 contender_objective=5.0 score=0 accepted=False repair_failed=False used_exploration=False stagnation_rounds=3 weights_updated=False
  destroyed=destroy_worst_workers_10pct: destroyed workers: [6, 7]
iter=32 elapsed=76.142s step_runtime=0.693s destroy=destroy_worst_days_10pct repair=repair_gecode_fast objective_metric=minizinc_objective incumbent_objective=5.0 contender_objective=4.0 score=5 accepted=True repair_failed=False used_exploration=False stagnation_rounds=0 weights_updated=False
  destroyed=destroy_worst_days_10pct: destroyed days: [0]
iter=33 elapsed=76.652s step_runtime=0.509s destroy=destroy_max_border_off repair=repair_chuffed_fast objective_metric=minizinc_objective incumbent_objective=4.0 contender_objective=4.0 score=0 accepted=False repair_failed=False used_exploration=False stagnation_rounds=1 weights_updated=False
  destroyed=destroy_max_border_off: destroyed max-border off: vars_erased=13
iter=34 elapsed=77.341s step_runtime=0.690s destroy=destroy_worst_days_10pct repair=repair_chuffed_long objective_metric=minizinc_objective incumbent_objective=4.0 contender_objective=3.0 score=5 accepted=True repair_failed=False used_exploration=False stagnation_rounds=0 weights_updated=False
  destroyed=destroy_worst_days_10pct: destroyed days: [5]
iter=35 elapsed=78.058s step_runtime=0.716s destroy=destroy_worst_days_10pct repair=repair_gecode_long objective_metric=minizinc_objective incumbent_objective=3.0 contender_objective=3.0 score=0 accepted=False repair_failed=False used_exploration=False stagnation_rounds=1 weights_updated=False
  destroyed=destroy_worst_days_10pct: destroyed days: [1]
iter=36 elapsed=84.527s step_runtime=6.469s destroy=destroy_streak_around_worst_worker repair=repair_gecode_fast objective_metric=minizinc_objective incumbent_objective=3.0 contender_objective=89.0 score=0 accepted=False repair_failed=False used_exploration=False stagnation_rounds=2 weights_updated=False
  destroyed=destroy_streak_around_worst_worker: destroyed streak len=45 start=(w3,d6) end=(w10,d1); destroyed_inside=45
iter=37 elapsed=85.210s step_runtime=0.683s destroy=destroy_worst_days_10pct repair=repair_chuffed_long objective_metric=minizinc_objective incumbent_objective=3.0 contender_objective=3.0 score=0 accepted=False repair_failed=False used_exploration=False stagnation_rounds=3 weights_updated=False
  destroyed=destroy_worst_days_10pct: destroyed days: [6]
iter=38 elapsed=85.766s step_runtime=0.556s destroy=destroy_all_forbidden_sequences repair=repair_chuffed_fast objective_metric=minizinc_objective incumbent_objective=3.0 contender_objective=3.0 score=0 accepted=False repair_failed=False used_exploration=False stagnation_rounds=4 weights_updated=False
  destroyed=destroy_all_forbidden_sequences: destroyed forbidden sequences: vars_erased=4
iter=39 elapsed=86.470s step_runtime=0.704s destroy=destroy_worst_days_10pct repair=repair_gecode_fast objective_metric=minizinc_objective incumbent_objective=3.0 contender_objective=3.0 score=0 accepted=False repair_failed=False used_exploration=False stagnation_rounds=5 weights_updated=False
  destroyed=destroy_worst_days_10pct: destroyed days: [4]
iter=40 elapsed=87.194s step_runtime=0.724s destroy=destroy_worst_workers_10pct repair=repair_gecode_fast objective_metric=minizinc_objective incumbent_objective=3.0 contender_objective=3.0 score=0 accepted=False repair_failed=False used_exploration=False stagnation_rounds=6 weights_updated=True
  destroyed=destroy_worst_workers_10pct: destroyed workers: [6, 7]

  weight update (destroy):
    operator                             before    after
    destroy_worst_workers_10pct            0.12     0.10
    destroy_worst_workers_30pct            0.08     0.07
    destroy_random_workers_20pct           0.08     0.07
    destroy_random_window_20pct            0.08     0.07
    destroy_all_forbidden_sequences        0.12     0.10
    destroy_streak_around_worst_worker     0.08     0.07
    destroy_worst_days_10pct               0.12     0.24
    destroy_worst_days_30pct               0.08     0.07
    destroy_random_days_20pct              0.08     0.07
    destroy_max_border_work                0.04     0.03
    destroy_max_border_off                 0.04     0.03
    destroy_max_border_shift_1             0.04     0.03
    destroy_max_border_shift_2             0.04     0.03
    destroy_max_border_shift_3             0.04     0.03

  weight update (repair):
    operator                             before    after
    repair_chuffed_fast                    0.33     0.27
    repair_gecode_fast                     0.30     0.26
    repair_chuffed_long                    0.14     0.28
    repair_gecode_long                     0.23     0.18
iter=41 elapsed=87.706s step_runtime=0.512s destroy=destroy_max_border_shift_3 repair=repair_chuffed_fast objective_metric=minizinc_objective incumbent_objective=3.0 contender_objective=3.0 score=0 accepted=False repair_failed=False used_exploration=False stagnation_rounds=7 weights_updated=False
  destroyed=destroy_max_border_shift_3: destroyed max-border shift_3: vars_erased=14
iter=42 elapsed=88.862s step_runtime=1.156s destroy=destroy_worst_days_10pct repair=repair_chuffed_long objective_metric=minizinc_objective incumbent_objective=3.0 contender_objective=3.0 score=0 accepted=False repair_failed=False used_exploration=False stagnation_rounds=8 weights_updated=False
  destroyed=destroy_worst_days_10pct: destroyed days: [2]
iter=43 elapsed=89.553s step_runtime=0.691s destroy=destroy_worst_days_10pct repair=repair_gecode_long objective_metric=minizinc_objective incumbent_objective=3.0 contender_objective=3.0 score=0 accepted=False repair_failed=False used_exploration=False stagnation_rounds=9 weights_updated=False
  destroyed=destroy_worst_days_10pct: destroyed days: [0]
iter=44 elapsed=90.247s step_runtime=0.694s destroy=destroy_worst_days_10pct repair=repair_gecode_fast objective_metric=minizinc_objective incumbent_objective=3.0 contender_objective=3.0 score=0 accepted=False repair_failed=False used_exploration=False stagnation_rounds=10 weights_updated=False
  destroyed=destroy_worst_days_10pct: destroyed days: [4]
iter=45 elapsed=91.256s step_runtime=1.009s destroy=destroy_exploration repair=repair_exploration objective_metric=minizinc_objective incumbent_objective=3.0 contender_objective=3.0 score=0 accepted=False repair_failed=False used_exploration=True stagnation_rounds=11 weights_updated=False
  destroyed=destroy_exploration: destroyed window: [0, 6, 7, 8, 9, 10, 11, 12] x [4, 5]
iter=46 elapsed=92.110s step_runtime=0.854s destroy=destroy_exploration repair=repair_exploration objective_metric=minizinc_objective incumbent_objective=3.0 contender_objective=3.0 score=0 accepted=False repair_failed=False used_exploration=True stagnation_rounds=12 weights_updated=False
  destroyed=destroy_exploration: destroyed window: [0, 6, 7, 8, 9, 10, 11, 12] x [1, 2]
iter=47 elapsed=96.898s step_runtime=4.788s destroy=destroy_streak_around_worst_worker repair=repair_chuffed_long objective_metric=minizinc_objective incumbent_objective=3.0 contender_objective=3.0 score=0 accepted=False repair_failed=False used_exploration=False stagnation_rounds=13 weights_updated=False
  destroyed=destroy_streak_around_worst_worker: destroyed streak len=25 start=(w5,d2) end=(w8,d5); destroyed_inside=25
iter=48 elapsed=103.328s step_runtime=6.430s destroy=destroy_streak_around_worst_worker repair=repair_gecode_fast objective_metric=minizinc_objective incumbent_objective=3.0 contender_objective=10.0 score=0 accepted=False repair_failed=False used_exploration=False stagnation_rounds=14 weights_updated=False
  destroyed=destroy_streak_around_worst_worker: destroyed streak len=29 start=(w5,d0) end=(w9,d0); destroyed_inside=29
iter=49 elapsed=103.884s step_runtime=0.556s destroy=destroy_all_forbidden_sequences repair=repair_chuffed_fast objective_metric=minizinc_objective incumbent_objective=3.0 contender_objective=3.0 score=0 accepted=False repair_failed=False used_exploration=False stagnation_rounds=15 weights_updated=False
  destroyed=destroy_all_forbidden_sequences: destroyed forbidden sequences: vars_erased=4
iter=50 elapsed=104.496s step_runtime=0.612s destroy=destroy_worst_days_10pct repair=repair_gecode_fast objective_metric=minizinc_objective incumbent_objective=3.0 contender_objective=3.0 score=0 accepted=False repair_failed=False used_exploration=False stagnation_rounds=16 weights_updated=True
  destroyed=destroy_worst_days_10pct: destroyed days: [6]

  weight update (destroy):
    operator                             before    after
    destroy_worst_workers_10pct            0.10     0.10
    destroy_worst_workers_30pct            0.07     0.08
    destroy_random_workers_20pct           0.07     0.08
    destroy_random_window_20pct            0.07     0.08
    destroy_all_forbidden_sequences        0.10     0.10
    destroy_streak_around_worst_worker     0.07     0.08
    destroy_worst_days_10pct               0.24     0.21
    destroy_worst_days_30pct               0.07     0.08
    destroy_random_days_20pct              0.07     0.08
    destroy_max_border_work                0.03     0.03
    destroy_max_border_off                 0.03     0.03
    destroy_max_border_shift_1             0.03     0.03
    destroy_max_border_shift_2             0.03     0.03
    destroy_max_border_shift_3             0.03     0.03

  weight update (repair):
    operator                             before    after
    repair_chuffed_fast                    0.27     0.27
    repair_gecode_fast                     0.26     0.26
    repair_chuffed_long                    0.28     0.27
    repair_gecode_long                     0.18     0.20
iter=51 elapsed=111.094s step_runtime=6.598s destroy=destroy_streak_around_worst_worker repair=repair_chuffed_fast objective_metric=minizinc_objective incumbent_objective=3.0 contender_objective=23.0 score=0 accepted=False repair_failed=False used_exploration=False stagnation_rounds=17 weights_updated=False
  destroyed=destroy_streak_around_worst_worker: destroyed streak len=33 start=(w4,d5) end=(w9,d2); destroyed_inside=33
iter=52 elapsed=111.713s step_runtime=0.619s destroy=destroy_worst_days_10pct repair=repair_gecode_fast objective_metric=minizinc_objective incumbent_objective=3.0 contender_objective=3.0 score=0 accepted=False repair_failed=False used_exploration=False stagnation_rounds=18 weights_updated=False
  destroyed=destroy_worst_days_10pct: destroyed days: [6]
iter=53 elapsed=142.401s step_runtime=30.688s destroy=destroy_streak_around_worst_worker repair=repair_chuffed_long objective_metric=minizinc_objective incumbent_objective=3.0 contender_objective=85.0 score=0 accepted=False repair_failed=False used_exploration=False stagnation_rounds=19 weights_updated=False
  destroyed=destroy_streak_around_worst_worker: destroyed streak len=43 start=(w4,d0) end=(w10,d0); destroyed_inside=43
iter=54 elapsed=143.307s step_runtime=0.906s destroy=destroy_worst_days_10pct repair=repair_chuffed_fast objective_metric=minizinc_objective incumbent_objective=3.0 contender_objective=3.0 score=0 accepted=False repair_failed=False used_exploration=False stagnation_rounds=20 weights_updated=False
  destroyed=destroy_worst_days_10pct: destroyed days: [0]
iter=55 elapsed=144.235s step_runtime=0.929s destroy=destroy_exploration repair=repair_exploration objective_metric=minizinc_objective incumbent_objective=3.0 contender_objective=3.0 score=0 accepted=False repair_failed=False used_exploration=True stagnation_rounds=21 weights_updated=False
  destroyed=destroy_exploration: destroyed window: [0, 1, 2, 3, 9, 10, 11, 12] x [4, 5, 6]
iter=56 elapsed=147.538s step_runtime=3.302s destroy=destroy_exploration repair=repair_exploration objective_metric=minizinc_objective incumbent_objective=3.0 contender_objective=3.0 score=0 accepted=False repair_failed=False used_exploration=True stagnation_rounds=22 weights_updated=False
  destroyed=destroy_exploration: destroyed window: [0, 4, 5, 6, 7, 8, 9, 10, 11, 12] x [2, 3]
iter=57 elapsed=148.246s step_runtime=0.708s destroy=destroy_worst_days_10pct repair=repair_gecode_long objective_metric=minizinc_objective incumbent_objective=3.0 contender_objective=3.0 score=0 accepted=False repair_failed=False used_exploration=False stagnation_rounds=23 weights_updated=False
  destroyed=destroy_worst_days_10pct: destroyed days: [1]
iter=58 elapsed=148.945s step_runtime=0.699s destroy=destroy_worst_workers_10pct repair=repair_gecode_fast objective_metric=minizinc_objective incumbent_objective=3.0 contender_objective=3.0 score=0 accepted=False repair_failed=False used_exploration=False stagnation_rounds=24 weights_updated=False
  destroyed=destroy_worst_workers_10pct: destroyed workers: [6, 7]
iter=59 elapsed=149.732s step_runtime=0.787s destroy=destroy_worst_workers_10pct repair=repair_chuffed_fast objective_metric=minizinc_objective incumbent_objective=3.0 contender_objective=3.0 score=0 accepted=False repair_failed=False used_exploration=False stagnation_rounds=25 weights_updated=False
  destroyed=destroy_worst_workers_10pct: destroyed workers: [6, 7]
iter=60 elapsed=150.427s step_runtime=0.695s destroy=destroy_worst_workers_10pct repair=repair_gecode_fast objective_metric=minizinc_objective incumbent_objective=3.0 contender_objective=3.0 score=0 accepted=False repair_failed=False used_exploration=False stagnation_rounds=26 weights_updated=True
  destroyed=destroy_worst_workers_10pct: destroyed workers: [6, 7]

  weight update (destroy):
    operator                             before    after
    destroy_worst_workers_10pct            0.10     0.10
    destroy_worst_workers_30pct            0.08     0.08
    destroy_random_workers_20pct           0.08     0.08
    destroy_random_window_20pct            0.08     0.08
    destroy_all_forbidden_sequences        0.10     0.10
    destroy_streak_around_worst_worker     0.08     0.08
    destroy_worst_days_10pct               0.21     0.19
    destroy_worst_days_30pct               0.08     0.08
    destroy_random_days_20pct              0.08     0.08
    destroy_max_border_work                0.03     0.02
    destroy_max_border_off                 0.03     0.02
    destroy_max_border_shift_1             0.03     0.02
    destroy_max_border_shift_2             0.03     0.02
    destroy_max_border_shift_3             0.03     0.02

  weight update (repair):
    operator                             before    after
    repair_chuffed_fast                    0.27     0.26
    repair_gecode_fast                     0.26     0.26
    repair_chuffed_long                    0.27     0.27
    repair_gecode_long                     0.20     0.21
iter=61 elapsed=156.980s step_runtime=6.554s destroy=destroy_streak_around_worst_worker repair=repair_chuffed_fast objective_metric=minizinc_objective incumbent_objective=3.0 contender_objective=16.0 score=0 accepted=False repair_failed=False used_exploration=False stagnation_rounds=27 weights_updated=False
  destroyed=destroy_streak_around_worst_worker: destroyed streak len=29 start=(w5,d0) end=(w9,d0); destroyed_inside=29
iter=62 elapsed=157.678s step_runtime=0.698s destroy=destroy_worst_workers_10pct repair=repair_gecode_fast objective_metric=minizinc_objective incumbent_objective=3.0 contender_objective=3.0 score=0 accepted=False repair_failed=False used_exploration=False stagnation_rounds=28 weights_updated=False
  destroyed=destroy_worst_workers_10pct: destroyed workers: [6, 7]
iter=63 elapsed=158.218s step_runtime=0.540s destroy=destroy_max_border_off repair=repair_gecode_long objective_metric=minizinc_objective incumbent_objective=3.0 contender_objective=3.0 score=0 accepted=False repair_failed=False used_exploration=False stagnation_rounds=29 weights_updated=False
  destroyed=destroy_max_border_off: destroyed max-border off: vars_erased=13
iter=64 elapsed=158.917s step_runtime=0.699s destroy=destroy_worst_workers_10pct repair=repair_gecode_long objective_metric=minizinc_objective incumbent_objective=3.0 contender_objective=3.0 score=0 accepted=False repair_failed=False used_exploration=False stagnation_rounds=30 weights_updated=False
  destroyed=destroy_worst_workers_10pct: destroyed workers: [6, 7]
iter=65 elapsed=165.564s step_runtime=6.647s destroy=destroy_exploration repair=repair_exploration objective_metric=minizinc_objective incumbent_objective=3.0 contender_objective=3.0 score=0 accepted=False repair_failed=False used_exploration=True stagnation_rounds=31 weights_updated=False
  destroyed=destroy_exploration: destroyed window: [0, 1, 2, 3, 4, 5, 6, 7, 12] x [0, 4, 5, 6]
iter=66 elapsed=168.324s step_runtime=2.760s destroy=destroy_exploration repair=repair_exploration objective_metric=minizinc_objective incumbent_objective=3.0 contender_objective=3.0 score=0 accepted=False repair_failed=False used_exploration=True stagnation_rounds=32 weights_updated=False
  destroyed=destroy_exploration: destroyed window: [0, 1, 8, 9, 10, 11, 12] x [3, 4, 5]
iter=67 elapsed=168.878s step_runtime=0.553s destroy=destroy_all_forbidden_sequences repair=repair_chuffed_long objective_metric=minizinc_objective incumbent_objective=3.0 contender_objective=3.0 score=0 accepted=False repair_failed=False used_exploration=False stagnation_rounds=33 weights_updated=False
  destroyed=destroy_all_forbidden_sequences: destroyed forbidden sequences: vars_erased=4
iter=68 elapsed=169.586s step_runtime=0.708s destroy=destroy_worst_days_10pct repair=repair_gecode_fast objective_metric=minizinc_objective incumbent_objective=3.0 contender_objective=3.0 score=0 accepted=False repair_failed=False used_exploration=False stagnation_rounds=34 weights_updated=False
  destroyed=destroy_worst_days_10pct: destroyed days: [1]
iter=69 elapsed=176.026s step_runtime=6.440s destroy=destroy_streak_around_worst_worker repair=repair_gecode_fast objective_metric=minizinc_objective incumbent_objective=3.0 contender_objective=15.0 score=0 accepted=False repair_failed=False used_exploration=False stagnation_rounds=35 weights_updated=False
  destroyed=destroy_streak_around_worst_worker: destroyed streak len=31 start=(w4,d6) end=(w9,d1); destroyed_inside=31
iter=70 elapsed=176.597s step_runtime=0.571s destroy=destroy_all_forbidden_sequences repair=repair_chuffed_long objective_metric=minizinc_objective incumbent_objective=3.0 contender_objective=3.0 score=0 accepted=False repair_failed=False used_exploration=False stagnation_rounds=36 weights_updated=True
  destroyed=destroy_all_forbidden_sequences: destroyed forbidden sequences: vars_erased=4

  weight update (destroy):
    operator                             before    after
    destroy_worst_workers_10pct            0.10     0.10
    destroy_worst_workers_30pct            0.08     0.09
    destroy_random_workers_20pct           0.08     0.09
    destroy_random_window_20pct            0.08     0.09
    destroy_all_forbidden_sequences        0.10     0.10
    destroy_streak_around_worst_worker     0.08     0.09
    destroy_worst_days_10pct               0.19     0.17
    destroy_worst_days_30pct               0.08     0.09
    destroy_random_days_20pct              0.08     0.09
    destroy_max_border_work                0.02     0.02
    destroy_max_border_off                 0.02     0.02
    destroy_max_border_shift_1             0.02     0.02
    destroy_max_border_shift_2             0.02     0.02
    destroy_max_border_shift_3             0.02     0.02

  weight update (repair):
    operator                             before    after
    repair_chuffed_fast                    0.26     0.26
    repair_gecode_fast                     0.26     0.26
    repair_chuffed_long                    0.27     0.27
    repair_gecode_long                     0.21     0.22
iter=71 elapsed=177.464s step_runtime=0.867s destroy=destroy_worst_days_10pct repair=repair_chuffed_long objective_metric=minizinc_objective incumbent_objective=3.0 contender_objective=3.0 score=0 accepted=False repair_failed=False used_exploration=False stagnation_rounds=37 weights_updated=False
  destroyed=destroy_worst_days_10pct: destroyed days: [1]
iter=72 elapsed=208.150s step_runtime=30.686s destroy=destroy_streak_around_worst_worker repair=repair_chuffed_long objective_metric=minizinc_objective incumbent_objective=3.0 contender_objective=85.0 score=0 accepted=False repair_failed=False used_exploration=False stagnation_rounds=38 weights_updated=False
  destroyed=destroy_streak_around_worst_worker: destroyed streak len=43 start=(w4,d0) end=(w10,d0); destroyed_inside=43
