Loaded instance: Example5.txt
instance=Example5
instance_name=Example5
instance_file=Example5.txt
instance_path=/Users/gab/Library/Mobile Documents/com~apple~CloudDocs/QuIST/ML/Optimization/Project 2/LNS_scheduling/Instances1-50/Example5.txt
variant=alns_late_phase
seed=1

iter=1 elapsed=1.511s step_runtime=1.511s destroy=destroy_random_window_20pct repair=repair_chuffed_fast objective_metric=minizinc_objective incumbent_objective=inf contender_objective=30.0 score=5 accepted=True repair_failed=False used_exploration=False stagnation_rounds=0 weights_updated=False
  destroyed=destroy_random_window_20pct: destroyed window: [7, 8, 9, 10] x [3, 4, 5]
iter=2 elapsed=5.151s step_runtime=3.640s destroy=destroy_worst_workers_30pct repair=repair_gecode_fast objective_metric=minizinc_objective incumbent_objective=30.0 contender_objective=20.0 score=5 accepted=True repair_failed=False used_exploration=False stagnation_rounds=0 weights_updated=False
  destroyed=destroy_worst_workers_30pct: destroyed workers: [0, 1, 2, 3]
iter=3 elapsed=6.389s step_runtime=1.238s destroy=destroy_worst_days_10pct repair=repair_chuffed_fast objective_metric=minizinc_objective incumbent_objective=20.0 contender_objective=14.0 score=5 accepted=True repair_failed=False used_exploration=False stagnation_rounds=0 weights_updated=False
  destroyed=destroy_worst_days_10pct: destroyed days: [2]
iter=4 elapsed=7.241s step_runtime=0.851s destroy=destroy_worst_workers_10pct repair=repair_gecode_fast objective_metric=minizinc_objective incumbent_objective=14.0 contender_objective=10.0 score=5 accepted=True repair_failed=False used_exploration=False stagnation_rounds=0 weights_updated=False
  destroyed=destroy_worst_workers_10pct: destroyed workers: [6, 7]
iter=5 elapsed=13.787s step_runtime=6.546s destroy=destroy_streak_around_worst_worker repair=repair_gecode_fast objective_metric=minizinc_objective incumbent_objective=10.0 contender_objective=19.0 score=0 accepted=False repair_failed=False used_exploration=False stagnation_rounds=1 weights_updated=False
  destroyed=destroy_streak_around_worst_worker: destroyed streak len=25 start=(w5,d2) end=(w8,d5); destroyed_inside=25
iter=6 elapsed=14.446s step_runtime=0.658s destroy=destroy_worst_days_10pct repair=repair_gecode_fast objective_metric=minizinc_objective incumbent_objective=10.0 contender_objective=8.0 score=5 accepted=True repair_failed=False used_exploration=False stagnation_rounds=0 weights_updated=False
  destroyed=destroy_worst_days_10pct: destroyed days: [0]
iter=7 elapsed=15.070s step_runtime=0.624s destroy=destroy_all_forbidden_sequences repair=repair_chuffed_fast objective_metric=minizinc_objective incumbent_objective=8.0 contender_objective=8.0 score=0 accepted=False repair_failed=False used_exploration=False stagnation_rounds=1 weights_updated=False
  destroyed=destroy_all_forbidden_sequences: destroyed forbidden sequences: vars_erased=6
iter=8 elapsed=45.601s step_runtime=30.531s destroy=destroy_streak_around_worst_worker repair=repair_chuffed_long objective_metric=minizinc_objective incumbent_objective=8.0 contender_objective=30.0 score=0 accepted=False repair_failed=False used_exploration=False stagnation_rounds=2 weights_updated=False
  destroyed=destroy_streak_around_worst_worker: destroyed streak len=29 start=(w5,d0) end=(w9,d0); destroyed_inside=29
iter=9 elapsed=52.053s step_runtime=6.452s destroy=destroy_streak_around_worst_worker repair=repair_gecode_fast objective_metric=minizinc_objective incumbent_objective=8.0 contender_objective=61.0 score=0 accepted=False repair_failed=False used_exploration=False stagnation_rounds=3 weights_updated=False
  destroyed=destroy_streak_around_worst_worker: destroyed streak len=37 start=(w4,d3) end=(w9,d4); destroyed_inside=37
iter=10 elapsed=52.591s step_runtime=0.538s destroy=destroy_max_border_work repair=repair_gecode_fast objective_metric=minizinc_objective incumbent_objective=8.0 contender_objective=8.0 score=0 accepted=False repair_failed=False used_exploration=False stagnation_rounds=4 weights_updated=True
  destroyed=destroy_max_border_work: destroyed max-border work: vars_erased=11

  weight update (destroy):
    operator                             before    after
    destroy_worst_workers_10pct            0.07     0.11
    destroy_worst_workers_30pct            0.07     0.11
    destroy_random_workers_20pct           0.07     0.06
    destroy_random_window_20pct            0.07     0.11
    destroy_all_forbidden_sequences        0.07     0.06
    destroy_streak_around_worst_worker     0.07     0.06
    destroy_worst_days_10pct               0.07     0.11
    destroy_worst_days_30pct               0.07     0.06
    destroy_random_days_20pct              0.07     0.06
    destroy_max_border_work                0.07     0.06
    destroy_max_border_off                 0.07     0.06
    destroy_max_border_shift_1             0.07     0.06
    destroy_max_border_shift_2             0.07     0.06
    destroy_max_border_shift_3             0.07     0.06

  weight update (repair):
    operator                             before    after
    repair_chuffed_fast                    0.40     0.47
    repair_gecode_fast                     0.40     0.36
    repair_chuffed_long                    0.10     0.08
    repair_gecode_long                     0.10     0.08
iter=11 elapsed=53.776s step_runtime=1.185s destroy=destroy_worst_workers_10pct repair=repair_chuffed_fast objective_metric=minizinc_objective incumbent_objective=8.0 contender_objective=7.0 score=5 accepted=True repair_failed=False used_exploration=False stagnation_rounds=0 weights_updated=False
  destroyed=destroy_worst_workers_10pct: destroyed workers: [7, 9]
iter=12 elapsed=55.866s step_runtime=2.090s destroy=destroy_streak_around_worst_worker repair=repair_chuffed_fast objective_metric=minizinc_objective incumbent_objective=7.0 contender_objective=5.0 score=5 accepted=True repair_failed=False used_exploration=False stagnation_rounds=0 weights_updated=False
  destroyed=destroy_streak_around_worst_worker: destroyed streak len=17 start=(w3,d0) end=(w5,d2); destroyed_inside=17
iter=13 elapsed=56.438s step_runtime=0.572s destroy=destroy_all_forbidden_sequences repair=repair_gecode_fast objective_metric=minizinc_objective incumbent_objective=5.0 contender_objective=5.0 score=0 accepted=False repair_failed=False used_exploration=False stagnation_rounds=1 weights_updated=False
  destroyed=destroy_all_forbidden_sequences: destroyed forbidden sequences: vars_erased=5
iter=14 elapsed=57.628s step_runtime=1.190s destroy=destroy_streak_around_worst_worker repair=repair_gecode_fast objective_metric=minizinc_objective incumbent_objective=5.0 contender_objective=5.0 score=0 accepted=False repair_failed=False used_exploration=False stagnation_rounds=2 weights_updated=False
  destroyed=destroy_streak_around_worst_worker: destroyed streak len=23 start=(w3,d5) end=(w6,d6); destroyed_inside=23
iter=15 elapsed=64.075s step_runtime=6.447s destroy=destroy_streak_around_worst_worker repair=repair_gecode_fast objective_metric=minizinc_objective incumbent_objective=5.0 contender_objective=55.0 score=0 accepted=False repair_failed=False used_exploration=False stagnation_rounds=3 weights_updated=False
  destroyed=destroy_streak_around_worst_worker: destroyed streak len=37 start=(w2,d5) end=(w7,d6); destroyed_inside=37
iter=16 elapsed=65.074s step_runtime=0.999s destroy=destroy_worst_workers_10pct repair=repair_chuffed_fast objective_metric=minizinc_objective incumbent_objective=5.0 contender_objective=5.0 score=0 accepted=False repair_failed=False used_exploration=False stagnation_rounds=4 weights_updated=False
  destroyed=destroy_worst_workers_10pct: destroyed workers: [5, 7]
iter=17 elapsed=65.909s step_runtime=0.835s destroy=destroy_worst_days_10pct repair=repair_chuffed_fast objective_metric=minizinc_objective incumbent_objective=5.0 contender_objective=3.0 score=5 accepted=True repair_failed=False used_exploration=False stagnation_rounds=0 weights_updated=False
  destroyed=destroy_worst_days_10pct: destroyed days: [1]
iter=18 elapsed=72.374s step_runtime=6.465s destroy=destroy_streak_around_worst_worker repair=repair_gecode_fast objective_metric=minizinc_objective incumbent_objective=3.0 contender_objective=89.0 score=0 accepted=False repair_failed=False used_exploration=False stagnation_rounds=1 weights_updated=False
  destroyed=destroy_streak_around_worst_worker: destroyed streak len=41 start=(w2,d3) end=(w8,d1); destroyed_inside=41
iter=19 elapsed=72.965s step_runtime=0.591s destroy=destroy_worst_days_10pct repair=repair_gecode_fast objective_metric=minizinc_objective incumbent_objective=3.0 contender_objective=3.0 score=0 accepted=False repair_failed=False used_exploration=False stagnation_rounds=2 weights_updated=False
  destroyed=destroy_worst_days_10pct: destroyed days: [6]
iter=20 elapsed=73.696s step_runtime=0.731s destroy=destroy_worst_days_10pct repair=repair_chuffed_fast objective_metric=minizinc_objective incumbent_objective=3.0 contender_objective=3.0 score=0 accepted=False repair_failed=False used_exploration=False stagnation_rounds=3 weights_updated=True
  destroyed=destroy_worst_days_10pct: destroyed days: [0]

  weight update (destroy):
    operator                             before    after
    destroy_worst_workers_10pct            0.11     0.21
    destroy_worst_workers_30pct            0.11     0.09
    destroy_random_workers_20pct           0.06     0.05
    destroy_random_window_20pct            0.11     0.09
    destroy_all_forbidden_sequences        0.06     0.05
    destroy_streak_around_worst_worker     0.06     0.07
    destroy_worst_days_10pct               0.11     0.12
    destroy_worst_days_30pct               0.06     0.05
    destroy_random_days_20pct              0.06     0.05
    destroy_max_border_work                0.06     0.05
    destroy_max_border_off                 0.06     0.05
    destroy_max_border_shift_1             0.06     0.05
    destroy_max_border_shift_2             0.06     0.05
    destroy_max_border_shift_3             0.06     0.05

  weight update (repair):
    operator                             before    after
    repair_chuffed_fast                    0.47     0.57
    repair_gecode_fast                     0.36     0.29
    repair_chuffed_long                    0.08     0.07
    repair_gecode_long                     0.08     0.07
iter=21 elapsed=74.346s step_runtime=0.649s destroy=destroy_worst_days_10pct repair=repair_chuffed_fast objective_metric=minizinc_objective incumbent_objective=3.0 contender_objective=3.0 score=0 accepted=False repair_failed=False used_exploration=False stagnation_rounds=4 weights_updated=False
  destroyed=destroy_worst_days_10pct: destroyed days: [5]
iter=22 elapsed=74.926s step_runtime=0.580s destroy=destroy_all_forbidden_sequences repair=repair_chuffed_fast objective_metric=minizinc_objective incumbent_objective=3.0 contender_objective=3.0 score=0 accepted=False repair_failed=False used_exploration=False stagnation_rounds=5 weights_updated=False
  destroyed=destroy_all_forbidden_sequences: destroyed forbidden sequences: vars_erased=5
iter=23 elapsed=75.464s step_runtime=0.539s destroy=destroy_max_border_shift_2 repair=repair_gecode_fast objective_metric=minizinc_objective incumbent_objective=3.0 contender_objective=3.0 score=0 accepted=False repair_failed=False used_exploration=False stagnation_rounds=6 weights_updated=False
  destroyed=destroy_max_border_shift_2: destroyed max-border shift_2: vars_erased=11
iter=24 elapsed=76.006s step_runtime=0.542s destroy=destroy_max_border_shift_2 repair=repair_gecode_long objective_metric=minizinc_objective incumbent_objective=3.0 contender_objective=3.0 score=0 accepted=False repair_failed=False used_exploration=False stagnation_rounds=7 weights_updated=False
  destroyed=destroy_max_border_shift_2: destroyed max-border shift_2: vars_erased=11
iter=25 elapsed=76.534s step_runtime=0.528s destroy=destroy_max_border_shift_3 repair=repair_gecode_fast objective_metric=minizinc_objective incumbent_objective=3.0 contender_objective=3.0 score=0 accepted=False repair_failed=False used_exploration=False stagnation_rounds=8 weights_updated=False
  destroyed=destroy_max_border_shift_3: destroyed max-border shift_3: vars_erased=14
iter=26 elapsed=77.262s step_runtime=0.727s destroy=destroy_worst_days_10pct repair=repair_chuffed_fast objective_metric=minizinc_objective incumbent_objective=3.0 contender_objective=3.0 score=0 accepted=False repair_failed=False used_exploration=False stagnation_rounds=9 weights_updated=False
  destroyed=destroy_worst_days_10pct: destroyed days: [0]
iter=27 elapsed=78.025s step_runtime=0.763s destroy=destroy_worst_workers_10pct repair=repair_gecode_long objective_metric=minizinc_objective incumbent_objective=3.0 contender_objective=3.0 score=0 accepted=False repair_failed=False used_exploration=False stagnation_rounds=10 weights_updated=False
  destroyed=destroy_worst_workers_10pct: destroyed workers: [5, 7]
iter=28 elapsed=79.382s step_runtime=1.357s destroy=destroy_exploration repair=repair_exploration objective_metric=minizinc_objective incumbent_objective=3.0 contender_objective=3.0 score=0 accepted=False repair_failed=False used_exploration=True stagnation_rounds=11 weights_updated=False
  destroyed=destroy_exploration: destroyed window: [3, 4, 5, 6, 7, 8, 9] x [4, 5, 6]
iter=29 elapsed=80.191s step_runtime=0.808s destroy=destroy_exploration repair=repair_exploration objective_metric=minizinc_objective incumbent_objective=3.0 contender_objective=3.0 score=0 accepted=False repair_failed=False used_exploration=True stagnation_rounds=12 weights_updated=False
  destroyed=destroy_exploration: destroyed window: [4, 5, 6, 7, 8, 9] x [0, 6]
iter=30 elapsed=80.867s step_runtime=0.677s destroy=destroy_worst_days_10pct repair=repair_gecode_fast objective_metric=minizinc_objective incumbent_objective=3.0 contender_objective=3.0 score=0 accepted=False repair_failed=False used_exploration=False stagnation_rounds=13 weights_updated=True
  destroyed=destroy_worst_days_10pct: destroyed days: [1]

  weight update (destroy):
    operator                             before    after
    destroy_worst_workers_10pct            0.21     0.19
    destroy_worst_workers_30pct            0.09     0.09
    destroy_random_workers_20pct           0.05     0.06
    destroy_random_window_20pct            0.09     0.09
    destroy_all_forbidden_sequences        0.05     0.06
    destroy_streak_around_worst_worker     0.07     0.07
    destroy_worst_days_10pct               0.12     0.12
    destroy_worst_days_30pct               0.05     0.06
    destroy_random_days_20pct              0.05     0.06
    destroy_max_border_work                0.05     0.04
    destroy_max_border_off                 0.05     0.04
    destroy_max_border_shift_1             0.05     0.04
    destroy_max_border_shift_2             0.05     0.04
    destroy_max_border_shift_3             0.05     0.04

  weight update (repair):
    operator                             before    after
    repair_chuffed_fast                    0.57     0.51
    repair_gecode_fast                     0.29     0.28
    repair_chuffed_long                    0.07     0.10
    repair_gecode_long                     0.07     0.10
iter=31 elapsed=81.656s step_runtime=0.789s destroy=destroy_worst_workers_10pct repair=repair_gecode_fast objective_metric=minizinc_objective incumbent_objective=3.0 contender_objective=3.0 score=0 accepted=False repair_failed=False used_exploration=False stagnation_rounds=14 weights_updated=False
  destroyed=destroy_worst_workers_10pct: destroyed workers: [5, 7]
iter=32 elapsed=82.645s step_runtime=0.989s destroy=destroy_streak_around_worst_worker repair=repair_chuffed_fast objective_metric=minizinc_objective incumbent_objective=3.0 contender_objective=3.0 score=0 accepted=False repair_failed=False used_exploration=False stagnation_rounds=15 weights_updated=False
  destroyed=destroy_streak_around_worst_worker: destroyed streak len=19 start=(w4,d0) end=(w6,d4); destroyed_inside=19
iter=33 elapsed=89.230s step_runtime=6.584s destroy=destroy_streak_around_worst_worker repair=repair_chuffed_fast objective_metric=minizinc_objective incumbent_objective=3.0 contender_objective=66.0 score=0 accepted=False repair_failed=False used_exploration=False stagnation_rounds=16 weights_updated=False
  destroyed=destroy_streak_around_worst_worker: destroyed streak len=35 start=(w2,d6) end=(w7,d5); destroyed_inside=35
iter=34 elapsed=90.075s step_runtime=0.846s destroy=destroy_worst_days_10pct repair=repair_chuffed_fast objective_metric=minizinc_objective incumbent_objective=3.0 contender_objective=3.0 score=0 accepted=False repair_failed=False used_exploration=False stagnation_rounds=17 weights_updated=False
  destroyed=destroy_worst_days_10pct: destroyed days: [3]
iter=35 elapsed=90.646s step_runtime=0.570s destroy=destroy_all_forbidden_sequences repair=repair_chuffed_fast objective_metric=minizinc_objective incumbent_objective=3.0 contender_objective=3.0 score=0 accepted=False repair_failed=False used_exploration=False stagnation_rounds=18 weights_updated=False
  destroyed=destroy_all_forbidden_sequences: destroyed forbidden sequences: vars_erased=5
iter=36 elapsed=91.629s step_runtime=0.983s destroy=destroy_worst_workers_10pct repair=repair_chuffed_fast objective_metric=minizinc_objective incumbent_objective=3.0 contender_objective=3.0 score=0 accepted=False repair_failed=False used_exploration=False stagnation_rounds=19 weights_updated=False
  destroyed=destroy_worst_workers_10pct: destroyed workers: [5, 7]
iter=37 elapsed=92.618s step_runtime=0.989s destroy=destroy_streak_around_worst_worker repair=repair_chuffed_fast objective_metric=minizinc_objective incumbent_objective=3.0 contender_objective=3.0 score=0 accepted=False repair_failed=False used_exploration=False stagnation_rounds=20 weights_updated=False
  destroyed=destroy_streak_around_worst_worker: destroyed streak len=19 start=(w4,d0) end=(w6,d4); destroyed_inside=19
iter=38 elapsed=105.931s step_runtime=13.312s destroy=destroy_exploration repair=repair_exploration objective_metric=minizinc_objective incumbent_objective=3.0 contender_objective=3.0 score=0 accepted=False repair_failed=False used_exploration=True stagnation_rounds=21 weights_updated=False
  destroyed=destroy_exploration: destroyed window: [0, 1, 2, 3, 8, 9, 10] x [0, 4, 5, 6]
iter=39 elapsed=127.634s step_runtime=21.704s destroy=destroy_exploration repair=repair_exploration objective_metric=minizinc_objective incumbent_objective=3.0 contender_objective=3.0 score=0 accepted=False repair_failed=False used_exploration=True stagnation_rounds=22 weights_updated=False
  destroyed=destroy_exploration: destroyed window: [0, 1, 2, 8, 9, 10] x [2, 3, 4, 5]
iter=40 elapsed=128.268s step_runtime=0.634s destroy=destroy_worst_days_10pct repair=repair_chuffed_fast objective_metric=minizinc_objective incumbent_objective=3.0 contender_objective=3.0 score=0 accepted=False repair_failed=False used_exploration=False stagnation_rounds=23 weights_updated=True
  destroyed=destroy_worst_days_10pct: destroyed days: [6]

  weight update (destroy):
    operator                             before    after
    destroy_worst_workers_10pct            0.19     0.17
    destroy_worst_workers_30pct            0.09     0.10
    destroy_random_workers_20pct           0.06     0.07
    destroy_random_window_20pct            0.09     0.10
    destroy_all_forbidden_sequences        0.06     0.07
    destroy_streak_around_worst_worker     0.07     0.08
    destroy_worst_days_10pct               0.12     0.12
    destroy_worst_days_30pct               0.06     0.07
    destroy_random_days_20pct              0.06     0.07
    destroy_max_border_work                0.04     0.03
    destroy_max_border_off                 0.04     0.03
    destroy_max_border_shift_1             0.04     0.03
    destroy_max_border_shift_2             0.04     0.03
    destroy_max_border_shift_3             0.04     0.03

  weight update (repair):
    operator                             before    after
    repair_chuffed_fast                    0.51     0.46
    repair_gecode_fast                     0.28     0.28
    repair_chuffed_long                    0.10     0.13
    repair_gecode_long                     0.10     0.13
iter=41 elapsed=129.117s step_runtime=0.849s destroy=destroy_worst_days_10pct repair=repair_chuffed_fast objective_metric=minizinc_objective incumbent_objective=3.0 contender_objective=3.0 score=0 accepted=False repair_failed=False used_exploration=False stagnation_rounds=24 weights_updated=False
  destroyed=destroy_worst_days_10pct: destroyed days: [1]
iter=42 elapsed=129.957s step_runtime=0.840s destroy=destroy_worst_days_10pct repair=repair_chuffed_fast objective_metric=minizinc_objective incumbent_objective=3.0 contender_objective=3.0 score=0 accepted=False repair_failed=False used_exploration=False stagnation_rounds=25 weights_updated=False
  destroyed=destroy_worst_days_10pct: destroyed days: [3]
iter=43 elapsed=130.573s step_runtime=0.616s destroy=destroy_all_forbidden_sequences repair=repair_chuffed_fast objective_metric=minizinc_objective incumbent_objective=3.0 contender_objective=3.0 score=0 accepted=False repair_failed=False used_exploration=False stagnation_rounds=26 weights_updated=False
  destroyed=destroy_all_forbidden_sequences: destroyed forbidden sequences: vars_erased=5
iter=44 elapsed=131.514s step_runtime=0.940s destroy=destroy_streak_around_worst_worker repair=repair_gecode_fast objective_metric=minizinc_objective incumbent_objective=3.0 contender_objective=3.0 score=0 accepted=False repair_failed=False used_exploration=False stagnation_rounds=27 weights_updated=False
  destroyed=destroy_streak_around_worst_worker: destroyed streak len=23 start=(w3,d5) end=(w6,d6); destroyed_inside=23
iter=45 elapsed=139.087s step_runtime=7.573s destroy=destroy_streak_around_worst_worker repair=repair_chuffed_long objective_metric=minizinc_objective incumbent_objective=3.0 contender_objective=3.0 score=0 accepted=False repair_failed=False used_exploration=False stagnation_rounds=28 weights_updated=False
  destroyed=destroy_streak_around_worst_worker: destroyed streak len=27 start=(w3,d3) end=(w7,d1); destroyed_inside=27
iter=46 elapsed=139.987s step_runtime=0.900s destroy=destroy_streak_around_worst_worker repair=repair_gecode_fast objective_metric=minizinc_objective incumbent_objective=3.0 contender_objective=3.0 score=0 accepted=False repair_failed=False used_exploration=False stagnation_rounds=29 weights_updated=False
  destroyed=destroy_streak_around_worst_worker: destroyed streak len=23 start=(w3,d5) end=(w6,d6); destroyed_inside=23
iter=47 elapsed=140.566s step_runtime=0.579s destroy=destroy_all_forbidden_sequences repair=repair_chuffed_fast objective_metric=minizinc_objective incumbent_objective=3.0 contender_objective=3.0 score=0 accepted=False repair_failed=False used_exploration=False stagnation_rounds=30 weights_updated=False
  destroyed=destroy_all_forbidden_sequences: destroyed forbidden sequences: vars_erased=5
iter=48 elapsed=142.695s step_runtime=2.129s destroy=destroy_exploration repair=repair_exploration objective_metric=minizinc_objective incumbent_objective=3.0 contender_objective=3.0 score=0 accepted=False repair_failed=False used_exploration=True stagnation_rounds=31 weights_updated=False
  destroyed=destroy_exploration: destroyed window: [0, 1, 8, 9, 10] x [3, 4, 5, 6]
iter=49 elapsed=172.331s step_runtime=29.636s destroy=destroy_exploration repair=repair_exploration objective_metric=minizinc_objective incumbent_objective=3.0 contender_objective=3.0 score=0 accepted=False repair_failed=False used_exploration=True stagnation_rounds=32 weights_updated=False
  destroyed=destroy_exploration: destroyed window: [5, 6, 7, 8, 9, 10] x [1, 2, 3, 4]
iter=50 elapsed=173.334s step_runtime=1.003s destroy=destroy_streak_around_worst_worker repair=repair_gecode_long objective_metric=minizinc_objective incumbent_objective=3.0 contender_objective=3.0 score=0 accepted=False repair_failed=False used_exploration=False stagnation_rounds=33 weights_updated=True
  destroyed=destroy_streak_around_worst_worker: destroyed streak len=23 start=(w3,d5) end=(w6,d6); destroyed_inside=23

  weight update (destroy):
    operator                             before    after
    destroy_worst_workers_10pct            0.17     0.16
    destroy_worst_workers_30pct            0.10     0.10
    destroy_random_workers_20pct           0.07     0.08
    destroy_random_window_20pct            0.10     0.10
    destroy_all_forbidden_sequences        0.07     0.08
    destroy_streak_around_worst_worker     0.08     0.09
    destroy_worst_days_10pct               0.12     0.12
    destroy_worst_days_30pct               0.07     0.08
    destroy_random_days_20pct              0.07     0.08
    destroy_max_border_work                0.03     0.03
    destroy_max_border_off                 0.03     0.03
    destroy_max_border_shift_1             0.03     0.03
    destroy_max_border_shift_2             0.03     0.03
    destroy_max_border_shift_3             0.03     0.03

  weight update (repair):
    operator                             before    after
    repair_chuffed_fast                    0.46     0.42
    repair_gecode_fast                     0.28     0.27
    repair_chuffed_long                    0.13     0.16
    repair_gecode_long                     0.13     0.16
iter=51 elapsed=174.054s step_runtime=0.720s destroy=destroy_worst_days_10pct repair=repair_chuffed_fast objective_metric=minizinc_objective incumbent_objective=3.0 contender_objective=3.0 score=0 accepted=False repair_failed=False used_exploration=False stagnation_rounds=34 weights_updated=False
  destroyed=destroy_worst_days_10pct: destroyed days: [0]
iter=52 elapsed=174.783s step_runtime=0.728s destroy=destroy_worst_days_10pct repair=repair_gecode_fast objective_metric=minizinc_objective incumbent_objective=3.0 contender_objective=3.0 score=0 accepted=False repair_failed=False used_exploration=False stagnation_rounds=35 weights_updated=False
  destroyed=destroy_worst_days_10pct: destroyed days: [2]
iter=53 elapsed=175.364s step_runtime=0.582s destroy=destroy_all_forbidden_sequences repair=repair_chuffed_fast objective_metric=minizinc_objective incumbent_objective=3.0 contender_objective=3.0 score=0 accepted=False repair_failed=False used_exploration=False stagnation_rounds=36 weights_updated=False
  destroyed=destroy_all_forbidden_sequences: destroyed forbidden sequences: vars_erased=5
iter=54 elapsed=176.025s step_runtime=0.661s destroy=destroy_worst_days_10pct repair=repair_gecode_fast objective_metric=minizinc_objective incumbent_objective=3.0 contender_objective=3.0 score=0 accepted=False repair_failed=False used_exploration=False stagnation_rounds=37 weights_updated=False
  destroyed=destroy_worst_days_10pct: destroyed days: [0]
iter=55 elapsed=176.603s step_runtime=0.578s destroy=destroy_all_forbidden_sequences repair=repair_chuffed_long objective_metric=minizinc_objective incumbent_objective=3.0 contender_objective=3.0 score=0 accepted=False repair_failed=False used_exploration=False stagnation_rounds=38 weights_updated=False
  destroyed=destroy_all_forbidden_sequences: destroyed forbidden sequences: vars_erased=5
iter=56 elapsed=177.385s step_runtime=0.782s destroy=destroy_worst_workers_10pct repair=repair_gecode_fast objective_metric=minizinc_objective incumbent_objective=3.0 contender_objective=3.0 score=0 accepted=False repair_failed=False used_exploration=False stagnation_rounds=39 weights_updated=False
  destroyed=destroy_worst_workers_10pct: destroyed workers: [5, 7]
iter=57 elapsed=179.006s step_runtime=1.621s destroy=destroy_streak_around_worst_worker repair=repair_gecode_fast objective_metric=minizinc_objective incumbent_objective=3.0 contender_objective=3.0 score=0 accepted=False repair_failed=False used_exploration=False stagnation_rounds=40 weights_updated=False
  destroyed=destroy_streak_around_worst_worker: destroyed streak len=25 start=(w3,d4) end=(w7,d0); destroyed_inside=25
iter=58 elapsed=179.657s step_runtime=0.651s destroy=destroy_exploration repair=repair_exploration objective_metric=minizinc_objective incumbent_objective=3.0 contender_objective=3.0 score=0 accepted=False repair_failed=False used_exploration=True stagnation_rounds=41 weights_updated=False
  destroyed=destroy_exploration: destroyed window: [0, 1, 2, 3, 4, 10] x [5, 6]
iter=59 elapsed=183.096s step_runtime=3.439s destroy=destroy_exploration repair=repair_exploration objective_metric=minizinc_objective incumbent_objective=3.0 contender_objective=3.0 score=0 accepted=False repair_failed=False used_exploration=True stagnation_rounds=42 weights_updated=False
  destroyed=destroy_exploration: destroyed window: [0, 1, 2, 9, 10] x [1, 2, 3, 4]
