Loaded instance: Example6.txt
instance=Example6
instance_name=Example6
instance_file=Example6.txt
instance_path=/Users/gab/Library/Mobile Documents/com~apple~CloudDocs/QuIST/ML/Optimization/Project 2/LNS_scheduling/Instances1-50/Example6.txt
variant=alns_late_phase
seed=2

iter=1 elapsed=0.816s step_runtime=0.816s destroy=destroy_worst_workers_10pct repair=repair_gecode_long objective_metric=minizinc_objective incumbent_objective=inf contender_objective=23.0 score=5 accepted=True repair_failed=False used_exploration=False stagnation_rounds=0 weights_updated=False
  destroyed=destroy_worst_workers_10pct: destroyed workers: [0]
iter=2 elapsed=4.437s step_runtime=3.621s destroy=destroy_all_forbidden_sequences repair=repair_chuffed_fast objective_metric=minizinc_objective incumbent_objective=23.0 contender_objective=32.0 score=0 accepted=False repair_failed=False used_exploration=False stagnation_rounds=1 weights_updated=False
  destroyed=destroy_all_forbidden_sequences: destroyed forbidden sequences: vars_erased=22
iter=3 elapsed=4.921s step_runtime=0.483s destroy=destroy_max_border_work repair=repair_chuffed_long objective_metric=minizinc_objective incumbent_objective=23.0 contender_objective=23.0 score=1 accepted=True repair_failed=False used_exploration=False stagnation_rounds=2 weights_updated=False
  destroyed=destroy_max_border_work: destroyed max-border work: vars_erased=9
iter=4 elapsed=8.371s step_runtime=3.450s destroy=destroy_all_forbidden_sequences repair=repair_chuffed_fast objective_metric=minizinc_objective incumbent_objective=23.0 contender_objective=35.0 score=0 accepted=False repair_failed=False used_exploration=False stagnation_rounds=3 weights_updated=False
  destroyed=destroy_all_forbidden_sequences: destroyed forbidden sequences: vars_erased=22
iter=5 elapsed=11.905s step_runtime=3.534s destroy=destroy_worst_days_30pct repair=repair_gecode_fast objective_metric=minizinc_objective incumbent_objective=23.0 contender_objective=27.0 score=0 accepted=False repair_failed=False used_exploration=False stagnation_rounds=4 weights_updated=False
  destroyed=destroy_worst_days_30pct: destroyed days: [0, 4, 6]
iter=6 elapsed=12.373s step_runtime=0.468s destroy=destroy_max_border_shift_2 repair=repair_chuffed_long objective_metric=minizinc_objective incumbent_objective=23.0 contender_objective=23.0 score=1 accepted=True repair_failed=False used_exploration=False stagnation_rounds=5 weights_updated=False
  destroyed=destroy_max_border_shift_2: destroyed max-border shift_2: vars_erased=12
iter=7 elapsed=12.889s step_runtime=0.516s destroy=destroy_max_border_off repair=repair_gecode_fast objective_metric=minizinc_objective incumbent_objective=23.0 contender_objective=23.0 score=1 accepted=True repair_failed=False used_exploration=False stagnation_rounds=6 weights_updated=False
  destroyed=destroy_max_border_off: destroyed max-border off: vars_erased=14
iter=8 elapsed=13.360s step_runtime=0.471s destroy=destroy_max_border_shift_2 repair=repair_chuffed_fast objective_metric=minizinc_objective incumbent_objective=23.0 contender_objective=23.0 score=1 accepted=True repair_failed=False used_exploration=False stagnation_rounds=7 weights_updated=False
  destroyed=destroy_max_border_shift_2: destroyed max-border shift_2: vars_erased=13
iter=9 elapsed=14.369s step_runtime=1.008s destroy=destroy_streak_around_worst_worker repair=repair_gecode_long objective_metric=minizinc_objective incumbent_objective=23.0 contender_objective=20.0 score=5 accepted=True repair_failed=False used_exploration=False stagnation_rounds=0 weights_updated=False
  destroyed=destroy_streak_around_worst_worker: destroyed streak len=15 start=(w0,d0) end=(w2,d0); destroyed_inside=15
iter=10 elapsed=15.318s step_runtime=0.949s destroy=destroy_random_workers_20pct repair=repair_gecode_fast objective_metric=minizinc_objective incumbent_objective=20.0 contender_objective=12.0 score=5 accepted=True repair_failed=False used_exploration=False stagnation_rounds=0 weights_updated=True
  destroyed=destroy_random_workers_20pct: destroyed workers: [2, 6]

  weight update (destroy):
    operator                             before    after
    destroy_worst_workers_10pct            0.07     0.12
    destroy_worst_workers_30pct            0.07     0.06
    destroy_random_workers_20pct           0.07     0.12
    destroy_random_window_20pct            0.07     0.06
    destroy_all_forbidden_sequences        0.07     0.06
    destroy_streak_around_worst_worker     0.07     0.12
    destroy_worst_days_10pct               0.07     0.06
    destroy_worst_days_30pct               0.07     0.06
    destroy_random_days_20pct              0.07     0.06
    destroy_max_border_work                0.07     0.06
    destroy_max_border_off                 0.07     0.06
    destroy_max_border_shift_1             0.07     0.06
    destroy_max_border_shift_2             0.07     0.06
    destroy_max_border_shift_3             0.07     0.06

  weight update (repair):
    operator                             before    after
    repair_chuffed_fast                    0.40     0.32
    repair_gecode_fast                     0.40     0.32
    repair_chuffed_long                    0.10     0.08
    repair_gecode_long                     0.10     0.28
iter=11 elapsed=15.789s step_runtime=0.471s destroy=destroy_max_border_shift_2 repair=repair_chuffed_fast objective_metric=minizinc_objective incumbent_objective=12.0 contender_objective=12.0 score=0 accepted=False repair_failed=False used_exploration=False stagnation_rounds=1 weights_updated=False
  destroyed=destroy_max_border_shift_2: destroyed max-border shift_2: vars_erased=7
iter=12 elapsed=16.263s step_runtime=0.473s destroy=destroy_max_border_shift_3 repair=repair_chuffed_fast objective_metric=minizinc_objective incumbent_objective=12.0 contender_objective=12.0 score=0 accepted=False repair_failed=False used_exploration=False stagnation_rounds=2 weights_updated=False
  destroyed=destroy_max_border_shift_3: destroyed max-border shift_3: vars_erased=12
iter=13 elapsed=16.835s step_runtime=0.573s destroy=destroy_worst_workers_10pct repair=repair_gecode_fast objective_metric=minizinc_objective incumbent_objective=12.0 contender_objective=12.0 score=0 accepted=False repair_failed=False used_exploration=False stagnation_rounds=3 weights_updated=False
  destroyed=destroy_worst_workers_10pct: destroyed workers: [1]
iter=14 elapsed=17.657s step_runtime=0.822s destroy=destroy_all_forbidden_sequences repair=repair_chuffed_fast objective_metric=minizinc_objective incumbent_objective=12.0 contender_objective=10.0 score=5 accepted=True repair_failed=False used_exploration=False stagnation_rounds=0 weights_updated=False
  destroyed=destroy_all_forbidden_sequences: destroyed forbidden sequences: vars_erased=12
iter=15 elapsed=18.945s step_runtime=1.288s destroy=destroy_streak_around_worst_worker repair=repair_chuffed_fast objective_metric=minizinc_objective incumbent_objective=10.0 contender_objective=7.0 score=5 accepted=True repair_failed=False used_exploration=False stagnation_rounds=0 weights_updated=False
  destroyed=destroy_streak_around_worst_worker: destroyed streak len=17 start=(w6,d6) end=(w2,d1); destroyed_inside=17
iter=16 elapsed=19.656s step_runtime=0.711s destroy=destroy_streak_around_worst_worker repair=repair_gecode_fast objective_metric=minizinc_objective incumbent_objective=7.0 contender_objective=6.0 score=5 accepted=True repair_failed=False used_exploration=False stagnation_rounds=0 weights_updated=False
  destroyed=destroy_streak_around_worst_worker: destroyed streak len=15 start=(w2,d1) end=(w4,d1); destroyed_inside=15
iter=17 elapsed=21.251s step_runtime=1.595s destroy=destroy_streak_around_worst_worker repair=repair_gecode_fast objective_metric=minizinc_objective incumbent_objective=6.0 contender_objective=4.0 score=5 accepted=True repair_failed=False used_exploration=False stagnation_rounds=0 weights_updated=False
  destroyed=destroy_streak_around_worst_worker: destroyed streak len=17 start=(w4,d0) end=(w6,d2); destroyed_inside=17
iter=18 elapsed=22.737s step_runtime=1.486s destroy=destroy_streak_around_worst_worker repair=repair_chuffed_fast objective_metric=minizinc_objective incumbent_objective=4.0 contender_objective=2.0 score=5 accepted=True repair_failed=False used_exploration=False stagnation_rounds=0 weights_updated=False
  destroyed=destroy_streak_around_worst_worker: destroyed streak len=15 start=(w5,d1) end=(w0,d1); destroyed_inside=15
iter=19 elapsed=23.257s step_runtime=0.520s destroy=destroy_max_border_shift_1 repair=repair_gecode_long objective_metric=minizinc_objective incumbent_objective=2.0 contender_objective=2.0 score=0 accepted=False repair_failed=False used_exploration=False stagnation_rounds=1 weights_updated=False
  destroyed=destroy_max_border_shift_1: destroyed max-border shift_1: vars_erased=2
iter=20 elapsed=23.848s step_runtime=0.591s destroy=destroy_worst_days_10pct repair=repair_gecode_fast objective_metric=minizinc_objective incumbent_objective=2.0 contender_objective=2.0 score=0 accepted=False repair_failed=False used_exploration=False stagnation_rounds=2 weights_updated=True
  destroyed=destroy_worst_days_10pct: destroyed days: [4]

  weight update (destroy):
    operator                             before    after
    destroy_worst_workers_10pct            0.12     0.10
    destroy_worst_workers_30pct            0.06     0.05
    destroy_random_workers_20pct           0.12     0.10
    destroy_random_window_20pct            0.06     0.05
    destroy_all_forbidden_sequences        0.06     0.15
    destroy_streak_around_worst_worker     0.12     0.20
    destroy_worst_days_10pct               0.06     0.05
    destroy_worst_days_30pct               0.06     0.05
    destroy_random_days_20pct              0.06     0.05
    destroy_max_border_work                0.06     0.05
    destroy_max_border_off                 0.06     0.05
    destroy_max_border_shift_1             0.06     0.05
    destroy_max_border_shift_2             0.06     0.05
    destroy_max_border_shift_3             0.06     0.05

  weight update (repair):
    operator                             before    after
    repair_chuffed_fast                    0.32     0.39
    repair_gecode_fast                     0.32     0.32
    repair_chuffed_long                    0.08     0.07
    repair_gecode_long                     0.28     0.22
iter=21 elapsed=30.289s step_runtime=6.441s destroy=destroy_streak_around_worst_worker repair=repair_chuffed_fast objective_metric=minizinc_objective incumbent_objective=2.0 contender_objective=15.0 score=0 accepted=False repair_failed=False used_exploration=False stagnation_rounds=3 weights_updated=False
  destroyed=destroy_streak_around_worst_worker: destroyed streak len=23 start=(w3,d6) end=(w0,d0); destroyed_inside=23
iter=22 elapsed=30.778s step_runtime=0.488s destroy=destroy_all_forbidden_sequences repair=repair_chuffed_fast objective_metric=minizinc_objective incumbent_objective=2.0 contender_objective=2.0 score=0 accepted=False repair_failed=False used_exploration=False stagnation_rounds=4 weights_updated=False
  destroyed=destroy_all_forbidden_sequences: destroyed forbidden sequences: vars_erased=2
iter=23 elapsed=31.311s step_runtime=0.533s destroy=destroy_all_forbidden_sequences repair=repair_gecode_fast objective_metric=minizinc_objective incumbent_objective=2.0 contender_objective=2.0 score=0 accepted=False repair_failed=False used_exploration=False stagnation_rounds=5 weights_updated=False
  destroyed=destroy_all_forbidden_sequences: destroyed forbidden sequences: vars_erased=2
iter=24 elapsed=31.807s step_runtime=0.496s destroy=destroy_all_forbidden_sequences repair=repair_chuffed_fast objective_metric=minizinc_objective incumbent_objective=2.0 contender_objective=2.0 score=0 accepted=False repair_failed=False used_exploration=False stagnation_rounds=6 weights_updated=False
  destroyed=destroy_all_forbidden_sequences: destroyed forbidden sequences: vars_erased=2
iter=25 elapsed=32.344s step_runtime=0.538s destroy=destroy_all_forbidden_sequences repair=repair_gecode_long objective_metric=minizinc_objective incumbent_objective=2.0 contender_objective=2.0 score=0 accepted=False repair_failed=False used_exploration=False stagnation_rounds=7 weights_updated=False
  destroyed=destroy_all_forbidden_sequences: destroyed forbidden sequences: vars_erased=2
iter=26 elapsed=32.862s step_runtime=0.518s destroy=destroy_max_border_shift_1 repair=repair_gecode_fast objective_metric=minizinc_objective incumbent_objective=2.0 contender_objective=2.0 score=0 accepted=False repair_failed=False used_exploration=False stagnation_rounds=8 weights_updated=False
  destroyed=destroy_max_border_shift_1: destroyed max-border shift_1: vars_erased=13
iter=27 elapsed=33.410s step_runtime=0.548s destroy=destroy_all_forbidden_sequences repair=repair_gecode_long objective_metric=minizinc_objective incumbent_objective=2.0 contender_objective=2.0 score=0 accepted=False repair_failed=False used_exploration=False stagnation_rounds=9 weights_updated=False
  destroyed=destroy_all_forbidden_sequences: destroyed forbidden sequences: vars_erased=2
iter=28 elapsed=33.943s step_runtime=0.534s destroy=destroy_all_forbidden_sequences repair=repair_gecode_fast objective_metric=minizinc_objective incumbent_objective=2.0 contender_objective=2.0 score=0 accepted=False repair_failed=False used_exploration=False stagnation_rounds=10 weights_updated=False
  destroyed=destroy_all_forbidden_sequences: destroyed forbidden sequences: vars_erased=2
iter=29 elapsed=34.458s step_runtime=0.515s destroy=destroy_exploration repair=repair_exploration objective_metric=minizinc_objective incumbent_objective=2.0 contender_objective=2.0 score=0 accepted=False repair_failed=False used_exploration=True stagnation_rounds=11 weights_updated=False
  destroyed=destroy_exploration: destroyed window: [0, 1] x [2, 3]
iter=30 elapsed=35.071s step_runtime=0.613s destroy=destroy_exploration repair=repair_exploration objective_metric=minizinc_objective incumbent_objective=2.0 contender_objective=1.0 score=5 accepted=True repair_failed=False used_exploration=True stagnation_rounds=0 weights_updated=True
  destroyed=destroy_exploration: destroyed window: [2, 3, 4, 5] x [4, 5, 6]

  weight update (destroy):
    operator                             before    after
    destroy_worst_workers_10pct            0.10     0.10
    destroy_worst_workers_30pct            0.05     0.06
    destroy_random_workers_20pct           0.10     0.10
    destroy_random_window_20pct            0.05     0.06
    destroy_all_forbidden_sequences        0.15     0.14
    destroy_streak_around_worst_worker     0.20     0.18
    destroy_worst_days_10pct               0.05     0.06
    destroy_worst_days_30pct               0.05     0.06
    destroy_random_days_20pct              0.05     0.06
    destroy_max_border_work                0.05     0.04
    destroy_max_border_off                 0.05     0.04
    destroy_max_border_shift_1             0.05     0.04
    destroy_max_border_shift_2             0.05     0.04
    destroy_max_border_shift_3             0.05     0.04

  weight update (repair):
    operator                             before    after
    repair_chuffed_fast                    0.39     0.36
    repair_gecode_fast                     0.32     0.31
    repair_chuffed_long                    0.07     0.10
    repair_gecode_long                     0.22     0.23
iter=31 elapsed=35.669s step_runtime=0.598s destroy=destroy_worst_days_10pct repair=repair_gecode_long objective_metric=minizinc_objective incumbent_objective=1.0 contender_objective=1.0 score=0 accepted=False repair_failed=False used_exploration=False stagnation_rounds=1 weights_updated=False
  destroyed=destroy_worst_days_10pct: destroyed days: [1]
iter=32 elapsed=36.230s step_runtime=0.561s destroy=destroy_worst_days_10pct repair=repair_gecode_fast objective_metric=minizinc_objective incumbent_objective=1.0 contender_objective=1.0 score=0 accepted=False repair_failed=False used_exploration=False stagnation_rounds=2 weights_updated=False
  destroyed=destroy_worst_days_10pct: destroyed days: [0]
iter=33 elapsed=42.413s step_runtime=6.183s destroy=destroy_streak_around_worst_worker repair=repair_gecode_fast objective_metric=minizinc_objective incumbent_objective=1.0 contender_objective=1.0 score=0 accepted=False repair_failed=False used_exploration=False stagnation_rounds=3 weights_updated=False
  destroyed=destroy_streak_around_worst_worker: destroyed streak len=21 start=(w4,d1) end=(w0,d0); destroyed_inside=21
iter=34 elapsed=42.930s step_runtime=0.516s destroy=destroy_max_border_shift_3 repair=repair_gecode_fast objective_metric=minizinc_objective incumbent_objective=1.0 contender_objective=1.0 score=0 accepted=False repair_failed=False used_exploration=False stagnation_rounds=4 weights_updated=False
  destroyed=destroy_max_border_shift_3: destroyed max-border shift_3: vars_erased=21
iter=35 elapsed=43.449s step_runtime=0.520s destroy=destroy_all_forbidden_sequences repair=repair_gecode_long objective_metric=minizinc_objective incumbent_objective=1.0 contender_objective=1.0 score=0 accepted=False repair_failed=False used_exploration=False stagnation_rounds=5 weights_updated=False
  destroyed=destroy_all_forbidden_sequences: destroyed forbidden sequences: vars_erased=21
iter=36 elapsed=44.102s step_runtime=0.652s destroy=destroy_streak_around_worst_worker repair=repair_chuffed_fast objective_metric=minizinc_objective incumbent_objective=1.0 contender_objective=1.0 score=0 accepted=False repair_failed=False used_exploration=False stagnation_rounds=6 weights_updated=False
  destroyed=destroy_streak_around_worst_worker: destroyed streak len=11 start=(w4,d6) end=(w6,d2); destroyed_inside=11
iter=37 elapsed=44.746s step_runtime=0.644s destroy=destroy_streak_around_worst_worker repair=repair_gecode_long objective_metric=minizinc_objective incumbent_objective=1.0 contender_objective=1.0 score=0 accepted=False repair_failed=False used_exploration=False stagnation_rounds=7 weights_updated=False
  destroyed=destroy_streak_around_worst_worker: destroyed streak len=13 start=(w4,d5) end=(w6,d3); destroyed_inside=13
iter=38 elapsed=45.221s step_runtime=0.475s destroy=destroy_all_forbidden_sequences repair=repair_chuffed_long objective_metric=minizinc_objective incumbent_objective=1.0 contender_objective=1.0 score=0 accepted=False repair_failed=False used_exploration=False stagnation_rounds=8 weights_updated=False
  destroyed=destroy_all_forbidden_sequences: destroyed forbidden sequences: vars_erased=7
iter=39 elapsed=46.463s step_runtime=1.242s destroy=destroy_streak_around_worst_worker repair=repair_chuffed_long objective_metric=minizinc_objective incumbent_objective=1.0 contender_objective=1.0 score=0 accepted=False repair_failed=False used_exploration=False stagnation_rounds=9 weights_updated=False
  destroyed=destroy_streak_around_worst_worker: destroyed streak len=17 start=(w4,d3) end=(w6,d5); destroyed_inside=17
iter=40 elapsed=47.045s step_runtime=0.582s destroy=destroy_worst_days_10pct repair=repair_gecode_fast objective_metric=minizinc_objective incumbent_objective=1.0 contender_objective=1.0 score=0 accepted=False repair_failed=False used_exploration=False stagnation_rounds=10 weights_updated=True
  destroyed=destroy_worst_days_10pct: destroyed days: [3]

  weight update (destroy):
    operator                             before    after
    destroy_worst_workers_10pct            0.10     0.10
    destroy_worst_workers_30pct            0.06     0.07
    destroy_random_workers_20pct           0.10     0.10
    destroy_random_window_20pct            0.06     0.07
    destroy_all_forbidden_sequences        0.14     0.11
    destroy_streak_around_worst_worker     0.18     0.17
    destroy_worst_days_10pct               0.06     0.07
    destroy_worst_days_30pct               0.06     0.07
    destroy_random_days_20pct              0.06     0.07
    destroy_max_border_work                0.04     0.03
    destroy_max_border_off                 0.04     0.03
    destroy_max_border_shift_1             0.04     0.03
    destroy_max_border_shift_2             0.04     0.03
    destroy_max_border_shift_3             0.04     0.03

  weight update (repair):
    operator                             before    after
    repair_chuffed_fast                    0.36     0.34
    repair_gecode_fast                     0.31     0.30
    repair_chuffed_long                    0.10     0.13
    repair_gecode_long                     0.23     0.23
iter=41 elapsed=47.647s step_runtime=0.602s destroy=destroy_exploration repair=repair_exploration objective_metric=minizinc_objective incumbent_objective=1.0 contender_objective=1.0 score=0 accepted=False repair_failed=False used_exploration=True stagnation_rounds=11 weights_updated=False
  destroyed=destroy_exploration: destroyed window: [0, 1, 5, 6] x [0, 6]
iter=42 elapsed=48.390s step_runtime=0.743s destroy=destroy_exploration repair=repair_exploration objective_metric=minizinc_objective incumbent_objective=1.0 contender_objective=1.0 score=0 accepted=False repair_failed=False used_exploration=True stagnation_rounds=12 weights_updated=False
  destroyed=destroy_exploration: destroyed window: [4, 5, 6] x [0, 4, 5, 6]
iter=43 elapsed=48.997s step_runtime=0.607s destroy=destroy_worst_days_10pct repair=repair_chuffed_fast objective_metric=minizinc_objective incumbent_objective=1.0 contender_objective=1.0 score=0 accepted=False repair_failed=False used_exploration=False stagnation_rounds=13 weights_updated=False
  destroyed=destroy_worst_days_10pct: destroyed days: [2]
iter=44 elapsed=49.481s step_runtime=0.485s destroy=destroy_all_forbidden_sequences repair=repair_chuffed_fast objective_metric=minizinc_objective incumbent_objective=1.0 contender_objective=1.0 score=0 accepted=False repair_failed=False used_exploration=False stagnation_rounds=14 weights_updated=False
  destroyed=destroy_all_forbidden_sequences: destroyed forbidden sequences: vars_erased=19
iter=45 elapsed=50.193s step_runtime=0.712s destroy=destroy_streak_around_worst_worker repair=repair_gecode_long objective_metric=minizinc_objective incumbent_objective=1.0 contender_objective=1.0 score=0 accepted=False repair_failed=False used_exploration=False stagnation_rounds=15 weights_updated=False
  destroyed=destroy_streak_around_worst_worker: destroyed streak len=15 start=(w4,d4) end=(w6,d4); destroyed_inside=15
iter=46 elapsed=56.616s step_runtime=6.423s destroy=destroy_streak_around_worst_worker repair=repair_gecode_fast objective_metric=minizinc_objective incumbent_objective=1.0 contender_objective=11.0 score=0 accepted=False repair_failed=False used_exploration=False stagnation_rounds=16 weights_updated=False
  destroyed=destroy_streak_around_worst_worker: destroyed streak len=23 start=(w4,d0) end=(w0,d1); destroyed_inside=23
iter=47 elapsed=57.199s step_runtime=0.583s destroy=destroy_worst_days_10pct repair=repair_chuffed_long objective_metric=minizinc_objective incumbent_objective=1.0 contender_objective=1.0 score=0 accepted=False repair_failed=False used_exploration=False stagnation_rounds=17 weights_updated=False
  destroyed=destroy_worst_days_10pct: destroyed days: [1]
iter=48 elapsed=63.621s step_runtime=6.422s destroy=destroy_streak_around_worst_worker repair=repair_gecode_fast objective_metric=minizinc_objective incumbent_objective=1.0 contender_objective=11.0 score=0 accepted=False repair_failed=False used_exploration=False stagnation_rounds=18 weights_updated=False
  destroyed=destroy_streak_around_worst_worker: destroyed streak len=25 start=(w3,d6) end=(w0,d2); destroyed_inside=25
iter=49 elapsed=64.200s step_runtime=0.579s destroy=destroy_worst_workers_10pct repair=repair_gecode_fast objective_metric=minizinc_objective incumbent_objective=1.0 contender_objective=1.0 score=0 accepted=False repair_failed=False used_exploration=False stagnation_rounds=19 weights_updated=False
  destroyed=destroy_worst_workers_10pct: destroyed workers: [5]
iter=50 elapsed=64.686s step_runtime=0.486s destroy=destroy_all_forbidden_sequences repair=repair_chuffed_long objective_metric=minizinc_objective incumbent_objective=1.0 contender_objective=1.0 score=0 accepted=False repair_failed=False used_exploration=False stagnation_rounds=20 weights_updated=True
  destroyed=destroy_all_forbidden_sequences: destroyed forbidden sequences: vars_erased=21

  weight update (destroy):
    operator                             before    after
    destroy_worst_workers_10pct            0.10     0.11
    destroy_worst_workers_30pct            0.07     0.08
    destroy_random_workers_20pct           0.10     0.11
    destroy_random_window_20pct            0.07     0.08
    destroy_all_forbidden_sequences        0.11     0.09
    destroy_streak_around_worst_worker     0.17     0.16
    destroy_worst_days_10pct               0.07     0.08
    destroy_worst_days_30pct               0.07     0.08
    destroy_random_days_20pct              0.07     0.08
    destroy_max_border_work                0.03     0.03
    destroy_max_border_off                 0.03     0.03
    destroy_max_border_shift_1             0.03     0.03
    destroy_max_border_shift_2             0.03     0.03
    destroy_max_border_shift_3             0.03     0.03

  weight update (repair):
    operator                             before    after
    repair_chuffed_fast                    0.34     0.32
    repair_gecode_fast                     0.30     0.29
    repair_chuffed_long                    0.13     0.16
    repair_gecode_long                     0.23     0.24
iter=51 elapsed=65.246s step_runtime=0.559s destroy=destroy_exploration repair=repair_exploration objective_metric=minizinc_objective incumbent_objective=1.0 contender_objective=1.0 score=0 accepted=False repair_failed=False used_exploration=True stagnation_rounds=21 weights_updated=False
  destroyed=destroy_exploration: destroyed window: [0, 6] x [3, 4, 5, 6]
iter=52 elapsed=65.835s step_runtime=0.589s destroy=destroy_exploration repair=repair_exploration objective_metric=minizinc_objective incumbent_objective=1.0 contender_objective=1.0 score=0 accepted=False repair_failed=False used_exploration=True stagnation_rounds=22 weights_updated=False
  destroyed=destroy_exploration: destroyed window: [4, 5, 6] x [2, 3]
iter=53 elapsed=66.398s step_runtime=0.563s destroy=destroy_worst_days_10pct repair=repair_chuffed_fast objective_metric=minizinc_objective incumbent_objective=1.0 contender_objective=1.0 score=0 accepted=False repair_failed=False used_exploration=False stagnation_rounds=23 weights_updated=False
  destroyed=destroy_worst_days_10pct: destroyed days: [0]
iter=54 elapsed=66.987s step_runtime=0.588s destroy=destroy_worst_days_10pct repair=repair_chuffed_long objective_metric=minizinc_objective incumbent_objective=1.0 contender_objective=1.0 score=0 accepted=False repair_failed=False used_exploration=False stagnation_rounds=24 weights_updated=False
  destroyed=destroy_worst_days_10pct: destroyed days: [1]
iter=55 elapsed=67.516s step_runtime=0.530s destroy=destroy_all_forbidden_sequences repair=repair_gecode_long objective_metric=minizinc_objective incumbent_objective=1.0 contender_objective=1.0 score=0 accepted=False repair_failed=False used_exploration=False stagnation_rounds=25 weights_updated=False
  destroyed=destroy_all_forbidden_sequences: destroyed forbidden sequences: vars_erased=9
iter=56 elapsed=68.089s step_runtime=0.573s destroy=destroy_worst_workers_10pct repair=repair_chuffed_fast objective_metric=minizinc_objective incumbent_objective=1.0 contender_objective=1.0 score=0 accepted=False repair_failed=False used_exploration=False stagnation_rounds=26 weights_updated=False
  destroyed=destroy_worst_workers_10pct: destroyed workers: [5]
iter=57 elapsed=68.683s step_runtime=0.594s destroy=destroy_worst_days_10pct repair=repair_chuffed_fast objective_metric=minizinc_objective incumbent_objective=1.0 contender_objective=1.0 score=0 accepted=False repair_failed=False used_exploration=False stagnation_rounds=27 weights_updated=False
  destroyed=destroy_worst_days_10pct: destroyed days: [1]
iter=58 elapsed=69.196s step_runtime=0.513s destroy=destroy_all_forbidden_sequences repair=repair_gecode_fast objective_metric=minizinc_objective incumbent_objective=1.0 contender_objective=1.0 score=0 accepted=False repair_failed=False used_exploration=False stagnation_rounds=28 weights_updated=False
  destroyed=destroy_all_forbidden_sequences: destroyed forbidden sequences: vars_erased=7
iter=59 elapsed=69.737s step_runtime=0.541s destroy=destroy_worst_days_10pct repair=repair_chuffed_long objective_metric=minizinc_objective incumbent_objective=1.0 contender_objective=1.0 score=0 accepted=False repair_failed=False used_exploration=False stagnation_rounds=29 weights_updated=False
  destroyed=destroy_worst_days_10pct: destroyed days: [6]
iter=60 elapsed=70.208s step_runtime=0.471s destroy=destroy_max_border_shift_1 repair=repair_chuffed_fast objective_metric=minizinc_objective incumbent_objective=1.0 contender_objective=1.0 score=0 accepted=False repair_failed=False used_exploration=False stagnation_rounds=30 weights_updated=True
  destroyed=destroy_max_border_shift_1: destroyed max-border shift_1: vars_erased=21

  weight update (destroy):
    operator                             before    after
    destroy_worst_workers_10pct            0.11     0.11
    destroy_worst_workers_30pct            0.08     0.09
    destroy_random_workers_20pct           0.11     0.11
    destroy_random_window_20pct            0.08     0.09
    destroy_all_forbidden_sequences        0.09     0.07
    destroy_streak_around_worst_worker     0.16     0.15
    destroy_worst_days_10pct               0.08     0.09
    destroy_worst_days_30pct               0.08     0.09
    destroy_random_days_20pct              0.08     0.09
    destroy_max_border_work                0.03     0.02
    destroy_max_border_off                 0.03     0.02
    destroy_max_border_shift_1             0.03     0.02
    destroy_max_border_shift_2             0.03     0.02
    destroy_max_border_shift_3             0.03     0.02

  weight update (repair):
    operator                             before    after
    repair_chuffed_fast                    0.32     0.31
    repair_gecode_fast                     0.29     0.28
    repair_chuffed_long                    0.16     0.17
    repair_gecode_long                     0.24     0.24
iter=61 elapsed=70.872s step_runtime=0.663s destroy=destroy_exploration repair=repair_exploration objective_metric=minizinc_objective incumbent_objective=1.0 contender_objective=1.0 score=0 accepted=False repair_failed=False used_exploration=True stagnation_rounds=31 weights_updated=False
  destroyed=destroy_exploration: destroyed window: [3, 4, 5] x [2, 3, 4, 5]
iter=62 elapsed=71.394s step_runtime=0.523s destroy=destroy_exploration repair=repair_exploration objective_metric=minizinc_objective incumbent_objective=1.0 contender_objective=1.0 score=0 accepted=False repair_failed=False used_exploration=True stagnation_rounds=32 weights_updated=False
  destroyed=destroy_exploration: destroyed window: [5, 6] x [2, 3]
iter=63 elapsed=77.857s step_runtime=6.462s destroy=destroy_streak_around_worst_worker repair=repair_chuffed_fast objective_metric=minizinc_objective incumbent_objective=1.0 contender_objective=11.0 score=0 accepted=False repair_failed=False used_exploration=False stagnation_rounds=33 weights_updated=False
  destroyed=destroy_streak_around_worst_worker: destroyed streak len=27 start=(w3,d5) end=(w0,d3); destroyed_inside=27
iter=64 elapsed=78.415s step_runtime=0.559s destroy=destroy_worst_days_10pct repair=repair_chuffed_fast objective_metric=minizinc_objective incumbent_objective=1.0 contender_objective=1.0 score=0 accepted=False repair_failed=False used_exploration=False stagnation_rounds=34 weights_updated=False
  destroyed=destroy_worst_days_10pct: destroyed days: [0]
iter=65 elapsed=78.979s step_runtime=0.564s destroy=destroy_worst_days_10pct repair=repair_chuffed_fast objective_metric=minizinc_objective incumbent_objective=1.0 contender_objective=1.0 score=0 accepted=False repair_failed=False used_exploration=False stagnation_rounds=35 weights_updated=False
  destroyed=destroy_worst_days_10pct: destroyed days: [4]
iter=66 elapsed=79.495s step_runtime=0.516s destroy=destroy_max_border_shift_2 repair=repair_gecode_fast objective_metric=minizinc_objective incumbent_objective=1.0 contender_objective=1.0 score=0 accepted=False repair_failed=False used_exploration=False stagnation_rounds=36 weights_updated=False
  destroyed=destroy_max_border_shift_2: destroyed max-border shift_2: vars_erased=7
iter=67 elapsed=79.961s step_runtime=0.466s destroy=destroy_all_forbidden_sequences repair=repair_chuffed_long objective_metric=minizinc_objective incumbent_objective=1.0 contender_objective=1.0 score=0 accepted=False repair_failed=False used_exploration=False stagnation_rounds=37 weights_updated=False
  destroyed=destroy_all_forbidden_sequences: destroyed forbidden sequences: vars_erased=17
iter=68 elapsed=80.440s step_runtime=0.479s destroy=destroy_all_forbidden_sequences repair=repair_chuffed_long objective_metric=minizinc_objective incumbent_objective=1.0 contender_objective=1.0 score=0 accepted=False repair_failed=False used_exploration=False stagnation_rounds=38 weights_updated=False
  destroyed=destroy_all_forbidden_sequences: destroyed forbidden sequences: vars_erased=7
iter=69 elapsed=81.021s step_runtime=0.581s destroy=destroy_worst_days_10pct repair=repair_chuffed_fast objective_metric=minizinc_objective incumbent_objective=1.0 contender_objective=1.0 score=0 accepted=False repair_failed=False used_exploration=False stagnation_rounds=39 weights_updated=False
  destroyed=destroy_worst_days_10pct: destroyed days: [1]
iter=70 elapsed=81.584s step_runtime=0.563s destroy=destroy_worst_days_10pct repair=repair_gecode_long objective_metric=minizinc_objective incumbent_objective=1.0 contender_objective=1.0 score=0 accepted=False repair_failed=False used_exploration=False stagnation_rounds=40 weights_updated=True
  destroyed=destroy_worst_days_10pct: destroyed days: [6]

  weight update (destroy):
    operator                             before    after
    destroy_worst_workers_10pct            0.11     0.11
    destroy_worst_workers_30pct            0.09     0.09
    destroy_random_workers_20pct           0.11     0.11
    destroy_random_window_20pct            0.09     0.09
    destroy_all_forbidden_sequences        0.07     0.06
    destroy_streak_around_worst_worker     0.15     0.15
    destroy_worst_days_10pct               0.09     0.09
    destroy_worst_days_30pct               0.09     0.09
    destroy_random_days_20pct              0.09     0.09
    destroy_max_border_work                0.02     0.02
    destroy_max_border_off                 0.02     0.02
    destroy_max_border_shift_1             0.02     0.02
    destroy_max_border_shift_2             0.02     0.02
    destroy_max_border_shift_3             0.02     0.02

  weight update (repair):
    operator                             before    after
    repair_chuffed_fast                    0.31     0.30
    repair_gecode_fast                     0.28     0.27
    repair_chuffed_long                    0.17     0.19
    repair_gecode_long                     0.24     0.24
iter=71 elapsed=82.121s step_runtime=0.537s destroy=destroy_exploration repair=repair_exploration objective_metric=minizinc_objective incumbent_objective=1.0 contender_objective=1.0 score=0 accepted=False repair_failed=False used_exploration=True stagnation_rounds=41 weights_updated=False
  destroyed=destroy_exploration: destroyed window: [0, 6] x [1, 2, 3]
iter=72 elapsed=82.743s step_runtime=0.621s destroy=destroy_exploration repair=repair_exploration objective_metric=minizinc_objective incumbent_objective=1.0 contender_objective=1.0 score=0 accepted=False repair_failed=False used_exploration=True stagnation_rounds=42 weights_updated=False
  destroyed=destroy_exploration: destroyed window: [0, 1, 2, 3] x [2, 3, 4]
iter=73 elapsed=83.294s step_runtime=0.551s destroy=destroy_worst_days_10pct repair=repair_chuffed_long objective_metric=minizinc_objective incumbent_objective=1.0 contender_objective=1.0 score=0 accepted=False repair_failed=False used_exploration=False stagnation_rounds=43 weights_updated=False
  destroyed=destroy_worst_days_10pct: destroyed days: [5]
iter=74 elapsed=89.732s step_runtime=6.438s destroy=destroy_streak_around_worst_worker repair=repair_chuffed_fast objective_metric=minizinc_objective incumbent_objective=1.0 contender_objective=11.0 score=0 accepted=False repair_failed=False used_exploration=False stagnation_rounds=44 weights_updated=False
  destroyed=destroy_streak_around_worst_worker: destroyed streak len=23 start=(w4,d0) end=(w0,d1); destroyed_inside=23
iter=75 elapsed=90.310s step_runtime=0.578s destroy=destroy_worst_days_10pct repair=repair_chuffed_fast objective_metric=minizinc_objective incumbent_objective=1.0 contender_objective=1.0 score=0 accepted=False repair_failed=False used_exploration=False stagnation_rounds=45 weights_updated=False
  destroyed=destroy_worst_days_10pct: destroyed days: [0]
iter=76 elapsed=91.017s step_runtime=0.707s destroy=destroy_streak_around_worst_worker repair=repair_gecode_long objective_metric=minizinc_objective incumbent_objective=1.0 contender_objective=1.0 score=0 accepted=False repair_failed=False used_exploration=False stagnation_rounds=46 weights_updated=False
  destroyed=destroy_streak_around_worst_worker: destroyed streak len=15 start=(w4,d4) end=(w6,d4); destroyed_inside=15
iter=77 elapsed=91.566s step_runtime=0.548s destroy=destroy_worst_days_10pct repair=repair_chuffed_long objective_metric=minizinc_objective incumbent_objective=1.0 contender_objective=1.0 score=0 accepted=False repair_failed=False used_exploration=False stagnation_rounds=47 weights_updated=False
  destroyed=destroy_worst_days_10pct: destroyed days: [6]
iter=78 elapsed=97.986s step_runtime=6.421s destroy=destroy_streak_around_worst_worker repair=repair_gecode_fast objective_metric=minizinc_objective incumbent_objective=1.0 contender_objective=11.0 score=0 accepted=False repair_failed=False used_exploration=False stagnation_rounds=48 weights_updated=False
  destroyed=destroy_streak_around_worst_worker: destroyed streak len=25 start=(w3,d6) end=(w0,d2); destroyed_inside=25
iter=79 elapsed=110.155s step_runtime=12.169s destroy=destroy_streak_around_worst_worker repair=repair_chuffed_long objective_metric=minizinc_objective incumbent_objective=1.0 contender_objective=1.0 score=0 accepted=False repair_failed=False used_exploration=False stagnation_rounds=49 weights_updated=False
  destroyed=destroy_streak_around_worst_worker: destroyed streak len=27 start=(w3,d5) end=(w0,d3); destroyed_inside=27
iter=80 elapsed=110.629s step_runtime=0.474s destroy=destroy_all_forbidden_sequences repair=repair_chuffed_fast objective_metric=minizinc_objective incumbent_objective=1.0 contender_objective=1.0 score=0 accepted=False repair_failed=False used_exploration=False stagnation_rounds=50 weights_updated=True
  destroyed=destroy_all_forbidden_sequences: destroyed forbidden sequences: vars_erased=7

  weight update (destroy):
    operator                             before    after
    destroy_worst_workers_10pct            0.11     0.11
    destroy_worst_workers_30pct            0.09     0.10
    destroy_random_workers_20pct           0.11     0.11
    destroy_random_window_20pct            0.09     0.10
    destroy_all_forbidden_sequences        0.06     0.05
    destroy_streak_around_worst_worker     0.15     0.14
    destroy_worst_days_10pct               0.09     0.10
    destroy_worst_days_30pct               0.09     0.10
    destroy_random_days_20pct              0.09     0.10
    destroy_max_border_work                0.02     0.02
    destroy_max_border_off                 0.02     0.02
    destroy_max_border_shift_1             0.02     0.02
    destroy_max_border_shift_2             0.02     0.02
    destroy_max_border_shift_3             0.02     0.02

  weight update (repair):
    operator                             before    after
    repair_chuffed_fast                    0.30     0.29
    repair_gecode_fast                     0.27     0.27
    repair_chuffed_long                    0.19     0.20
    repair_gecode_long                     0.24     0.24
iter=81 elapsed=111.191s step_runtime=0.562s destroy=destroy_exploration repair=repair_exploration objective_metric=minizinc_objective incumbent_objective=1.0 contender_objective=1.0 score=0 accepted=False repair_failed=False used_exploration=True stagnation_rounds=51 weights_updated=False
  destroyed=destroy_exploration: destroyed window: [0, 4, 5, 6] x [2, 3]
iter=82 elapsed=111.968s step_runtime=0.777s destroy=destroy_exploration repair=repair_exploration objective_metric=minizinc_objective incumbent_objective=1.0 contender_objective=1.0 score=0 accepted=False repair_failed=False used_exploration=True stagnation_rounds=52 weights_updated=False
  destroyed=destroy_exploration: destroyed window: [1, 2, 3, 4] x [0, 1, 5, 6]
iter=83 elapsed=112.546s step_runtime=0.579s destroy=destroy_worst_days_10pct repair=repair_gecode_fast objective_metric=minizinc_objective incumbent_objective=1.0 contender_objective=1.0 score=0 accepted=False repair_failed=False used_exploration=False stagnation_rounds=53 weights_updated=False
  destroyed=destroy_worst_days_10pct: destroyed days: [4]
iter=84 elapsed=113.832s step_runtime=1.286s destroy=destroy_streak_around_worst_worker repair=repair_chuffed_long objective_metric=minizinc_objective incumbent_objective=1.0 contender_objective=1.0 score=0 accepted=False repair_failed=False used_exploration=False stagnation_rounds=54 weights_updated=False
  destroyed=destroy_streak_around_worst_worker: destroyed streak len=17 start=(w4,d3) end=(w6,d5); destroyed_inside=17
iter=85 elapsed=115.499s step_runtime=1.666s destroy=destroy_streak_around_worst_worker repair=repair_gecode_fast objective_metric=minizinc_objective incumbent_objective=1.0 contender_objective=1.0 score=0 accepted=False repair_failed=False used_exploration=False stagnation_rounds=55 weights_updated=False
  destroyed=destroy_streak_around_worst_worker: destroyed streak len=19 start=(w4,d2) end=(w6,d6); destroyed_inside=19
iter=86 elapsed=116.152s step_runtime=0.653s destroy=destroy_max_border_off repair=repair_gecode_long objective_metric=minizinc_objective incumbent_objective=1.0 contender_objective=1.0 score=0 accepted=False repair_failed=False used_exploration=False stagnation_rounds=56 weights_updated=False
  destroyed=destroy_max_border_off: destroyed max-border off: vars_erased=7
iter=87 elapsed=117.160s step_runtime=1.009s destroy=destroy_worst_days_10pct repair=repair_chuffed_fast objective_metric=minizinc_objective incumbent_objective=1.0 contender_objective=1.0 score=0 accepted=False repair_failed=False used_exploration=False stagnation_rounds=57 weights_updated=False
  destroyed=destroy_worst_days_10pct: destroyed days: [5]
iter=88 elapsed=117.974s step_runtime=0.813s destroy=destroy_worst_days_10pct repair=repair_gecode_fast objective_metric=minizinc_objective incumbent_objective=1.0 contender_objective=1.0 score=0 accepted=False repair_failed=False used_exploration=False stagnation_rounds=58 weights_updated=False
  destroyed=destroy_worst_days_10pct: destroyed days: [3]
iter=89 elapsed=118.749s step_runtime=0.775s destroy=destroy_max_border_work repair=repair_chuffed_long objective_metric=minizinc_objective incumbent_objective=1.0 contender_objective=1.0 score=0 accepted=False repair_failed=False used_exploration=False stagnation_rounds=59 weights_updated=False
  destroyed=destroy_max_border_work: destroyed max-border work: vars_erased=9
iter=90 elapsed=135.963s step_runtime=17.214s destroy=destroy_streak_around_worst_worker repair=repair_chuffed_long objective_metric=minizinc_objective incumbent_objective=1.0 contender_objective=1.0 score=0 accepted=False repair_failed=False used_exploration=False stagnation_rounds=60 weights_updated=True
  destroyed=destroy_streak_around_worst_worker: destroyed streak len=25 start=(w3,d6) end=(w0,d2); destroyed_inside=25

  weight update (destroy):
    operator                             before    after
    destroy_worst_workers_10pct            0.11     0.12
    destroy_worst_workers_30pct            0.10     0.10
    destroy_random_workers_20pct           0.11     0.12
    destroy_random_window_20pct            0.10     0.10
    destroy_all_forbidden_sequences        0.05     0.04
    destroy_streak_around_worst_worker     0.14     0.14
    destroy_worst_days_10pct               0.10     0.10
    destroy_worst_days_30pct               0.10     0.10
    destroy_random_days_20pct              0.10     0.10
    destroy_max_border_work                0.02     0.02
    destroy_max_border_off                 0.02     0.01
    destroy_max_border_shift_1             0.02     0.01
    destroy_max_border_shift_2             0.02     0.01
    destroy_max_border_shift_3             0.02     0.01

  weight update (repair):
    operator                             before    after
    repair_chuffed_fast                    0.29     0.28
    repair_gecode_fast                     0.27     0.26
    repair_chuffed_long                    0.20     0.21
    repair_gecode_long                     0.24     0.24
iter=91 elapsed=136.700s step_runtime=0.737s destroy=destroy_exploration repair=repair_exploration objective_metric=minizinc_objective incumbent_objective=1.0 contender_objective=1.0 score=0 accepted=False repair_failed=False used_exploration=True stagnation_rounds=61 weights_updated=False
  destroyed=destroy_exploration: destroyed window: [0, 1, 2, 3] x [4, 5]
iter=92 elapsed=137.397s step_runtime=0.697s destroy=destroy_exploration repair=repair_exploration objective_metric=minizinc_objective incumbent_objective=1.0 contender_objective=1.0 score=0 accepted=False repair_failed=False used_exploration=True stagnation_rounds=62 weights_updated=False
  destroyed=destroy_exploration: destroyed window: [4, 5] x [4, 5, 6]
iter=93 elapsed=138.158s step_runtime=0.761s destroy=destroy_worst_days_10pct repair=repair_gecode_fast objective_metric=minizinc_objective incumbent_objective=1.0 contender_objective=1.0 score=0 accepted=False repair_failed=False used_exploration=False stagnation_rounds=63 weights_updated=False
  destroyed=destroy_worst_days_10pct: destroyed days: [2]
iter=94 elapsed=138.875s step_runtime=0.717s destroy=destroy_worst_days_10pct repair=repair_gecode_fast objective_metric=minizinc_objective incumbent_objective=1.0 contender_objective=1.0 score=0 accepted=False repair_failed=False used_exploration=False stagnation_rounds=64 weights_updated=False
  destroyed=destroy_worst_days_10pct: destroyed days: [1]
iter=95 elapsed=139.498s step_runtime=0.623s destroy=destroy_worst_days_10pct repair=repair_chuffed_long objective_metric=minizinc_objective incumbent_objective=1.0 contender_objective=1.0 score=0 accepted=False repair_failed=False used_exploration=False stagnation_rounds=65 weights_updated=False
  destroyed=destroy_worst_days_10pct: destroyed days: [0]
iter=96 elapsed=140.059s step_runtime=0.561s destroy=destroy_max_border_shift_2 repair=repair_gecode_fast objective_metric=minizinc_objective incumbent_objective=1.0 contender_objective=1.0 score=0 accepted=False repair_failed=False used_exploration=False stagnation_rounds=66 weights_updated=False
  destroyed=destroy_max_border_shift_2: destroyed max-border shift_2: vars_erased=7
iter=97 elapsed=140.668s step_runtime=0.610s destroy=destroy_worst_workers_10pct repair=repair_gecode_fast objective_metric=minizinc_objective incumbent_objective=1.0 contender_objective=1.0 score=0 accepted=False repair_failed=False used_exploration=False stagnation_rounds=67 weights_updated=False
  destroyed=destroy_worst_workers_10pct: destroyed workers: [5]
iter=98 elapsed=141.302s step_runtime=0.634s destroy=destroy_worst_workers_10pct repair=repair_chuffed_fast objective_metric=minizinc_objective incumbent_objective=1.0 contender_objective=1.0 score=0 accepted=False repair_failed=False used_exploration=False stagnation_rounds=68 weights_updated=False
  destroyed=destroy_worst_workers_10pct: destroyed workers: [5]
iter=99 elapsed=141.963s step_runtime=0.660s destroy=destroy_worst_days_10pct repair=repair_chuffed_long objective_metric=minizinc_objective incumbent_objective=1.0 contender_objective=1.0 score=0 accepted=False repair_failed=False used_exploration=False stagnation_rounds=69 weights_updated=False
  destroyed=destroy_worst_days_10pct: destroyed days: [3]
iter=100 elapsed=142.620s step_runtime=0.657s destroy=destroy_worst_days_10pct repair=repair_gecode_fast objective_metric=minizinc_objective incumbent_objective=1.0 contender_objective=1.0 score=0 accepted=False repair_failed=False used_exploration=False stagnation_rounds=70 weights_updated=True
  destroyed=destroy_worst_days_10pct: destroyed days: [3]

  weight update (destroy):
    operator                             before    after
    destroy_worst_workers_10pct            0.12     0.12
    destroy_worst_workers_30pct            0.10     0.11
    destroy_random_workers_20pct           0.12     0.12
    destroy_random_window_20pct            0.10     0.11
    destroy_all_forbidden_sequences        0.04     0.03
    destroy_streak_around_worst_worker     0.14     0.13
    destroy_worst_days_10pct               0.10     0.11
    destroy_worst_days_30pct               0.10     0.11
    destroy_random_days_20pct              0.10     0.11
    destroy_max_border_work                0.02     0.01
    destroy_max_border_off                 0.01     0.01
    destroy_max_border_shift_1             0.01     0.01
    destroy_max_border_shift_2             0.01     0.01
    destroy_max_border_shift_3             0.01     0.01

  weight update (repair):
    operator                             before    after
    repair_chuffed_fast                    0.28     0.27
    repair_gecode_fast                     0.26     0.26
    repair_chuffed_long                    0.21     0.22
    repair_gecode_long                     0.24     0.25
iter=101 elapsed=143.223s step_runtime=0.603s destroy=destroy_exploration repair=repair_exploration objective_metric=minizinc_objective incumbent_objective=1.0 contender_objective=1.0 score=0 accepted=False repair_failed=False used_exploration=True stagnation_rounds=71 weights_updated=False
  destroyed=destroy_exploration: destroyed window: [0, 4, 5, 6] x [3, 4]
iter=102 elapsed=143.811s step_runtime=0.588s destroy=destroy_exploration repair=repair_exploration objective_metric=minizinc_objective incumbent_objective=1.0 contender_objective=1.0 score=0 accepted=False repair_failed=False used_exploration=True stagnation_rounds=72 weights_updated=False
  destroyed=destroy_exploration: destroyed window: [3, 4] x [0, 1, 5, 6]
iter=103 elapsed=144.410s step_runtime=0.599s destroy=destroy_worst_workers_10pct repair=repair_gecode_fast objective_metric=minizinc_objective incumbent_objective=1.0 contender_objective=1.0 score=0 accepted=False repair_failed=False used_exploration=False stagnation_rounds=73 weights_updated=False
  destroyed=destroy_worst_workers_10pct: destroyed workers: [5]
iter=104 elapsed=145.018s step_runtime=0.608s destroy=destroy_worst_days_10pct repair=repair_gecode_fast objective_metric=minizinc_objective incumbent_objective=1.0 contender_objective=1.0 score=0 accepted=False repair_failed=False used_exploration=False stagnation_rounds=74 weights_updated=False
  destroyed=destroy_worst_days_10pct: destroyed days: [2]
iter=105 elapsed=145.601s step_runtime=0.584s destroy=destroy_worst_days_10pct repair=repair_chuffed_long objective_metric=minizinc_objective incumbent_objective=1.0 contender_objective=1.0 score=0 accepted=False repair_failed=False used_exploration=False stagnation_rounds=75 weights_updated=False
  destroyed=destroy_worst_days_10pct: destroyed days: [3]
iter=106 elapsed=146.233s step_runtime=0.631s destroy=destroy_streak_around_worst_worker repair=repair_gecode_long objective_metric=minizinc_objective incumbent_objective=1.0 contender_objective=1.0 score=0 accepted=False repair_failed=False used_exploration=False stagnation_rounds=76 weights_updated=False
  destroyed=destroy_streak_around_worst_worker: destroyed streak len=11 start=(w4,d6) end=(w6,d2); destroyed_inside=11
iter=107 elapsed=146.809s step_runtime=0.577s destroy=destroy_worst_workers_10pct repair=repair_chuffed_long objective_metric=minizinc_objective incumbent_objective=1.0 contender_objective=1.0 score=0 accepted=False repair_failed=False used_exploration=False stagnation_rounds=77 weights_updated=False
  destroyed=destroy_worst_workers_10pct: destroyed workers: [5]
iter=108 elapsed=147.341s step_runtime=0.532s destroy=destroy_all_forbidden_sequences repair=repair_gecode_long objective_metric=minizinc_objective incumbent_objective=1.0 contender_objective=1.0 score=0 accepted=False repair_failed=False used_exploration=False stagnation_rounds=78 weights_updated=False
  destroyed=destroy_all_forbidden_sequences: destroyed forbidden sequences: vars_erased=13
iter=109 elapsed=148.102s step_runtime=0.761s destroy=destroy_streak_around_worst_worker repair=repair_gecode_fast objective_metric=minizinc_objective incumbent_objective=1.0 contender_objective=1.0 score=0 accepted=False repair_failed=False used_exploration=False stagnation_rounds=79 weights_updated=False
  destroyed=destroy_streak_around_worst_worker: destroyed streak len=15 start=(w4,d4) end=(w6,d4); destroyed_inside=15
iter=110 elapsed=148.654s step_runtime=0.551s destroy=destroy_all_forbidden_sequences repair=repair_gecode_long objective_metric=minizinc_objective incumbent_objective=1.0 contender_objective=1.0 score=0 accepted=False repair_failed=False used_exploration=False stagnation_rounds=80 weights_updated=True
  destroyed=destroy_all_forbidden_sequences: destroyed forbidden sequences: vars_erased=7

  weight update (destroy):
    operator                             before    after
    destroy_worst_workers_10pct            0.12     0.12
    destroy_worst_workers_30pct            0.11     0.11
    destroy_random_workers_20pct           0.12     0.12
    destroy_random_window_20pct            0.11     0.11
    destroy_all_forbidden_sequences        0.03     0.03
    destroy_streak_around_worst_worker     0.13     0.13
    destroy_worst_days_10pct               0.11     0.11
    destroy_worst_days_30pct               0.11     0.11
    destroy_random_days_20pct              0.11     0.11
    destroy_max_border_work                0.01     0.01
    destroy_max_border_off                 0.01     0.01
    destroy_max_border_shift_1             0.01     0.01
    destroy_max_border_shift_2             0.01     0.01
    destroy_max_border_shift_3             0.01     0.01

  weight update (repair):
    operator                             before    after
    repair_chuffed_fast                    0.27     0.27
    repair_gecode_fast                     0.26     0.26
    repair_chuffed_long                    0.22     0.23
    repair_gecode_long                     0.25     0.25
iter=111 elapsed=149.831s step_runtime=1.177s destroy=destroy_exploration repair=repair_exploration objective_metric=minizinc_objective incumbent_objective=1.0 contender_objective=1.0 score=0 accepted=False repair_failed=False used_exploration=True stagnation_rounds=81 weights_updated=False
  destroyed=destroy_exploration: destroyed window: [0, 1, 2, 3] x [1, 2, 3, 4]
iter=112 elapsed=150.676s step_runtime=0.846s destroy=destroy_exploration repair=repair_exploration objective_metric=minizinc_objective incumbent_objective=1.0 contender_objective=1.0 score=0 accepted=False repair_failed=False used_exploration=True stagnation_rounds=82 weights_updated=False
  destroyed=destroy_exploration: destroyed window: [3, 4] x [0, 1]
iter=113 elapsed=157.166s step_runtime=6.490s destroy=destroy_streak_around_worst_worker repair=repair_chuffed_fast objective_metric=minizinc_objective incumbent_objective=1.0 contender_objective=11.0 score=0 accepted=False repair_failed=False used_exploration=False stagnation_rounds=83 weights_updated=False
  destroyed=destroy_streak_around_worst_worker: destroyed streak len=23 start=(w4,d0) end=(w0,d1); destroyed_inside=23
iter=114 elapsed=157.788s step_runtime=0.622s destroy=destroy_worst_days_10pct repair=repair_chuffed_fast objective_metric=minizinc_objective incumbent_objective=1.0 contender_objective=1.0 score=0 accepted=False repair_failed=False used_exploration=False stagnation_rounds=84 weights_updated=False
  destroyed=destroy_worst_days_10pct: destroyed days: [5]
iter=115 elapsed=158.394s step_runtime=0.606s destroy=destroy_worst_days_10pct repair=repair_gecode_fast objective_metric=minizinc_objective incumbent_objective=1.0 contender_objective=1.0 score=0 accepted=False repair_failed=False used_exploration=False stagnation_rounds=85 weights_updated=False
  destroyed=destroy_worst_days_10pct: destroyed days: [6]
iter=116 elapsed=159.705s step_runtime=1.311s destroy=destroy_streak_around_worst_worker repair=repair_chuffed_long objective_metric=minizinc_objective incumbent_objective=1.0 contender_objective=1.0 score=0 accepted=False repair_failed=False used_exploration=False stagnation_rounds=86 weights_updated=False
  destroyed=destroy_streak_around_worst_worker: destroyed streak len=17 start=(w4,d3) end=(w6,d5); destroyed_inside=17
iter=117 elapsed=161.890s step_runtime=2.185s destroy=destroy_streak_around_worst_worker repair=repair_chuffed_long objective_metric=minizinc_objective incumbent_objective=1.0 contender_objective=1.0 score=0 accepted=False repair_failed=False used_exploration=False stagnation_rounds=87 weights_updated=False
  destroyed=destroy_streak_around_worst_worker: destroyed streak len=17 start=(w4,d3) end=(w6,d5); destroyed_inside=17
iter=118 elapsed=162.923s step_runtime=1.033s destroy=destroy_streak_around_worst_worker repair=repair_gecode_fast objective_metric=minizinc_objective incumbent_objective=1.0 contender_objective=1.0 score=0 accepted=False repair_failed=False used_exploration=False stagnation_rounds=88 weights_updated=False
  destroyed=destroy_streak_around_worst_worker: destroyed streak len=9 start=(w5,d0) end=(w6,d1); destroyed_inside=9
iter=119 elapsed=163.834s step_runtime=0.911s destroy=destroy_streak_around_worst_worker repair=repair_chuffed_long objective_metric=minizinc_objective incumbent_objective=1.0 contender_objective=1.0 score=0 accepted=False repair_failed=False used_exploration=False stagnation_rounds=89 weights_updated=False
  destroyed=destroy_streak_around_worst_worker: destroyed streak len=15 start=(w4,d4) end=(w6,d4); destroyed_inside=15
iter=120 elapsed=177.739s step_runtime=13.905s destroy=destroy_streak_around_worst_worker repair=repair_chuffed_long objective_metric=minizinc_objective incumbent_objective=1.0 contender_objective=1.0 score=0 accepted=False repair_failed=False used_exploration=False stagnation_rounds=90 weights_updated=True
  destroyed=destroy_streak_around_worst_worker: destroyed streak len=27 start=(w3,d5) end=(w0,d3); destroyed_inside=27

  weight update (destroy):
    operator                             before    after
    destroy_worst_workers_10pct            0.12     0.12
    destroy_worst_workers_30pct            0.11     0.11
    destroy_random_workers_20pct           0.12     0.12
    destroy_random_window_20pct            0.11     0.11
    destroy_all_forbidden_sequences        0.03     0.02
    destroy_streak_around_worst_worker     0.13     0.13
    destroy_worst_days_10pct               0.11     0.11
    destroy_worst_days_30pct               0.11     0.11
    destroy_random_days_20pct              0.11     0.11
    destroy_max_border_work                0.01     0.01
    destroy_max_border_off                 0.01     0.01
    destroy_max_border_shift_1             0.01     0.01
    destroy_max_border_shift_2             0.01     0.01
    destroy_max_border_shift_3             0.01     0.01

  weight update (repair):
    operator                             before    after
    repair_chuffed_fast                    0.27     0.27
    repair_gecode_fast                     0.26     0.26
    repair_chuffed_long                    0.23     0.23
    repair_gecode_long                     0.25     0.25
iter=121 elapsed=178.399s step_runtime=0.660s destroy=destroy_exploration repair=repair_exploration objective_metric=minizinc_objective incumbent_objective=1.0 contender_objective=1.0 score=0 accepted=False repair_failed=False used_exploration=True stagnation_rounds=91 weights_updated=False
  destroyed=destroy_exploration: destroyed window: [0, 1] x [1, 2, 3, 4]
iter=122 elapsed=180.280s step_runtime=1.880s destroy=destroy_exploration repair=repair_exploration objective_metric=minizinc_objective incumbent_objective=1.0 contender_objective=1.0 score=0 accepted=False repair_failed=False used_exploration=True stagnation_rounds=92 weights_updated=False
  destroyed=destroy_exploration: destroyed window: [3, 4, 5, 6] x [1, 2, 3, 4]
