Loaded instance: Example6.txt
instance=Example6
instance_name=Example6
instance_file=Example6.txt
instance_path=/Users/gab/Library/Mobile Documents/com~apple~CloudDocs/QuIST/ML/Optimization/Project 2/LNS_scheduling/Instances1-50/Example6.txt
variant=alns_late_phase
seed=1

iter=1 elapsed=0.916s step_runtime=0.916s destroy=destroy_random_window_20pct repair=repair_chuffed_fast objective_metric=minizinc_objective incumbent_objective=inf contender_objective=20.0 score=5 accepted=True repair_failed=False used_exploration=False stagnation_rounds=0 weights_updated=False
  destroyed=destroy_random_window_20pct: destroyed window: [3, 4, 5, 6] x [3, 4, 5]
iter=2 elapsed=1.838s step_runtime=0.922s destroy=destroy_random_workers_20pct repair=repair_chuffed_fast objective_metric=minizinc_objective incumbent_objective=20.0 contender_objective=17.0 score=5 accepted=True repair_failed=False used_exploration=False stagnation_rounds=0 weights_updated=False
  destroyed=destroy_random_workers_20pct: destroyed workers: [0, 3]
iter=3 elapsed=2.511s step_runtime=0.673s destroy=destroy_streak_around_worst_worker repair=repair_chuffed_long objective_metric=minizinc_objective incumbent_objective=17.0 contender_objective=15.0 score=5 accepted=True repair_failed=False used_exploration=False stagnation_rounds=0 weights_updated=False
  destroyed=destroy_streak_around_worst_worker: destroyed streak len=9 start=(w0,d3) end=(w1,d4); destroyed_inside=9
iter=4 elapsed=3.316s step_runtime=0.805s destroy=destroy_worst_days_10pct repair=repair_gecode_long objective_metric=minizinc_objective incumbent_objective=15.0 contender_objective=14.0 score=5 accepted=True repair_failed=False used_exploration=False stagnation_rounds=0 weights_updated=False
  destroyed=destroy_worst_days_10pct: destroyed days: [0]
iter=5 elapsed=3.946s step_runtime=0.630s destroy=destroy_all_forbidden_sequences repair=repair_gecode_long objective_metric=minizinc_objective incumbent_objective=14.0 contender_objective=13.0 score=5 accepted=True repair_failed=False used_exploration=False stagnation_rounds=0 weights_updated=False
  destroyed=destroy_all_forbidden_sequences: destroyed forbidden sequences: vars_erased=8
iter=6 elapsed=4.560s step_runtime=0.615s destroy=destroy_streak_around_worst_worker repair=repair_gecode_fast objective_metric=minizinc_objective incumbent_objective=13.0 contender_objective=8.0 score=5 accepted=True repair_failed=False used_exploration=False stagnation_rounds=0 weights_updated=False
  destroyed=destroy_streak_around_worst_worker: destroyed streak len=9 start=(w1,d4) end=(w2,d5); destroyed_inside=9
iter=7 elapsed=11.012s step_runtime=6.452s destroy=destroy_streak_around_worst_worker repair=repair_chuffed_fast objective_metric=minizinc_objective incumbent_objective=8.0 contender_objective=13.0 score=0 accepted=False repair_failed=False used_exploration=False stagnation_rounds=1 weights_updated=False
  destroyed=destroy_streak_around_worst_worker: destroyed streak len=21 start=(w0,d4) end=(w3,d3); destroyed_inside=21
iter=8 elapsed=11.596s step_runtime=0.584s destroy=destroy_max_border_work repair=repair_gecode_fast objective_metric=minizinc_objective incumbent_objective=8.0 contender_objective=8.0 score=0 accepted=False repair_failed=False used_exploration=False stagnation_rounds=2 weights_updated=False
  destroyed=destroy_max_border_work: destroyed max-border work: vars_erased=17
iter=9 elapsed=12.199s step_runtime=0.603s destroy=destroy_max_border_shift_3 repair=repair_chuffed_long objective_metric=minizinc_objective incumbent_objective=8.0 contender_objective=8.0 score=0 accepted=False repair_failed=False used_exploration=False stagnation_rounds=3 weights_updated=False
  destroyed=destroy_max_border_shift_3: destroyed max-border shift_3: vars_erased=7
iter=10 elapsed=12.722s step_runtime=0.523s destroy=destroy_max_border_work repair=repair_chuffed_fast objective_metric=minizinc_objective incumbent_objective=8.0 contender_objective=8.0 score=0 accepted=False repair_failed=False used_exploration=False stagnation_rounds=4 weights_updated=True
  destroyed=destroy_max_border_work: destroyed max-border work: vars_erased=4

  weight update (destroy):
    operator                             before    after
    destroy_worst_workers_10pct            0.07     0.06
    destroy_worst_workers_30pct            0.07     0.06
    destroy_random_workers_20pct           0.07     0.11
    destroy_random_window_20pct            0.07     0.11
    destroy_all_forbidden_sequences        0.07     0.11
    destroy_streak_around_worst_worker     0.07     0.06
    destroy_worst_days_10pct               0.07     0.11
    destroy_worst_days_30pct               0.07     0.06
    destroy_random_days_20pct              0.07     0.06
    destroy_max_border_work                0.07     0.06
    destroy_max_border_off                 0.07     0.06
    destroy_max_border_shift_1             0.07     0.06
    destroy_max_border_shift_2             0.07     0.06
    destroy_max_border_shift_3             0.07     0.06

  weight update (repair):
    operator                             before    after
    repair_chuffed_fast                    0.40     0.32
    repair_gecode_fast                     0.40     0.32
    repair_chuffed_long                    0.10     0.08
    repair_gecode_long                     0.10     0.27
iter=11 elapsed=13.205s step_runtime=0.482s destroy=destroy_max_border_shift_1 repair=repair_chuffed_long objective_metric=minizinc_objective incumbent_objective=8.0 contender_objective=8.0 score=0 accepted=False repair_failed=False used_exploration=False stagnation_rounds=5 weights_updated=False
  destroyed=destroy_max_border_shift_1: destroyed max-border shift_1: vars_erased=7
iter=12 elapsed=13.723s step_runtime=0.519s destroy=destroy_max_border_shift_2 repair=repair_gecode_long objective_metric=minizinc_objective incumbent_objective=8.0 contender_objective=8.0 score=0 accepted=False repair_failed=False used_exploration=False stagnation_rounds=6 weights_updated=False
  destroyed=destroy_max_border_shift_2: destroyed max-border shift_2: vars_erased=7
iter=13 elapsed=14.279s step_runtime=0.555s destroy=destroy_worst_days_10pct repair=repair_chuffed_fast objective_metric=minizinc_objective incumbent_objective=8.0 contender_objective=7.0 score=5 accepted=True repair_failed=False used_exploration=False stagnation_rounds=0 weights_updated=False
  destroyed=destroy_worst_days_10pct: destroyed days: [4]
iter=14 elapsed=14.823s step_runtime=0.544s destroy=destroy_worst_days_10pct repair=repair_chuffed_fast objective_metric=minizinc_objective incumbent_objective=7.0 contender_objective=6.0 score=5 accepted=True repair_failed=False used_exploration=False stagnation_rounds=0 weights_updated=False
  destroyed=destroy_worst_days_10pct: destroyed days: [5]
iter=15 elapsed=15.382s step_runtime=0.559s destroy=destroy_all_forbidden_sequences repair=repair_gecode_fast objective_metric=minizinc_objective incumbent_objective=6.0 contender_objective=6.0 score=0 accepted=False repair_failed=False used_exploration=False stagnation_rounds=1 weights_updated=False
  destroyed=destroy_all_forbidden_sequences: destroyed forbidden sequences: vars_erased=4
iter=16 elapsed=15.923s step_runtime=0.541s destroy=destroy_worst_days_10pct repair=repair_chuffed_fast objective_metric=minizinc_objective incumbent_objective=6.0 contender_objective=5.0 score=5 accepted=True repair_failed=False used_exploration=False stagnation_rounds=0 weights_updated=False
  destroyed=destroy_worst_days_10pct: destroyed days: [6]
iter=17 elapsed=16.490s step_runtime=0.567s destroy=destroy_worst_days_10pct repair=repair_gecode_fast objective_metric=minizinc_objective incumbent_objective=5.0 contender_objective=5.0 score=0 accepted=False repair_failed=False used_exploration=False stagnation_rounds=1 weights_updated=False
  destroyed=destroy_worst_days_10pct: destroyed days: [0]
iter=18 elapsed=17.072s step_runtime=0.582s destroy=destroy_worst_days_10pct repair=repair_gecode_fast objective_metric=minizinc_objective incumbent_objective=5.0 contender_objective=5.0 score=0 accepted=False repair_failed=False used_exploration=False stagnation_rounds=2 weights_updated=False
  destroyed=destroy_worst_days_10pct: destroyed days: [3]
iter=19 elapsed=17.864s step_runtime=0.792s destroy=destroy_streak_around_worst_worker repair=repair_gecode_long objective_metric=minizinc_objective incumbent_objective=5.0 contender_objective=5.0 score=0 accepted=False repair_failed=False used_exploration=False stagnation_rounds=3 weights_updated=False
  destroyed=destroy_streak_around_worst_worker: destroyed streak len=15 start=(w1,d0) end=(w3,d0); destroyed_inside=15
iter=20 elapsed=18.807s step_runtime=0.943s destroy=destroy_streak_around_worst_worker repair=repair_chuffed_fast objective_metric=minizinc_objective incumbent_objective=5.0 contender_objective=5.0 score=0 accepted=False repair_failed=False used_exploration=False stagnation_rounds=4 weights_updated=True
  destroyed=destroy_streak_around_worst_worker: destroyed streak len=17 start=(w0,d6) end=(w3,d1); destroyed_inside=17

  weight update (destroy):
    operator                             before    after
    destroy_worst_workers_10pct            0.06     0.05
    destroy_worst_workers_30pct            0.06     0.05
    destroy_random_workers_20pct           0.11     0.09
    destroy_random_window_20pct            0.11     0.09
    destroy_all_forbidden_sequences        0.11     0.09
    destroy_streak_around_worst_worker     0.06     0.05
    destroy_worst_days_10pct               0.11     0.27
    destroy_worst_days_30pct               0.06     0.05
    destroy_random_days_20pct              0.06     0.05
    destroy_max_border_work                0.06     0.05
    destroy_max_border_off                 0.06     0.05
    destroy_max_border_shift_1             0.06     0.05
    destroy_max_border_shift_2             0.06     0.05
    destroy_max_border_shift_3             0.06     0.05

  weight update (repair):
    operator                             before    after
    repair_chuffed_fast                    0.32     0.46
    repair_gecode_fast                     0.32     0.26
    repair_chuffed_long                    0.08     0.07
    repair_gecode_long                     0.27     0.21
iter=21 elapsed=19.382s step_runtime=0.575s destroy=destroy_worst_days_10pct repair=repair_gecode_fast objective_metric=minizinc_objective incumbent_objective=5.0 contender_objective=5.0 score=0 accepted=False repair_failed=False used_exploration=False stagnation_rounds=5 weights_updated=False
  destroyed=destroy_worst_days_10pct: destroyed days: [6]
iter=22 elapsed=25.814s step_runtime=6.432s destroy=destroy_streak_around_worst_worker repair=repair_gecode_fast objective_metric=minizinc_objective incumbent_objective=5.0 contender_objective=11.0 score=0 accepted=False repair_failed=False used_exploration=False stagnation_rounds=6 weights_updated=False
  destroyed=destroy_streak_around_worst_worker: destroyed streak len=29 start=(w0,d0) end=(w4,d0); destroyed_inside=29
iter=23 elapsed=26.343s step_runtime=0.529s destroy=destroy_worst_days_10pct repair=repair_chuffed_fast objective_metric=minizinc_objective incumbent_objective=5.0 contender_objective=5.0 score=0 accepted=False repair_failed=False used_exploration=False stagnation_rounds=7 weights_updated=False
  destroyed=destroy_worst_days_10pct: destroyed days: [6]
iter=24 elapsed=26.887s step_runtime=0.544s destroy=destroy_worst_days_10pct repair=repair_chuffed_fast objective_metric=minizinc_objective incumbent_objective=5.0 contender_objective=5.0 score=0 accepted=False repair_failed=False used_exploration=False stagnation_rounds=8 weights_updated=False
  destroyed=destroy_worst_days_10pct: destroyed days: [4]
iter=25 elapsed=27.426s step_runtime=0.539s destroy=destroy_worst_days_10pct repair=repair_chuffed_fast objective_metric=minizinc_objective incumbent_objective=5.0 contender_objective=5.0 score=0 accepted=False repair_failed=False used_exploration=False stagnation_rounds=9 weights_updated=False
  destroyed=destroy_worst_days_10pct: destroyed days: [5]
iter=26 elapsed=27.941s step_runtime=0.515s destroy=destroy_all_forbidden_sequences repair=repair_chuffed_fast objective_metric=minizinc_objective incumbent_objective=5.0 contender_objective=5.0 score=0 accepted=False repair_failed=False used_exploration=False stagnation_rounds=10 weights_updated=False
  destroyed=destroy_all_forbidden_sequences: destroyed forbidden sequences: vars_erased=4
iter=27 elapsed=28.493s step_runtime=0.551s destroy=destroy_exploration repair=repair_exploration objective_metric=minizinc_objective incumbent_objective=5.0 contender_objective=5.0 score=0 accepted=False repair_failed=False used_exploration=True stagnation_rounds=11 weights_updated=False
  destroyed=destroy_exploration: destroyed window: [4, 5] x [3, 4, 5, 6]
iter=28 elapsed=29.056s step_runtime=0.564s destroy=destroy_exploration repair=repair_exploration objective_metric=minizinc_objective incumbent_objective=5.0 contender_objective=5.0 score=0 accepted=False repair_failed=False used_exploration=True stagnation_rounds=12 weights_updated=False
  destroyed=destroy_exploration: destroyed window: [1, 2, 3, 4] x [1, 2]
iter=29 elapsed=29.623s step_runtime=0.567s destroy=destroy_worst_days_10pct repair=repair_chuffed_fast objective_metric=minizinc_objective incumbent_objective=5.0 contender_objective=5.0 score=0 accepted=False repair_failed=False used_exploration=False stagnation_rounds=13 weights_updated=False
  destroyed=destroy_worst_days_10pct: destroyed days: [0]
iter=30 elapsed=30.090s step_runtime=0.467s destroy=destroy_max_border_shift_2 repair=repair_chuffed_fast objective_metric=minizinc_objective incumbent_objective=5.0 contender_objective=5.0 score=0 accepted=False repair_failed=False used_exploration=False stagnation_rounds=14 weights_updated=True
  destroyed=destroy_max_border_shift_2: destroyed max-border shift_2: vars_erased=11

  weight update (destroy):
    operator                             before    after
    destroy_worst_workers_10pct            0.05     0.06
    destroy_worst_workers_30pct            0.05     0.06
    destroy_random_workers_20pct           0.09     0.09
    destroy_random_window_20pct            0.09     0.09
    destroy_all_forbidden_sequences        0.09     0.09
    destroy_streak_around_worst_worker     0.05     0.06
    destroy_worst_days_10pct               0.27     0.24
    destroy_worst_days_30pct               0.05     0.06
    destroy_random_days_20pct              0.05     0.06
    destroy_max_border_work                0.05     0.04
    destroy_max_border_off                 0.05     0.04
    destroy_max_border_shift_1             0.05     0.04
    destroy_max_border_shift_2             0.05     0.04
    destroy_max_border_shift_3             0.05     0.04

  weight update (repair):
    operator                             before    after
    repair_chuffed_fast                    0.46     0.42
    repair_gecode_fast                     0.26     0.26
    repair_chuffed_long                    0.07     0.10
    repair_gecode_long                     0.21     0.22
iter=31 elapsed=30.670s step_runtime=0.580s destroy=destroy_worst_days_10pct repair=repair_gecode_long objective_metric=minizinc_objective incumbent_objective=5.0 contender_objective=5.0 score=0 accepted=False repair_failed=False used_exploration=False stagnation_rounds=15 weights_updated=False
  destroyed=destroy_worst_days_10pct: destroyed days: [5]
iter=32 elapsed=31.460s step_runtime=0.789s destroy=destroy_streak_around_worst_worker repair=repair_gecode_long objective_metric=minizinc_objective incumbent_objective=5.0 contender_objective=5.0 score=0 accepted=False repair_failed=False used_exploration=False stagnation_rounds=16 weights_updated=False
  destroyed=destroy_streak_around_worst_worker: destroyed streak len=15 start=(w1,d0) end=(w3,d0); destroyed_inside=15
iter=33 elapsed=33.106s step_runtime=1.647s destroy=destroy_streak_around_worst_worker repair=repair_gecode_long objective_metric=minizinc_objective incumbent_objective=5.0 contender_objective=5.0 score=0 accepted=False repair_failed=False used_exploration=False stagnation_rounds=17 weights_updated=False
  destroyed=destroy_streak_around_worst_worker: destroyed streak len=19 start=(w0,d5) end=(w3,d2); destroyed_inside=19
iter=34 elapsed=33.573s step_runtime=0.466s destroy=destroy_max_border_shift_3 repair=repair_chuffed_fast objective_metric=minizinc_objective incumbent_objective=5.0 contender_objective=5.0 score=0 accepted=False repair_failed=False used_exploration=False stagnation_rounds=18 weights_updated=False
  destroyed=destroy_max_border_shift_3: destroyed max-border shift_3: vars_erased=7
iter=35 elapsed=34.035s step_runtime=0.463s destroy=destroy_max_border_shift_3 repair=repair_chuffed_fast objective_metric=minizinc_objective incumbent_objective=5.0 contender_objective=5.0 score=0 accepted=False repair_failed=False used_exploration=False stagnation_rounds=19 weights_updated=False
  destroyed=destroy_max_border_shift_3: destroyed max-border shift_3: vars_erased=15
iter=36 elapsed=34.556s step_runtime=0.520s destroy=destroy_all_forbidden_sequences repair=repair_chuffed_fast objective_metric=minizinc_objective incumbent_objective=5.0 contender_objective=5.0 score=0 accepted=False repair_failed=False used_exploration=False stagnation_rounds=20 weights_updated=False
  destroyed=destroy_all_forbidden_sequences: destroyed forbidden sequences: vars_erased=4
iter=37 elapsed=35.234s step_runtime=0.678s destroy=destroy_exploration repair=repair_exploration objective_metric=minizinc_objective incumbent_objective=5.0 contender_objective=4.0 score=5 accepted=True repair_failed=False used_exploration=True stagnation_rounds=0 weights_updated=False
  destroyed=destroy_exploration: destroyed window: [0, 1, 2, 6] x [0, 1, 6]
iter=38 elapsed=35.769s step_runtime=0.535s destroy=destroy_exploration repair=repair_exploration objective_metric=minizinc_objective incumbent_objective=4.0 contender_objective=4.0 score=0 accepted=False repair_failed=False used_exploration=True stagnation_rounds=1 weights_updated=False
  destroyed=destroy_exploration: destroyed window: [0, 1, 2] x [5, 6]
iter=39 elapsed=36.239s step_runtime=0.470s destroy=destroy_max_border_shift_3 repair=repair_chuffed_fast objective_metric=minizinc_objective incumbent_objective=4.0 contender_objective=4.0 score=0 accepted=False repair_failed=False used_exploration=False stagnation_rounds=2 weights_updated=False
  destroyed=destroy_max_border_shift_3: destroyed max-border shift_3: vars_erased=7
iter=40 elapsed=36.822s step_runtime=0.583s destroy=destroy_streak_around_worst_worker repair=repair_gecode_fast objective_metric=minizinc_objective incumbent_objective=4.0 contender_objective=4.0 score=0 accepted=False repair_failed=False used_exploration=False stagnation_rounds=3 weights_updated=True
  destroyed=destroy_streak_around_worst_worker: destroyed streak len=7 start=(w1,d4) end=(w2,d3); destroyed_inside=7

  weight update (destroy):
    operator                             before    after
    destroy_worst_workers_10pct            0.06     0.07
    destroy_worst_workers_30pct            0.06     0.07
    destroy_random_workers_20pct           0.09     0.09
    destroy_random_window_20pct            0.09     0.09
    destroy_all_forbidden_sequences        0.09     0.09
    destroy_streak_around_worst_worker     0.06     0.07
    destroy_worst_days_10pct               0.24     0.21
    destroy_worst_days_30pct               0.06     0.07
    destroy_random_days_20pct              0.06     0.07
    destroy_max_border_work                0.04     0.03
    destroy_max_border_off                 0.04     0.03
    destroy_max_border_shift_1             0.04     0.03
    destroy_max_border_shift_2             0.04     0.03
    destroy_max_border_shift_3             0.04     0.03

  weight update (repair):
    operator                             before    after
    repair_chuffed_fast                    0.42     0.38
    repair_gecode_fast                     0.26     0.26
    repair_chuffed_long                    0.10     0.13
    repair_gecode_long                     0.22     0.23
iter=41 elapsed=37.374s step_runtime=0.552s destroy=destroy_worst_days_10pct repair=repair_gecode_fast objective_metric=minizinc_objective incumbent_objective=4.0 contender_objective=4.0 score=0 accepted=False repair_failed=False used_exploration=False stagnation_rounds=4 weights_updated=False
  destroyed=destroy_worst_days_10pct: destroyed days: [6]
iter=42 elapsed=37.892s step_runtime=0.518s destroy=destroy_max_border_shift_2 repair=repair_gecode_fast objective_metric=minizinc_objective incumbent_objective=4.0 contender_objective=4.0 score=0 accepted=False repair_failed=False used_exploration=False stagnation_rounds=5 weights_updated=False
  destroyed=destroy_max_border_shift_2: destroyed max-border shift_2: vars_erased=13
iter=43 elapsed=38.430s step_runtime=0.539s destroy=destroy_worst_days_10pct repair=repair_chuffed_fast objective_metric=minizinc_objective incumbent_objective=4.0 contender_objective=4.0 score=0 accepted=False repair_failed=False used_exploration=False stagnation_rounds=6 weights_updated=False
  destroyed=destroy_worst_days_10pct: destroyed days: [6]
iter=44 elapsed=68.844s step_runtime=30.413s destroy=destroy_streak_around_worst_worker repair=repair_gecode_long objective_metric=minizinc_objective incumbent_objective=4.0 contender_objective=7.0 score=0 accepted=False repair_failed=False used_exploration=False stagnation_rounds=7 weights_updated=False
  destroyed=destroy_streak_around_worst_worker: destroyed streak len=21 start=(w0,d4) end=(w3,d3); destroyed_inside=21
iter=45 elapsed=69.390s step_runtime=0.546s destroy=destroy_worst_days_10pct repair=repair_chuffed_long objective_metric=minizinc_objective incumbent_objective=4.0 contender_objective=4.0 score=0 accepted=False repair_failed=False used_exploration=False stagnation_rounds=8 weights_updated=False
  destroyed=destroy_worst_days_10pct: destroyed days: [6]
iter=46 elapsed=69.928s step_runtime=0.537s destroy=destroy_all_forbidden_sequences repair=repair_gecode_long objective_metric=minizinc_objective incumbent_objective=4.0 contender_objective=4.0 score=0 accepted=False repair_failed=False used_exploration=False stagnation_rounds=9 weights_updated=False
  destroyed=destroy_all_forbidden_sequences: destroyed forbidden sequences: vars_erased=2
iter=47 elapsed=70.486s step_runtime=0.558s destroy=destroy_worst_days_10pct repair=repair_gecode_fast objective_metric=minizinc_objective incumbent_objective=4.0 contender_objective=4.0 score=0 accepted=False repair_failed=False used_exploration=False stagnation_rounds=10 weights_updated=False
  destroyed=destroy_worst_days_10pct: destroyed days: [6]
iter=48 elapsed=71.307s step_runtime=0.821s destroy=destroy_exploration repair=repair_exploration objective_metric=minizinc_objective incumbent_objective=4.0 contender_objective=4.0 score=0 accepted=False repair_failed=False used_exploration=True stagnation_rounds=11 weights_updated=False
  destroyed=destroy_exploration: destroyed window: [3, 4, 5, 6] x [0, 1, 2]
iter=49 elapsed=71.840s step_runtime=0.533s destroy=destroy_exploration repair=repair_exploration objective_metric=minizinc_objective incumbent_objective=4.0 contender_objective=4.0 score=0 accepted=False repair_failed=False used_exploration=True stagnation_rounds=12 weights_updated=False
  destroyed=destroy_exploration: destroyed window: [2, 3, 4] x [4, 5]
iter=50 elapsed=72.378s step_runtime=0.538s destroy=destroy_worst_days_10pct repair=repair_chuffed_fast objective_metric=minizinc_objective incumbent_objective=4.0 contender_objective=4.0 score=0 accepted=False repair_failed=False used_exploration=False stagnation_rounds=13 weights_updated=True
  destroyed=destroy_worst_days_10pct: destroyed days: [6]

  weight update (destroy):
    operator                             before    after
    destroy_worst_workers_10pct            0.07     0.08
    destroy_worst_workers_30pct            0.07     0.08
    destroy_random_workers_20pct           0.09     0.10
    destroy_random_window_20pct            0.09     0.10
    destroy_all_forbidden_sequences        0.09     0.10
    destroy_streak_around_worst_worker     0.07     0.08
    destroy_worst_days_10pct               0.21     0.19
    destroy_worst_days_30pct               0.07     0.08
    destroy_random_days_20pct              0.07     0.08
    destroy_max_border_work                0.03     0.03
    destroy_max_border_off                 0.03     0.03
    destroy_max_border_shift_1             0.03     0.03
    destroy_max_border_shift_2             0.03     0.03
    destroy_max_border_shift_3             0.03     0.03

  weight update (repair):
    operator                             before    after
    repair_chuffed_fast                    0.38     0.36
    repair_gecode_fast                     0.26     0.26
    repair_chuffed_long                    0.13     0.16
    repair_gecode_long                     0.23     0.23
iter=51 elapsed=72.848s step_runtime=0.470s destroy=destroy_max_border_shift_1 repair=repair_chuffed_fast objective_metric=minizinc_objective incumbent_objective=4.0 contender_objective=4.0 score=0 accepted=False repair_failed=False used_exploration=False stagnation_rounds=14 weights_updated=False
  destroyed=destroy_max_border_shift_1: destroyed max-border shift_1: vars_erased=2
iter=52 elapsed=73.314s step_runtime=0.466s destroy=destroy_max_border_shift_1 repair=repair_chuffed_long objective_metric=minizinc_objective incumbent_objective=4.0 contender_objective=4.0 score=0 accepted=False repair_failed=False used_exploration=False stagnation_rounds=15 weights_updated=False
  destroyed=destroy_max_border_shift_1: destroyed max-border shift_1: vars_erased=7
iter=53 elapsed=73.788s step_runtime=0.474s destroy=destroy_max_border_off repair=repair_chuffed_long objective_metric=minizinc_objective incumbent_objective=4.0 contender_objective=4.0 score=0 accepted=False repair_failed=False used_exploration=False stagnation_rounds=16 weights_updated=False
  destroyed=destroy_max_border_off: destroyed max-border off: vars_erased=7
iter=54 elapsed=74.348s step_runtime=0.560s destroy=destroy_worst_workers_10pct repair=repair_chuffed_long objective_metric=minizinc_objective incumbent_objective=4.0 contender_objective=4.0 score=0 accepted=False repair_failed=False used_exploration=False stagnation_rounds=17 weights_updated=False
  destroyed=destroy_worst_workers_10pct: destroyed workers: [2]
iter=55 elapsed=75.045s step_runtime=0.697s destroy=destroy_streak_around_worst_worker repair=repair_gecode_long objective_metric=minizinc_objective incumbent_objective=4.0 contender_objective=4.0 score=0 accepted=False repair_failed=False used_exploration=False stagnation_rounds=18 weights_updated=False
  destroyed=destroy_streak_around_worst_worker: destroyed streak len=13 start=(w1,d1) end=(w2,d6); destroyed_inside=13
iter=56 elapsed=88.746s step_runtime=13.701s destroy=destroy_streak_around_worst_worker repair=repair_gecode_long objective_metric=minizinc_objective incumbent_objective=4.0 contender_objective=4.0 score=0 accepted=False repair_failed=False used_exploration=False stagnation_rounds=19 weights_updated=False
  destroyed=destroy_streak_around_worst_worker: destroyed streak len=19 start=(w0,d5) end=(w3,d2); destroyed_inside=19
iter=57 elapsed=89.262s step_runtime=0.515s destroy=destroy_max_border_off repair=repair_gecode_fast objective_metric=minizinc_objective incumbent_objective=4.0 contender_objective=4.0 score=0 accepted=False repair_failed=False used_exploration=False stagnation_rounds=20 weights_updated=False
  destroyed=destroy_max_border_off: destroyed max-border off: vars_erased=2
iter=58 elapsed=89.842s step_runtime=0.580s destroy=destroy_exploration repair=repair_exploration objective_metric=minizinc_objective incumbent_objective=4.0 contender_objective=4.0 score=0 accepted=False repair_failed=False used_exploration=True stagnation_rounds=21 weights_updated=False
  destroyed=destroy_exploration: destroyed window: [1, 2, 3] x [2, 3, 4]
iter=59 elapsed=90.421s step_runtime=0.579s destroy=destroy_exploration repair=repair_exploration objective_metric=minizinc_objective incumbent_objective=4.0 contender_objective=4.0 score=0 accepted=False repair_failed=False used_exploration=True stagnation_rounds=22 weights_updated=False
  destroyed=destroy_exploration: destroyed window: [4, 5] x [0, 1, 5, 6]
iter=60 elapsed=90.917s step_runtime=0.495s destroy=destroy_all_forbidden_sequences repair=repair_chuffed_fast objective_metric=minizinc_objective incumbent_objective=4.0 contender_objective=4.0 score=0 accepted=False repair_failed=False used_exploration=False stagnation_rounds=23 weights_updated=True
  destroyed=destroy_all_forbidden_sequences: destroyed forbidden sequences: vars_erased=2

  weight update (destroy):
    operator                             before    after
    destroy_worst_workers_10pct            0.08     0.08
    destroy_worst_workers_30pct            0.08     0.08
    destroy_random_workers_20pct           0.10     0.10
    destroy_random_window_20pct            0.10     0.10
    destroy_all_forbidden_sequences        0.10     0.10
    destroy_streak_around_worst_worker     0.08     0.08
    destroy_worst_days_10pct               0.19     0.17
    destroy_worst_days_30pct               0.08     0.08
    destroy_random_days_20pct              0.08     0.08
    destroy_max_border_work                0.03     0.02
    destroy_max_border_off                 0.03     0.02
    destroy_max_border_shift_1             0.03     0.02
    destroy_max_border_shift_2             0.03     0.02
    destroy_max_border_shift_3             0.03     0.02

  weight update (repair):
    operator                             before    after
    repair_chuffed_fast                    0.36     0.33
    repair_gecode_fast                     0.26     0.25
    repair_chuffed_long                    0.16     0.18
    repair_gecode_long                     0.23     0.24
iter=61 elapsed=91.386s step_runtime=0.469s destroy=destroy_max_border_shift_3 repair=repair_chuffed_long objective_metric=minizinc_objective incumbent_objective=4.0 contender_objective=4.0 score=0 accepted=False repair_failed=False used_exploration=False stagnation_rounds=24 weights_updated=False
  destroyed=destroy_max_border_shift_3: destroyed max-border shift_3: vars_erased=7
iter=62 elapsed=91.960s step_runtime=0.575s destroy=destroy_worst_workers_10pct repair=repair_gecode_fast objective_metric=minizinc_objective incumbent_objective=4.0 contender_objective=4.0 score=0 accepted=False repair_failed=False used_exploration=False stagnation_rounds=25 weights_updated=False
  destroyed=destroy_worst_workers_10pct: destroyed workers: [2]
iter=63 elapsed=92.475s step_runtime=0.515s destroy=destroy_max_border_shift_1 repair=repair_gecode_fast objective_metric=minizinc_objective incumbent_objective=4.0 contender_objective=4.0 score=0 accepted=False repair_failed=False used_exploration=False stagnation_rounds=26 weights_updated=False
  destroyed=destroy_max_border_shift_1: destroyed max-border shift_1: vars_erased=2
iter=64 elapsed=93.036s step_runtime=0.561s destroy=destroy_worst_workers_10pct repair=repair_chuffed_fast objective_metric=minizinc_objective incumbent_objective=4.0 contender_objective=4.0 score=0 accepted=False repair_failed=False used_exploration=False stagnation_rounds=27 weights_updated=False
  destroyed=destroy_worst_workers_10pct: destroyed workers: [2]
iter=65 elapsed=93.546s step_runtime=0.510s destroy=destroy_max_border_shift_3 repair=repair_gecode_fast objective_metric=minizinc_objective incumbent_objective=4.0 contender_objective=4.0 score=0 accepted=False repair_failed=False used_exploration=False stagnation_rounds=28 weights_updated=False
  destroyed=destroy_max_border_shift_3: destroyed max-border shift_3: vars_erased=7
iter=66 elapsed=94.082s step_runtime=0.536s destroy=destroy_worst_days_10pct repair=repair_chuffed_fast objective_metric=minizinc_objective incumbent_objective=4.0 contender_objective=4.0 score=0 accepted=False repair_failed=False used_exploration=False stagnation_rounds=29 weights_updated=False
  destroyed=destroy_worst_days_10pct: destroyed days: [6]
iter=67 elapsed=100.501s step_runtime=6.419s destroy=destroy_streak_around_worst_worker repair=repair_gecode_fast objective_metric=minizinc_objective incumbent_objective=4.0 contender_objective=9.0 score=0 accepted=False repair_failed=False used_exploration=False stagnation_rounds=30 weights_updated=False
  destroyed=destroy_streak_around_worst_worker: destroyed streak len=21 start=(w0,d4) end=(w3,d3); destroyed_inside=21
iter=68 elapsed=101.108s step_runtime=0.607s destroy=destroy_exploration repair=repair_exploration objective_metric=minizinc_objective incumbent_objective=4.0 contender_objective=4.0 score=0 accepted=False repair_failed=False used_exploration=True stagnation_rounds=31 weights_updated=False
  destroyed=destroy_exploration: destroyed window: [3, 4, 5] x [1, 2, 3]
iter=69 elapsed=102.062s step_runtime=0.954s destroy=destroy_exploration repair=repair_exploration objective_metric=minizinc_objective incumbent_objective=4.0 contender_objective=4.0 score=0 accepted=False repair_failed=False used_exploration=True stagnation_rounds=32 weights_updated=False
  destroyed=destroy_exploration: destroyed window: [0, 4, 5, 6] x [3, 4, 5, 6]
iter=70 elapsed=102.575s step_runtime=0.513s destroy=destroy_max_border_work repair=repair_gecode_fast objective_metric=minizinc_objective incumbent_objective=4.0 contender_objective=4.0 score=0 accepted=False repair_failed=False used_exploration=False stagnation_rounds=33 weights_updated=True
  destroyed=destroy_max_border_work: destroyed max-border work: vars_erased=7

  weight update (destroy):
    operator                             before    after
    destroy_worst_workers_10pct            0.08     0.09
    destroy_worst_workers_30pct            0.08     0.09
    destroy_random_workers_20pct           0.10     0.10
    destroy_random_window_20pct            0.10     0.10
    destroy_all_forbidden_sequences        0.10     0.10
    destroy_streak_around_worst_worker     0.08     0.09
    destroy_worst_days_10pct               0.17     0.16
    destroy_worst_days_30pct               0.08     0.09
    destroy_random_days_20pct              0.08     0.09
    destroy_max_border_work                0.02     0.02
    destroy_max_border_off                 0.02     0.02
    destroy_max_border_shift_1             0.02     0.02
    destroy_max_border_shift_2             0.02     0.02
    destroy_max_border_shift_3             0.02     0.02

  weight update (repair):
    operator                             before    after
    repair_chuffed_fast                    0.33     0.32
    repair_gecode_fast                     0.25     0.25
    repair_chuffed_long                    0.18     0.19
    repair_gecode_long                     0.24     0.24
iter=71 elapsed=103.108s step_runtime=0.533s destroy=destroy_all_forbidden_sequences repair=repair_gecode_fast objective_metric=minizinc_objective incumbent_objective=4.0 contender_objective=4.0 score=0 accepted=False repair_failed=False used_exploration=False stagnation_rounds=34 weights_updated=False
  destroyed=destroy_all_forbidden_sequences: destroyed forbidden sequences: vars_erased=2
iter=72 elapsed=103.646s step_runtime=0.537s destroy=destroy_all_forbidden_sequences repair=repair_gecode_fast objective_metric=minizinc_objective incumbent_objective=4.0 contender_objective=4.0 score=0 accepted=False repair_failed=False used_exploration=False stagnation_rounds=35 weights_updated=False
  destroyed=destroy_all_forbidden_sequences: destroyed forbidden sequences: vars_erased=2
iter=73 elapsed=104.256s step_runtime=0.610s destroy=destroy_streak_around_worst_worker repair=repair_chuffed_fast objective_metric=minizinc_objective incumbent_objective=4.0 contender_objective=4.0 score=0 accepted=False repair_failed=False used_exploration=False stagnation_rounds=36 weights_updated=False
  destroyed=destroy_streak_around_worst_worker: destroyed streak len=9 start=(w1,d3) end=(w2,d4); destroyed_inside=9
iter=74 elapsed=104.801s step_runtime=0.545s destroy=destroy_worst_days_10pct repair=repair_chuffed_long objective_metric=minizinc_objective incumbent_objective=4.0 contender_objective=4.0 score=0 accepted=False repair_failed=False used_exploration=False stagnation_rounds=37 weights_updated=False
  destroyed=destroy_worst_days_10pct: destroyed days: [6]
iter=75 elapsed=105.359s step_runtime=0.558s destroy=destroy_worst_days_10pct repair=repair_gecode_fast objective_metric=minizinc_objective incumbent_objective=4.0 contender_objective=4.0 score=0 accepted=False repair_failed=False used_exploration=False stagnation_rounds=38 weights_updated=False
  destroyed=destroy_worst_days_10pct: destroyed days: [6]
iter=76 elapsed=105.852s step_runtime=0.493s destroy=destroy_all_forbidden_sequences repair=repair_chuffed_long objective_metric=minizinc_objective incumbent_objective=4.0 contender_objective=4.0 score=0 accepted=False repair_failed=False used_exploration=False stagnation_rounds=39 weights_updated=False
  destroyed=destroy_all_forbidden_sequences: destroyed forbidden sequences: vars_erased=2
iter=77 elapsed=106.317s step_runtime=0.465s destroy=destroy_max_border_shift_3 repair=repair_chuffed_fast objective_metric=minizinc_objective incumbent_objective=4.0 contender_objective=4.0 score=0 accepted=False repair_failed=False used_exploration=False stagnation_rounds=40 weights_updated=False
  destroyed=destroy_max_border_shift_3: destroyed max-border shift_3: vars_erased=7
iter=78 elapsed=106.902s step_runtime=0.585s destroy=destroy_exploration repair=repair_exploration objective_metric=minizinc_objective incumbent_objective=4.0 contender_objective=4.0 score=0 accepted=False repair_failed=False used_exploration=True stagnation_rounds=41 weights_updated=False
  destroyed=destroy_exploration: destroyed window: [0, 5, 6] x [2, 3, 4]
iter=79 elapsed=107.472s step_runtime=0.569s destroy=destroy_exploration repair=repair_exploration objective_metric=minizinc_objective incumbent_objective=4.0 contender_objective=4.0 score=0 accepted=False repair_failed=False used_exploration=True stagnation_rounds=42 weights_updated=False
  destroyed=destroy_exploration: destroyed window: [2, 3, 4, 5] x [0, 6]
iter=80 elapsed=113.920s step_runtime=6.448s destroy=destroy_streak_around_worst_worker repair=repair_chuffed_fast objective_metric=minizinc_objective incumbent_objective=4.0 contender_objective=9.0 score=0 accepted=False repair_failed=False used_exploration=False stagnation_rounds=43 weights_updated=True
  destroyed=destroy_streak_around_worst_worker: destroyed streak len=21 start=(w0,d4) end=(w3,d3); destroyed_inside=21

  weight update (destroy):
    operator                             before    after
    destroy_worst_workers_10pct            0.09     0.09
    destroy_worst_workers_30pct            0.09     0.09
    destroy_random_workers_20pct           0.10     0.10
    destroy_random_window_20pct            0.10     0.10
    destroy_all_forbidden_sequences        0.10     0.10
    destroy_streak_around_worst_worker     0.09     0.09
    destroy_worst_days_10pct               0.16     0.15
    destroy_worst_days_30pct               0.09     0.09
    destroy_random_days_20pct              0.09     0.09
    destroy_max_border_work                0.02     0.02
    destroy_max_border_off                 0.02     0.02
    destroy_max_border_shift_1             0.02     0.02
    destroy_max_border_shift_2             0.02     0.02
    destroy_max_border_shift_3             0.02     0.02

  weight update (repair):
    operator                             before    after
    repair_chuffed_fast                    0.32     0.30
    repair_gecode_fast                     0.25     0.25
    repair_chuffed_long                    0.19     0.20
    repair_gecode_long                     0.24     0.24
iter=81 elapsed=114.465s step_runtime=0.545s destroy=destroy_worst_days_10pct repair=repair_chuffed_fast objective_metric=minizinc_objective incumbent_objective=4.0 contender_objective=4.0 score=0 accepted=False repair_failed=False used_exploration=False stagnation_rounds=44 weights_updated=False
  destroyed=destroy_worst_days_10pct: destroyed days: [6]
iter=82 elapsed=115.020s step_runtime=0.555s destroy=destroy_worst_workers_10pct repair=repair_chuffed_fast objective_metric=minizinc_objective incumbent_objective=4.0 contender_objective=4.0 score=0 accepted=False repair_failed=False used_exploration=False stagnation_rounds=45 weights_updated=False
  destroyed=destroy_worst_workers_10pct: destroyed workers: [2]
iter=83 elapsed=115.598s step_runtime=0.578s destroy=destroy_worst_workers_10pct repair=repair_gecode_long objective_metric=minizinc_objective incumbent_objective=4.0 contender_objective=4.0 score=0 accepted=False repair_failed=False used_exploration=False stagnation_rounds=46 weights_updated=False
  destroyed=destroy_worst_workers_10pct: destroyed workers: [2]
iter=84 elapsed=116.173s step_runtime=0.575s destroy=destroy_worst_workers_10pct repair=repair_gecode_long objective_metric=minizinc_objective incumbent_objective=4.0 contender_objective=4.0 score=0 accepted=False repair_failed=False used_exploration=False stagnation_rounds=47 weights_updated=False
  destroyed=destroy_worst_workers_10pct: destroyed workers: [2]
iter=85 elapsed=116.716s step_runtime=0.543s destroy=destroy_worst_days_10pct repair=repair_chuffed_fast objective_metric=minizinc_objective incumbent_objective=4.0 contender_objective=4.0 score=0 accepted=False repair_failed=False used_exploration=False stagnation_rounds=48 weights_updated=False
  destroyed=destroy_worst_days_10pct: destroyed days: [6]
iter=86 elapsed=117.184s step_runtime=0.467s destroy=destroy_max_border_shift_3 repair=repair_chuffed_fast objective_metric=minizinc_objective incumbent_objective=4.0 contender_objective=4.0 score=0 accepted=False repair_failed=False used_exploration=False stagnation_rounds=49 weights_updated=False
  destroyed=destroy_max_border_shift_3: destroyed max-border shift_3: vars_erased=7
iter=87 elapsed=117.711s step_runtime=0.527s destroy=destroy_all_forbidden_sequences repair=repair_gecode_fast objective_metric=minizinc_objective incumbent_objective=4.0 contender_objective=4.0 score=0 accepted=False repair_failed=False used_exploration=False stagnation_rounds=50 weights_updated=False
  destroyed=destroy_all_forbidden_sequences: destroyed forbidden sequences: vars_erased=2
iter=88 elapsed=118.617s step_runtime=0.906s destroy=destroy_exploration repair=repair_exploration objective_metric=minizinc_objective incumbent_objective=4.0 contender_objective=4.0 score=0 accepted=False repair_failed=False used_exploration=True stagnation_rounds=51 weights_updated=False
  destroyed=destroy_exploration: destroyed window: [3, 4, 5, 6] x [3, 4, 5, 6]
iter=89 elapsed=119.264s step_runtime=0.646s destroy=destroy_exploration repair=repair_exploration objective_metric=minizinc_objective incumbent_objective=4.0 contender_objective=4.0 score=0 accepted=False repair_failed=False used_exploration=True stagnation_rounds=52 weights_updated=False
  destroyed=destroy_exploration: destroyed window: [0, 1, 6] x [0, 4, 5, 6]
iter=90 elapsed=119.849s step_runtime=0.585s destroy=destroy_worst_workers_10pct repair=repair_gecode_long objective_metric=minizinc_objective incumbent_objective=4.0 contender_objective=4.0 score=0 accepted=False repair_failed=False used_exploration=False stagnation_rounds=53 weights_updated=True
  destroyed=destroy_worst_workers_10pct: destroyed workers: [2]

  weight update (destroy):
    operator                             before    after
    destroy_worst_workers_10pct            0.09     0.10
    destroy_worst_workers_30pct            0.09     0.10
    destroy_random_workers_20pct           0.10     0.10
    destroy_random_window_20pct            0.10     0.10
    destroy_all_forbidden_sequences        0.10     0.10
    destroy_streak_around_worst_worker     0.09     0.10
    destroy_worst_days_10pct               0.15     0.14
    destroy_worst_days_30pct               0.09     0.10
    destroy_random_days_20pct              0.09     0.10
    destroy_max_border_work                0.02     0.01
    destroy_max_border_off                 0.02     0.01
    destroy_max_border_shift_1             0.02     0.01
    destroy_max_border_shift_2             0.02     0.01
    destroy_max_border_shift_3             0.02     0.01

  weight update (repair):
    operator                             before    after
    repair_chuffed_fast                    0.30     0.29
    repair_gecode_fast                     0.25     0.25
    repair_chuffed_long                    0.20     0.21
    repair_gecode_long                     0.24     0.24
iter=91 elapsed=120.572s step_runtime=0.723s destroy=destroy_streak_around_worst_worker repair=repair_chuffed_long objective_metric=minizinc_objective incumbent_objective=4.0 contender_objective=4.0 score=0 accepted=False repair_failed=False used_exploration=False stagnation_rounds=54 weights_updated=False
  destroyed=destroy_streak_around_worst_worker: destroyed streak len=13 start=(w1,d1) end=(w2,d6); destroyed_inside=13
iter=92 elapsed=121.110s step_runtime=0.538s destroy=destroy_worst_days_10pct repair=repair_chuffed_fast objective_metric=minizinc_objective incumbent_objective=4.0 contender_objective=4.0 score=0 accepted=False repair_failed=False used_exploration=False stagnation_rounds=55 weights_updated=False
  destroyed=destroy_worst_days_10pct: destroyed days: [6]
iter=93 elapsed=127.540s step_runtime=6.430s destroy=destroy_streak_around_worst_worker repair=repair_chuffed_fast objective_metric=minizinc_objective incumbent_objective=4.0 contender_objective=6.0 score=0 accepted=False repair_failed=False used_exploration=False stagnation_rounds=56 weights_updated=False
  destroyed=destroy_streak_around_worst_worker: destroyed streak len=19 start=(w0,d5) end=(w3,d2); destroyed_inside=19
iter=94 elapsed=128.125s step_runtime=0.585s destroy=destroy_all_forbidden_sequences repair=repair_gecode_fast objective_metric=minizinc_objective incumbent_objective=4.0 contender_objective=4.0 score=0 accepted=False repair_failed=False used_exploration=False stagnation_rounds=57 weights_updated=False
  destroyed=destroy_all_forbidden_sequences: destroyed forbidden sequences: vars_erased=2
iter=95 elapsed=128.885s step_runtime=0.760s destroy=destroy_streak_around_worst_worker repair=repair_gecode_long objective_metric=minizinc_objective incumbent_objective=4.0 contender_objective=4.0 score=0 accepted=False repair_failed=False used_exploration=False stagnation_rounds=58 weights_updated=False
  destroyed=destroy_streak_around_worst_worker: destroyed streak len=13 start=(w1,d1) end=(w2,d6); destroyed_inside=13
iter=96 elapsed=129.363s step_runtime=0.478s destroy=destroy_max_border_shift_2 repair=repair_chuffed_long objective_metric=minizinc_objective incumbent_objective=4.0 contender_objective=4.0 score=0 accepted=False repair_failed=False used_exploration=False stagnation_rounds=59 weights_updated=False
  destroyed=destroy_max_border_shift_2: destroyed max-border shift_2: vars_erased=7
iter=97 elapsed=129.929s step_runtime=0.566s destroy=destroy_worst_workers_10pct repair=repair_chuffed_long objective_metric=minizinc_objective incumbent_objective=4.0 contender_objective=4.0 score=0 accepted=False repair_failed=False used_exploration=False stagnation_rounds=60 weights_updated=False
  destroyed=destroy_worst_workers_10pct: destroyed workers: [2]
iter=98 elapsed=130.435s step_runtime=0.506s destroy=destroy_exploration repair=repair_exploration objective_metric=minizinc_objective incumbent_objective=4.0 contender_objective=4.0 score=0 accepted=False repair_failed=False used_exploration=True stagnation_rounds=61 weights_updated=False
  destroyed=destroy_exploration: destroyed window: [5, 6] x [0, 1]
iter=99 elapsed=130.992s step_runtime=0.558s destroy=destroy_exploration repair=repair_exploration objective_metric=minizinc_objective incumbent_objective=4.0 contender_objective=4.0 score=0 accepted=False repair_failed=False used_exploration=True stagnation_rounds=62 weights_updated=False
  destroyed=destroy_exploration: destroyed window: [2, 3, 4, 5] x [3, 4]
iter=100 elapsed=131.617s step_runtime=0.625s destroy=destroy_worst_workers_10pct repair=repair_gecode_fast objective_metric=minizinc_objective incumbent_objective=4.0 contender_objective=4.0 score=0 accepted=False repair_failed=False used_exploration=False stagnation_rounds=63 weights_updated=True
  destroyed=destroy_worst_workers_10pct: destroyed workers: [2]

  weight update (destroy):
    operator                             before    after
    destroy_worst_workers_10pct            0.10     0.10
    destroy_worst_workers_30pct            0.10     0.10
    destroy_random_workers_20pct           0.10     0.10
    destroy_random_window_20pct            0.10     0.10
    destroy_all_forbidden_sequences        0.10     0.10
    destroy_streak_around_worst_worker     0.10     0.10
    destroy_worst_days_10pct               0.14     0.13
    destroy_worst_days_30pct               0.10     0.10
    destroy_random_days_20pct              0.10     0.10
    destroy_max_border_work                0.01     0.01
    destroy_max_border_off                 0.01     0.01
    destroy_max_border_shift_1             0.01     0.01
    destroy_max_border_shift_2             0.01     0.01
    destroy_max_border_shift_3             0.01     0.01

  weight update (repair):
    operator                             before    after
    repair_chuffed_fast                    0.29     0.28
    repair_gecode_fast                     0.25     0.25
    repair_chuffed_long                    0.21     0.22
    repair_gecode_long                     0.24     0.24
iter=101 elapsed=132.187s step_runtime=0.569s destroy=destroy_worst_days_10pct repair=repair_gecode_long objective_metric=minizinc_objective incumbent_objective=4.0 contender_objective=4.0 score=0 accepted=False repair_failed=False used_exploration=False stagnation_rounds=64 weights_updated=False
  destroyed=destroy_worst_days_10pct: destroyed days: [6]
iter=102 elapsed=132.766s step_runtime=0.579s destroy=destroy_worst_workers_10pct repair=repair_chuffed_fast objective_metric=minizinc_objective incumbent_objective=4.0 contender_objective=4.0 score=0 accepted=False repair_failed=False used_exploration=False stagnation_rounds=65 weights_updated=False
  destroyed=destroy_worst_workers_10pct: destroyed workers: [2]
iter=103 elapsed=133.499s step_runtime=0.733s destroy=destroy_streak_around_worst_worker repair=repair_gecode_long objective_metric=minizinc_objective incumbent_objective=4.0 contender_objective=4.0 score=0 accepted=False repair_failed=False used_exploration=False stagnation_rounds=66 weights_updated=False
  destroyed=destroy_streak_around_worst_worker: destroyed streak len=13 start=(w1,d1) end=(w2,d6); destroyed_inside=13
iter=104 elapsed=135.733s step_runtime=2.234s destroy=destroy_streak_around_worst_worker repair=repair_gecode_long objective_metric=minizinc_objective incumbent_objective=4.0 contender_objective=4.0 score=0 accepted=False repair_failed=False used_exploration=False stagnation_rounds=67 weights_updated=False
  destroyed=destroy_streak_around_worst_worker: destroyed streak len=17 start=(w0,d6) end=(w3,d1); destroyed_inside=17
iter=105 elapsed=136.225s step_runtime=0.492s destroy=destroy_all_forbidden_sequences repair=repair_chuffed_long objective_metric=minizinc_objective incumbent_objective=4.0 contender_objective=4.0 score=0 accepted=False repair_failed=False used_exploration=False stagnation_rounds=68 weights_updated=False
  destroyed=destroy_all_forbidden_sequences: destroyed forbidden sequences: vars_erased=2
iter=106 elapsed=137.302s step_runtime=1.077s destroy=destroy_streak_around_worst_worker repair=repair_chuffed_long objective_metric=minizinc_objective incumbent_objective=4.0 contender_objective=4.0 score=0 accepted=False repair_failed=False used_exploration=False stagnation_rounds=69 weights_updated=False
  destroyed=destroy_streak_around_worst_worker: destroyed streak len=15 start=(w1,d0) end=(w3,d0); destroyed_inside=15
iter=107 elapsed=137.780s step_runtime=0.478s destroy=destroy_max_border_shift_2 repair=repair_chuffed_fast objective_metric=minizinc_objective incumbent_objective=4.0 contender_objective=4.0 score=0 accepted=False repair_failed=False used_exploration=False stagnation_rounds=70 weights_updated=False
  destroyed=destroy_max_border_shift_2: destroyed max-border shift_2: vars_erased=7
iter=108 elapsed=138.293s step_runtime=0.513s destroy=destroy_exploration repair=repair_exploration objective_metric=minizinc_objective incumbent_objective=4.0 contender_objective=4.0 score=0 accepted=False repair_failed=False used_exploration=True stagnation_rounds=71 weights_updated=False
  destroyed=destroy_exploration: destroyed window: [0, 1] x [4, 5]
iter=109 elapsed=138.929s step_runtime=0.636s destroy=destroy_exploration repair=repair_exploration objective_metric=minizinc_objective incumbent_objective=4.0 contender_objective=4.0 score=0 accepted=False repair_failed=False used_exploration=True stagnation_rounds=72 weights_updated=False
  destroyed=destroy_exploration: destroyed window: [0, 1, 6] x [2, 3, 4, 5]
iter=110 elapsed=139.467s step_runtime=0.539s destroy=destroy_all_forbidden_sequences repair=repair_gecode_fast objective_metric=minizinc_objective incumbent_objective=4.0 contender_objective=4.0 score=0 accepted=False repair_failed=False used_exploration=False stagnation_rounds=73 weights_updated=True
  destroyed=destroy_all_forbidden_sequences: destroyed forbidden sequences: vars_erased=2

  weight update (destroy):
    operator                             before    after
    destroy_worst_workers_10pct            0.10     0.10
    destroy_worst_workers_30pct            0.10     0.10
    destroy_random_workers_20pct           0.10     0.11
    destroy_random_window_20pct            0.10     0.11
    destroy_all_forbidden_sequences        0.10     0.11
    destroy_streak_around_worst_worker     0.10     0.10
    destroy_worst_days_10pct               0.13     0.13
    destroy_worst_days_30pct               0.10     0.10
    destroy_random_days_20pct              0.10     0.10
    destroy_max_border_work                0.01     0.01
    destroy_max_border_off                 0.01     0.01
    destroy_max_border_shift_1             0.01     0.01
    destroy_max_border_shift_2             0.01     0.01
    destroy_max_border_shift_3             0.01     0.01

  weight update (repair):
    operator                             before    after
    repair_chuffed_fast                    0.28     0.28
    repair_gecode_fast                     0.25     0.25
    repair_chuffed_long                    0.22     0.23
    repair_gecode_long                     0.24     0.25
iter=111 elapsed=140.033s step_runtime=0.566s destroy=destroy_worst_days_10pct repair=repair_gecode_long objective_metric=minizinc_objective incumbent_objective=4.0 contender_objective=4.0 score=0 accepted=False repair_failed=False used_exploration=False stagnation_rounds=74 weights_updated=False
  destroyed=destroy_worst_days_10pct: destroyed days: [6]
iter=112 elapsed=140.525s step_runtime=0.492s destroy=destroy_all_forbidden_sequences repair=repair_chuffed_fast objective_metric=minizinc_objective incumbent_objective=4.0 contender_objective=4.0 score=0 accepted=False repair_failed=False used_exploration=False stagnation_rounds=75 weights_updated=False
  destroyed=destroy_all_forbidden_sequences: destroyed forbidden sequences: vars_erased=2
iter=113 elapsed=169.297s step_runtime=28.772s destroy=destroy_streak_around_worst_worker repair=repair_chuffed_long objective_metric=minizinc_objective incumbent_objective=4.0 contender_objective=4.0 score=0 accepted=False repair_failed=False used_exploration=False stagnation_rounds=76 weights_updated=False
  destroyed=destroy_streak_around_worst_worker: destroyed streak len=21 start=(w0,d4) end=(w3,d3); destroyed_inside=21
iter=114 elapsed=169.810s step_runtime=0.513s destroy=destroy_all_forbidden_sequences repair=repair_chuffed_fast objective_metric=minizinc_objective incumbent_objective=4.0 contender_objective=4.0 score=0 accepted=False repair_failed=False used_exploration=False stagnation_rounds=77 weights_updated=False
  destroyed=destroy_all_forbidden_sequences: destroyed forbidden sequences: vars_erased=2
iter=115 elapsed=170.284s step_runtime=0.474s destroy=destroy_max_border_off repair=repair_chuffed_fast objective_metric=minizinc_objective incumbent_objective=4.0 contender_objective=4.0 score=0 accepted=False repair_failed=False used_exploration=False stagnation_rounds=78 weights_updated=False
  destroyed=destroy_max_border_off: destroyed max-border off: vars_erased=7
iter=116 elapsed=176.718s step_runtime=6.434s destroy=destroy_streak_around_worst_worker repair=repair_chuffed_fast objective_metric=minizinc_objective incumbent_objective=4.0 contender_objective=9.0 score=0 accepted=False repair_failed=False used_exploration=False stagnation_rounds=79 weights_updated=False
  destroyed=destroy_streak_around_worst_worker: destroyed streak len=21 start=(w0,d4) end=(w3,d3); destroyed_inside=21
iter=117 elapsed=177.186s step_runtime=0.468s destroy=destroy_max_border_shift_3 repair=repair_chuffed_long objective_metric=minizinc_objective incumbent_objective=4.0 contender_objective=4.0 score=0 accepted=False repair_failed=False used_exploration=False stagnation_rounds=80 weights_updated=False
  destroyed=destroy_max_border_shift_3: destroyed max-border shift_3: vars_erased=19
iter=118 elapsed=177.749s step_runtime=0.563s destroy=destroy_exploration repair=repair_exploration objective_metric=minizinc_objective incumbent_objective=4.0 contender_objective=4.0 score=0 accepted=False repair_failed=False used_exploration=True stagnation_rounds=81 weights_updated=False
  destroyed=destroy_exploration: destroyed window: [0, 6] x [0, 1, 2, 6]
iter=119 elapsed=179.198s step_runtime=1.449s destroy=destroy_exploration repair=repair_exploration objective_metric=minizinc_objective incumbent_objective=4.0 contender_objective=4.0 score=0 accepted=False repair_failed=False used_exploration=True stagnation_rounds=82 weights_updated=False
  destroyed=destroy_exploration: destroyed window: [1, 2, 3, 4] x [0, 1, 5, 6]
iter=120 elapsed=179.767s step_runtime=0.568s destroy=destroy_worst_days_10pct repair=repair_gecode_fast objective_metric=minizinc_objective incumbent_objective=4.0 contender_objective=4.0 score=0 accepted=False repair_failed=False used_exploration=False stagnation_rounds=83 weights_updated=True
  destroyed=destroy_worst_days_10pct: destroyed days: [6]

  weight update (destroy):
    operator                             before    after
    destroy_worst_workers_10pct            0.10     0.10
    destroy_worst_workers_30pct            0.10     0.10
    destroy_random_workers_20pct           0.11     0.11
    destroy_random_window_20pct            0.11     0.11
    destroy_all_forbidden_sequences        0.11     0.11
    destroy_streak_around_worst_worker     0.10     0.10
    destroy_worst_days_10pct               0.13     0.12
    destroy_worst_days_30pct               0.10     0.10
    destroy_random_days_20pct              0.10     0.10
    destroy_max_border_work                0.01     0.01
    destroy_max_border_off                 0.01     0.01
    destroy_max_border_shift_1             0.01     0.01
    destroy_max_border_shift_2             0.01     0.01
    destroy_max_border_shift_3             0.01     0.01

  weight update (repair):
    operator                             before    after
    repair_chuffed_fast                    0.28     0.27
    repair_gecode_fast                     0.25     0.25
    repair_chuffed_long                    0.23     0.23
    repair_gecode_long                     0.25     0.25
iter=121 elapsed=180.325s step_runtime=0.559s destroy=destroy_worst_workers_10pct repair=repair_chuffed_fast objective_metric=minizinc_objective incumbent_objective=4.0 contender_objective=4.0 score=0 accepted=False repair_failed=False used_exploration=False stagnation_rounds=84 weights_updated=False
  destroyed=destroy_worst_workers_10pct: destroyed workers: [2]
