Loaded instance: Example8.txt
instance=Example8
instance_name=Example8
instance_file=Example8.txt
instance_path=/Users/gab/Library/Mobile Documents/com~apple~CloudDocs/QuIST/ML/Optimization/Project 2/LNS_scheduling/Instances1-50/Example8.txt
variant=alns_late_phase
seed=1

iter=1 elapsed=1.199s step_runtime=1.199s destroy=destroy_max_border_off repair=repair_chuffed_fast objective_metric=minizinc_objective incumbent_objective=inf contender_objective=65.0 score=5 accepted=True repair_failed=False used_exploration=False stagnation_rounds=0 weights_updated=False
  destroyed=destroy_max_border_off: destroyed max-border off: vars_erased=10
iter=2 elapsed=4.934s step_runtime=3.735s destroy=destroy_worst_workers_30pct repair=repair_chuffed_fast objective_metric=minizinc_objective incumbent_objective=65.0 contender_objective=58.0 score=5 accepted=True repair_failed=False used_exploration=False stagnation_rounds=0 weights_updated=False
  destroyed=destroy_worst_workers_30pct: destroyed workers: [5, 7, 8, 9, 10]
iter=3 elapsed=8.423s step_runtime=3.489s destroy=destroy_worst_days_10pct repair=repair_chuffed_fast objective_metric=minizinc_objective incumbent_objective=58.0 contender_objective=53.0 score=5 accepted=True repair_failed=False used_exploration=False stagnation_rounds=0 weights_updated=False
  destroyed=destroy_worst_days_10pct: destroyed days: [0]
iter=4 elapsed=10.465s step_runtime=2.043s destroy=destroy_worst_workers_10pct repair=repair_gecode_fast objective_metric=minizinc_objective incumbent_objective=53.0 contender_objective=39.0 score=5 accepted=True repair_failed=False used_exploration=False stagnation_rounds=0 weights_updated=False
  destroyed=destroy_worst_workers_10pct: destroyed workers: [1, 2]
iter=5 elapsed=12.819s step_runtime=2.354s destroy=destroy_max_border_off repair=repair_gecode_fast objective_metric=minizinc_objective incumbent_objective=39.0 contender_objective=20.0 score=5 accepted=True repair_failed=False used_exploration=False stagnation_rounds=0 weights_updated=False
  destroyed=destroy_max_border_off: destroyed max-border off: vars_erased=17
iter=6 elapsed=14.462s step_runtime=1.642s destroy=destroy_worst_workers_10pct repair=repair_chuffed_fast objective_metric=minizinc_objective incumbent_objective=20.0 contender_objective=19.0 score=5 accepted=True repair_failed=False used_exploration=False stagnation_rounds=0 weights_updated=False
  destroyed=destroy_worst_workers_10pct: destroyed workers: [7, 13]
iter=7 elapsed=18.210s step_runtime=3.749s destroy=destroy_streak_around_worst_worker repair=repair_chuffed_fast objective_metric=minizinc_objective incumbent_objective=19.0 contender_objective=60.0 score=0 accepted=False repair_failed=False used_exploration=False stagnation_rounds=1 weights_updated=False
  destroyed=destroy_streak_around_worst_worker: destroyed streak len=33 start=(w10,d5) end=(w15,d2); destroyed_inside=33
iter=8 elapsed=20.652s step_runtime=2.441s destroy=destroy_random_window_20pct repair=repair_gecode_fast objective_metric=minizinc_objective incumbent_objective=19.0 contender_objective=15.0 score=5 accepted=True repair_failed=False used_exploration=False stagnation_rounds=0 weights_updated=False
  destroyed=destroy_random_window_20pct: destroyed window: [5, 6, 7, 8, 9, 10, 11, 12, 13] x [2, 3]
iter=9 elapsed=21.365s step_runtime=0.714s destroy=destroy_all_forbidden_sequences repair=repair_gecode_fast objective_metric=minizinc_objective incumbent_objective=15.0 contender_objective=14.0 score=5 accepted=True repair_failed=False used_exploration=False stagnation_rounds=0 weights_updated=False
  destroyed=destroy_all_forbidden_sequences: destroyed forbidden sequences: vars_erased=6
iter=10 elapsed=51.877s step_runtime=30.512s destroy=destroy_streak_around_worst_worker repair=repair_gecode_long objective_metric=minizinc_objective incumbent_objective=14.0 contender_objective=29.0 score=0 accepted=False repair_failed=False used_exploration=False stagnation_rounds=1 weights_updated=True
  destroyed=destroy_streak_around_worst_worker: destroyed streak len=35 start=(w3,d4) end=(w8,d3); destroyed_inside=35

  weight update (destroy):
    operator                             before    after
    destroy_worst_workers_10pct            0.07     0.10
    destroy_worst_workers_30pct            0.07     0.10
    destroy_random_workers_20pct           0.07     0.06
    destroy_random_window_20pct            0.07     0.10
    destroy_all_forbidden_sequences        0.07     0.10
    destroy_streak_around_worst_worker     0.07     0.06
    destroy_worst_days_10pct               0.07     0.10
    destroy_worst_days_30pct               0.07     0.06
    destroy_random_days_20pct              0.07     0.06
    destroy_max_border_work                0.07     0.06
    destroy_max_border_off                 0.07     0.06
    destroy_max_border_shift_1             0.07     0.06
    destroy_max_border_shift_2             0.07     0.06
    destroy_max_border_shift_3             0.07     0.06

  weight update (repair):
    operator                             before    after
    repair_chuffed_fast                    0.40     0.36
    repair_gecode_fast                     0.40     0.48
    repair_chuffed_long                    0.10     0.08
    repair_gecode_long                     0.10     0.08
iter=11 elapsed=52.541s step_runtime=0.664s destroy=destroy_all_forbidden_sequences repair=repair_gecode_fast objective_metric=minizinc_objective incumbent_objective=14.0 contender_objective=14.0 score=0 accepted=False repair_failed=False used_exploration=False stagnation_rounds=2 weights_updated=False
  destroyed=destroy_all_forbidden_sequences: destroyed forbidden sequences: vars_erased=4
iter=12 elapsed=53.157s step_runtime=0.615s destroy=destroy_max_border_shift_3 repair=repair_chuffed_fast objective_metric=minizinc_objective incumbent_objective=14.0 contender_objective=14.0 score=0 accepted=False repair_failed=False used_exploration=False stagnation_rounds=3 weights_updated=False
  destroyed=destroy_max_border_shift_3: destroyed max-border shift_3: vars_erased=37
iter=13 elapsed=83.702s step_runtime=30.545s destroy=destroy_streak_around_worst_worker repair=repair_gecode_long objective_metric=minizinc_objective incumbent_objective=14.0 contender_objective=34.0 score=0 accepted=False repair_failed=False used_exploration=False stagnation_rounds=4 weights_updated=False
  destroyed=destroy_streak_around_worst_worker: destroyed streak len=31 start=(w3,d6) end=(w8,d1); destroyed_inside=31
iter=14 elapsed=90.205s step_runtime=6.503s destroy=destroy_streak_around_worst_worker repair=repair_gecode_fast objective_metric=minizinc_objective incumbent_objective=14.0 contender_objective=115.0 score=0 accepted=False repair_failed=False used_exploration=False stagnation_rounds=5 weights_updated=False
  destroyed=destroy_streak_around_worst_worker: destroyed streak len=47 start=(w2,d5) end=(w9,d2); destroyed_inside=47
iter=15 elapsed=90.819s step_runtime=0.614s destroy=destroy_max_border_off repair=repair_chuffed_fast objective_metric=minizinc_objective incumbent_objective=14.0 contender_objective=14.0 score=0 accepted=False repair_failed=False used_exploration=False stagnation_rounds=6 weights_updated=False
  destroyed=destroy_max_border_off: destroyed max-border off: vars_erased=14
iter=16 elapsed=91.759s step_runtime=0.940s destroy=destroy_worst_workers_10pct repair=repair_gecode_long objective_metric=minizinc_objective incumbent_objective=14.0 contender_objective=13.0 score=5 accepted=True repair_failed=False used_exploration=False stagnation_rounds=0 weights_updated=False
  destroyed=destroy_worst_workers_10pct: destroyed workers: [6, 9]
iter=17 elapsed=92.918s step_runtime=1.159s destroy=destroy_worst_workers_10pct repair=repair_chuffed_long objective_metric=minizinc_objective incumbent_objective=13.0 contender_objective=10.0 score=5 accepted=True repair_failed=False used_exploration=False stagnation_rounds=0 weights_updated=False
  destroyed=destroy_worst_workers_10pct: destroyed workers: [6, 11]
iter=18 elapsed=99.922s step_runtime=7.005s destroy=destroy_streak_around_worst_worker repair=repair_chuffed_fast objective_metric=minizinc_objective incumbent_objective=10.0 contender_objective=219.0 score=0 accepted=False repair_failed=False used_exploration=False stagnation_rounds=1 weights_updated=False
  destroyed=destroy_streak_around_worst_worker: destroyed streak len=57 start=(w4,d1) end=(w12,d1); destroyed_inside=57
iter=19 elapsed=106.401s step_runtime=6.478s destroy=destroy_streak_around_worst_worker repair=repair_gecode_fast objective_metric=minizinc_objective incumbent_objective=10.0 contender_objective=29.0 score=0 accepted=False repair_failed=False used_exploration=False stagnation_rounds=2 weights_updated=False
  destroyed=destroy_streak_around_worst_worker: destroyed streak len=29 start=(w6,d1) end=(w10,d1); destroyed_inside=29
iter=20 elapsed=107.051s step_runtime=0.650s destroy=destroy_all_forbidden_sequences repair=repair_gecode_long objective_metric=minizinc_objective incumbent_objective=10.0 contender_objective=10.0 score=0 accepted=False repair_failed=False used_exploration=False stagnation_rounds=3 weights_updated=True
  destroyed=destroy_all_forbidden_sequences: destroyed forbidden sequences: vars_erased=2

  weight update (destroy):
    operator                             before    after
    destroy_worst_workers_10pct            0.10     0.28
    destroy_worst_workers_30pct            0.10     0.08
    destroy_random_workers_20pct           0.06     0.05
    destroy_random_window_20pct            0.10     0.08
    destroy_all_forbidden_sequences        0.10     0.08
    destroy_streak_around_worst_worker     0.06     0.05
    destroy_worst_days_10pct               0.10     0.08
    destroy_worst_days_30pct               0.06     0.05
    destroy_random_days_20pct              0.06     0.05
    destroy_max_border_work                0.06     0.05
    destroy_max_border_off                 0.06     0.05
    destroy_max_border_shift_1             0.06     0.05
    destroy_max_border_shift_2             0.06     0.05
    destroy_max_border_shift_3             0.06     0.05

  weight update (repair):
    operator                             before    after
    repair_chuffed_fast                    0.36     0.29
    repair_gecode_fast                     0.48     0.39
    repair_chuffed_long                    0.08     0.26
    repair_gecode_long                     0.08     0.07
iter=21 elapsed=108.248s step_runtime=1.197s destroy=destroy_worst_workers_10pct repair=repair_chuffed_long objective_metric=minizinc_objective incumbent_objective=10.0 contender_objective=8.0 score=5 accepted=True repair_failed=False used_exploration=False stagnation_rounds=0 weights_updated=False
  destroyed=destroy_worst_workers_10pct: destroyed workers: [8, 9]
iter=22 elapsed=109.747s step_runtime=1.499s destroy=destroy_worst_days_10pct repair=repair_chuffed_long objective_metric=minizinc_objective incumbent_objective=8.0 contender_objective=7.0 score=5 accepted=True repair_failed=False used_exploration=False stagnation_rounds=0 weights_updated=False
  destroyed=destroy_worst_days_10pct: destroyed days: [0]
iter=23 elapsed=110.575s step_runtime=0.827s destroy=destroy_worst_days_10pct repair=repair_chuffed_long objective_metric=minizinc_objective incumbent_objective=7.0 contender_objective=7.0 score=0 accepted=False repair_failed=False used_exploration=False stagnation_rounds=1 weights_updated=False
  destroyed=destroy_worst_days_10pct: destroyed days: [6]
iter=24 elapsed=111.470s step_runtime=0.895s destroy=destroy_worst_days_10pct repair=repair_chuffed_fast objective_metric=minizinc_objective incumbent_objective=7.0 contender_objective=7.0 score=0 accepted=False repair_failed=False used_exploration=False stagnation_rounds=2 weights_updated=False
  destroyed=destroy_worst_days_10pct: destroyed days: [6]
iter=25 elapsed=142.285s step_runtime=30.815s destroy=destroy_streak_around_worst_worker repair=repair_chuffed_long objective_metric=minizinc_objective incumbent_objective=7.0 contender_objective=109.0 score=0 accepted=False repair_failed=False used_exploration=False stagnation_rounds=3 weights_updated=False
  destroyed=destroy_streak_around_worst_worker: destroyed streak len=45 start=(w7,d0) end=(w13,d2); destroyed_inside=45
iter=26 elapsed=143.169s step_runtime=0.883s destroy=destroy_worst_workers_10pct repair=repair_gecode_fast objective_metric=minizinc_objective incumbent_objective=7.0 contender_objective=7.0 score=0 accepted=False repair_failed=False used_exploration=False stagnation_rounds=4 weights_updated=False
  destroyed=destroy_worst_workers_10pct: destroyed workers: [10, 12]
iter=27 elapsed=143.888s step_runtime=0.720s destroy=destroy_all_forbidden_sequences repair=repair_chuffed_long objective_metric=minizinc_objective incumbent_objective=7.0 contender_objective=7.0 score=0 accepted=False repair_failed=False used_exploration=False stagnation_rounds=5 weights_updated=False
  destroyed=destroy_all_forbidden_sequences: destroyed forbidden sequences: vars_erased=2
iter=28 elapsed=144.529s step_runtime=0.640s destroy=destroy_max_border_shift_1 repair=repair_gecode_fast objective_metric=minizinc_objective incumbent_objective=7.0 contender_objective=7.0 score=0 accepted=False repair_failed=False used_exploration=False stagnation_rounds=6 weights_updated=False
  destroyed=destroy_max_border_shift_1: destroyed max-border shift_1: vars_erased=14
iter=29 elapsed=151.223s step_runtime=6.695s destroy=destroy_streak_around_worst_worker repair=repair_gecode_fast objective_metric=minizinc_objective incumbent_objective=7.0 contender_objective=46.0 score=0 accepted=False repair_failed=False used_exploration=False stagnation_rounds=7 weights_updated=False
  destroyed=destroy_streak_around_worst_worker: destroyed streak len=35 start=(w7,d5) end=(w12,d4); destroyed_inside=35
iter=30 elapsed=151.834s step_runtime=0.611s destroy=destroy_max_border_off repair=repair_chuffed_fast objective_metric=minizinc_objective incumbent_objective=7.0 contender_objective=7.0 score=0 accepted=False repair_failed=False used_exploration=False stagnation_rounds=8 weights_updated=True
  destroyed=destroy_max_border_off: destroyed max-border off: vars_erased=14

  weight update (destroy):
    operator                             before    after
    destroy_worst_workers_10pct            0.28     0.36
    destroy_worst_workers_30pct            0.08     0.07
    destroy_random_workers_20pct           0.05     0.04
    destroy_random_window_20pct            0.08     0.07
    destroy_all_forbidden_sequences        0.08     0.07
    destroy_streak_around_worst_worker     0.05     0.04
    destroy_worst_days_10pct               0.08     0.10
    destroy_worst_days_30pct               0.05     0.04
    destroy_random_days_20pct              0.05     0.04
    destroy_max_border_work                0.05     0.04
    destroy_max_border_off                 0.05     0.04
    destroy_max_border_shift_1             0.05     0.04
    destroy_max_border_shift_2             0.05     0.04
    destroy_max_border_shift_3             0.05     0.04

  weight update (repair):
    operator                             before    after
    repair_chuffed_fast                    0.29     0.24
    repair_gecode_fast                     0.39     0.32
    repair_chuffed_long                    0.26     0.38
    repair_gecode_long                     0.07     0.06
iter=31 elapsed=152.913s step_runtime=1.079s destroy=destroy_worst_workers_10pct repair=repair_chuffed_fast objective_metric=minizinc_objective incumbent_objective=7.0 contender_objective=7.0 score=0 accepted=False repair_failed=False used_exploration=False stagnation_rounds=9 weights_updated=False
  destroyed=destroy_worst_workers_10pct: destroyed workers: [10, 12]
iter=32 elapsed=153.666s step_runtime=0.753s destroy=destroy_worst_days_10pct repair=repair_gecode_fast objective_metric=minizinc_objective incumbent_objective=7.0 contender_objective=7.0 score=0 accepted=False repair_failed=False used_exploration=False stagnation_rounds=10 weights_updated=False
  destroyed=destroy_worst_days_10pct: destroyed days: [6]
iter=33 elapsed=254.247s step_runtime=100.582s destroy=destroy_exploration repair=repair_exploration objective_metric=minizinc_objective incumbent_objective=7.0 contender_objective=33.0 score=0 accepted=False repair_failed=False used_exploration=True stagnation_rounds=11 weights_updated=False
  destroyed=destroy_exploration: destroyed window: [3, 4, 5, 6, 7, 8, 9, 10, 11, 12, 13] x [2, 3, 4]
