Loaded instance: Example8.txt
instance=Example8
instance_name=Example8
instance_file=Example8.txt
instance_path=/Users/gab/Library/Mobile Documents/com~apple~CloudDocs/QuIST/ML/Optimization/Project 2/LNS_scheduling/Instances1-50/Example8.txt
variant=alns_late_phase
seed=2

iter=1 elapsed=0.996s step_runtime=0.996s destroy=destroy_worst_workers_10pct repair=repair_gecode_long objective_metric=minizinc_objective incumbent_objective=inf contender_objective=66.0 score=5 accepted=True repair_failed=False used_exploration=False stagnation_rounds=0 weights_updated=False
  destroyed=destroy_worst_workers_10pct: destroyed workers: [0, 1]
iter=2 elapsed=1.954s step_runtime=0.958s destroy=destroy_max_border_off repair=repair_chuffed_fast objective_metric=minizinc_objective incumbent_objective=66.0 contender_objective=65.0 score=5 accepted=True repair_failed=False used_exploration=False stagnation_rounds=0 weights_updated=False
  destroyed=destroy_max_border_off: destroyed max-border off: vars_erased=3
iter=3 elapsed=5.420s step_runtime=3.466s destroy=destroy_all_forbidden_sequences repair=repair_gecode_fast objective_metric=minizinc_objective incumbent_objective=65.0 contender_objective=20.0 score=5 accepted=True repair_failed=False used_exploration=False stagnation_rounds=0 weights_updated=False
  destroyed=destroy_all_forbidden_sequences: destroyed forbidden sequences: vars_erased=22
iter=4 elapsed=20.965s step_runtime=15.545s destroy=destroy_streak_around_worst_worker repair=repair_gecode_long objective_metric=minizinc_objective incumbent_objective=20.0 contender_objective=96.0 score=0 accepted=False repair_failed=False used_exploration=False stagnation_rounds=1 weights_updated=False
  destroyed=destroy_streak_around_worst_worker: destroyed streak len=43 start=(w3,d0) end=(w9,d0); destroyed_inside=43
iter=5 elapsed=22.115s step_runtime=1.151s destroy=destroy_worst_workers_10pct repair=repair_chuffed_long objective_metric=minizinc_objective incumbent_objective=20.0 contender_objective=14.0 score=5 accepted=True repair_failed=False used_exploration=False stagnation_rounds=0 weights_updated=False
  destroyed=destroy_worst_workers_10pct: destroyed workers: [6, 14]
iter=6 elapsed=28.612s step_runtime=6.497s destroy=destroy_streak_around_worst_worker repair=repair_gecode_fast objective_metric=minizinc_objective incumbent_objective=14.0 contender_objective=83.0 score=0 accepted=False repair_failed=False used_exploration=False stagnation_rounds=1 weights_updated=False
  destroyed=destroy_streak_around_worst_worker: destroyed streak len=43 start=(w4,d1) end=(w10,d1); destroyed_inside=43
iter=7 elapsed=59.138s step_runtime=30.525s destroy=destroy_streak_around_worst_worker repair=repair_gecode_long objective_metric=minizinc_objective incumbent_objective=14.0 contender_objective=65.0 score=0 accepted=False repair_failed=False used_exploration=False stagnation_rounds=2 weights_updated=False
  destroyed=destroy_streak_around_worst_worker: destroyed streak len=41 start=(w4,d2) end=(w10,d0); destroyed_inside=41
iter=8 elapsed=59.925s step_runtime=0.787s destroy=destroy_all_forbidden_sequences repair=repair_chuffed_fast objective_metric=minizinc_objective incumbent_objective=14.0 contender_objective=14.0 score=0 accepted=False repair_failed=False used_exploration=False stagnation_rounds=3 weights_updated=False
  destroyed=destroy_all_forbidden_sequences: destroyed forbidden sequences: vars_erased=4
iter=9 elapsed=60.506s step_runtime=0.581s destroy=destroy_max_border_work repair=repair_gecode_fast objective_metric=minizinc_objective incumbent_objective=14.0 contender_objective=14.0 score=0 accepted=False repair_failed=False used_exploration=False stagnation_rounds=4 weights_updated=False
  destroyed=destroy_max_border_work: destroyed max-border work: vars_erased=4
iter=10 elapsed=61.110s step_runtime=0.604s destroy=destroy_max_border_off repair=repair_chuffed_fast objective_metric=minizinc_objective incumbent_objective=14.0 contender_objective=14.0 score=0 accepted=False repair_failed=False used_exploration=False stagnation_rounds=5 weights_updated=True
  destroyed=destroy_max_border_off: destroyed max-border off: vars_erased=41

  weight update (destroy):
    operator                             before    after
    destroy_worst_workers_10pct            0.07     0.25
    destroy_worst_workers_30pct            0.07     0.06
    destroy_random_workers_20pct           0.07     0.06
    destroy_random_window_20pct            0.07     0.06
    destroy_all_forbidden_sequences        0.07     0.06
    destroy_streak_around_worst_worker     0.07     0.06
    destroy_worst_days_10pct               0.07     0.06
    destroy_worst_days_30pct               0.07     0.06
    destroy_random_days_20pct              0.07     0.06
    destroy_max_border_work                0.07     0.06
    destroy_max_border_off                 0.07     0.06
    destroy_max_border_shift_1             0.07     0.06
    destroy_max_border_shift_2             0.07     0.06
    destroy_max_border_shift_3             0.07     0.06

  weight update (repair):
    operator                             before    after
    repair_chuffed_fast                    0.40     0.32
    repair_gecode_fast                     0.40     0.32
    repair_chuffed_long                    0.10     0.28
    repair_gecode_long                     0.10     0.08
iter=11 elapsed=62.274s step_runtime=1.164s destroy=destroy_worst_workers_10pct repair=repair_gecode_fast objective_metric=minizinc_objective incumbent_objective=14.0 contender_objective=11.0 score=5 accepted=True repair_failed=False used_exploration=False stagnation_rounds=0 weights_updated=False
  destroyed=destroy_worst_workers_10pct: destroyed workers: [7, 11]
iter=12 elapsed=62.928s step_runtime=0.654s destroy=destroy_max_border_off repair=repair_gecode_long objective_metric=minizinc_objective incumbent_objective=11.0 contender_objective=11.0 score=0 accepted=False repair_failed=False used_exploration=False stagnation_rounds=1 weights_updated=False
  destroyed=destroy_max_border_off: destroyed max-border off: vars_erased=16
iter=13 elapsed=93.752s step_runtime=30.823s destroy=destroy_streak_around_worst_worker repair=repair_chuffed_long objective_metric=minizinc_objective incumbent_objective=11.0 contender_objective=94.0 score=0 accepted=False repair_failed=False used_exploration=False stagnation_rounds=2 weights_updated=False
  destroyed=destroy_streak_around_worst_worker: destroyed streak len=43 start=(w8,d0) end=(w14,d0); destroyed_inside=43
iter=14 elapsed=94.478s step_runtime=0.726s destroy=destroy_max_border_work repair=repair_gecode_fast objective_metric=minizinc_objective incumbent_objective=11.0 contender_objective=11.0 score=0 accepted=False repair_failed=False used_exploration=False stagnation_rounds=3 weights_updated=False
  destroyed=destroy_max_border_work: destroyed max-border work: vars_erased=16
iter=15 elapsed=125.347s step_runtime=30.869s destroy=destroy_streak_around_worst_worker repair=repair_chuffed_long objective_metric=minizinc_objective incumbent_objective=11.0 contender_objective=94.0 score=0 accepted=False repair_failed=False used_exploration=False stagnation_rounds=4 weights_updated=False
  destroyed=destroy_streak_around_worst_worker: destroyed streak len=43 start=(w8,d0) end=(w14,d0); destroyed_inside=43
iter=16 elapsed=126.001s step_runtime=0.654s destroy=destroy_max_border_shift_1 repair=repair_chuffed_fast objective_metric=minizinc_objective incumbent_objective=11.0 contender_objective=11.0 score=0 accepted=False repair_failed=False used_exploration=False stagnation_rounds=5 weights_updated=False
  destroyed=destroy_max_border_shift_1: destroyed max-border shift_1: vars_erased=14
iter=17 elapsed=127.863s step_runtime=1.862s destroy=destroy_worst_workers_10pct repair=repair_chuffed_long objective_metric=minizinc_objective incumbent_objective=11.0 contender_objective=10.0 score=5 accepted=True repair_failed=False used_exploration=False stagnation_rounds=0 weights_updated=False
  destroyed=destroy_worst_workers_10pct: destroyed workers: [11, 12]
iter=18 elapsed=133.172s step_runtime=5.309s destroy=destroy_worst_days_10pct repair=repair_chuffed_fast objective_metric=minizinc_objective incumbent_objective=10.0 contender_objective=10.0 score=0 accepted=False repair_failed=False used_exploration=False stagnation_rounds=1 weights_updated=False
  destroyed=destroy_worst_days_10pct: destroyed days: [0]
iter=19 elapsed=133.795s step_runtime=0.622s destroy=destroy_max_border_shift_2 repair=repair_chuffed_fast objective_metric=minizinc_objective incumbent_objective=10.0 contender_objective=10.0 score=0 accepted=False repair_failed=False used_exploration=False stagnation_rounds=2 weights_updated=False
  destroyed=destroy_max_border_shift_2: destroyed max-border shift_2: vars_erased=14
iter=20 elapsed=134.419s step_runtime=0.625s destroy=destroy_all_forbidden_sequences repair=repair_chuffed_fast objective_metric=minizinc_objective incumbent_objective=10.0 contender_objective=10.0 score=0 accepted=False repair_failed=False used_exploration=False stagnation_rounds=3 weights_updated=True
  destroyed=destroy_all_forbidden_sequences: destroyed forbidden sequences: vars_erased=2

  weight update (destroy):
    operator                             before    after
    destroy_worst_workers_10pct            0.25     0.40
    destroy_worst_workers_30pct            0.06     0.05
    destroy_random_workers_20pct           0.06     0.05
    destroy_random_window_20pct            0.06     0.05
    destroy_all_forbidden_sequences        0.06     0.05
    destroy_streak_around_worst_worker     0.06     0.05
    destroy_worst_days_10pct               0.06     0.05
    destroy_worst_days_30pct               0.06     0.05
    destroy_random_days_20pct              0.06     0.05
    destroy_max_border_work                0.06     0.05
    destroy_max_border_off                 0.06     0.05
    destroy_max_border_shift_1             0.06     0.05
    destroy_max_border_shift_2             0.06     0.05
    destroy_max_border_shift_3             0.06     0.05

  weight update (repair):
    operator                             before    after
    repair_chuffed_fast                    0.32     0.26
    repair_gecode_fast                     0.32     0.41
    repair_chuffed_long                    0.28     0.26
    repair_gecode_long                     0.08     0.07
iter=21 elapsed=136.308s step_runtime=1.889s destroy=destroy_worst_workers_10pct repair=repair_chuffed_fast objective_metric=minizinc_objective incumbent_objective=10.0 contender_objective=10.0 score=0 accepted=False repair_failed=False used_exploration=False stagnation_rounds=4 weights_updated=False
  destroyed=destroy_worst_workers_10pct: destroyed workers: [11, 12]
iter=22 elapsed=137.675s step_runtime=1.367s destroy=destroy_worst_workers_10pct repair=repair_gecode_long objective_metric=minizinc_objective incumbent_objective=10.0 contender_objective=10.0 score=0 accepted=False repair_failed=False used_exploration=False stagnation_rounds=5 weights_updated=False
  destroyed=destroy_worst_workers_10pct: destroyed workers: [11, 12]
iter=23 elapsed=138.263s step_runtime=0.588s destroy=destroy_max_border_work repair=repair_chuffed_fast objective_metric=minizinc_objective incumbent_objective=10.0 contender_objective=10.0 score=0 accepted=False repair_failed=False used_exploration=False stagnation_rounds=6 weights_updated=False
  destroyed=destroy_max_border_work: destroyed max-border work: vars_erased=14
iter=24 elapsed=140.184s step_runtime=1.921s destroy=destroy_worst_workers_10pct repair=repair_chuffed_long objective_metric=minizinc_objective incumbent_objective=10.0 contender_objective=10.0 score=0 accepted=False repair_failed=False used_exploration=False stagnation_rounds=7 weights_updated=False
  destroyed=destroy_worst_workers_10pct: destroyed workers: [11, 12]
iter=25 elapsed=140.815s step_runtime=0.631s destroy=destroy_max_border_work repair=repair_gecode_fast objective_metric=minizinc_objective incumbent_objective=10.0 contender_objective=10.0 score=0 accepted=False repair_failed=False used_exploration=False stagnation_rounds=8 weights_updated=False
  destroyed=destroy_max_border_work: destroyed max-border work: vars_erased=14
iter=26 elapsed=171.296s step_runtime=30.480s destroy=destroy_streak_around_worst_worker repair=repair_gecode_long objective_metric=minizinc_objective incumbent_objective=10.0 contender_objective=20.0 score=0 accepted=False repair_failed=False used_exploration=False stagnation_rounds=9 weights_updated=False
  destroyed=destroy_streak_around_worst_worker: destroyed streak len=27 start=(w9,d1) end=(w12,d6); destroyed_inside=27
iter=27 elapsed=171.977s step_runtime=0.681s destroy=destroy_max_border_shift_3 repair=repair_chuffed_fast objective_metric=minizinc_objective incumbent_objective=10.0 contender_objective=10.0 score=0 accepted=False repair_failed=False used_exploration=False stagnation_rounds=10 weights_updated=False
  destroyed=destroy_max_border_shift_3: destroyed max-border shift_3: vars_erased=14
iter=28 elapsed=272.767s step_runtime=100.790s destroy=destroy_exploration repair=repair_exploration objective_metric=minizinc_objective incumbent_objective=10.0 contender_objective=25.0 score=0 accepted=False repair_failed=False used_exploration=True stagnation_rounds=11 weights_updated=False
  destroyed=destroy_exploration: destroyed window: [0, 1, 2, 3, 10, 11, 12, 13, 14, 15] x [0, 4, 5, 6]
