Loaded instance: Example9.txt
instance=Example9
instance_name=Example9
instance_file=Example9.txt
instance_path=/Users/gab/Library/Mobile Documents/com~apple~CloudDocs/QuIST/ML/Optimization/Project 2/LNS_scheduling/Instances1-50/Example9.txt
variant=alns_late_phase
seed=1

iter=1 elapsed=4.710s step_runtime=4.710s destroy=destroy_max_border_off repair=repair_chuffed_fast objective_metric=minizinc_objective incumbent_objective=inf contender_objective=404.0 score=5 accepted=True repair_failed=False used_exploration=False stagnation_rounds=0 weights_updated=False
  destroyed=destroy_max_border_off: destroyed max-border off: vars_erased=39
iter=2 elapsed=9.385s step_runtime=4.675s destroy=destroy_worst_workers_30pct repair=repair_chuffed_fast objective_metric=minizinc_objective incumbent_objective=404.0 contender_objective=404.0 score=0 accepted=False repair_failed=True used_exploration=False stagnation_rounds=1 weights_updated=False
  repair_error=RuntimeError: MiniZinc repair failed with status: UNKNOWN
  destroyed=destroy_worst_workers_30pct: destroyed workers: [0, 7, 8, 9, 10, 11, 12, 13, 14, 15, 30, 41, 42, 43, 44]
iter=3 elapsed=14.029s step_runtime=4.645s destroy=destroy_random_window_20pct repair=repair_chuffed_fast objective_metric=minizinc_objective incumbent_objective=404.0 contender_objective=176.0 score=5 accepted=True repair_failed=False used_exploration=False stagnation_rounds=0 weights_updated=False
  destroyed=destroy_random_window_20pct: destroyed window: [0, 1, 2, 3, 4, 5, 6, 7, 8, 9, 10, 11, 12, 13, 14, 15, 16, 17, 18, 19, 20, 21, 22, 23, 24, 34, 35, 36, 37, 38, 39, 40, 41, 42, 43, 44, 45, 46] x [3, 4, 5]
iter=4 elapsed=18.388s step_runtime=4.359s destroy=destroy_random_window_20pct repair=repair_chuffed_fast objective_metric=minizinc_objective incumbent_objective=176.0 contender_objective=189.0 score=0 accepted=False repair_failed=False used_exploration=False stagnation_rounds=1 weights_updated=False
  destroyed=destroy_random_window_20pct: destroyed window: [0, 1, 14, 15, 16, 17, 18, 19, 20, 21, 22, 23, 24, 25, 26, 27, 28, 29, 30, 31, 32, 33, 34, 35, 36, 37, 38, 39, 40, 41, 42, 43, 44, 45, 46] x [3, 4]
iter=5 elapsed=23.007s step_runtime=4.619s destroy=destroy_worst_workers_30pct repair=repair_chuffed_fast objective_metric=minizinc_objective incumbent_objective=176.0 contender_objective=510.0 score=0 accepted=False repair_failed=False used_exploration=False stagnation_rounds=2 weights_updated=False
  destroyed=destroy_worst_workers_30pct: destroyed workers: [7, 8, 9, 10, 11, 12, 13, 14, 15, 30, 39, 40, 41, 42, 43]
iter=6 elapsed=26.840s step_runtime=3.832s destroy=destroy_all_forbidden_sequences repair=repair_gecode_fast objective_metric=minizinc_objective incumbent_objective=176.0 contender_objective=176.0 score=1 accepted=True repair_failed=False used_exploration=False stagnation_rounds=3 weights_updated=False
  destroyed=destroy_all_forbidden_sequences: destroyed forbidden sequences: vars_erased=29
iter=7 elapsed=31.550s step_runtime=4.710s destroy=destroy_max_border_off repair=repair_chuffed_fast objective_metric=minizinc_objective incumbent_objective=176.0 contender_objective=148.0 score=5 accepted=True repair_failed=False used_exploration=False stagnation_rounds=0 weights_updated=False
  destroyed=destroy_max_border_off: destroyed max-border off: vars_erased=62
iter=8 elapsed=36.233s step_runtime=4.682s destroy=destroy_random_window_20pct repair=repair_chuffed_fast objective_metric=minizinc_objective incumbent_objective=148.0 contender_objective=262.0 score=0 accepted=False repair_failed=False used_exploration=False stagnation_rounds=1 weights_updated=False
  destroyed=destroy_random_window_20pct: destroyed window: [0, 1, 2, 3, 4, 14, 15, 16, 17, 18, 19, 20, 21, 22, 23, 24, 25, 26, 27, 28, 29, 30, 31, 32, 33, 34, 35, 36, 37, 38, 39, 40, 41, 42, 43, 44, 45, 46] x [2, 3, 4, 5]
iter=9 elapsed=40.053s step_runtime=3.821s destroy=destroy_random_window_20pct repair=repair_gecode_fast objective_metric=minizinc_objective incumbent_objective=148.0 contender_objective=255.0 score=0 accepted=False repair_failed=False used_exploration=False stagnation_rounds=2 weights_updated=False
  destroyed=destroy_random_window_20pct: destroyed window: [0, 1, 2, 3, 4, 5, 6, 7, 8, 9, 10, 23, 24, 25, 26, 27, 28, 29, 30, 31, 32, 33, 34, 35, 36, 37, 38, 39, 40, 41, 42, 43, 44, 45, 46] x [2, 3, 4, 5]
iter=10 elapsed=55.647s step_runtime=15.594s destroy=destroy_random_window_20pct repair=repair_gecode_long objective_metric=minizinc_objective incumbent_objective=148.0 contender_objective=233.0 score=0 accepted=False repair_failed=False used_exploration=False stagnation_rounds=3 weights_updated=True
  destroyed=destroy_random_window_20pct: destroyed window: [0, 1, 2, 3, 4, 5, 25, 26, 27, 28, 29, 30, 31, 32, 33, 34, 35, 36, 37, 38, 39, 40, 41, 42, 43, 44, 45, 46] x [1, 2]

  weight update (destroy):
    operator                             before    after
    destroy_worst_workers_10pct            0.07     0.06
    destroy_worst_workers_30pct            0.07     0.06
    destroy_random_workers_20pct           0.07     0.06
    destroy_random_window_20pct            0.07     0.06
    destroy_all_forbidden_sequences        0.07     0.06
    destroy_streak_around_worst_worker     0.07     0.06
    destroy_worst_days_10pct               0.07     0.06
    destroy_worst_days_30pct               0.07     0.06
    destroy_random_days_20pct              0.07     0.06
    destroy_max_border_work                0.07     0.06
    destroy_max_border_off                 0.07     0.26
    destroy_max_border_shift_1             0.07     0.06
    destroy_max_border_shift_2             0.07     0.06
    destroy_max_border_shift_3             0.07     0.06

  weight update (repair):
    operator                             before    after
    repair_chuffed_fast                    0.40     0.49
    repair_gecode_fast                     0.40     0.33
    repair_chuffed_long                    0.10     0.09
    repair_gecode_long                     0.10     0.09
iter=11 elapsed=59.361s step_runtime=3.714s destroy=destroy_random_window_20pct repair=repair_gecode_fast objective_metric=minizinc_objective incumbent_objective=148.0 contender_objective=345.0 score=0 accepted=False repair_failed=False used_exploration=False stagnation_rounds=4 weights_updated=False
  destroyed=destroy_random_window_20pct: destroyed window: [0, 1, 16, 17, 18, 19, 20, 21, 22, 23, 24, 25, 26, 27, 28, 29, 30, 31, 32, 33, 34, 35, 36, 37, 38, 39, 40, 41, 42, 43, 44, 45, 46] x [1, 2, 3]
iter=12 elapsed=62.963s step_runtime=3.602s destroy=destroy_random_workers_20pct repair=repair_gecode_fast objective_metric=minizinc_objective incumbent_objective=148.0 contender_objective=226.0 score=0 accepted=False repair_failed=False used_exploration=False stagnation_rounds=5 weights_updated=False
  destroyed=destroy_random_workers_20pct: destroyed workers: [4, 9, 10, 13, 18, 21, 23, 30, 37, 43]
iter=13 elapsed=66.580s step_runtime=3.617s destroy=destroy_random_workers_20pct repair=repair_gecode_fast objective_metric=minizinc_objective incumbent_objective=148.0 contender_objective=248.0 score=0 accepted=False repair_failed=False used_exploration=False stagnation_rounds=6 weights_updated=False
  destroyed=destroy_random_workers_20pct: destroyed workers: [6, 7, 8, 13, 15, 27, 32, 37, 40, 45]
iter=14 elapsed=71.101s step_runtime=4.521s destroy=destroy_random_workers_20pct repair=repair_chuffed_fast objective_metric=minizinc_objective incumbent_objective=148.0 contender_objective=244.0 score=0 accepted=False repair_failed=False used_exploration=False stagnation_rounds=7 weights_updated=False
  destroyed=destroy_random_workers_20pct: destroyed workers: [0, 7, 12, 16, 24, 30, 34, 36, 37, 45]
iter=15 elapsed=75.685s step_runtime=4.584s destroy=destroy_random_window_20pct repair=repair_chuffed_fast objective_metric=minizinc_objective incumbent_objective=148.0 contender_objective=194.0 score=0 accepted=False repair_failed=False used_exploration=False stagnation_rounds=8 weights_updated=False
  destroyed=destroy_random_window_20pct: destroyed window: [1, 2, 3, 4, 5, 6, 7, 8, 9, 10, 11, 12, 13, 14, 15, 16, 17, 18, 19, 20, 21, 22, 23, 24, 25, 26, 27, 28, 29, 30, 31, 32, 33, 34] x [0, 5, 6]
iter=16 elapsed=92.252s step_runtime=16.567s destroy=destroy_random_window_20pct repair=repair_chuffed_long objective_metric=minizinc_objective incumbent_objective=148.0 contender_objective=229.0 score=0 accepted=False repair_failed=False used_exploration=False stagnation_rounds=9 weights_updated=False
  destroyed=destroy_random_window_20pct: destroyed window: [11, 12, 13, 14, 15, 16, 17, 18, 19, 20, 21, 22, 23, 24, 25, 26, 27, 28, 29, 30, 31, 32, 33, 34, 35, 36, 37, 38, 39, 40, 41, 42, 43, 44] x [2, 3, 4, 5]
iter=17 elapsed=107.843s step_runtime=15.591s destroy=destroy_random_window_20pct repair=repair_gecode_long objective_metric=minizinc_objective incumbent_objective=148.0 contender_objective=154.0 score=0 accepted=False repair_failed=False used_exploration=False stagnation_rounds=10 weights_updated=False
  destroyed=destroy_random_window_20pct: destroyed window: [2, 3, 4, 5, 6, 7, 8, 9, 10, 11, 12, 13, 14, 15, 16, 17, 18, 19, 20, 21, 22, 23, 24, 25, 26, 27, 28, 29, 30, 31, 32, 33, 34, 35, 36, 37] x [3, 4]
iter=18 elapsed=158.981s step_runtime=51.138s destroy=destroy_exploration repair=repair_exploration objective_metric=minizinc_objective incumbent_objective=148.0 contender_objective=119.0 score=5 accepted=True repair_failed=False used_exploration=True stagnation_rounds=0 weights_updated=False
  destroyed=destroy_exploration: destroyed window: [0, 1, 2, 3, 17, 18, 19, 20, 21, 22, 23, 24, 25, 26, 27, 28, 29, 30, 31, 32, 33, 34, 35, 36, 37, 38, 39, 40, 41, 42, 43, 44, 45, 46] x [4, 5]
iter=19 elapsed=210.601s step_runtime=51.620s destroy=destroy_exploration repair=repair_exploration objective_metric=minizinc_objective incumbent_objective=119.0 contender_objective=162.0 score=0 accepted=False repair_failed=False used_exploration=True stagnation_rounds=1 weights_updated=False
  destroyed=destroy_exploration: destroyed window: [0, 1, 2, 3, 4, 5, 6, 7, 8, 9, 17, 18, 19, 20, 21, 22, 23, 24, 25, 26, 27, 28, 29, 30, 31, 32, 33, 34, 35, 36, 37, 38, 39, 40, 41, 42, 43, 44, 45, 46] x [0, 6]
