Loaded instance: Example10.txt
instance=Example10
instance_name=Example10
instance_file=Example10.txt
instance_path=/Users/gab/Library/Mobile Documents/com~apple~CloudDocs/QuIST/ML/Optimization/Project 2/LNS_scheduling/Instances1-50/Example10.txt
variant=alns_late_phase
seed=1

iter=1 elapsed=4.235s step_runtime=4.235s destroy=destroy_max_border_off repair=repair_chuffed_fast objective_metric=minizinc_objective incumbent_objective=inf contender_objective=534.0 score=5 accepted=True repair_failed=False used_exploration=False stagnation_rounds=0 weights_updated=False
  destroyed=destroy_max_border_off: destroyed max-border off: vars_erased=24
iter=2 elapsed=8.735s step_runtime=4.500s destroy=destroy_worst_workers_30pct repair=repair_chuffed_fast objective_metric=minizinc_objective incumbent_objective=534.0 contender_objective=241.0 score=5 accepted=True repair_failed=False used_exploration=False stagnation_rounds=0 weights_updated=False
  destroyed=destroy_worst_workers_30pct: destroyed workers: [0, 1, 2, 7, 8, 9, 10, 11, 12]
iter=3 elapsed=12.997s step_runtime=4.261s destroy=destroy_max_border_off repair=repair_chuffed_fast objective_metric=minizinc_objective incumbent_objective=241.0 contender_objective=199.0 score=5 accepted=True repair_failed=False used_exploration=False stagnation_rounds=0 weights_updated=False
  destroyed=destroy_max_border_off: destroyed max-border off: vars_erased=41
iter=4 elapsed=17.459s step_runtime=4.462s destroy=destroy_random_window_20pct repair=repair_chuffed_fast objective_metric=minizinc_objective incumbent_objective=199.0 contender_objective=258.0 score=0 accepted=False repair_failed=False used_exploration=False stagnation_rounds=1 weights_updated=False
  destroyed=destroy_random_window_20pct: destroyed window: [0, 1, 2, 3, 4, 5, 6, 7, 8, 9, 10, 20, 21, 22, 23, 24, 25, 26] x [0, 4, 5, 6]
iter=5 elapsed=21.290s step_runtime=3.830s destroy=destroy_random_window_20pct repair=repair_chuffed_fast objective_metric=minizinc_objective incumbent_objective=199.0 contender_objective=150.0 score=5 accepted=True repair_failed=False used_exploration=False stagnation_rounds=0 weights_updated=False
  destroyed=destroy_random_window_20pct: destroyed window: [0, 7, 8, 9, 10, 11, 12, 13, 14, 15, 16, 17, 18, 19, 20, 21, 22, 23, 24, 25, 26] x [3, 4]
iter=6 elapsed=25.235s step_runtime=3.945s destroy=destroy_random_window_20pct repair=repair_chuffed_fast objective_metric=minizinc_objective incumbent_objective=150.0 contender_objective=173.0 score=0 accepted=False repair_failed=False used_exploration=False stagnation_rounds=1 weights_updated=False
  destroyed=destroy_random_window_20pct: destroyed window: [0, 1, 2, 3, 4, 5, 6, 7, 8, 9, 10, 11, 12, 13, 14, 24, 25, 26] x [4, 5, 6]
iter=7 elapsed=26.591s step_runtime=1.357s destroy=destroy_all_forbidden_sequences repair=repair_chuffed_fast objective_metric=minizinc_objective incumbent_objective=150.0 contender_objective=144.0 score=5 accepted=True repair_failed=False used_exploration=False stagnation_rounds=0 weights_updated=False
  destroyed=destroy_all_forbidden_sequences: destroyed forbidden sequences: vars_erased=8
iter=8 elapsed=30.362s step_runtime=3.770s destroy=destroy_random_window_20pct repair=repair_chuffed_fast objective_metric=minizinc_objective incumbent_objective=144.0 contender_objective=151.0 score=0 accepted=False repair_failed=False used_exploration=False stagnation_rounds=1 weights_updated=False
  destroyed=destroy_random_window_20pct: destroyed window: [0, 1, 2, 3, 4, 5, 6, 7, 8, 9, 10, 11, 12, 13, 14, 23, 24, 25, 26] x [4, 5]
iter=9 elapsed=34.198s step_runtime=3.836s destroy=destroy_random_window_20pct repair=repair_gecode_fast objective_metric=minizinc_objective incumbent_objective=144.0 contender_objective=143.0 score=5 accepted=True repair_failed=False used_exploration=False stagnation_rounds=0 weights_updated=False
  destroyed=destroy_random_window_20pct: destroyed window: [7, 8, 9, 10, 11, 12, 13, 14, 15, 16, 17, 18, 19, 20, 21, 22, 23, 24, 25] x [4, 5]
iter=10 elapsed=38.297s step_runtime=4.099s destroy=destroy_random_workers_20pct repair=repair_chuffed_fast objective_metric=minizinc_objective incumbent_objective=143.0 contender_objective=218.0 score=0 accepted=False repair_failed=False used_exploration=False stagnation_rounds=1 weights_updated=True
  destroyed=destroy_random_workers_20pct: destroyed workers: [3, 5, 13, 14, 18, 25]

  weight update (destroy):
    operator                             before    after
    destroy_worst_workers_10pct            0.07     0.06
    destroy_worst_workers_30pct            0.07     0.12
    destroy_random_workers_20pct           0.07     0.06
    destroy_random_window_20pct            0.07     0.06
    destroy_all_forbidden_sequences        0.07     0.12
    destroy_streak_around_worst_worker     0.07     0.06
    destroy_worst_days_10pct               0.07     0.06
    destroy_worst_days_30pct               0.07     0.06
    destroy_random_days_20pct              0.07     0.06
    destroy_max_border_work                0.07     0.06
    destroy_max_border_off                 0.07     0.12
    destroy_max_border_shift_1             0.07     0.06
    destroy_max_border_shift_2             0.07     0.06
    destroy_max_border_shift_3             0.07     0.06

  weight update (repair):
    operator                             before    after
    repair_chuffed_fast                    0.40     0.33
    repair_gecode_fast                     0.40     0.51
    repair_chuffed_long                    0.10     0.08
    repair_gecode_long                     0.10     0.08
iter=11 elapsed=42.485s step_runtime=4.188s destroy=destroy_random_window_20pct repair=repair_chuffed_fast objective_metric=minizinc_objective incumbent_objective=143.0 contender_objective=183.0 score=0 accepted=False repair_failed=False used_exploration=False stagnation_rounds=2 weights_updated=False
  destroyed=destroy_random_window_20pct: destroyed window: [10, 11, 12, 13, 14, 15, 16, 17, 18, 19, 20, 21, 22, 23, 24, 25] x [0, 6]
iter=12 elapsed=57.963s step_runtime=15.478s destroy=destroy_random_window_20pct repair=repair_gecode_long objective_metric=minizinc_objective incumbent_objective=143.0 contender_objective=181.0 score=0 accepted=False repair_failed=False used_exploration=False stagnation_rounds=3 weights_updated=False
  destroyed=destroy_random_window_20pct: destroyed window: [0, 1, 2, 14, 15, 16, 17, 18, 19, 20, 21, 22, 23, 24, 25, 26] x [1, 2]
iter=13 elapsed=62.377s step_runtime=4.414s destroy=destroy_random_window_20pct repair=repair_chuffed_fast objective_metric=minizinc_objective incumbent_objective=143.0 contender_objective=204.0 score=0 accepted=False repair_failed=False used_exploration=False stagnation_rounds=4 weights_updated=False
  destroyed=destroy_random_window_20pct: destroyed window: [0, 1, 2, 3, 17, 18, 19, 20, 21, 22, 23, 24, 25, 26] x [0, 1, 6]
iter=14 elapsed=66.519s step_runtime=4.142s destroy=destroy_worst_days_30pct repair=repair_chuffed_fast objective_metric=minizinc_objective incumbent_objective=143.0 contender_objective=238.0 score=0 accepted=False repair_failed=False used_exploration=False stagnation_rounds=5 weights_updated=False
  destroyed=destroy_worst_days_30pct: destroyed days: [0, 3, 4]
iter=15 elapsed=70.686s step_runtime=4.167s destroy=destroy_max_border_off repair=repair_chuffed_fast objective_metric=minizinc_objective incumbent_objective=143.0 contender_objective=93.0 score=5 accepted=True repair_failed=False used_exploration=False stagnation_rounds=0 weights_updated=False
  destroyed=destroy_max_border_off: destroyed max-border off: vars_erased=30
iter=16 elapsed=74.568s step_runtime=3.882s destroy=destroy_random_workers_20pct repair=repair_chuffed_fast objective_metric=minizinc_objective incumbent_objective=93.0 contender_objective=130.0 score=0 accepted=False repair_failed=False used_exploration=False stagnation_rounds=1 weights_updated=False
  destroyed=destroy_random_workers_20pct: destroyed workers: [1, 10, 17, 19, 21, 23]
iter=17 elapsed=90.570s step_runtime=16.002s destroy=destroy_random_window_20pct repair=repair_chuffed_long objective_metric=minizinc_objective incumbent_objective=93.0 contender_objective=93.0 score=1 accepted=True repair_failed=False used_exploration=False stagnation_rounds=2 weights_updated=False
  destroyed=destroy_random_window_20pct: destroyed window: [0, 6, 7, 8, 9, 10, 11, 12, 13, 14, 15, 16, 17, 18, 19, 20, 21, 22, 23, 24, 25, 26] x [3, 4]
iter=18 elapsed=94.505s step_runtime=3.935s destroy=destroy_random_days_20pct repair=repair_chuffed_fast objective_metric=minizinc_objective incumbent_objective=93.0 contender_objective=190.0 score=0 accepted=False repair_failed=False used_exploration=False stagnation_rounds=3 weights_updated=False
  destroyed=destroy_random_days_20pct: destroyed days: [1, 4]
iter=19 elapsed=98.341s step_runtime=3.836s destroy=destroy_random_window_20pct repair=repair_chuffed_fast objective_metric=minizinc_objective incumbent_objective=93.0 contender_objective=109.0 score=0 accepted=False repair_failed=False used_exploration=False stagnation_rounds=4 weights_updated=False
  destroyed=destroy_random_window_20pct: destroyed window: [6, 7, 8, 9, 10, 11, 12, 13, 14, 15, 16, 17, 18, 19, 20, 21, 22, 23, 24] x [5, 6]
iter=20 elapsed=114.828s step_runtime=16.487s destroy=destroy_worst_workers_30pct repair=repair_chuffed_long objective_metric=minizinc_objective incumbent_objective=93.0 contender_objective=139.0 score=0 accepted=False repair_failed=False used_exploration=False stagnation_rounds=5 weights_updated=True
  destroyed=destroy_worst_workers_30pct: destroyed workers: [0, 1, 2, 6, 7, 8, 10, 11, 12]

  weight update (destroy):
    operator                             before    after
    destroy_worst_workers_10pct            0.06     0.05
    destroy_worst_workers_30pct            0.12     0.10
    destroy_random_workers_20pct           0.06     0.05
    destroy_random_window_20pct            0.06     0.05
    destroy_all_forbidden_sequences        0.12     0.10
    destroy_streak_around_worst_worker     0.06     0.05
    destroy_worst_days_10pct               0.06     0.05
    destroy_worst_days_30pct               0.06     0.05
    destroy_random_days_20pct              0.06     0.05
    destroy_max_border_work                0.06     0.05
    destroy_max_border_off                 0.12     0.30
    destroy_max_border_shift_1             0.06     0.05
    destroy_max_border_shift_2             0.06     0.05
    destroy_max_border_shift_3             0.06     0.05

  weight update (repair):
    operator                             before    after
    repair_chuffed_fast                    0.33     0.34
    repair_gecode_fast                     0.51     0.44
    repair_chuffed_long                    0.08     0.12
    repair_gecode_long                     0.08     0.09
iter=21 elapsed=118.297s step_runtime=3.469s destroy=destroy_random_window_20pct repair=repair_gecode_fast objective_metric=minizinc_objective incumbent_objective=93.0 contender_objective=94.0 score=0 accepted=True repair_failed=False used_exploration=False stagnation_rounds=6 weights_updated=False
  destroyed=destroy_random_window_20pct: destroyed window: [0, 1, 2, 3, 4, 5, 6, 7, 8, 9, 10, 11, 12, 23, 24, 25, 26] x [4, 5]
iter=22 elapsed=122.142s step_runtime=3.845s destroy=destroy_random_days_20pct repair=repair_chuffed_fast objective_metric=minizinc_objective incumbent_objective=94.0 contender_objective=153.0 score=0 accepted=False repair_failed=False used_exploration=False stagnation_rounds=7 weights_updated=False
  destroyed=destroy_random_days_20pct: destroyed days: [2, 4]
iter=23 elapsed=123.160s step_runtime=1.018s destroy=destroy_all_forbidden_sequences repair=repair_chuffed_fast objective_metric=minizinc_objective incumbent_objective=94.0 contender_objective=94.0 score=1 accepted=True repair_failed=False used_exploration=False stagnation_rounds=8 weights_updated=False
  destroyed=destroy_all_forbidden_sequences: destroyed forbidden sequences: vars_erased=4
iter=24 elapsed=139.073s step_runtime=15.913s destroy=destroy_random_workers_20pct repair=repair_chuffed_long objective_metric=minizinc_objective incumbent_objective=94.0 contender_objective=148.0 score=0 accepted=False repair_failed=False used_exploration=False stagnation_rounds=9 weights_updated=False
  destroyed=destroy_random_workers_20pct: destroyed workers: [5, 14, 18, 20, 23, 25]
iter=25 elapsed=142.661s step_runtime=3.588s destroy=destroy_worst_days_30pct repair=repair_gecode_fast objective_metric=minizinc_objective incumbent_objective=94.0 contender_objective=116.0 score=0 accepted=False repair_failed=False used_exploration=False stagnation_rounds=10 weights_updated=False
  destroyed=destroy_worst_days_30pct: destroyed days: [3, 4, 5]
iter=26 elapsed=194.118s step_runtime=51.457s destroy=destroy_exploration repair=repair_exploration objective_metric=minizinc_objective incumbent_objective=94.0 contender_objective=122.0 score=0 accepted=False repair_failed=False used_exploration=True stagnation_rounds=11 weights_updated=False
  destroyed=destroy_exploration: destroyed window: [0, 1, 2, 3, 4, 5, 6, 7, 8, 9, 10, 11, 12, 21, 22, 23, 24, 25, 26] x [0, 6]
