Loaded instance: Example10.txt
instance=Example10
instance_name=Example10
instance_file=Example10.txt
instance_path=/Users/gab/Library/Mobile Documents/com~apple~CloudDocs/QuIST/ML/Optimization/Project 2/LNS_scheduling/Instances1-50/Example10.txt
variant=alns_late_phase
seed=0

iter=1 elapsed=16.114s step_runtime=16.114s destroy=destroy_max_border_off repair=repair_chuffed_long objective_metric=minizinc_objective incumbent_objective=inf contender_objective=531.0 score=5 accepted=True repair_failed=False used_exploration=False stagnation_rounds=0 weights_updated=False
  destroyed=destroy_max_border_off: destroyed max-border off: vars_erased=24
iter=2 elapsed=19.898s step_runtime=3.783s destroy=destroy_random_window_20pct repair=repair_gecode_fast objective_metric=minizinc_objective incumbent_objective=531.0 contender_objective=183.0 score=5 accepted=True repair_failed=False used_exploration=False stagnation_rounds=0 weights_updated=False
  destroyed=destroy_random_window_20pct: destroyed window: [9, 10, 11, 12, 13, 14, 15, 16, 17, 18, 19, 20, 21, 22, 23, 24, 25] x [1, 2, 3, 4]
iter=3 elapsed=23.705s step_runtime=3.807s destroy=destroy_random_window_20pct repair=repair_gecode_fast objective_metric=minizinc_objective incumbent_objective=183.0 contender_objective=156.0 score=5 accepted=True repair_failed=False used_exploration=False stagnation_rounds=0 weights_updated=False
  destroyed=destroy_random_window_20pct: destroyed window: [0, 1, 2, 3, 4, 5, 6, 7, 8, 17, 18, 19, 20, 21, 22, 23, 24, 25, 26] x [1, 2]
iter=4 elapsed=24.857s step_runtime=1.152s destroy=destroy_all_forbidden_sequences repair=repair_chuffed_fast objective_metric=minizinc_objective incumbent_objective=156.0 contender_objective=149.0 score=5 accepted=True repair_failed=False used_exploration=False stagnation_rounds=0 weights_updated=False
  destroyed=destroy_all_forbidden_sequences: destroyed forbidden sequences: vars_erased=6
iter=5 elapsed=28.384s step_runtime=3.527s destroy=destroy_random_window_20pct repair=repair_gecode_fast objective_metric=minizinc_objective incumbent_objective=149.0 contender_objective=544.0 score=0 accepted=False repair_failed=False used_exploration=False stagnation_rounds=1 weights_updated=False
  destroyed=destroy_random_window_20pct: destroyed window: [0, 1, 2, 12, 13, 14, 15, 16, 17, 18, 19, 20, 21, 22, 23, 24, 25, 26] x [0, 5, 6]
iter=6 elapsed=44.274s step_runtime=15.890s destroy=destroy_random_window_20pct repair=repair_chuffed_long objective_metric=minizinc_objective incumbent_objective=149.0 contender_objective=166.0 score=0 accepted=False repair_failed=False used_exploration=False stagnation_rounds=2 weights_updated=False
  destroyed=destroy_random_window_20pct: destroyed window: [0, 1, 2, 3, 4, 14, 15, 16, 17, 18, 19, 20, 21, 22, 23, 24, 25, 26] x [2, 3, 4]
iter=7 elapsed=47.886s step_runtime=3.612s destroy=destroy_random_workers_20pct repair=repair_gecode_fast objective_metric=minizinc_objective incumbent_objective=149.0 contender_objective=134.0 score=5 accepted=True repair_failed=False used_exploration=False stagnation_rounds=0 weights_updated=False
  destroyed=destroy_random_workers_20pct: destroyed workers: [1, 5, 8, 15, 19, 21]
iter=8 elapsed=52.039s step_runtime=4.153s destroy=destroy_random_window_20pct repair=repair_chuffed_fast objective_metric=minizinc_objective incumbent_objective=134.0 contender_objective=223.0 score=0 accepted=False repair_failed=False used_exploration=False stagnation_rounds=1 weights_updated=False
  destroyed=destroy_random_window_20pct: destroyed window: [6, 7, 8, 9, 10, 11, 12, 13, 14, 15, 16, 17, 18, 19, 20, 21, 22, 23, 24] x [3, 4, 5, 6]
iter=9 elapsed=67.574s step_runtime=15.535s destroy=destroy_random_window_20pct repair=repair_gecode_long objective_metric=minizinc_objective incumbent_objective=134.0 contender_objective=210.0 score=0 accepted=False repair_failed=False used_exploration=False stagnation_rounds=2 weights_updated=False
  destroyed=destroy_random_window_20pct: destroyed window: [0, 1, 2, 3, 4, 5, 6, 7, 8, 9, 10, 11, 22, 23, 24, 25, 26] x [0, 1, 6]
iter=10 elapsed=83.633s step_runtime=16.059s destroy=destroy_random_workers_20pct repair=repair_chuffed_long objective_metric=minizinc_objective incumbent_objective=134.0 contender_objective=176.0 score=0 accepted=False repair_failed=False used_exploration=False stagnation_rounds=3 weights_updated=True
  destroyed=destroy_random_workers_20pct: destroyed workers: [2, 3, 11, 12, 18, 26]

  weight update (destroy):
    operator                             before    after
    destroy_worst_workers_10pct            0.07     0.06
    destroy_worst_workers_30pct            0.07     0.06
    destroy_random_workers_20pct           0.07     0.06
    destroy_random_window_20pct            0.07     0.06
    destroy_all_forbidden_sequences        0.07     0.16
    destroy_streak_around_worst_worker     0.07     0.06
    destroy_worst_days_10pct               0.07     0.06
    destroy_worst_days_30pct               0.07     0.06
    destroy_random_days_20pct              0.07     0.06
    destroy_max_border_work                0.07     0.06
    destroy_max_border_off                 0.07     0.16
    destroy_max_border_shift_1             0.07     0.06
    destroy_max_border_shift_2             0.07     0.06
    destroy_max_border_shift_3             0.07     0.06

  weight update (repair):
    operator                             before    after
    repair_chuffed_fast                    0.40     0.35
    repair_gecode_fast                     0.40     0.49
    repair_chuffed_long                    0.10     0.09
    repair_gecode_long                     0.10     0.08
iter=11 elapsed=87.639s step_runtime=4.005s destroy=destroy_max_border_off repair=repair_chuffed_fast objective_metric=minizinc_objective incumbent_objective=134.0 contender_objective=119.0 score=5 accepted=True repair_failed=False used_exploration=False stagnation_rounds=0 weights_updated=False
  destroyed=destroy_max_border_off: destroyed max-border off: vars_erased=42
iter=12 elapsed=88.343s step_runtime=0.705s destroy=destroy_all_forbidden_sequences repair=repair_gecode_fast objective_metric=minizinc_objective incumbent_objective=119.0 contender_objective=119.0 score=1 accepted=True repair_failed=False used_exploration=False stagnation_rounds=1 weights_updated=False
  destroyed=destroy_all_forbidden_sequences: destroyed forbidden sequences: vars_erased=4
iter=13 elapsed=92.228s step_runtime=3.885s destroy=destroy_random_window_20pct repair=repair_chuffed_fast objective_metric=minizinc_objective incumbent_objective=119.0 contender_objective=164.0 score=0 accepted=False repair_failed=False used_exploration=False stagnation_rounds=2 weights_updated=False
  destroyed=destroy_random_window_20pct: destroyed window: [5, 6, 7, 8, 9, 10, 11, 12, 13, 14, 15, 16, 17, 18, 19, 20, 21, 22, 23] x [0, 1]
iter=14 elapsed=96.173s step_runtime=3.944s destroy=destroy_random_workers_20pct repair=repair_chuffed_fast objective_metric=minizinc_objective incumbent_objective=119.0 contender_objective=156.0 score=0 accepted=False repair_failed=False used_exploration=False stagnation_rounds=3 weights_updated=False
  destroyed=destroy_random_workers_20pct: destroyed workers: [3, 8, 14, 16, 19, 21]
iter=15 elapsed=99.685s step_runtime=3.512s destroy=destroy_random_workers_20pct repair=repair_gecode_fast objective_metric=minizinc_objective incumbent_objective=119.0 contender_objective=145.0 score=0 accepted=False repair_failed=False used_exploration=False stagnation_rounds=4 weights_updated=False
  destroyed=destroy_random_workers_20pct: destroyed workers: [1, 5, 7, 9, 16, 23]
iter=16 elapsed=103.819s step_runtime=4.135s destroy=destroy_random_window_20pct repair=repair_chuffed_fast objective_metric=minizinc_objective incumbent_objective=119.0 contender_objective=198.0 score=0 accepted=False repair_failed=False used_exploration=False stagnation_rounds=5 weights_updated=False
  destroyed=destroy_random_window_20pct: destroyed window: [12, 13, 14, 15, 16, 17, 18, 19, 20, 21, 22, 23, 24, 25] x [1, 2, 3, 4]
iter=17 elapsed=107.440s step_runtime=3.620s destroy=destroy_random_window_20pct repair=repair_gecode_fast objective_metric=minizinc_objective incumbent_objective=119.0 contender_objective=204.0 score=0 accepted=False repair_failed=False used_exploration=False stagnation_rounds=6 weights_updated=False
  destroyed=destroy_random_window_20pct: destroyed window: [2, 3, 4, 5, 6, 7, 8, 9, 10, 11, 12, 13, 14, 15, 16, 17, 18] x [0, 1, 2, 6]
iter=18 elapsed=111.926s step_runtime=4.486s destroy=destroy_random_window_20pct repair=repair_chuffed_fast objective_metric=minizinc_objective incumbent_objective=119.0 contender_objective=190.0 score=0 accepted=False repair_failed=False used_exploration=False stagnation_rounds=7 weights_updated=False
  destroyed=destroy_random_window_20pct: destroyed window: [0, 1, 2, 3, 4, 5, 6, 21, 22, 23, 24, 25, 26] x [0, 1, 2, 6]
iter=19 elapsed=127.437s step_runtime=15.511s destroy=destroy_random_workers_20pct repair=repair_gecode_long objective_metric=minizinc_objective incumbent_objective=119.0 contender_objective=142.0 score=0 accepted=False repair_failed=False used_exploration=False stagnation_rounds=8 weights_updated=False
  destroyed=destroy_random_workers_20pct: destroyed workers: [4, 9, 13, 17, 18, 23]
iter=20 elapsed=131.010s step_runtime=3.574s destroy=destroy_worst_workers_30pct repair=repair_gecode_fast objective_metric=minizinc_objective incumbent_objective=119.0 contender_objective=303.0 score=0 accepted=False repair_failed=False used_exploration=False stagnation_rounds=9 weights_updated=True
  destroyed=destroy_worst_workers_30pct: destroyed workers: [0, 1, 2, 3, 4, 5, 6, 7, 8]

  weight update (destroy):
    operator                             before    after
    destroy_worst_workers_10pct            0.06     0.05
    destroy_worst_workers_30pct            0.06     0.05
    destroy_random_workers_20pct           0.06     0.05
    destroy_random_window_20pct            0.06     0.05
    destroy_all_forbidden_sequences        0.16     0.12
    destroy_streak_around_worst_worker     0.06     0.05
    destroy_worst_days_10pct               0.06     0.05
    destroy_worst_days_30pct               0.06     0.05
    destroy_random_days_20pct              0.06     0.05
    destroy_max_border_work                0.06     0.05
    destroy_max_border_off                 0.16     0.32
    destroy_max_border_shift_1             0.06     0.05
    destroy_max_border_shift_2             0.06     0.05
    destroy_max_border_shift_3             0.06     0.05

  weight update (repair):
    operator                             before    after
    repair_chuffed_fast                    0.35     0.39
    repair_gecode_fast                     0.49     0.43
    repair_chuffed_long                    0.09     0.10
    repair_gecode_long                     0.08     0.09
iter=21 elapsed=135.153s step_runtime=4.142s destroy=destroy_random_workers_20pct repair=repair_chuffed_fast objective_metric=minizinc_objective incumbent_objective=119.0 contender_objective=150.0 score=0 accepted=False repair_failed=False used_exploration=False stagnation_rounds=10 weights_updated=False
  destroyed=destroy_random_workers_20pct: destroyed workers: [5, 10, 12, 14, 22, 24]
iter=22 elapsed=186.113s step_runtime=50.960s destroy=destroy_exploration repair=repair_exploration objective_metric=minizinc_objective incumbent_objective=119.0 contender_objective=137.0 score=0 accepted=False repair_failed=False used_exploration=True stagnation_rounds=11 weights_updated=False
  destroyed=destroy_exploration: destroyed window: [0, 1, 2, 3, 4, 13, 14, 15, 16, 17, 18, 19, 20, 21, 22, 23, 24, 25, 26] x [1, 2]
