Loaded instance: Example11.txt
instance=Example11
instance_name=Example11
instance_file=Example11.txt
instance_path=/Users/gab/Library/Mobile Documents/com~apple~CloudDocs/QuIST/ML/Optimization/Project 2/LNS_scheduling/Instances1-50/Example11.txt
variant=alns_late_phase
seed=0

iter=1 elapsed=16.332s step_runtime=16.332s destroy=destroy_max_border_off repair=repair_chuffed_long objective_metric=minizinc_objective incumbent_objective=inf contender_objective=1105.0 score=5 accepted=True repair_failed=False used_exploration=False stagnation_rounds=0 weights_updated=False
  destroyed=destroy_max_border_off: destroyed max-border off: vars_erased=28
iter=2 elapsed=20.221s step_runtime=3.890s destroy=destroy_random_window_20pct repair=repair_gecode_fast objective_metric=minizinc_objective incumbent_objective=1105.0 contender_objective=151.0 score=5 accepted=True repair_failed=False used_exploration=False stagnation_rounds=0 weights_updated=False
  destroyed=destroy_random_window_20pct: destroyed window: [9, 10, 11, 12, 13, 14, 15, 16, 17, 18, 19, 20, 21, 22, 23, 24, 25, 26, 27, 28] x [2, 3, 4]
iter=3 elapsed=36.812s step_runtime=16.591s destroy=destroy_random_window_20pct repair=repair_chuffed_long objective_metric=minizinc_objective incumbent_objective=151.0 contender_objective=180.0 score=0 accepted=False repair_failed=False used_exploration=False stagnation_rounds=1 weights_updated=False
  destroyed=destroy_random_window_20pct: destroyed window: [0, 1, 2, 3, 4, 5, 6, 7, 8, 9, 19, 20, 21, 22, 23, 24, 25, 26, 27, 28, 29] x [0, 1, 2, 6]
iter=4 elapsed=37.644s step_runtime=0.832s destroy=destroy_all_forbidden_sequences repair=repair_gecode_fast objective_metric=minizinc_objective incumbent_objective=151.0 contender_objective=149.0 score=5 accepted=True repair_failed=False used_exploration=False stagnation_rounds=0 weights_updated=False
  destroyed=destroy_all_forbidden_sequences: destroyed forbidden sequences: vars_erased=4
iter=5 elapsed=41.204s step_runtime=3.560s destroy=destroy_random_window_20pct repair=repair_gecode_fast objective_metric=minizinc_objective incumbent_objective=149.0 contender_objective=180.0 score=0 accepted=False repair_failed=False used_exploration=False stagnation_rounds=1 weights_updated=False
  destroyed=destroy_random_window_20pct: destroyed window: [0, 1, 2, 12, 13, 14, 15, 16, 17, 18, 19, 20, 21, 22, 23, 24, 25, 26, 27, 28, 29] x [5, 6]
iter=6 elapsed=44.776s step_runtime=3.572s destroy=destroy_random_window_20pct repair=repair_gecode_fast objective_metric=minizinc_objective incumbent_objective=149.0 contender_objective=230.0 score=0 accepted=False repair_failed=False used_exploration=False stagnation_rounds=2 weights_updated=False
  destroyed=destroy_random_window_20pct: destroyed window: [0, 1, 2, 3, 4, 14, 15, 16, 17, 18, 19, 20, 21, 22, 23, 24, 25, 26, 27, 28, 29] x [0, 1, 2]
iter=7 elapsed=60.368s step_runtime=15.592s destroy=destroy_random_workers_20pct repair=repair_gecode_long objective_metric=minizinc_objective incumbent_objective=149.0 contender_objective=101.0 score=5 accepted=True repair_failed=False used_exploration=False stagnation_rounds=0 weights_updated=False
  destroyed=destroy_random_workers_20pct: destroyed workers: [1, 5, 8, 15, 19, 21]
iter=8 elapsed=65.395s step_runtime=5.027s destroy=destroy_worst_workers_30pct repair=repair_chuffed_fast objective_metric=minizinc_objective incumbent_objective=101.0 contender_objective=193.0 score=0 accepted=False repair_failed=False used_exploration=False stagnation_rounds=1 weights_updated=False
  destroyed=destroy_worst_workers_30pct: destroyed workers: [1, 5, 6, 7, 8, 9, 15, 21, 23]
iter=9 elapsed=66.724s step_runtime=1.329s destroy=destroy_max_border_shift_1 repair=repair_chuffed_fast objective_metric=minizinc_objective incumbent_objective=101.0 contender_objective=85.0 score=5 accepted=True repair_failed=False used_exploration=False stagnation_rounds=0 weights_updated=False
  destroyed=destroy_max_border_shift_1: destroyed max-border shift_1: vars_erased=6
iter=10 elapsed=70.281s step_runtime=3.557s destroy=destroy_random_window_20pct repair=repair_gecode_fast objective_metric=minizinc_objective incumbent_objective=85.0 contender_objective=92.0 score=0 accepted=False repair_failed=False used_exploration=False stagnation_rounds=1 weights_updated=True
  destroyed=destroy_random_window_20pct: destroyed window: [6, 7, 8, 9, 10, 11, 12, 13, 14, 15, 16, 17, 18, 19, 20, 21, 22, 23, 24, 25, 26, 27, 28] x [2, 3]

  weight update (destroy):
    operator                             before    after
    destroy_worst_workers_10pct            0.07     0.06
    destroy_worst_workers_30pct            0.07     0.06
    destroy_random_workers_20pct           0.07     0.12
    destroy_random_window_20pct            0.07     0.06
    destroy_all_forbidden_sequences        0.07     0.12
    destroy_streak_around_worst_worker     0.07     0.06
    destroy_worst_days_10pct               0.07     0.06
    destroy_worst_days_30pct               0.07     0.06
    destroy_random_days_20pct              0.07     0.06
    destroy_max_border_work                0.07     0.06
    destroy_max_border_off                 0.07     0.12
    destroy_max_border_shift_1             0.07     0.06
    destroy_max_border_shift_2             0.07     0.06
    destroy_max_border_shift_3             0.07     0.06

  weight update (repair):
    operator                             before    after
    repair_chuffed_fast                    0.40     0.32
    repair_gecode_fast                     0.40     0.32
    repair_chuffed_long                    0.10     0.08
    repair_gecode_long                     0.10     0.27
iter=11 elapsed=71.018s step_runtime=0.737s destroy=destroy_all_forbidden_sequences repair=repair_gecode_fast objective_metric=minizinc_objective incumbent_objective=85.0 contender_objective=82.0 score=5 accepted=True repair_failed=False used_exploration=False stagnation_rounds=0 weights_updated=False
  destroyed=destroy_all_forbidden_sequences: destroyed forbidden sequences: vars_erased=4
iter=12 elapsed=74.560s step_runtime=3.542s destroy=destroy_random_window_20pct repair=repair_gecode_fast objective_metric=minizinc_objective incumbent_objective=82.0 contender_objective=166.0 score=0 accepted=False repair_failed=False used_exploration=False stagnation_rounds=1 weights_updated=False
  destroyed=destroy_random_window_20pct: destroyed window: [0, 1, 2, 3, 4, 5, 6, 7, 8, 9, 10, 11, 22, 23, 24, 25, 26, 27, 28, 29] x [0, 1, 6]
iter=13 elapsed=90.124s step_runtime=15.564s destroy=destroy_worst_workers_30pct repair=repair_gecode_long objective_metric=minizinc_objective incumbent_objective=82.0 contender_objective=102.0 score=0 accepted=False repair_failed=False used_exploration=False stagnation_rounds=2 weights_updated=False
  destroyed=destroy_worst_workers_30pct: destroyed workers: [0, 1, 5, 8, 9, 15, 21, 23, 24]
iter=14 elapsed=106.399s step_runtime=16.275s destroy=destroy_worst_days_30pct repair=repair_chuffed_long objective_metric=minizinc_objective incumbent_objective=82.0 contender_objective=121.0 score=0 accepted=False repair_failed=False used_exploration=False stagnation_rounds=3 weights_updated=False
  destroyed=destroy_worst_days_30pct: destroyed days: [2, 3, 4]
iter=15 elapsed=109.903s step_runtime=3.505s destroy=destroy_random_workers_20pct repair=repair_gecode_fast objective_metric=minizinc_objective incumbent_objective=82.0 contender_objective=138.0 score=0 accepted=False repair_failed=False used_exploration=False stagnation_rounds=4 weights_updated=False
  destroyed=destroy_random_workers_20pct: destroyed workers: [1, 2, 3, 11, 19, 26]
iter=16 elapsed=125.385s step_runtime=15.482s destroy=destroy_random_workers_20pct repair=repair_gecode_long objective_metric=minizinc_objective incumbent_objective=82.0 contender_objective=118.0 score=0 accepted=False repair_failed=False used_exploration=False stagnation_rounds=5 weights_updated=False
  destroyed=destroy_random_workers_20pct: destroyed workers: [1, 3, 6, 15, 23, 25]
iter=17 elapsed=129.204s step_runtime=3.818s destroy=destroy_random_window_20pct repair=repair_chuffed_fast objective_metric=minizinc_objective incumbent_objective=82.0 contender_objective=90.0 score=0 accepted=False repair_failed=False used_exploration=False stagnation_rounds=6 weights_updated=False
  destroyed=destroy_random_window_20pct: destroyed window: [0, 1, 2, 3, 4, 5, 6, 7, 8, 9, 10, 11, 12, 13, 14, 25, 26, 27, 28, 29] x [4, 5]
iter=18 elapsed=132.684s step_runtime=3.480s destroy=destroy_random_workers_20pct repair=repair_gecode_fast objective_metric=minizinc_objective incumbent_objective=82.0 contender_objective=103.0 score=0 accepted=False repair_failed=False used_exploration=False stagnation_rounds=7 weights_updated=False
  destroyed=destroy_random_workers_20pct: destroyed workers: [1, 8, 10, 11, 17, 18]
iter=19 elapsed=148.179s step_runtime=15.496s destroy=destroy_random_days_20pct repair=repair_gecode_long objective_metric=minizinc_objective incumbent_objective=82.0 contender_objective=120.0 score=0 accepted=False repair_failed=False used_exploration=False stagnation_rounds=8 weights_updated=False
  destroyed=destroy_random_days_20pct: destroyed days: [3, 5]
iter=20 elapsed=151.611s step_runtime=3.431s destroy=destroy_max_border_off repair=repair_gecode_fast objective_metric=minizinc_objective incumbent_objective=82.0 contender_objective=70.0 score=5 accepted=True repair_failed=False used_exploration=False stagnation_rounds=0 weights_updated=True
  destroyed=destroy_max_border_off: destroyed max-border off: vars_erased=23

  weight update (destroy):
    operator                             before    after
    destroy_worst_workers_10pct            0.06     0.05
    destroy_worst_workers_30pct            0.06     0.05
    destroy_random_workers_20pct           0.12     0.10
    destroy_random_window_20pct            0.06     0.05
    destroy_all_forbidden_sequences        0.12     0.20
    destroy_streak_around_worst_worker     0.06     0.05
    destroy_worst_days_10pct               0.06     0.05
    destroy_worst_days_30pct               0.06     0.05
    destroy_random_days_20pct              0.06     0.05
    destroy_max_border_work                0.06     0.05
    destroy_max_border_off                 0.12     0.20
    destroy_max_border_shift_1             0.06     0.05
    destroy_max_border_shift_2             0.06     0.05
    destroy_max_border_shift_3             0.06     0.05

  weight update (repair):
    operator                             before    after
    repair_chuffed_fast                    0.32     0.27
    repair_gecode_fast                     0.32     0.43
    repair_chuffed_long                    0.08     0.08
    repair_gecode_long                     0.27     0.22
iter=21 elapsed=154.451s step_runtime=2.840s destroy=destroy_max_border_off repair=repair_gecode_fast objective_metric=minizinc_objective incumbent_objective=70.0 contender_objective=54.0 score=5 accepted=True repair_failed=False used_exploration=False stagnation_rounds=0 weights_updated=False
  destroyed=destroy_max_border_off: destroyed max-border off: vars_erased=12
iter=22 elapsed=158.001s step_runtime=3.550s destroy=destroy_worst_workers_30pct repair=repair_gecode_fast objective_metric=minizinc_objective incumbent_objective=54.0 contender_objective=128.0 score=0 accepted=False repair_failed=False used_exploration=False stagnation_rounds=1 weights_updated=False
  destroyed=destroy_worst_workers_30pct: destroyed workers: [1, 5, 8, 9, 20, 21, 22, 23, 24]
iter=23 elapsed=161.482s step_runtime=3.481s destroy=destroy_random_workers_20pct repair=repair_gecode_fast objective_metric=minizinc_objective incumbent_objective=54.0 contender_objective=103.0 score=0 accepted=False repair_failed=False used_exploration=False stagnation_rounds=2 weights_updated=False
  destroyed=destroy_random_workers_20pct: destroyed workers: [2, 3, 13, 18, 27, 28]
iter=24 elapsed=164.961s step_runtime=3.479s destroy=destroy_random_workers_20pct repair=repair_gecode_fast objective_metric=minizinc_objective incumbent_objective=54.0 contender_objective=95.0 score=0 accepted=False repair_failed=False used_exploration=False stagnation_rounds=3 weights_updated=False
  destroyed=destroy_random_workers_20pct: destroyed workers: [0, 13, 14, 21, 25, 26]
iter=25 elapsed=165.614s step_runtime=0.653s destroy=destroy_all_forbidden_sequences repair=repair_gecode_long objective_metric=minizinc_objective incumbent_objective=54.0 contender_objective=54.0 score=1 accepted=True repair_failed=False used_exploration=False stagnation_rounds=4 weights_updated=False
  destroyed=destroy_all_forbidden_sequences: destroyed forbidden sequences: vars_erased=2
iter=26 elapsed=169.097s step_runtime=3.483s destroy=destroy_random_workers_20pct repair=repair_gecode_fast objective_metric=minizinc_objective incumbent_objective=54.0 contender_objective=96.0 score=0 accepted=False repair_failed=False used_exploration=False stagnation_rounds=5 weights_updated=False
  destroyed=destroy_random_workers_20pct: destroyed workers: [2, 7, 11, 19, 26, 29]
iter=27 elapsed=173.118s step_runtime=4.021s destroy=destroy_random_window_20pct repair=repair_chuffed_fast objective_metric=minizinc_objective incumbent_objective=54.0 contender_objective=120.0 score=0 accepted=False repair_failed=False used_exploration=False stagnation_rounds=6 weights_updated=False
  destroyed=destroy_random_window_20pct: destroyed window: [0, 1, 2, 3, 4, 5, 6, 7, 8, 9, 21, 22, 23, 24, 25, 26, 27, 28, 29] x [2, 3, 4, 5]
iter=28 elapsed=176.602s step_runtime=3.484s destroy=destroy_random_workers_20pct repair=repair_gecode_fast objective_metric=minizinc_objective incumbent_objective=54.0 contender_objective=107.0 score=0 accepted=False repair_failed=False used_exploration=False stagnation_rounds=7 weights_updated=False
  destroyed=destroy_random_workers_20pct: destroyed workers: [3, 4, 8, 11, 15, 22]
iter=29 elapsed=180.868s step_runtime=4.266s destroy=destroy_random_workers_20pct repair=repair_chuffed_fast objective_metric=minizinc_objective incumbent_objective=54.0 contender_objective=98.0 score=0 accepted=False repair_failed=False used_exploration=False stagnation_rounds=8 weights_updated=False
  destroyed=destroy_random_workers_20pct: destroyed workers: [2, 3, 5, 9, 17, 18]
