Loaded instance: Example12.txt
instance=Example12
instance_name=Example12
instance_file=Example12.txt
instance_path=/Users/gab/Library/Mobile Documents/com~apple~CloudDocs/QuIST/ML/Optimization/Project 2/LNS_scheduling/Instances1-50/Example12.txt
variant=alns_late_phase
seed=2

iter=1 elapsed=0.966s step_runtime=0.966s destroy=destroy_max_border_shift_2 repair=repair_gecode_long objective_metric=minizinc_objective incumbent_objective=inf contender_objective=254.0 score=5 accepted=True repair_failed=False used_exploration=False stagnation_rounds=0 weights_updated=False
  destroyed=destroy_max_border_shift_2: destroyed max-border shift_2: vars_erased=14
iter=2 elapsed=5.011s step_runtime=4.045s destroy=destroy_worst_workers_30pct repair=repair_chuffed_fast objective_metric=minizinc_objective incumbent_objective=254.0 contender_objective=157.0 score=5 accepted=True repair_failed=False used_exploration=False stagnation_rounds=0 weights_updated=False
  destroyed=destroy_worst_workers_30pct: destroyed workers: [0, 1, 2, 6, 7, 8]
iter=3 elapsed=20.777s step_runtime=15.766s destroy=destroy_random_days_20pct repair=repair_chuffed_long objective_metric=minizinc_objective incumbent_objective=157.0 contender_objective=117.0 score=5 accepted=True repair_failed=False used_exploration=False stagnation_rounds=0 weights_updated=False
  destroyed=destroy_random_days_20pct: destroyed days: [2, 6]
iter=4 elapsed=24.309s step_runtime=3.532s destroy=destroy_worst_days_30pct repair=repair_gecode_fast objective_metric=minizinc_objective incumbent_objective=117.0 contender_objective=166.0 score=0 accepted=False repair_failed=False used_exploration=False stagnation_rounds=1 weights_updated=False
  destroyed=destroy_worst_days_30pct: destroyed days: [0, 2, 6]
iter=5 elapsed=27.926s step_runtime=3.617s destroy=destroy_streak_around_worst_worker repair=repair_chuffed_fast objective_metric=minizinc_objective incumbent_objective=117.0 contender_objective=99.0 score=5 accepted=True repair_failed=False used_exploration=False stagnation_rounds=0 weights_updated=False
  destroyed=destroy_streak_around_worst_worker: destroyed streak len=27 start=(w18,d1) end=(w1,d6); destroyed_inside=27
iter=6 elapsed=43.459s step_runtime=15.533s destroy=destroy_random_workers_20pct repair=repair_chuffed_long objective_metric=minizinc_objective incumbent_objective=99.0 contender_objective=116.0 score=0 accepted=False repair_failed=False used_exploration=False stagnation_rounds=1 weights_updated=False
  destroyed=destroy_random_workers_20pct: destroyed workers: [1, 3, 8, 18]
iter=7 elapsed=46.908s step_runtime=3.448s destroy=destroy_worst_workers_30pct repair=repair_gecode_fast objective_metric=minizinc_objective incumbent_objective=99.0 contender_objective=121.0 score=0 accepted=False repair_failed=False used_exploration=False stagnation_rounds=2 weights_updated=False
  destroyed=destroy_worst_workers_30pct: destroyed workers: [0, 1, 2, 3, 4, 5]
iter=8 elapsed=47.535s step_runtime=0.627s destroy=destroy_all_forbidden_sequences repair=repair_chuffed_long objective_metric=minizinc_objective incumbent_objective=99.0 contender_objective=94.0 score=5 accepted=True repair_failed=False used_exploration=False stagnation_rounds=0 weights_updated=False
  destroyed=destroy_all_forbidden_sequences: destroyed forbidden sequences: vars_erased=4
iter=9 elapsed=50.588s step_runtime=3.053s destroy=destroy_random_window_20pct repair=repair_chuffed_fast objective_metric=minizinc_objective incumbent_objective=94.0 contender_objective=76.0 score=5 accepted=True repair_failed=False used_exploration=False stagnation_rounds=0 weights_updated=False
  destroyed=destroy_random_window_20pct: destroyed window: [0, 1, 2, 3, 4, 5, 16, 17, 18, 19] x [3, 4]
iter=10 elapsed=54.292s step_runtime=3.704s destroy=destroy_worst_workers_30pct repair=repair_chuffed_fast objective_metric=minizinc_objective incumbent_objective=76.0 contender_objective=125.0 score=0 accepted=False repair_failed=False used_exploration=False stagnation_rounds=1 weights_updated=True
  destroyed=destroy_worst_workers_30pct: destroyed workers: [1, 3, 4, 5, 6, 7]

  weight update (destroy):
    operator                             before    after
    destroy_worst_workers_10pct            0.08     0.06
    destroy_worst_workers_30pct            0.08     0.06
    destroy_random_workers_20pct           0.08     0.06
    destroy_random_window_20pct            0.08     0.11
    destroy_all_forbidden_sequences        0.08     0.11
    destroy_streak_around_worst_worker     0.08     0.11
    destroy_worst_days_10pct               0.08     0.06
    destroy_worst_days_30pct               0.08     0.06
    destroy_random_days_20pct              0.08     0.11
    destroy_max_border_work                0.08     0.06
    destroy_max_border_off                 0.08     0.06
    destroy_max_border_shift_1             0.08     0.06
    destroy_max_border_shift_2             0.08     0.06

  weight update (repair):
    operator                             before    after
    repair_chuffed_fast                    0.40     0.34
    repair_gecode_fast                     0.40     0.32
    repair_chuffed_long                    0.10     0.09
    repair_gecode_long                     0.10     0.24
iter=11 elapsed=58.040s step_runtime=3.748s destroy=destroy_worst_days_30pct repair=repair_chuffed_fast objective_metric=minizinc_objective incumbent_objective=76.0 contender_objective=92.0 score=0 accepted=False repair_failed=False used_exploration=False stagnation_rounds=2 weights_updated=False
  destroyed=destroy_worst_days_30pct: destroyed days: [0, 1, 2]
iter=12 elapsed=61.567s step_runtime=3.527s destroy=destroy_random_days_20pct repair=repair_chuffed_fast objective_metric=minizinc_objective incumbent_objective=76.0 contender_objective=91.0 score=0 accepted=False repair_failed=False used_exploration=False stagnation_rounds=3 weights_updated=False
  destroyed=destroy_random_days_20pct: destroyed days: [2, 5]
iter=13 elapsed=65.014s step_runtime=3.447s destroy=destroy_random_days_20pct repair=repair_gecode_fast objective_metric=minizinc_objective incumbent_objective=76.0 contender_objective=94.0 score=0 accepted=False repair_failed=False used_exploration=False stagnation_rounds=4 weights_updated=False
  destroyed=destroy_random_days_20pct: destroyed days: [2, 3]
iter=14 elapsed=68.430s step_runtime=3.416s destroy=destroy_random_workers_20pct repair=repair_gecode_fast objective_metric=minizinc_objective incumbent_objective=76.0 contender_objective=78.0 score=0 accepted=True repair_failed=False used_exploration=False stagnation_rounds=5 weights_updated=False
  destroyed=destroy_random_workers_20pct: destroyed workers: [1, 4, 8, 12]
iter=15 elapsed=71.872s step_runtime=3.442s destroy=destroy_random_days_20pct repair=repair_gecode_fast objective_metric=minizinc_objective incumbent_objective=78.0 contender_objective=93.0 score=0 accepted=False repair_failed=False used_exploration=False stagnation_rounds=6 weights_updated=False
  destroyed=destroy_random_days_20pct: destroyed days: [5, 6]
iter=16 elapsed=87.323s step_runtime=15.451s destroy=destroy_worst_workers_30pct repair=repair_gecode_long objective_metric=minizinc_objective incumbent_objective=78.0 contender_objective=99.0 score=0 accepted=False repair_failed=False used_exploration=False stagnation_rounds=7 weights_updated=False
  destroyed=destroy_worst_workers_30pct: destroyed workers: [1, 2, 3, 4, 6, 7]
iter=17 elapsed=90.743s step_runtime=3.420s destroy=destroy_random_window_20pct repair=repair_gecode_fast objective_metric=minizinc_objective incumbent_objective=78.0 contender_objective=84.0 score=0 accepted=False repair_failed=False used_exploration=False stagnation_rounds=8 weights_updated=False
  destroyed=destroy_random_window_20pct: destroyed window: [0, 1, 2, 11, 12, 13, 14, 15, 16, 17, 18, 19] x [1, 2]
iter=18 elapsed=94.505s step_runtime=3.762s destroy=destroy_random_window_20pct repair=repair_chuffed_fast objective_metric=minizinc_objective incumbent_objective=78.0 contender_objective=84.0 score=0 accepted=False repair_failed=False used_exploration=False stagnation_rounds=9 weights_updated=False
  destroyed=destroy_random_window_20pct: destroyed window: [0, 1, 2, 3, 4, 15, 16, 17, 18, 19] x [0, 1, 5, 6]
iter=19 elapsed=98.248s step_runtime=3.743s destroy=destroy_random_window_20pct repair=repair_chuffed_fast objective_metric=minizinc_objective incumbent_objective=78.0 contender_objective=92.0 score=0 accepted=False repair_failed=False used_exploration=False stagnation_rounds=10 weights_updated=False
  destroyed=destroy_random_window_20pct: destroyed window: [0, 10, 11, 12, 13, 14, 15, 16, 17, 18, 19] x [0, 1, 6]
iter=20 elapsed=148.894s step_runtime=50.646s destroy=destroy_exploration repair=repair_exploration objective_metric=minizinc_objective incumbent_objective=78.0 contender_objective=79.0 score=0 accepted=True repair_failed=False used_exploration=True stagnation_rounds=11 weights_updated=True
  destroyed=destroy_exploration: destroyed window: [0, 1, 2, 3, 4, 5, 6, 7, 17, 18, 19] x [0, 1, 2, 3]

  weight update (destroy):
    operator                             before    after
    destroy_worst_workers_10pct            0.06     0.07
    destroy_worst_workers_30pct            0.06     0.07
    destroy_random_workers_20pct           0.06     0.07
    destroy_random_window_20pct            0.11     0.11
    destroy_all_forbidden_sequences        0.11     0.09
    destroy_streak_around_worst_worker     0.11     0.11
    destroy_worst_days_10pct               0.06     0.07
    destroy_worst_days_30pct               0.06     0.07
    destroy_random_days_20pct              0.11     0.11
    destroy_max_border_work                0.06     0.05
    destroy_max_border_off                 0.06     0.07
    destroy_max_border_shift_1             0.06     0.05
    destroy_max_border_shift_2             0.06     0.05

  weight update (repair):
    operator                             before    after
    repair_chuffed_fast                    0.34     0.33
    repair_gecode_fast                     0.32     0.31
    repair_chuffed_long                    0.09     0.12
    repair_gecode_long                     0.24     0.24
iter=21 elapsed=166.777s step_runtime=17.882s destroy=destroy_exploration repair=repair_exploration objective_metric=minizinc_objective incumbent_objective=79.0 contender_objective=66.0 score=5 accepted=True repair_failed=False used_exploration=True stagnation_rounds=0 weights_updated=False
  destroyed=destroy_exploration: destroyed window: [0, 1, 6, 7, 8, 9, 10, 11, 12, 13, 14, 15, 16, 17, 18, 19] x [4, 5]
iter=22 elapsed=169.502s step_runtime=2.725s destroy=destroy_random_window_20pct repair=repair_gecode_fast objective_metric=minizinc_objective incumbent_objective=66.0 contender_objective=44.0 score=5 accepted=True repair_failed=False used_exploration=False stagnation_rounds=0 weights_updated=False
  destroyed=destroy_random_window_20pct: destroyed window: [0, 1, 2, 3, 4, 13, 14, 15, 16, 17, 18, 19] x [2, 3]
iter=23 elapsed=184.924s step_runtime=15.422s destroy=destroy_random_workers_20pct repair=repair_gecode_long objective_metric=minizinc_objective incumbent_objective=44.0 contender_objective=46.0 score=0 accepted=False repair_failed=False used_exploration=False stagnation_rounds=1 weights_updated=False
  destroyed=destroy_random_workers_20pct: destroyed workers: [4, 7, 15, 19]
