Loaded instance: Example12.txt
instance=Example12
instance_name=Example12
instance_file=Example12.txt
instance_path=/Users/gab/Library/Mobile Documents/com~apple~CloudDocs/QuIST/ML/Optimization/Project 2/LNS_scheduling/Instances1-50/Example12.txt
variant=alns_late_phase
seed=0

iter=1 elapsed=16.238s step_runtime=16.238s destroy=destroy_streak_around_worst_worker repair=repair_chuffed_long objective_metric=minizinc_objective incumbent_objective=inf contender_objective=375.0 score=5 accepted=True repair_failed=False used_exploration=False stagnation_rounds=0 weights_updated=False
  destroyed=destroy_streak_around_worst_worker: destroyed streak len=31 start=(w17,d6) end=(w2,d1); destroyed_inside=31
iter=2 elapsed=19.994s step_runtime=3.757s destroy=destroy_random_days_20pct repair=repair_gecode_fast objective_metric=minizinc_objective incumbent_objective=375.0 contender_objective=86.0 score=5 accepted=True repair_failed=False used_exploration=False stagnation_rounds=0 weights_updated=False
  destroyed=destroy_random_days_20pct: destroyed days: [0, 3]
iter=3 elapsed=21.034s step_runtime=1.040s destroy=destroy_max_border_shift_2 repair=repair_chuffed_fast objective_metric=minizinc_objective incumbent_objective=86.0 contender_objective=84.0 score=5 accepted=True repair_failed=False used_exploration=False stagnation_rounds=0 weights_updated=False
  destroyed=destroy_max_border_shift_2: destroyed max-border shift_2: vars_erased=9
iter=4 elapsed=36.864s step_runtime=15.829s destroy=destroy_worst_days_30pct repair=repair_chuffed_long objective_metric=minizinc_objective incumbent_objective=84.0 contender_objective=123.0 score=0 accepted=False repair_failed=False used_exploration=False stagnation_rounds=1 weights_updated=False
  destroyed=destroy_worst_days_30pct: destroyed days: [0, 2, 3]
iter=5 elapsed=40.295s step_runtime=3.432s destroy=destroy_random_window_20pct repair=repair_gecode_fast objective_metric=minizinc_objective incumbent_objective=84.0 contender_objective=89.0 score=0 accepted=False repair_failed=False used_exploration=False stagnation_rounds=2 weights_updated=False
  destroyed=destroy_random_window_20pct: destroyed window: [6, 7, 8, 9, 10, 11, 12, 13] x [3, 4, 5, 6]
iter=6 elapsed=40.963s step_runtime=0.668s destroy=destroy_max_border_off repair=repair_gecode_long objective_metric=minizinc_objective incumbent_objective=84.0 contender_objective=68.0 score=5 accepted=True repair_failed=False used_exploration=False stagnation_rounds=0 weights_updated=False
  destroyed=destroy_max_border_off: destroyed max-border off: vars_erased=11
iter=7 elapsed=44.643s step_runtime=3.680s destroy=destroy_random_window_20pct repair=repair_chuffed_fast objective_metric=minizinc_objective incumbent_objective=68.0 contender_objective=48.0 score=5 accepted=True repair_failed=False used_exploration=False stagnation_rounds=0 weights_updated=False
  destroyed=destroy_random_window_20pct: destroyed window: [3, 4, 5, 6, 7, 8, 9, 10, 11] x [0, 1, 6]
iter=8 elapsed=48.420s step_runtime=3.777s destroy=destroy_worst_workers_30pct repair=repair_chuffed_fast objective_metric=minizinc_objective incumbent_objective=48.0 contender_objective=74.0 score=0 accepted=False repair_failed=False used_exploration=False stagnation_rounds=1 weights_updated=False
  destroyed=destroy_worst_workers_30pct: destroyed workers: [0, 1, 3, 4, 5, 17]
iter=9 elapsed=51.854s step_runtime=3.434s destroy=destroy_random_workers_20pct repair=repair_gecode_fast objective_metric=minizinc_objective incumbent_objective=48.0 contender_objective=53.0 score=0 accepted=False repair_failed=False used_exploration=False stagnation_rounds=2 weights_updated=False
  destroyed=destroy_random_workers_20pct: destroyed workers: [3, 5, 6, 15]
iter=10 elapsed=55.570s step_runtime=3.717s destroy=destroy_random_window_20pct repair=repair_chuffed_fast objective_metric=minizinc_objective incumbent_objective=48.0 contender_objective=101.0 score=0 accepted=False repair_failed=False used_exploration=False stagnation_rounds=3 weights_updated=True
  destroyed=destroy_random_window_20pct: destroyed window: [0, 1, 2, 3, 4, 5, 13, 14, 15, 16, 17, 18, 19] x [0, 1, 2, 3]

  weight update (destroy):
    operator                             before    after
    destroy_worst_workers_10pct            0.08     0.06
    destroy_worst_workers_30pct            0.08     0.06
    destroy_random_workers_20pct           0.08     0.06
    destroy_random_window_20pct            0.08     0.06
    destroy_all_forbidden_sequences        0.08     0.06
    destroy_streak_around_worst_worker     0.08     0.16
    destroy_worst_days_10pct               0.08     0.06
    destroy_worst_days_30pct               0.08     0.06
    destroy_random_days_20pct              0.08     0.16
    destroy_max_border_work                0.08     0.06
    destroy_max_border_off                 0.08     0.06
    destroy_max_border_shift_1             0.08     0.06
    destroy_max_border_shift_2             0.08     0.06

  weight update (repair):
    operator                             before    after
    repair_chuffed_fast                    0.40     0.32
    repair_gecode_fast                     0.40     0.32
    repair_chuffed_long                    0.10     0.08
    repair_gecode_long                     0.10     0.27
iter=11 elapsed=56.308s step_runtime=0.738s destroy=destroy_all_forbidden_sequences repair=repair_chuffed_long objective_metric=minizinc_objective incumbent_objective=48.0 contender_objective=46.0 score=5 accepted=True repair_failed=False used_exploration=False stagnation_rounds=0 weights_updated=False
  destroyed=destroy_all_forbidden_sequences: destroyed forbidden sequences: vars_erased=4
iter=12 elapsed=59.735s step_runtime=3.427s destroy=destroy_random_window_20pct repair=repair_gecode_fast objective_metric=minizinc_objective incumbent_objective=46.0 contender_objective=51.0 score=0 accepted=False repair_failed=False used_exploration=False stagnation_rounds=1 weights_updated=False
  destroyed=destroy_random_window_20pct: destroyed window: [0, 1, 9, 10, 11, 12, 13, 14, 15, 16, 17, 18, 19] x [1, 2]
iter=13 elapsed=60.762s step_runtime=1.027s destroy=destroy_random_window_20pct repair=repair_gecode_long objective_metric=minizinc_objective incumbent_objective=46.0 contender_objective=42.0 score=5 accepted=True repair_failed=False used_exploration=False stagnation_rounds=0 weights_updated=False
  destroyed=destroy_random_window_20pct: destroyed window: [9, 10, 11, 12, 13, 14, 15, 16, 17] x [4, 5]
iter=14 elapsed=64.197s step_runtime=3.435s destroy=destroy_random_window_20pct repair=repair_gecode_fast objective_metric=minizinc_objective incumbent_objective=42.0 contender_objective=47.0 score=0 accepted=False repair_failed=False used_exploration=False stagnation_rounds=1 weights_updated=False
  destroyed=destroy_random_window_20pct: destroyed window: [1, 2, 3, 4, 5, 6, 7, 8, 9] x [0, 4, 5, 6]
iter=15 elapsed=67.660s step_runtime=3.463s destroy=destroy_worst_workers_30pct repair=repair_gecode_fast objective_metric=minizinc_objective incumbent_objective=42.0 contender_objective=61.0 score=0 accepted=False repair_failed=False used_exploration=False stagnation_rounds=2 weights_updated=False
  destroyed=destroy_worst_workers_30pct: destroyed workers: [0, 1, 3, 4, 5, 17]
iter=16 elapsed=71.087s step_runtime=3.427s destroy=destroy_random_workers_20pct repair=repair_gecode_fast objective_metric=minizinc_objective incumbent_objective=42.0 contender_objective=42.0 score=1 accepted=True repair_failed=False used_exploration=False stagnation_rounds=3 weights_updated=False
  destroyed=destroy_random_workers_20pct: destroyed workers: [1, 7, 9, 13]
iter=17 elapsed=71.805s step_runtime=0.718s destroy=destroy_max_border_off repair=repair_chuffed_fast objective_metric=minizinc_objective incumbent_objective=42.0 contender_objective=34.0 score=5 accepted=True repair_failed=False used_exploration=False stagnation_rounds=0 weights_updated=False
  destroyed=destroy_max_border_off: destroyed max-border off: vars_erased=5
iter=18 elapsed=75.579s step_runtime=3.774s destroy=destroy_worst_workers_30pct repair=repair_chuffed_fast objective_metric=minizinc_objective incumbent_objective=34.0 contender_objective=67.0 score=0 accepted=False repair_failed=False used_exploration=False stagnation_rounds=1 weights_updated=False
  destroyed=destroy_worst_workers_30pct: destroyed workers: [0, 1, 4, 5, 9, 10]
iter=19 elapsed=79.179s step_runtime=3.600s destroy=destroy_random_days_20pct repair=repair_chuffed_fast objective_metric=minizinc_objective incumbent_objective=34.0 contender_objective=44.0 score=0 accepted=False repair_failed=False used_exploration=False stagnation_rounds=2 weights_updated=False
  destroyed=destroy_random_days_20pct: destroyed days: [3, 4]
iter=20 elapsed=82.619s step_runtime=3.440s destroy=destroy_random_days_20pct repair=repair_gecode_fast objective_metric=minizinc_objective incumbent_objective=34.0 contender_objective=66.0 score=0 accepted=False repair_failed=False used_exploration=False stagnation_rounds=3 weights_updated=True
  destroyed=destroy_random_days_20pct: destroyed days: [2, 4]

  weight update (destroy):
    operator                             before    after
    destroy_worst_workers_10pct            0.06     0.05
    destroy_worst_workers_30pct            0.06     0.05
    destroy_random_workers_20pct           0.06     0.05
    destroy_random_window_20pct            0.06     0.05
    destroy_all_forbidden_sequences        0.06     0.25
    destroy_streak_around_worst_worker     0.16     0.13
    destroy_worst_days_10pct               0.06     0.05
    destroy_worst_days_30pct               0.06     0.05
    destroy_random_days_20pct              0.16     0.13
    destroy_max_border_work                0.06     0.05
    destroy_max_border_off                 0.06     0.05
    destroy_max_border_shift_1             0.06     0.05
    destroy_max_border_shift_2             0.06     0.05

  weight update (repair):
    operator                             before    after
    repair_chuffed_fast                    0.32     0.26
    repair_gecode_fast                     0.32     0.26
    repair_chuffed_long                    0.08     0.17
    repair_gecode_long                     0.27     0.32
iter=21 elapsed=98.080s step_runtime=15.460s destroy=destroy_streak_around_worst_worker repair=repair_gecode_long objective_metric=minizinc_objective incumbent_objective=34.0 contender_objective=100.0 score=0 accepted=False repair_failed=False used_exploration=False stagnation_rounds=4 weights_updated=False
  destroyed=destroy_streak_around_worst_worker: destroyed streak len=55 start=(w16,d1) end=(w3,d6); destroyed_inside=55
iter=22 elapsed=101.502s step_runtime=3.422s destroy=destroy_random_workers_20pct repair=repair_gecode_fast objective_metric=minizinc_objective incumbent_objective=34.0 contender_objective=40.0 score=0 accepted=True repair_failed=False used_exploration=False stagnation_rounds=5 weights_updated=False
  destroyed=destroy_random_workers_20pct: destroyed workers: [0, 7, 9, 15]
iter=23 elapsed=116.933s step_runtime=15.432s destroy=destroy_random_days_20pct repair=repair_gecode_long objective_metric=minizinc_objective incumbent_objective=40.0 contender_objective=68.0 score=0 accepted=False repair_failed=False used_exploration=False stagnation_rounds=6 weights_updated=False
  destroyed=destroy_random_days_20pct: destroyed days: [0, 3]
iter=24 elapsed=120.641s step_runtime=3.708s destroy=destroy_worst_days_30pct repair=repair_chuffed_fast objective_metric=minizinc_objective incumbent_objective=40.0 contender_objective=111.0 score=0 accepted=False repair_failed=False used_exploration=False stagnation_rounds=7 weights_updated=False
  destroyed=destroy_worst_days_30pct: destroyed days: [1, 3, 4]
iter=25 elapsed=121.437s step_runtime=0.796s destroy=destroy_max_border_off repair=repair_chuffed_fast objective_metric=minizinc_objective incumbent_objective=40.0 contender_objective=34.0 score=3 accepted=True repair_failed=False used_exploration=False stagnation_rounds=0 weights_updated=False
  destroyed=destroy_max_border_off: destroyed max-border off: vars_erased=8
iter=26 elapsed=124.865s step_runtime=3.428s destroy=destroy_random_workers_20pct repair=repair_gecode_fast objective_metric=minizinc_objective incumbent_objective=34.0 contender_objective=47.0 score=0 accepted=False repair_failed=False used_exploration=False stagnation_rounds=1 weights_updated=False
  destroyed=destroy_random_workers_20pct: destroyed workers: [1, 5, 13, 17]
iter=27 elapsed=128.287s step_runtime=3.422s destroy=destroy_random_workers_20pct repair=repair_gecode_fast objective_metric=minizinc_objective incumbent_objective=34.0 contender_objective=43.0 score=0 accepted=False repair_failed=False used_exploration=False stagnation_rounds=2 weights_updated=False
  destroyed=destroy_random_workers_20pct: destroyed workers: [0, 1, 7, 16]
iter=28 elapsed=143.903s step_runtime=15.616s destroy=destroy_random_workers_20pct repair=repair_chuffed_long objective_metric=minizinc_objective incumbent_objective=34.0 contender_objective=37.0 score=0 accepted=False repair_failed=False used_exploration=False stagnation_rounds=3 weights_updated=False
  destroyed=destroy_random_workers_20pct: destroyed workers: [2, 3, 9, 19]
iter=29 elapsed=147.455s step_runtime=3.551s destroy=destroy_random_window_20pct repair=repair_chuffed_fast objective_metric=minizinc_objective incumbent_objective=34.0 contender_objective=40.0 score=0 accepted=True repair_failed=False used_exploration=False stagnation_rounds=4 weights_updated=False
  destroyed=destroy_random_window_20pct: destroyed window: [0, 1, 2, 3, 4, 5, 6, 7, 8, 14, 15, 16, 17, 18, 19] x [3, 4]
iter=30 elapsed=148.211s step_runtime=0.756s destroy=destroy_max_border_off repair=repair_chuffed_fast objective_metric=minizinc_objective incumbent_objective=40.0 contender_objective=32.0 score=5 accepted=True repair_failed=False used_exploration=False stagnation_rounds=0 weights_updated=True
  destroyed=destroy_max_border_off: destroyed max-border off: vars_erased=6

  weight update (destroy):
    operator                             before    after
    destroy_worst_workers_10pct            0.05     0.04
    destroy_worst_workers_30pct            0.05     0.04
    destroy_random_workers_20pct           0.05     0.04
    destroy_random_window_20pct            0.05     0.04
    destroy_all_forbidden_sequences        0.25     0.20
    destroy_streak_around_worst_worker     0.13     0.10
    destroy_worst_days_10pct               0.05     0.04
    destroy_worst_days_30pct               0.05     0.04
    destroy_random_days_20pct              0.13     0.10
    destroy_max_border_work                0.05     0.04
    destroy_max_border_off                 0.05     0.24
    destroy_max_border_shift_1             0.05     0.04
    destroy_max_border_shift_2             0.05     0.04

  weight update (repair):
    operator                             before    after
    repair_chuffed_fast                    0.26     0.38
    repair_gecode_fast                     0.26     0.21
    repair_chuffed_long                    0.17     0.14
    repair_gecode_long                     0.32     0.26
iter=31 elapsed=163.627s step_runtime=15.416s destroy=destroy_random_workers_20pct repair=repair_gecode_long objective_metric=minizinc_objective incumbent_objective=32.0 contender_objective=48.0 score=0 accepted=False repair_failed=False used_exploration=False stagnation_rounds=1 weights_updated=False
  destroyed=destroy_random_workers_20pct: destroyed workers: [2, 3, 13, 15]
iter=32 elapsed=179.215s step_runtime=15.588s destroy=destroy_random_workers_20pct repair=repair_chuffed_long objective_metric=minizinc_objective incumbent_objective=32.0 contender_objective=51.0 score=0 accepted=False repair_failed=False used_exploration=False stagnation_rounds=2 weights_updated=False
  destroyed=destroy_random_workers_20pct: destroyed workers: [2, 11, 14, 16]
iter=33 elapsed=181.363s step_runtime=2.147s destroy=destroy_random_window_20pct repair=repair_gecode_fast objective_metric=minizinc_objective incumbent_objective=32.0 contender_objective=24.0 score=5 accepted=True repair_failed=False used_exploration=False stagnation_rounds=0 weights_updated=False
  destroyed=destroy_random_window_20pct: destroyed window: [0, 1, 2, 3, 4, 5, 6, 7, 15, 16, 17, 18, 19] x [0, 1]
