Loaded instance: Example0.txt
instance=Example0
instance_name=Example0
instance_file=Example0.txt
instance_path=/Users/gab/Library/Mobile Documents/com~apple~CloudDocs/QuIST/ML/Optimization/Project 2/LNS_scheduling/Instances1-50/Example0.txt
variant=alns_late_phase
seed=1

iter=1 elapsed=0.995s step_runtime=0.995s destroy=destroy_random_window_20pct repair=repair_chuffed_fast objective_metric=minizinc_objective incumbent_objective=inf contender_objective=7.0 score=5 accepted=True repair_failed=False used_exploration=False stagnation_rounds=0 weights_updated=False
  destroyed=destroy_random_window_20pct: destroyed window: [3, 4, 5, 6] x [3, 4, 5]
iter=2 elapsed=1.712s step_runtime=0.717s destroy=destroy_all_forbidden_sequences repair=repair_chuffed_fast objective_metric=minizinc_objective incumbent_objective=7.0 contender_objective=5.0 score=5 accepted=True repair_failed=False used_exploration=False stagnation_rounds=0 weights_updated=False
  destroyed=destroy_all_forbidden_sequences: destroyed forbidden sequences: vars_erased=8
iter=3 elapsed=5.790s step_runtime=4.078s destroy=destroy_streak_around_worst_worker repair=repair_gecode_fast objective_metric=minizinc_objective incumbent_objective=5.0 contender_objective=5.0 score=0 accepted=False repair_failed=True used_exploration=False stagnation_rounds=1 weights_updated=False
  repair_error=RuntimeError: MiniZinc repair failed with status: UNSATISFIABLE
  destroyed=destroy_streak_around_worst_worker: destroyed streak len=21 start=(w0,d4) end=(w3,d3); destroyed_inside=21
iter=4 elapsed=6.596s step_runtime=0.806s destroy=destroy_worst_workers_10pct repair=repair_gecode_fast objective_metric=minizinc_objective incumbent_objective=5.0 contender_objective=5.0 score=0 accepted=False repair_failed=True used_exploration=False stagnation_rounds=2 weights_updated=False
  repair_error=RuntimeError: MiniZinc repair failed with status: UNSATISFIABLE
  destroyed=destroy_worst_workers_10pct: destroyed workers: [2]
iter=5 elapsed=7.132s step_runtime=0.536s destroy=destroy_max_border_shift_3 repair=repair_gecode_fast objective_metric=minizinc_objective incumbent_objective=5.0 contender_objective=5.0 score=0 accepted=False repair_failed=True used_exploration=False stagnation_rounds=3 weights_updated=False
  repair_error=RuntimeError: MiniZinc repair failed with status: UNSATISFIABLE
  destroyed=destroy_max_border_shift_3: destroyed max-border shift_3: vars_erased=7
iter=6 elapsed=7.654s step_runtime=0.523s destroy=destroy_max_border_off repair=repair_chuffed_fast objective_metric=minizinc_objective incumbent_objective=5.0 contender_objective=5.0 score=0 accepted=False repair_failed=True used_exploration=False stagnation_rounds=4 weights_updated=False
  repair_error=RuntimeError: MiniZinc repair failed with status: UNSATISFIABLE
  destroyed=destroy_max_border_off: destroyed max-border off: vars_erased=17
iter=7 elapsed=8.195s step_runtime=0.540s destroy=destroy_max_border_shift_3 repair=repair_chuffed_long objective_metric=minizinc_objective incumbent_objective=5.0 contender_objective=5.0 score=0 accepted=False repair_failed=True used_exploration=False stagnation_rounds=5 weights_updated=False
  repair_error=RuntimeError: MiniZinc repair failed with status: UNSATISFIABLE
  destroyed=destroy_max_border_shift_3: destroyed max-border shift_3: vars_erased=7
iter=8 elapsed=8.862s step_runtime=0.667s destroy=destroy_streak_around_worst_worker repair=repair_gecode_fast objective_metric=minizinc_objective incumbent_objective=5.0 contender_objective=5.0 score=0 accepted=False repair_failed=True used_exploration=False stagnation_rounds=6 weights_updated=False
  repair_error=RuntimeError: MiniZinc repair failed with status: UNSATISFIABLE
  destroyed=destroy_streak_around_worst_worker: destroyed streak len=13 start=(w1,d1) end=(w2,d6); destroyed_inside=13
iter=9 elapsed=9.474s step_runtime=0.612s destroy=destroy_worst_days_10pct repair=repair_gecode_long objective_metric=minizinc_objective incumbent_objective=5.0 contender_objective=5.0 score=0 accepted=False repair_failed=True used_exploration=False stagnation_rounds=7 weights_updated=False
  repair_error=RuntimeError: MiniZinc repair failed with status: UNSATISFIABLE
  destroyed=destroy_worst_days_10pct: destroyed days: [4]
iter=10 elapsed=9.955s step_runtime=0.481s destroy=destroy_max_border_shift_3 repair=repair_chuffed_fast objective_metric=minizinc_objective incumbent_objective=5.0 contender_objective=5.0 score=0 accepted=False repair_failed=True used_exploration=False stagnation_rounds=8 weights_updated=True
  repair_error=RuntimeError: MiniZinc repair failed with status: UNSATISFIABLE
  destroyed=destroy_max_border_shift_3: destroyed max-border shift_3: vars_erased=7

  weight update (destroy):
    operator                             before    after
    destroy_worst_workers_10pct            0.07     0.06
    destroy_worst_workers_30pct            0.07     0.06
    destroy_random_workers_20pct           0.07     0.06
    destroy_random_window_20pct            0.07     0.16
    destroy_all_forbidden_sequences        0.07     0.16
    destroy_streak_around_worst_worker     0.07     0.06
    destroy_worst_days_10pct               0.07     0.06
    destroy_worst_days_30pct               0.07     0.06
    destroy_random_days_20pct              0.07     0.06
    destroy_max_border_work                0.07     0.06
    destroy_max_border_off                 0.07     0.06
    destroy_max_border_shift_1             0.07     0.06
    destroy_max_border_shift_2             0.07     0.06
    destroy_max_border_shift_3             0.07     0.06

  weight update (repair):
    operator                             before    after
    repair_chuffed_fast                    0.40     0.51
    repair_gecode_fast                     0.40     0.32
    repair_chuffed_long                    0.10     0.08
    repair_gecode_long                     0.10     0.08
iter=11 elapsed=10.410s step_runtime=0.455s destroy=destroy_max_border_shift_1 repair=repair_gecode_long objective_metric=minizinc_objective incumbent_objective=5.0 contender_objective=5.0 score=0 accepted=False repair_failed=True used_exploration=False stagnation_rounds=9 weights_updated=False
  repair_error=RuntimeError: MiniZinc repair failed with status: UNSATISFIABLE
  destroyed=destroy_max_border_shift_1: destroyed max-border shift_1: vars_erased=7
iter=12 elapsed=10.977s step_runtime=0.567s destroy=destroy_all_forbidden_sequences repair=repair_chuffed_fast objective_metric=minizinc_objective incumbent_objective=5.0 contender_objective=5.0 score=0 accepted=False repair_failed=True used_exploration=False stagnation_rounds=10 weights_updated=False
  repair_error=RuntimeError: MiniZinc repair failed with status: UNSATISFIABLE
  destroyed=destroy_all_forbidden_sequences: destroyed forbidden sequences: vars_erased=6
iter=13 elapsed=11.551s step_runtime=0.574s destroy=destroy_exploration repair=repair_exploration objective_metric=minizinc_objective incumbent_objective=5.0 contender_objective=5.0 score=0 accepted=False repair_failed=True used_exploration=True stagnation_rounds=11 weights_updated=False
  repair_error=RuntimeError: MiniZinc repair failed with status: UNSATISFIABLE
  destroyed=destroy_exploration: destroyed window: [0, 5, 6] x [5, 6]
iter=14 elapsed=12.154s step_runtime=0.604s destroy=destroy_exploration repair=repair_exploration objective_metric=minizinc_objective incumbent_objective=5.0 contender_objective=5.0 score=0 accepted=False repair_failed=True used_exploration=True stagnation_rounds=12 weights_updated=False
  repair_error=RuntimeError: MiniZinc repair failed with status: UNSATISFIABLE
  destroyed=destroy_exploration: destroyed window: [1, 2, 3, 4] x [4, 5]
iter=15 elapsed=12.606s step_runtime=0.452s destroy=destroy_max_border_shift_2 repair=repair_gecode_fast objective_metric=minizinc_objective incumbent_objective=5.0 contender_objective=5.0 score=0 accepted=False repair_failed=True used_exploration=False stagnation_rounds=13 weights_updated=False
  repair_error=RuntimeError: MiniZinc repair failed with status: UNSATISFIABLE
  destroyed=destroy_max_border_shift_2: destroyed max-border shift_2: vars_erased=6
iter=16 elapsed=13.315s step_runtime=0.709s destroy=destroy_streak_around_worst_worker repair=repair_chuffed_fast objective_metric=minizinc_objective incumbent_objective=5.0 contender_objective=5.0 score=0 accepted=False repair_failed=True used_exploration=False stagnation_rounds=14 weights_updated=False
  repair_error=RuntimeError: MiniZinc repair failed with status: UNSATISFIABLE
  destroyed=destroy_streak_around_worst_worker: destroyed streak len=15 start=(w1,d0) end=(w3,d0); destroyed_inside=15
iter=17 elapsed=13.778s step_runtime=0.462s destroy=destroy_max_border_shift_1 repair=repair_chuffed_fast objective_metric=minizinc_objective incumbent_objective=5.0 contender_objective=5.0 score=0 accepted=False repair_failed=True used_exploration=False stagnation_rounds=15 weights_updated=False
  repair_error=RuntimeError: MiniZinc repair failed with status: UNSATISFIABLE
  destroyed=destroy_max_border_shift_1: destroyed max-border shift_1: vars_erased=7
iter=18 elapsed=14.583s step_runtime=0.805s destroy=destroy_streak_around_worst_worker repair=repair_chuffed_fast objective_metric=minizinc_objective incumbent_objective=5.0 contender_objective=5.0 score=0 accepted=False repair_failed=True used_exploration=False stagnation_rounds=16 weights_updated=False
  repair_error=RuntimeError: MiniZinc repair failed with status: UNSATISFIABLE
  destroyed=destroy_streak_around_worst_worker: destroyed streak len=17 start=(w0,d6) end=(w3,d1); destroyed_inside=17
iter=19 elapsed=15.028s step_runtime=0.445s destroy=destroy_max_border_off repair=repair_gecode_fast objective_metric=minizinc_objective incumbent_objective=5.0 contender_objective=5.0 score=0 accepted=False repair_failed=True used_exploration=False stagnation_rounds=17 weights_updated=False
  repair_error=RuntimeError: MiniZinc repair failed with status: UNSATISFIABLE
  destroyed=destroy_max_border_off: destroyed max-border off: vars_erased=11
