Loaded instance: Example0.txt
instance=Example0
instance_name=Example0
instance_file=Example0.txt
instance_path=/Users/gab/Library/Mobile Documents/com~apple~CloudDocs/QuIST/ML/Optimization/Project 2/LNS_scheduling/Instances1-50/Example0.txt
variant=alns_plain
seed=2

iter=1 elapsed=13.204s step_runtime=13.204s destroy=destroy_worst_workers_10pct repair=repair_tabu_long objective_metric=minizinc_objective incumbent_objective=inf contender_objective=10.0 score=5 accepted=True repair_failed=False used_exploration=False stagnation_rounds=0 weights_updated=False
  destroyed=destroy_worst_workers_10pct: destroyed workers: [1]
iter=2 elapsed=13.933s step_runtime=0.729s destroy=destroy_all_forbidden_sequences repair=repair_chuffed_fast objective_metric=minizinc_objective incumbent_objective=10.0 contender_objective=10.0 score=1 accepted=True repair_failed=False used_exploration=False stagnation_rounds=1 weights_updated=False
  destroyed=destroy_all_forbidden_sequences: destroyed forbidden sequences: vars_erased=10
iter=3 elapsed=27.060s step_runtime=13.127s destroy=destroy_random_days_20pct repair=repair_tabu_long objective_metric=minizinc_objective incumbent_objective=10.0 contender_objective=9.0 score=5 accepted=True repair_failed=False used_exploration=False stagnation_rounds=0 weights_updated=False
  destroyed=destroy_random_days_20pct: destroyed days: [5, 6]
iter=4 elapsed=31.135s step_runtime=4.075s destroy=destroy_streak_around_worst_worker repair=repair_tabu_fast objective_metric=minizinc_objective incumbent_objective=9.0 contender_objective=9.0 score=1 accepted=True repair_failed=False used_exploration=False stagnation_rounds=1 weights_updated=False
  destroyed=destroy_streak_around_worst_worker: destroyed streak len=11 start=(w1,d2) end=(w2,d5); destroyed_inside=11
iter=5 elapsed=44.272s step_runtime=13.137s destroy=destroy_worst_days_30pct repair=repair_tabu_long objective_metric=minizinc_objective incumbent_objective=9.0 contender_objective=5.0 score=5 accepted=True repair_failed=False used_exploration=False stagnation_rounds=0 weights_updated=False
  destroyed=destroy_worst_days_30pct: destroyed days: [1, 4, 6]
iter=6 elapsed=45.372s step_runtime=1.100s destroy=destroy_random_workers_20pct repair=repair_gecode_long objective_metric=minizinc_objective incumbent_objective=5.0 contender_objective=4.0 score=5 accepted=True repair_failed=False used_exploration=False stagnation_rounds=0 weights_updated=False
  destroyed=destroy_random_workers_20pct: destroyed workers: [0, 5]
iter=7 elapsed=46.525s step_runtime=1.153s destroy=destroy_random_window_20pct repair=repair_chuffed_fast objective_metric=minizinc_objective incumbent_objective=4.0 contender_objective=3.0 score=5 accepted=True repair_failed=False used_exploration=False stagnation_rounds=0 weights_updated=False
  destroyed=destroy_random_window_20pct: destroyed window: [0, 1, 5, 6] x [0, 4, 5, 6]
iter=8 elapsed=47.249s step_runtime=0.723s destroy=destroy_random_window_20pct repair=repair_chuffed_fast objective_metric=minizinc_objective incumbent_objective=3.0 contender_objective=2.0 score=5 accepted=True repair_failed=False used_exploration=False stagnation_rounds=0 weights_updated=False
  destroyed=destroy_random_window_20pct: destroyed window: [0, 1, 6] x [0, 1, 2, 3]
iter=9 elapsed=59.869s step_runtime=12.620s destroy=destroy_streak_around_worst_worker repair=repair_tabu_long objective_metric=minizinc_objective incumbent_objective=2.0 contender_objective=2.0 score=1 accepted=True repair_failed=False used_exploration=False stagnation_rounds=1 weights_updated=False
  destroyed=destroy_streak_around_worst_worker: destroyed streak len=21 start=(w0,d4) end=(w3,d3); destroyed_inside=21
iter=10 elapsed=65.628s step_runtime=5.760s destroy=destroy_worst_days_30pct repair=repair_chuffed_long objective_metric=minizinc_objective incumbent_objective=2.0 contender_objective=2.0 score=1 accepted=True repair_failed=False used_exploration=False stagnation_rounds=2 weights_updated=True
  destroyed=destroy_worst_days_30pct: destroyed days: [3, 5, 6]

  weight update (destroy):
    operator                             before    after
    destroy_worst_workers_10pct            0.07     0.11
    destroy_worst_workers_30pct            0.07     0.06
    destroy_random_workers_20pct           0.07     0.11
    destroy_random_window_20pct            0.07     0.11
    destroy_all_forbidden_sequences        0.07     0.06
    destroy_streak_around_worst_worker     0.07     0.06
    destroy_worst_days_10pct               0.07     0.06
    destroy_worst_days_30pct               0.07     0.06
    destroy_random_days_20pct              0.07     0.11
    destroy_max_border_work                0.07     0.06
    destroy_max_border_off                 0.07     0.06
    destroy_max_border_shift_1             0.07     0.06
    destroy_max_border_shift_2             0.07     0.06
    destroy_max_border_shift_3             0.07     0.06

  weight update (repair):
    operator                             before    after
    repair_chuffed_fast                    0.22     0.20
    repair_gecode_fast                     0.22     0.18
    repair_chuffed_long                    0.11     0.09
    repair_gecode_long                     0.11     0.22
    repair_tabu_fast                       0.22     0.18
    repair_tabu_long                       0.11     0.13
iter=11 elapsed=67.068s step_runtime=1.440s destroy=destroy_worst_workers_30pct repair=repair_gecode_long objective_metric=minizinc_objective incumbent_objective=2.0 contender_objective=0.0 score=5 accepted=True repair_failed=False used_exploration=False stagnation_rounds=0 weights_updated=False
  destroyed=destroy_worst_workers_30pct: destroyed workers: [1, 2, 4]
