Loaded instance: Example1.txt
instance=Example1
instance_name=Example1
instance_file=Example1.txt
instance_path=/Users/gab/Library/Mobile Documents/com~apple~CloudDocs/QuIST/ML/Optimization/Project 2/LNS_scheduling/Instances1-50/Example1.txt
variant=alns_plain
seed=1

iter=1 elapsed=0.859s step_runtime=0.859s destroy=destroy_random_window_20pct repair=repair_chuffed_fast objective_metric=minizinc_objective incumbent_objective=inf contender_objective=19.0 score=5 accepted=True repair_failed=False used_exploration=False stagnation_rounds=0 weights_updated=False
  destroyed=destroy_random_window_20pct: destroyed window: [7, 8] x [3, 4, 5]
iter=2 elapsed=1.983s step_runtime=1.124s destroy=destroy_random_workers_20pct repair=repair_gecode_fast objective_metric=minizinc_objective incumbent_objective=19.0 contender_objective=15.0 score=5 accepted=True repair_failed=False used_exploration=False stagnation_rounds=0 weights_updated=False
  destroyed=destroy_random_workers_20pct: destroyed workers: [0, 7]
iter=3 elapsed=14.757s step_runtime=12.774s destroy=destroy_streak_around_worst_worker repair=repair_tabu_long objective_metric=minizinc_objective incumbent_objective=15.0 contender_objective=15.0 score=1 accepted=True repair_failed=False used_exploration=False stagnation_rounds=1 weights_updated=False
  destroyed=destroy_streak_around_worst_worker: destroyed streak len=11 start=(w1,d2) end=(w2,d5); destroyed_inside=11
iter=4 elapsed=18.218s step_runtime=3.461s destroy=destroy_worst_days_30pct repair=repair_gecode_fast objective_metric=minizinc_objective incumbent_objective=15.0 contender_objective=41.0 score=0 accepted=False repair_failed=False used_exploration=False stagnation_rounds=2 weights_updated=False
  destroyed=destroy_worst_days_30pct: destroyed days: [1, 3, 4]
iter=5 elapsed=30.699s step_runtime=12.481s destroy=destroy_worst_days_30pct repair=repair_gecode_long objective_metric=minizinc_objective incumbent_objective=15.0 contender_objective=32.0 score=0 accepted=False repair_failed=False used_exploration=False stagnation_rounds=3 weights_updated=False
  destroyed=destroy_worst_days_30pct: destroyed days: [0, 3, 4]
iter=6 elapsed=34.894s step_runtime=4.195s destroy=destroy_worst_days_10pct repair=repair_tabu_fast objective_metric=minizinc_objective incumbent_objective=15.0 contender_objective=19.0 score=0 accepted=False repair_failed=False used_exploration=False stagnation_rounds=4 weights_updated=False
  destroyed=destroy_worst_days_10pct: destroyed days: [2]
iter=7 elapsed=38.409s step_runtime=3.514s destroy=destroy_worst_days_30pct repair=repair_chuffed_fast objective_metric=minizinc_objective incumbent_objective=15.0 contender_objective=37.0 score=0 accepted=False repair_failed=False used_exploration=False stagnation_rounds=5 weights_updated=False
  destroyed=destroy_worst_days_30pct: destroyed days: [2, 3, 6]
iter=8 elapsed=46.847s step_runtime=8.439s destroy=destroy_random_days_20pct repair=repair_chuffed_long objective_metric=minizinc_objective incumbent_objective=15.0 contender_objective=15.0 score=1 accepted=True repair_failed=False used_exploration=False stagnation_rounds=6 weights_updated=False
  destroyed=destroy_random_days_20pct: destroyed days: [2, 4]
iter=9 elapsed=47.619s step_runtime=0.772s destroy=destroy_random_window_20pct repair=repair_chuffed_long objective_metric=minizinc_objective incumbent_objective=15.0 contender_objective=14.0 score=5 accepted=True repair_failed=False used_exploration=False stagnation_rounds=0 weights_updated=False
  destroyed=destroy_random_window_20pct: destroyed window: [0, 1, 2, 8] x [0, 6]
iter=10 elapsed=51.325s step_runtime=3.706s destroy=destroy_random_window_20pct repair=repair_tabu_fast objective_metric=minizinc_objective incumbent_objective=14.0 contender_objective=13.0 score=5 accepted=True repair_failed=False used_exploration=False stagnation_rounds=0 weights_updated=True
  destroyed=destroy_random_window_20pct: destroyed window: [1, 2, 3, 4] x [4, 5, 6]

  weight update (destroy):
    operator                             before    after
    destroy_worst_workers_10pct            0.07     0.06
    destroy_worst_workers_30pct            0.07     0.06
    destroy_random_workers_20pct           0.07     0.16
    destroy_random_window_20pct            0.07     0.16
    destroy_all_forbidden_sequences        0.07     0.06
    destroy_streak_around_worst_worker     0.07     0.06
    destroy_worst_days_10pct               0.07     0.06
    destroy_worst_days_30pct               0.07     0.06
    destroy_random_days_20pct              0.07     0.06
    destroy_max_border_work                0.07     0.06
    destroy_max_border_off                 0.07     0.06
    destroy_max_border_shift_1             0.07     0.06
    destroy_max_border_shift_2             0.07     0.06
    destroy_max_border_shift_3             0.07     0.06

  weight update (repair):
    operator                             before    after
    repair_chuffed_fast                    0.22     0.22
    repair_gecode_fast                     0.22     0.22
    repair_chuffed_long                    0.11     0.16
    repair_gecode_long                     0.11     0.09
    repair_tabu_fast                       0.22     0.22
    repair_tabu_long                       0.11     0.10
iter=11 elapsed=52.085s step_runtime=0.760s destroy=destroy_random_window_20pct repair=repair_chuffed_fast objective_metric=minizinc_objective incumbent_objective=13.0 contender_objective=12.0 score=5 accepted=True repair_failed=False used_exploration=False stagnation_rounds=0 weights_updated=False
  destroyed=destroy_random_window_20pct: destroyed window: [0, 1, 2, 8] x [2, 3, 4]
iter=12 elapsed=65.300s step_runtime=13.215s destroy=destroy_random_window_20pct repair=repair_tabu_long objective_metric=minizinc_objective incumbent_objective=12.0 contender_objective=11.0 score=5 accepted=True repair_failed=False used_exploration=False stagnation_rounds=0 weights_updated=False
  destroyed=destroy_random_window_20pct: destroyed window: [5, 6, 7] x [0, 1, 2, 3]
iter=13 elapsed=66.291s step_runtime=0.992s destroy=destroy_random_window_20pct repair=repair_chuffed_fast objective_metric=minizinc_objective incumbent_objective=11.0 contender_objective=10.0 score=5 accepted=True repair_failed=False used_exploration=False stagnation_rounds=0 weights_updated=False
  destroyed=destroy_random_window_20pct: destroyed window: [3, 4, 5, 6] x [0, 1, 2]
iter=14 elapsed=67.694s step_runtime=1.403s destroy=destroy_all_forbidden_sequences repair=repair_gecode_fast objective_metric=minizinc_objective incumbent_objective=10.0 contender_objective=9.0 score=5 accepted=True repair_failed=False used_exploration=False stagnation_rounds=0 weights_updated=False
  destroyed=destroy_all_forbidden_sequences: destroyed forbidden sequences: vars_erased=14
iter=15 elapsed=68.535s step_runtime=0.841s destroy=destroy_random_window_20pct repair=repair_chuffed_long objective_metric=minizinc_objective incumbent_objective=9.0 contender_objective=9.0 score=1 accepted=True repair_failed=False used_exploration=False stagnation_rounds=1 weights_updated=False
  destroyed=destroy_random_window_20pct: destroyed window: [0, 7, 8] x [2, 3, 4]
iter=16 elapsed=72.297s step_runtime=3.762s destroy=destroy_random_window_20pct repair=repair_tabu_fast objective_metric=minizinc_objective incumbent_objective=9.0 contender_objective=9.0 score=1 accepted=True repair_failed=False used_exploration=False stagnation_rounds=2 weights_updated=False
  destroyed=destroy_random_window_20pct: destroyed window: [7, 8] x [4, 5, 6]
iter=17 elapsed=73.247s step_runtime=0.950s destroy=destroy_random_workers_20pct repair=repair_gecode_fast objective_metric=minizinc_objective incumbent_objective=9.0 contender_objective=9.0 score=1 accepted=True repair_failed=False used_exploration=False stagnation_rounds=3 weights_updated=False
  destroyed=destroy_random_workers_20pct: destroyed workers: [3, 8]
iter=18 elapsed=76.328s step_runtime=3.081s destroy=destroy_random_window_20pct repair=repair_gecode_fast objective_metric=minizinc_objective incumbent_objective=9.0 contender_objective=9.0 score=1 accepted=True repair_failed=False used_exploration=False stagnation_rounds=4 weights_updated=False
  destroyed=destroy_random_window_20pct: destroyed window: [4, 5, 6, 7, 8] x [0, 1, 2, 6]
iter=19 elapsed=77.459s step_runtime=1.130s destroy=destroy_random_window_20pct repair=repair_gecode_fast objective_metric=minizinc_objective incumbent_objective=9.0 contender_objective=9.0 score=1 accepted=True repair_failed=False used_exploration=False stagnation_rounds=5 weights_updated=False
  destroyed=destroy_random_window_20pct: destroyed window: [0, 1, 2, 7, 8] x [4, 5, 6]
iter=20 elapsed=81.202s step_runtime=3.744s destroy=destroy_random_window_20pct repair=repair_tabu_fast objective_metric=minizinc_objective incumbent_objective=9.0 contender_objective=9.0 score=1 accepted=True repair_failed=False used_exploration=False stagnation_rounds=6 weights_updated=True
  destroyed=destroy_random_window_20pct: destroyed window: [0, 1, 6, 7, 8] x [1, 2, 3]

  weight update (destroy):
    operator                             before    after
    destroy_worst_workers_10pct            0.06     0.05
    destroy_worst_workers_30pct            0.06     0.05
    destroy_random_workers_20pct           0.16     0.13
    destroy_random_window_20pct            0.16     0.13
    destroy_all_forbidden_sequences        0.06     0.23
    destroy_streak_around_worst_worker     0.06     0.05
    destroy_worst_days_10pct               0.06     0.05
    destroy_worst_days_30pct               0.06     0.05
    destroy_random_days_20pct              0.06     0.05
    destroy_max_border_work                0.06     0.05
    destroy_max_border_off                 0.06     0.05
    destroy_max_border_shift_1             0.06     0.05
    destroy_max_border_shift_2             0.06     0.05
    destroy_max_border_shift_3             0.06     0.05

  weight update (repair):
    operator                             before    after
    repair_chuffed_fast                    0.22     0.27
    repair_gecode_fast                     0.22     0.18
    repair_chuffed_long                    0.16     0.13
    repair_gecode_long                     0.09     0.07
    repair_tabu_fast                       0.22     0.17
    repair_tabu_long                       0.10     0.17
iter=21 elapsed=93.900s step_runtime=12.698s destroy=destroy_random_window_20pct repair=repair_tabu_long objective_metric=minizinc_objective incumbent_objective=9.0 contender_objective=12.0 score=0 accepted=True repair_failed=False used_exploration=False stagnation_rounds=7 weights_updated=False
  destroyed=destroy_random_window_20pct: destroyed window: [0, 1, 6, 7, 8] x [4, 5, 6]
iter=22 elapsed=94.603s step_runtime=0.703s destroy=destroy_random_window_20pct repair=repair_chuffed_fast objective_metric=minizinc_objective incumbent_objective=12.0 contender_objective=12.0 score=1 accepted=True repair_failed=False used_exploration=False stagnation_rounds=8 weights_updated=False
  destroyed=destroy_random_window_20pct: destroyed window: [0, 1, 2, 3, 8] x [1, 2]
iter=23 elapsed=95.267s step_runtime=0.664s destroy=destroy_random_window_20pct repair=repair_chuffed_fast objective_metric=minizinc_objective incumbent_objective=12.0 contender_objective=11.0 score=3 accepted=True repair_failed=False used_exploration=False stagnation_rounds=0 weights_updated=False
  destroyed=destroy_random_window_20pct: destroyed window: [0, 1, 8] x [0, 1, 6]
iter=24 elapsed=95.892s step_runtime=0.625s destroy=destroy_random_window_20pct repair=repair_chuffed_fast objective_metric=minizinc_objective incumbent_objective=11.0 contender_objective=11.0 score=1 accepted=True repair_failed=False used_exploration=False stagnation_rounds=1 weights_updated=False
  destroyed=destroy_random_window_20pct: destroyed window: [7, 8] x [0, 1, 5, 6]
iter=25 elapsed=96.636s step_runtime=0.743s destroy=destroy_random_window_20pct repair=repair_gecode_fast objective_metric=minizinc_objective incumbent_objective=11.0 contender_objective=11.0 score=1 accepted=True repair_failed=False used_exploration=False stagnation_rounds=2 weights_updated=False
  destroyed=destroy_random_window_20pct: destroyed window: [5, 6, 7, 8] x [4, 5, 6]
iter=26 elapsed=97.599s step_runtime=0.963s destroy=destroy_random_window_20pct repair=repair_gecode_fast objective_metric=minizinc_objective incumbent_objective=11.0 contender_objective=5.0 score=5 accepted=True repair_failed=False used_exploration=False stagnation_rounds=0 weights_updated=False
  destroyed=destroy_random_window_20pct: destroyed window: [0, 1, 7, 8] x [0, 1, 5, 6]
iter=27 elapsed=98.286s step_runtime=0.687s destroy=destroy_random_window_20pct repair=repair_gecode_long objective_metric=minizinc_objective incumbent_objective=5.0 contender_objective=5.0 score=1 accepted=True repair_failed=False used_exploration=False stagnation_rounds=1 weights_updated=False
  destroyed=destroy_random_window_20pct: destroyed window: [0, 8] x [0, 4, 5, 6]
iter=28 elapsed=99.093s step_runtime=0.807s destroy=destroy_random_window_20pct repair=repair_chuffed_long objective_metric=minizinc_objective incumbent_objective=5.0 contender_objective=5.0 score=1 accepted=True repair_failed=False used_exploration=False stagnation_rounds=2 weights_updated=False
  destroyed=destroy_random_window_20pct: destroyed window: [0, 6, 7, 8] x [2, 3, 4, 5]
iter=29 elapsed=99.639s step_runtime=0.546s destroy=destroy_max_border_shift_3 repair=repair_gecode_fast objective_metric=minizinc_objective incumbent_objective=5.0 contender_objective=5.0 score=1 accepted=True repair_failed=False used_exploration=False stagnation_rounds=3 weights_updated=False
  destroyed=destroy_max_border_shift_3: destroyed max-border shift_3: vars_erased=9
iter=30 elapsed=100.265s step_runtime=0.627s destroy=destroy_random_window_20pct repair=repair_gecode_fast objective_metric=minizinc_objective incumbent_objective=5.0 contender_objective=5.0 score=1 accepted=True repair_failed=False used_exploration=False stagnation_rounds=4 weights_updated=True
  destroyed=destroy_random_window_20pct: destroyed window: [7, 8] x [1, 2, 3, 4]

  weight update (destroy):
    operator                             before    after
    destroy_worst_workers_10pct            0.05     0.05
    destroy_worst_workers_30pct            0.05     0.05
    destroy_random_workers_20pct           0.13     0.11
    destroy_random_window_20pct            0.13     0.19
    destroy_all_forbidden_sequences        0.23     0.20
    destroy_streak_around_worst_worker     0.05     0.05
    destroy_worst_days_10pct               0.05     0.05
    destroy_worst_days_30pct               0.05     0.05
    destroy_random_days_20pct              0.05     0.05
    destroy_max_border_work                0.05     0.04
    destroy_max_border_off                 0.05     0.04
    destroy_max_border_shift_1             0.05     0.04
    destroy_max_border_shift_2             0.05     0.04
    destroy_max_border_shift_3             0.05     0.04

  weight update (repair):
    operator                             before    after
    repair_chuffed_fast                    0.27     0.27
    repair_gecode_fast                     0.18     0.22
    repair_chuffed_long                    0.13     0.13
    repair_gecode_long                     0.07     0.08
    repair_tabu_fast                       0.17     0.15
    repair_tabu_long                       0.17     0.15
iter=31 elapsed=100.958s step_runtime=0.693s destroy=destroy_random_window_20pct repair=repair_chuffed_long objective_metric=minizinc_objective incumbent_objective=5.0 contender_objective=5.0 score=1 accepted=True repair_failed=False used_exploration=False stagnation_rounds=5 weights_updated=False
  destroyed=destroy_random_window_20pct: destroyed window: [1, 2, 3] x [2, 3, 4, 5]
iter=32 elapsed=101.635s step_runtime=0.677s destroy=destroy_worst_workers_10pct repair=repair_gecode_fast objective_metric=minizinc_objective incumbent_objective=5.0 contender_objective=4.0 score=5 accepted=True repair_failed=False used_exploration=False stagnation_rounds=0 weights_updated=False
  destroyed=destroy_worst_workers_10pct: destroyed workers: [4]
iter=33 elapsed=102.304s step_runtime=0.669s destroy=destroy_random_window_20pct repair=repair_chuffed_fast objective_metric=minizinc_objective incumbent_objective=4.0 contender_objective=4.0 score=1 accepted=True repair_failed=False used_exploration=False stagnation_rounds=1 weights_updated=False
  destroyed=destroy_random_window_20pct: destroyed window: [0, 8] x [0, 1, 2, 6]
iter=34 elapsed=103.074s step_runtime=0.770s destroy=destroy_random_window_20pct repair=repair_chuffed_fast objective_metric=minizinc_objective incumbent_objective=4.0 contender_objective=4.0 score=1 accepted=True repair_failed=False used_exploration=False stagnation_rounds=2 weights_updated=False
  destroyed=destroy_random_window_20pct: destroyed window: [4, 5, 6, 7, 8] x [2, 3]
iter=35 elapsed=115.716s step_runtime=12.642s destroy=destroy_all_forbidden_sequences repair=repair_tabu_long objective_metric=minizinc_objective incumbent_objective=4.0 contender_objective=4.0 score=1 accepted=True repair_failed=False used_exploration=False stagnation_rounds=3 weights_updated=False
  destroyed=destroy_all_forbidden_sequences: destroyed forbidden sequences: vars_erased=6
iter=36 elapsed=119.172s step_runtime=3.455s destroy=destroy_worst_days_30pct repair=repair_gecode_fast objective_metric=minizinc_objective incumbent_objective=4.0 contender_objective=40.0 score=0 accepted=False repair_failed=False used_exploration=False stagnation_rounds=4 weights_updated=False
  destroyed=destroy_worst_days_30pct: destroyed days: [0, 2, 5]
iter=37 elapsed=122.607s step_runtime=3.435s destroy=destroy_streak_around_worst_worker repair=repair_gecode_fast objective_metric=minizinc_objective incumbent_objective=4.0 contender_objective=14.0 score=0 accepted=True repair_failed=False used_exploration=False stagnation_rounds=5 weights_updated=False
  destroyed=destroy_streak_around_worst_worker: destroyed streak len=23 start=(w2,d4) end=(w5,d5); destroyed_inside=23
iter=38 elapsed=123.506s step_runtime=0.899s destroy=destroy_random_window_20pct repair=repair_gecode_fast objective_metric=minizinc_objective incumbent_objective=14.0 contender_objective=5.0 score=3 accepted=True repair_failed=False used_exploration=False stagnation_rounds=0 weights_updated=False
  destroyed=destroy_random_window_20pct: destroyed window: [2, 3, 4] x [0, 1, 2, 3]
iter=39 elapsed=127.473s step_runtime=3.967s destroy=destroy_random_window_20pct repair=repair_tabu_fast objective_metric=minizinc_objective incumbent_objective=5.0 contender_objective=5.0 score=1 accepted=True repair_failed=False used_exploration=False stagnation_rounds=1 weights_updated=False
  destroyed=destroy_random_window_20pct: destroyed window: [3, 4, 5] x [0, 5, 6]
iter=40 elapsed=129.426s step_runtime=1.953s destroy=destroy_random_window_20pct repair=repair_chuffed_fast objective_metric=minizinc_objective incumbent_objective=5.0 contender_objective=5.0 score=1 accepted=True repair_failed=False used_exploration=False stagnation_rounds=2 weights_updated=True
  destroyed=destroy_random_window_20pct: destroyed window: [3, 4, 5, 6, 7] x [3, 4, 5]

  weight update (destroy):
    operator                             before    after
    destroy_worst_workers_10pct            0.05     0.23
    destroy_worst_workers_30pct            0.05     0.04
    destroy_random_workers_20pct           0.11     0.09
    destroy_random_window_20pct            0.19     0.16
    destroy_all_forbidden_sequences        0.20     0.16
    destroy_streak_around_worst_worker     0.05     0.04
    destroy_worst_days_10pct               0.05     0.04
    destroy_worst_days_30pct               0.05     0.04
    destroy_random_days_20pct              0.05     0.04
    destroy_max_border_work                0.04     0.03
    destroy_max_border_off                 0.04     0.03
    destroy_max_border_shift_1             0.04     0.03
    destroy_max_border_shift_2             0.04     0.03
    destroy_max_border_shift_3             0.04     0.03

  weight update (repair):
    operator                             before    after
    repair_chuffed_fast                    0.27     0.24
    repair_gecode_fast                     0.22     0.27
    repair_chuffed_long                    0.13     0.13
    repair_gecode_long                     0.08     0.07
    repair_tabu_fast                       0.15     0.14
    repair_tabu_long                       0.15     0.14
iter=41 elapsed=142.197s step_runtime=12.771s destroy=destroy_random_window_20pct repair=repair_tabu_long objective_metric=minizinc_objective incumbent_objective=5.0 contender_objective=5.0 score=1 accepted=True repair_failed=False used_exploration=False stagnation_rounds=3 weights_updated=False
  destroyed=destroy_random_window_20pct: destroyed window: [0, 1, 2, 3] x [1, 2, 3, 4]
iter=42 elapsed=142.826s step_runtime=0.629s destroy=destroy_random_window_20pct repair=repair_chuffed_long objective_metric=minizinc_objective incumbent_objective=5.0 contender_objective=4.0 score=3 accepted=True repair_failed=False used_exploration=False stagnation_rounds=0 weights_updated=False
  destroyed=destroy_random_window_20pct: destroyed window: [0, 1, 2, 3] x [4, 5]
iter=43 elapsed=143.505s step_runtime=0.679s destroy=destroy_random_workers_20pct repair=repair_gecode_fast objective_metric=minizinc_objective incumbent_objective=4.0 contender_objective=4.0 score=1 accepted=True repair_failed=False used_exploration=False stagnation_rounds=1 weights_updated=False
  destroyed=destroy_random_workers_20pct: destroyed workers: [1, 6]
iter=44 elapsed=144.183s step_runtime=0.678s destroy=destroy_random_window_20pct repair=repair_chuffed_fast objective_metric=minizinc_objective incumbent_objective=4.0 contender_objective=4.0 score=1 accepted=True repair_failed=False used_exploration=False stagnation_rounds=2 weights_updated=False
  destroyed=destroy_random_window_20pct: destroyed window: [2, 3, 4, 5] x [1, 2]
iter=45 elapsed=145.005s step_runtime=0.822s destroy=destroy_random_window_20pct repair=repair_gecode_fast objective_metric=minizinc_objective incumbent_objective=4.0 contender_objective=4.0 score=1 accepted=True repair_failed=False used_exploration=False stagnation_rounds=3 weights_updated=False
  destroyed=destroy_random_window_20pct: destroyed window: [0, 1, 2, 8] x [0, 1]
iter=46 elapsed=148.616s step_runtime=3.611s destroy=destroy_random_window_20pct repair=repair_tabu_fast objective_metric=minizinc_objective incumbent_objective=4.0 contender_objective=4.0 score=1 accepted=True repair_failed=False used_exploration=False stagnation_rounds=4 weights_updated=False
  destroyed=destroy_random_window_20pct: destroyed window: [5, 6, 7, 8] x [2, 3, 4, 5]
iter=47 elapsed=149.308s step_runtime=0.692s destroy=destroy_random_window_20pct repair=repair_chuffed_fast objective_metric=minizinc_objective incumbent_objective=4.0 contender_objective=4.0 score=1 accepted=True repair_failed=False used_exploration=False stagnation_rounds=5 weights_updated=False
  destroyed=destroy_random_window_20pct: destroyed window: [2, 3, 4] x [0, 1, 6]
iter=48 elapsed=152.753s step_runtime=3.444s destroy=destroy_random_window_20pct repair=repair_chuffed_fast objective_metric=minizinc_objective incumbent_objective=4.0 contender_objective=15.0 score=0 accepted=False repair_failed=False used_exploration=False stagnation_rounds=6 weights_updated=False
  destroyed=destroy_random_window_20pct: destroyed window: [0, 1, 2, 3, 4] x [0, 1, 5, 6]
