Loaded instance: Example1.txt
instance=Example1
instance_name=Example1
instance_file=Example1.txt
instance_path=/Users/gab/Library/Mobile Documents/com~apple~CloudDocs/QuIST/ML/Optimization/Project 2/LNS_scheduling/Instances1-50/Example1.txt
variant=alns_plain
seed=0

iter=1 elapsed=4.016s step_runtime=4.016s destroy=destroy_streak_around_worst_worker repair=repair_tabu_fast objective_metric=minizinc_objective incumbent_objective=inf contender_objective=21.0 score=5 accepted=True repair_failed=False used_exploration=False stagnation_rounds=0 weights_updated=False
  destroyed=destroy_streak_around_worst_worker: destroyed streak len=11 start=(w8,d2) end=(w0,d5); destroyed_inside=11
iter=2 elapsed=8.232s step_runtime=4.216s destroy=destroy_worst_days_30pct repair=repair_tabu_fast objective_metric=minizinc_objective incumbent_objective=21.0 contender_objective=22.0 score=0 accepted=True repair_failed=False used_exploration=False stagnation_rounds=1 weights_updated=False
  destroyed=destroy_worst_days_30pct: destroyed days: [0, 3, 6]
iter=3 elapsed=12.473s step_runtime=4.241s destroy=destroy_random_window_20pct repair=repair_gecode_fast objective_metric=minizinc_objective incumbent_objective=22.0 contender_objective=18.0 score=5 accepted=True repair_failed=False used_exploration=False stagnation_rounds=0 weights_updated=False
  destroyed=destroy_random_window_20pct: destroyed window: [1, 2, 3, 4, 5] x [1, 2, 3, 4]
iter=4 elapsed=16.346s step_runtime=3.873s destroy=destroy_worst_workers_30pct repair=repair_chuffed_fast objective_metric=minizinc_objective incumbent_objective=18.0 contender_objective=24.0 score=0 accepted=False repair_failed=False used_exploration=False stagnation_rounds=1 weights_updated=False
  destroyed=destroy_worst_workers_30pct: destroyed workers: [0, 1, 2]
iter=5 elapsed=20.076s step_runtime=3.730s destroy=destroy_all_forbidden_sequences repair=repair_chuffed_fast objective_metric=minizinc_objective incumbent_objective=18.0 contender_objective=18.0 score=1 accepted=True repair_failed=False used_exploration=False stagnation_rounds=2 weights_updated=False
  destroyed=destroy_all_forbidden_sequences: destroyed forbidden sequences: vars_erased=17
iter=6 elapsed=21.659s step_runtime=1.583s destroy=destroy_random_workers_20pct repair=repair_chuffed_fast objective_metric=minizinc_objective incumbent_objective=18.0 contender_objective=8.0 score=5 accepted=True repair_failed=False used_exploration=False stagnation_rounds=0 weights_updated=False
  destroyed=destroy_random_workers_20pct: destroyed workers: [0, 3]
iter=7 elapsed=26.060s step_runtime=4.401s destroy=destroy_random_window_20pct repair=repair_tabu_fast objective_metric=minizinc_objective incumbent_objective=8.0 contender_objective=8.0 score=1 accepted=True repair_failed=False used_exploration=False stagnation_rounds=1 weights_updated=False
  destroyed=destroy_random_window_20pct: destroyed window: [2, 3, 4, 5, 6] x [2, 3, 4]
iter=8 elapsed=30.007s step_runtime=3.946s destroy=destroy_random_window_20pct repair=repair_tabu_fast objective_metric=minizinc_objective incumbent_objective=8.0 contender_objective=8.0 score=1 accepted=True repair_failed=False used_exploration=False stagnation_rounds=2 weights_updated=False
  destroyed=destroy_random_window_20pct: destroyed window: [0, 1, 2, 3, 4] x [0, 1, 2, 3]
iter=9 elapsed=31.254s step_runtime=1.247s destroy=destroy_random_window_20pct repair=repair_gecode_fast objective_metric=minizinc_objective incumbent_objective=8.0 contender_objective=8.0 score=1 accepted=True repair_failed=False used_exploration=False stagnation_rounds=3 weights_updated=False
  destroyed=destroy_random_window_20pct: destroyed window: [2, 3] x [0, 4, 5, 6]
iter=10 elapsed=32.199s step_runtime=0.944s destroy=destroy_random_window_20pct repair=repair_gecode_fast objective_metric=minizinc_objective incumbent_objective=8.0 contender_objective=7.0 score=5 accepted=True repair_failed=False used_exploration=False stagnation_rounds=0 weights_updated=True
  destroyed=destroy_random_window_20pct: destroyed window: [0, 1, 2, 3, 4] x [0, 6]

  weight update (destroy):
    operator                             before    after
    destroy_worst_workers_10pct            0.07     0.06
    destroy_worst_workers_30pct            0.07     0.06
    destroy_random_workers_20pct           0.07     0.15
    destroy_random_window_20pct            0.07     0.06
    destroy_all_forbidden_sequences        0.07     0.06
    destroy_streak_around_worst_worker     0.07     0.15
    destroy_worst_days_10pct               0.07     0.06
    destroy_worst_days_30pct               0.07     0.06
    destroy_random_days_20pct              0.07     0.06
    destroy_max_border_work                0.07     0.06
    destroy_max_border_off                 0.07     0.06
    destroy_max_border_shift_1             0.07     0.06
    destroy_max_border_shift_2             0.07     0.06
    destroy_max_border_shift_3             0.07     0.06

  weight update (repair):
    operator                             before    after
    repair_chuffed_fast                    0.22     0.20
    repair_gecode_fast                     0.22     0.33
    repair_chuffed_long                    0.11     0.09
    repair_gecode_long                     0.11     0.09
    repair_tabu_fast                       0.22     0.19
    repair_tabu_long                       0.11     0.09
iter=11 elapsed=34.194s step_runtime=1.995s destroy=destroy_random_workers_20pct repair=repair_chuffed_fast objective_metric=minizinc_objective incumbent_objective=7.0 contender_objective=7.0 score=1 accepted=True repair_failed=False used_exploration=False stagnation_rounds=1 weights_updated=False
  destroyed=destroy_random_workers_20pct: destroyed workers: [4, 8]
iter=12 elapsed=35.706s step_runtime=1.512s destroy=destroy_random_workers_20pct repair=repair_gecode_fast objective_metric=minizinc_objective incumbent_objective=7.0 contender_objective=7.0 score=1 accepted=True repair_failed=False used_exploration=False stagnation_rounds=2 weights_updated=False
  destroyed=destroy_random_workers_20pct: destroyed workers: [3, 7]
iter=13 elapsed=36.471s step_runtime=0.765s destroy=destroy_random_window_20pct repair=repair_gecode_fast objective_metric=minizinc_objective incumbent_objective=7.0 contender_objective=7.0 score=1 accepted=True repair_failed=False used_exploration=False stagnation_rounds=3 weights_updated=False
  destroyed=destroy_random_window_20pct: destroyed window: [4, 5] x [3, 4, 5, 6]
iter=14 elapsed=37.342s step_runtime=0.871s destroy=destroy_random_window_20pct repair=repair_chuffed_long objective_metric=minizinc_objective incumbent_objective=7.0 contender_objective=7.0 score=1 accepted=True repair_failed=False used_exploration=False stagnation_rounds=4 weights_updated=False
  destroyed=destroy_random_window_20pct: destroyed window: [2, 3, 4] x [3, 4, 5]
iter=15 elapsed=38.381s step_runtime=1.039s destroy=destroy_worst_workers_10pct repair=repair_chuffed_fast objective_metric=minizinc_objective incumbent_objective=7.0 contender_objective=7.0 score=1 accepted=True repair_failed=False used_exploration=False stagnation_rounds=5 weights_updated=False
  destroyed=destroy_worst_workers_10pct: destroyed workers: [0]
iter=16 elapsed=39.333s step_runtime=0.952s destroy=destroy_max_border_shift_3 repair=repair_chuffed_long objective_metric=minizinc_objective incumbent_objective=7.0 contender_objective=7.0 score=1 accepted=True repair_failed=False used_exploration=False stagnation_rounds=6 weights_updated=False
  destroyed=destroy_max_border_shift_3: destroyed max-border shift_3: vars_erased=13
iter=17 elapsed=40.121s step_runtime=0.788s destroy=destroy_max_border_shift_1 repair=repair_chuffed_fast objective_metric=minizinc_objective incumbent_objective=7.0 contender_objective=7.0 score=1 accepted=True repair_failed=False used_exploration=False stagnation_rounds=7 weights_updated=False
  destroyed=destroy_max_border_shift_1: destroyed max-border shift_1: vars_erased=12
iter=18 elapsed=41.105s step_runtime=0.984s destroy=destroy_random_window_20pct repair=repair_chuffed_long objective_metric=minizinc_objective incumbent_objective=7.0 contender_objective=7.0 score=1 accepted=True repair_failed=False used_exploration=False stagnation_rounds=8 weights_updated=False
  destroyed=destroy_random_window_20pct: destroyed window: [3, 4, 5, 6] x [3, 4, 5, 6]
iter=19 elapsed=44.997s step_runtime=3.892s destroy=destroy_random_window_20pct repair=repair_tabu_fast objective_metric=minizinc_objective incumbent_objective=7.0 contender_objective=7.0 score=1 accepted=True repair_failed=False used_exploration=False stagnation_rounds=9 weights_updated=False
  destroyed=destroy_random_window_20pct: destroyed window: [4, 5, 6, 7] x [3, 4]
iter=20 elapsed=57.834s step_runtime=12.837s destroy=destroy_random_window_20pct repair=repair_tabu_long objective_metric=minizinc_objective incumbent_objective=7.0 contender_objective=7.0 score=1 accepted=True repair_failed=False used_exploration=False stagnation_rounds=10 weights_updated=True
  destroyed=destroy_random_window_20pct: destroyed window: [3, 4, 5, 6, 7] x [5, 6]

  weight update (destroy):
    operator                             before    after
    destroy_worst_workers_10pct            0.06     0.09
    destroy_worst_workers_30pct            0.06     0.06
    destroy_random_workers_20pct           0.15     0.16
    destroy_random_window_20pct            0.06     0.09
    destroy_all_forbidden_sequences        0.06     0.06
    destroy_streak_around_worst_worker     0.15     0.13
    destroy_worst_days_10pct               0.06     0.06
    destroy_worst_days_30pct               0.06     0.06
    destroy_random_days_20pct              0.06     0.06
    destroy_max_border_work                0.06     0.05
    destroy_max_border_off                 0.06     0.05
    destroy_max_border_shift_1             0.06     0.05
    destroy_max_border_shift_2             0.06     0.05
    destroy_max_border_shift_3             0.06     0.05

  weight update (repair):
    operator                             before    after
    repair_chuffed_fast                    0.20     0.20
    repair_gecode_fast                     0.33     0.31
    repair_chuffed_long                    0.09     0.11
    repair_gecode_long                     0.09     0.08
    repair_tabu_fast                       0.19     0.19
    repair_tabu_long                       0.09     0.11
iter=21 elapsed=58.661s step_runtime=0.827s destroy=destroy_exploration repair=repair_exploration objective_metric=minizinc_objective incumbent_objective=7.0 contender_objective=7.0 score=1 accepted=True repair_failed=False used_exploration=True stagnation_rounds=11 weights_updated=False
  destroyed=destroy_exploration: destroyed window: [0, 1, 2, 3, 4] x [2, 3]
iter=22 elapsed=60.048s step_runtime=1.387s destroy=destroy_exploration repair=repair_exploration objective_metric=minizinc_objective incumbent_objective=7.0 contender_objective=7.0 score=1 accepted=True repair_failed=False used_exploration=True stagnation_rounds=12 weights_updated=False
  destroyed=destroy_exploration: destroyed window: [4, 5, 6, 7, 8] x [2, 3, 4]
iter=23 elapsed=60.981s step_runtime=0.933s destroy=destroy_random_window_20pct repair=repair_gecode_fast objective_metric=minizinc_objective incumbent_objective=7.0 contender_objective=7.0 score=1 accepted=True repair_failed=False used_exploration=False stagnation_rounds=13 weights_updated=False
  destroyed=destroy_random_window_20pct: destroyed window: [1, 2, 3] x [0, 1, 6]
iter=24 elapsed=61.755s step_runtime=0.774s destroy=destroy_random_window_20pct repair=repair_gecode_fast objective_metric=minizinc_objective incumbent_objective=7.0 contender_objective=7.0 score=1 accepted=True repair_failed=False used_exploration=False stagnation_rounds=14 weights_updated=False
  destroyed=destroy_random_window_20pct: destroyed window: [4, 5, 6] x [1, 2, 3]
iter=25 elapsed=62.990s step_runtime=1.235s destroy=destroy_random_window_20pct repair=repair_gecode_long objective_metric=minizinc_objective incumbent_objective=7.0 contender_objective=7.0 score=1 accepted=True repair_failed=False used_exploration=False stagnation_rounds=15 weights_updated=False
  destroyed=destroy_random_window_20pct: destroyed window: [2, 3, 4, 5] x [0, 1, 2, 3]
iter=26 elapsed=63.870s step_runtime=0.880s destroy=destroy_streak_around_worst_worker repair=repair_gecode_fast objective_metric=minizinc_objective incumbent_objective=7.0 contender_objective=6.0 score=5 accepted=True repair_failed=False used_exploration=False stagnation_rounds=0 weights_updated=False
  destroyed=destroy_streak_around_worst_worker: destroyed streak len=17 start=(w7,d6) end=(w1,d1); destroyed_inside=17
iter=27 elapsed=64.699s step_runtime=0.829s destroy=destroy_random_workers_20pct repair=repair_gecode_long objective_metric=minizinc_objective incumbent_objective=6.0 contender_objective=6.0 score=1 accepted=True repair_failed=False used_exploration=False stagnation_rounds=1 weights_updated=False
  destroyed=destroy_random_workers_20pct: destroyed workers: [0, 6]
iter=28 elapsed=77.146s step_runtime=12.447s destroy=destroy_worst_days_30pct repair=repair_gecode_long objective_metric=minizinc_objective incumbent_objective=6.0 contender_objective=36.0 score=0 accepted=False repair_failed=False used_exploration=False stagnation_rounds=2 weights_updated=False
  destroyed=destroy_worst_days_30pct: destroyed days: [0, 1, 4]
iter=29 elapsed=77.964s step_runtime=0.818s destroy=destroy_all_forbidden_sequences repair=repair_gecode_long objective_metric=minizinc_objective incumbent_objective=6.0 contender_objective=6.0 score=1 accepted=True repair_failed=False used_exploration=False stagnation_rounds=3 weights_updated=False
  destroyed=destroy_all_forbidden_sequences: destroyed forbidden sequences: vars_erased=6
iter=30 elapsed=78.974s step_runtime=1.011s destroy=destroy_random_workers_20pct repair=repair_chuffed_long objective_metric=minizinc_objective incumbent_objective=6.0 contender_objective=4.0 score=5 accepted=True repair_failed=False used_exploration=False stagnation_rounds=0 weights_updated=True
  destroyed=destroy_random_workers_20pct: destroyed workers: [0, 5]

  weight update (destroy):
    operator                             before    after
    destroy_worst_workers_10pct            0.09     0.07
    destroy_worst_workers_30pct            0.06     0.05
    destroy_random_workers_20pct           0.16     0.15
    destroy_random_window_20pct            0.09     0.07
    destroy_all_forbidden_sequences        0.06     0.05
    destroy_streak_around_worst_worker     0.13     0.29
    destroy_worst_days_10pct               0.06     0.05
    destroy_worst_days_30pct               0.06     0.05
    destroy_random_days_20pct              0.06     0.05
    destroy_max_border_work                0.05     0.04
    destroy_max_border_off                 0.05     0.04
    destroy_max_border_shift_1             0.05     0.04
    destroy_max_border_shift_2             0.05     0.04
    destroy_max_border_shift_3             0.05     0.04

  weight update (repair):
    operator                             before    after
    repair_chuffed_fast                    0.20     0.16
    repair_gecode_fast                     0.31     0.25
    repair_chuffed_long                    0.11     0.28
    repair_gecode_long                     0.08     0.07
    repair_tabu_fast                       0.19     0.15
    repair_tabu_long                       0.11     0.09
iter=31 elapsed=79.770s step_runtime=0.796s destroy=destroy_random_workers_20pct repair=repair_chuffed_fast objective_metric=minizinc_objective incumbent_objective=4.0 contender_objective=4.0 score=1 accepted=True repair_failed=False used_exploration=False stagnation_rounds=1 weights_updated=False
  destroyed=destroy_random_workers_20pct: destroyed workers: [3, 8]
iter=32 elapsed=93.113s step_runtime=13.343s destroy=destroy_random_window_20pct repair=repair_tabu_long objective_metric=minizinc_objective incumbent_objective=4.0 contender_objective=4.0 score=1 accepted=True repair_failed=False used_exploration=False stagnation_rounds=2 weights_updated=False
  destroyed=destroy_random_window_20pct: destroyed window: [1, 2, 3, 4, 5] x [0, 1, 2, 3]
iter=33 elapsed=95.777s step_runtime=2.663s destroy=destroy_random_window_20pct repair=repair_gecode_fast objective_metric=minizinc_objective incumbent_objective=4.0 contender_objective=4.0 score=1 accepted=True repair_failed=False used_exploration=False stagnation_rounds=3 weights_updated=False
  destroyed=destroy_random_window_20pct: destroyed window: [0, 5, 6, 7, 8] x [0, 1, 5, 6]
iter=34 elapsed=108.297s step_runtime=12.521s destroy=destroy_worst_days_30pct repair=repair_chuffed_long objective_metric=minizinc_objective incumbent_objective=4.0 contender_objective=29.0 score=0 accepted=True repair_failed=False used_exploration=False stagnation_rounds=4 weights_updated=False
  destroyed=destroy_worst_days_30pct: destroyed days: [1, 3, 4]
iter=35 elapsed=109.211s step_runtime=0.914s destroy=destroy_random_window_20pct repair=repair_chuffed_long objective_metric=minizinc_objective incumbent_objective=29.0 contender_objective=29.0 score=1 accepted=True repair_failed=False used_exploration=False stagnation_rounds=5 weights_updated=False
  destroyed=destroy_random_window_20pct: destroyed window: [3, 4] x [0, 6]
iter=36 elapsed=109.876s step_runtime=0.665s destroy=destroy_all_forbidden_sequences repair=repair_chuffed_long objective_metric=minizinc_objective incumbent_objective=29.0 contender_objective=29.0 score=1 accepted=True repair_failed=False used_exploration=False stagnation_rounds=6 weights_updated=False
  destroyed=destroy_all_forbidden_sequences: destroyed forbidden sequences: vars_erased=4
iter=37 elapsed=113.519s step_runtime=3.643s destroy=destroy_max_border_off repair=repair_tabu_fast objective_metric=minizinc_objective incumbent_objective=29.0 contender_objective=23.0 score=3 accepted=True repair_failed=False used_exploration=False stagnation_rounds=0 weights_updated=False
  destroyed=destroy_max_border_off: destroyed max-border off: vars_erased=4
iter=38 elapsed=117.361s step_runtime=3.843s destroy=destroy_random_workers_20pct repair=repair_tabu_fast objective_metric=minizinc_objective incumbent_objective=23.0 contender_objective=21.0 score=3 accepted=True repair_failed=False used_exploration=False stagnation_rounds=0 weights_updated=False
  destroyed=destroy_random_workers_20pct: destroyed workers: [2, 7]
iter=39 elapsed=120.936s step_runtime=3.574s destroy=destroy_streak_around_worst_worker repair=repair_gecode_fast objective_metric=minizinc_objective incumbent_objective=21.0 contender_objective=47.0 score=0 accepted=False repair_failed=False used_exploration=False stagnation_rounds=1 weights_updated=False
  destroyed=destroy_streak_around_worst_worker: destroyed streak len=29 start=(w7,d0) end=(w2,d0); destroyed_inside=29
iter=40 elapsed=122.573s step_runtime=1.637s destroy=destroy_random_workers_20pct repair=repair_gecode_fast objective_metric=minizinc_objective incumbent_objective=21.0 contender_objective=19.0 score=3 accepted=True repair_failed=False used_exploration=False stagnation_rounds=0 weights_updated=True
  destroyed=destroy_random_workers_20pct: destroyed workers: [5, 8]

  weight update (destroy):
    operator                             before    after
    destroy_worst_workers_10pct            0.07     0.06
    destroy_worst_workers_30pct            0.05     0.04
    destroy_random_workers_20pct           0.15     0.23
    destroy_random_window_20pct            0.07     0.08
    destroy_all_forbidden_sequences        0.05     0.06
    destroy_streak_around_worst_worker     0.29     0.24
    destroy_worst_days_10pct               0.05     0.04
    destroy_worst_days_30pct               0.05     0.04
    destroy_random_days_20pct              0.05     0.04
    destroy_max_border_work                0.04     0.03
    destroy_max_border_off                 0.04     0.03
    destroy_max_border_shift_1             0.04     0.03
    destroy_max_border_shift_2             0.04     0.03
    destroy_max_border_shift_3             0.04     0.03

  weight update (repair):
    operator                             before    after
    repair_chuffed_fast                    0.16     0.14
    repair_gecode_fast                     0.25     0.22
    repair_chuffed_long                    0.28     0.23
    repair_gecode_long                     0.07     0.06
    repair_tabu_fast                       0.15     0.27
    repair_tabu_long                       0.09     0.08
iter=41 elapsed=123.337s step_runtime=0.764s destroy=destroy_random_window_20pct repair=repair_gecode_long objective_metric=minizinc_objective incumbent_objective=19.0 contender_objective=17.0 score=3 accepted=True repair_failed=False used_exploration=False stagnation_rounds=0 weights_updated=False
  destroyed=destroy_random_window_20pct: destroyed window: [0, 1] x [0, 1, 2]
iter=42 elapsed=133.421s step_runtime=10.084s destroy=destroy_worst_workers_30pct repair=repair_chuffed_long objective_metric=minizinc_objective incumbent_objective=17.0 contender_objective=5.0 score=3 accepted=True repair_failed=False used_exploration=False stagnation_rounds=0 weights_updated=False
  destroyed=destroy_worst_workers_30pct: destroyed workers: [0, 2, 4]
iter=43 elapsed=136.932s step_runtime=3.511s destroy=destroy_streak_around_worst_worker repair=repair_chuffed_fast objective_metric=minizinc_objective incumbent_objective=5.0 contender_objective=35.0 score=0 accepted=False repair_failed=False used_exploration=False stagnation_rounds=1 weights_updated=False
  destroyed=destroy_streak_around_worst_worker: destroyed streak len=27 start=(w0,d1) end=(w3,d6); destroyed_inside=27
iter=44 elapsed=140.508s step_runtime=3.576s destroy=destroy_random_window_20pct repair=repair_tabu_fast objective_metric=minizinc_objective incumbent_objective=5.0 contender_objective=5.0 score=1 accepted=True repair_failed=False used_exploration=False stagnation_rounds=2 weights_updated=False
  destroyed=destroy_random_window_20pct: destroyed window: [4, 5, 6, 7, 8] x [0, 5, 6]
iter=45 elapsed=144.400s step_runtime=3.892s destroy=destroy_random_window_20pct repair=repair_tabu_fast objective_metric=minizinc_objective incumbent_objective=5.0 contender_objective=5.0 score=1 accepted=True repair_failed=False used_exploration=False stagnation_rounds=3 weights_updated=False
  destroyed=destroy_random_window_20pct: destroyed window: [4, 5] x [2, 3, 4]
iter=46 elapsed=157.140s step_runtime=12.740s destroy=destroy_random_window_20pct repair=repair_tabu_long objective_metric=minizinc_objective incumbent_objective=5.0 contender_objective=5.0 score=1 accepted=True repair_failed=False used_exploration=False stagnation_rounds=4 weights_updated=False
  destroyed=destroy_random_window_20pct: destroyed window: [1, 2, 3] x [5, 6]
