Loaded instance: Example1.txt
instance=Example1
instance_name=Example1
instance_file=Example1.txt
instance_path=/Users/gab/Library/Mobile Documents/com~apple~CloudDocs/QuIST/ML/Optimization/Project 2/LNS_scheduling/Instances1-50/Example1.txt
variant=alns_plain
seed=2

iter=1 elapsed=14.583s step_runtime=14.583s destroy=destroy_worst_workers_10pct repair=repair_tabu_long objective_metric=minizinc_objective incumbent_objective=inf contender_objective=21.0 score=5 accepted=True repair_failed=False used_exploration=False stagnation_rounds=0 weights_updated=False
  destroyed=destroy_worst_workers_10pct: destroyed workers: [0]
iter=2 elapsed=18.628s step_runtime=4.045s destroy=destroy_all_forbidden_sequences repair=repair_chuffed_fast objective_metric=minizinc_objective incumbent_objective=21.0 contender_objective=47.0 score=0 accepted=False repair_failed=False used_exploration=False stagnation_rounds=1 weights_updated=False
  destroyed=destroy_all_forbidden_sequences: destroyed forbidden sequences: vars_erased=29
iter=3 elapsed=19.149s step_runtime=0.521s destroy=destroy_max_border_shift_3 repair=repair_tabu_fast objective_metric=minizinc_objective incumbent_objective=21.0 contender_objective=21.0 score=1 accepted=True repair_failed=False used_exploration=False stagnation_rounds=2 weights_updated=False
  destroyed=destroy_max_border_shift_3: destroyed max-border shift_3: vars_erased=18
iter=4 elapsed=20.010s step_runtime=0.861s destroy=destroy_max_border_shift_2 repair=repair_gecode_fast objective_metric=minizinc_objective incumbent_objective=21.0 contender_objective=21.0 score=1 accepted=True repair_failed=False used_exploration=False stagnation_rounds=3 weights_updated=False
  destroyed=destroy_max_border_shift_2: destroyed max-border shift_2: vars_erased=15
iter=5 elapsed=20.546s step_runtime=0.536s destroy=destroy_max_border_shift_1 repair=repair_tabu_long objective_metric=minizinc_objective incumbent_objective=21.0 contender_objective=21.0 score=1 accepted=True repair_failed=False used_exploration=False stagnation_rounds=4 weights_updated=False
  destroyed=destroy_max_border_shift_1: destroyed max-border shift_1: vars_erased=18
iter=6 elapsed=21.304s step_runtime=0.757s destroy=destroy_max_border_shift_2 repair=repair_tabu_fast objective_metric=minizinc_objective incumbent_objective=21.0 contender_objective=21.0 score=1 accepted=True repair_failed=False used_exploration=False stagnation_rounds=5 weights_updated=False
  destroyed=destroy_max_border_shift_2: destroyed max-border shift_2: vars_erased=27
iter=7 elapsed=21.955s step_runtime=0.652s destroy=destroy_max_border_shift_2 repair=repair_gecode_fast objective_metric=minizinc_objective incumbent_objective=21.0 contender_objective=21.0 score=1 accepted=True repair_failed=False used_exploration=False stagnation_rounds=6 weights_updated=False
  destroyed=destroy_max_border_shift_2: destroyed max-border shift_2: vars_erased=21
iter=8 elapsed=25.599s step_runtime=3.644s destroy=destroy_worst_days_30pct repair=repair_gecode_fast objective_metric=minizinc_objective incumbent_objective=21.0 contender_objective=29.0 score=0 accepted=False repair_failed=False used_exploration=False stagnation_rounds=7 weights_updated=False
  destroyed=destroy_worst_days_30pct: destroyed days: [0, 1, 2]
iter=9 elapsed=29.433s step_runtime=3.834s destroy=destroy_random_days_20pct repair=repair_tabu_fast objective_metric=minizinc_objective incumbent_objective=21.0 contender_objective=15.0 score=5 accepted=True repair_failed=False used_exploration=False stagnation_rounds=0 weights_updated=False
  destroyed=destroy_random_days_20pct: destroyed days: [0, 1]
iter=10 elapsed=29.957s step_runtime=0.524s destroy=destroy_max_border_shift_1 repair=repair_chuffed_fast objective_metric=minizinc_objective incumbent_objective=15.0 contender_objective=15.0 score=1 accepted=True repair_failed=False used_exploration=False stagnation_rounds=1 weights_updated=True
  destroyed=destroy_max_border_shift_1: destroyed max-border shift_1: vars_erased=12

  weight update (destroy):
    operator                             before    after
    destroy_worst_workers_10pct            0.07     0.16
    destroy_worst_workers_30pct            0.07     0.06
    destroy_random_workers_20pct           0.07     0.06
    destroy_random_window_20pct            0.07     0.06
    destroy_all_forbidden_sequences        0.07     0.06
    destroy_streak_around_worst_worker     0.07     0.06
    destroy_worst_days_10pct               0.07     0.06
    destroy_worst_days_30pct               0.07     0.06
    destroy_random_days_20pct              0.07     0.16
    destroy_max_border_work                0.07     0.06
    destroy_max_border_off                 0.07     0.06
    destroy_max_border_shift_1             0.07     0.06
    destroy_max_border_shift_2             0.07     0.06
    destroy_max_border_shift_3             0.07     0.06

  weight update (repair):
    operator                             before    after
    repair_chuffed_fast                    0.22     0.18
    repair_gecode_fast                     0.22     0.19
    repair_chuffed_long                    0.11     0.09
    repair_gecode_long                     0.11     0.09
    repair_tabu_fast                       0.22     0.23
    repair_tabu_long                       0.11     0.21
iter=11 elapsed=30.528s step_runtime=0.571s destroy=destroy_max_border_shift_3 repair=repair_gecode_fast objective_metric=minizinc_objective incumbent_objective=15.0 contender_objective=15.0 score=1 accepted=True repair_failed=False used_exploration=False stagnation_rounds=2 weights_updated=False
  destroyed=destroy_max_border_shift_3: destroyed max-border shift_3: vars_erased=18
iter=12 elapsed=43.325s step_runtime=12.797s destroy=destroy_worst_days_30pct repair=repair_tabu_long objective_metric=minizinc_objective incumbent_objective=15.0 contender_objective=12.0 score=5 accepted=True repair_failed=False used_exploration=False stagnation_rounds=0 weights_updated=False
  destroyed=destroy_worst_days_30pct: destroyed days: [0, 3, 5]
iter=13 elapsed=47.450s step_runtime=4.125s destroy=destroy_random_window_20pct repair=repair_tabu_fast objective_metric=minizinc_objective incumbent_objective=12.0 contender_objective=12.0 score=1 accepted=True repair_failed=False used_exploration=False stagnation_rounds=1 weights_updated=False
  destroyed=destroy_random_window_20pct: destroyed window: [4, 5, 6, 7] x [0, 6]
iter=14 elapsed=50.259s step_runtime=2.810s destroy=destroy_worst_workers_30pct repair=repair_chuffed_long objective_metric=minizinc_objective incumbent_objective=12.0 contender_objective=11.0 score=5 accepted=True repair_failed=False used_exploration=False stagnation_rounds=0 weights_updated=False
  destroyed=destroy_worst_workers_30pct: destroyed workers: [1, 2, 3]
iter=15 elapsed=50.821s step_runtime=0.561s destroy=destroy_max_border_shift_2 repair=repair_chuffed_long objective_metric=minizinc_objective incumbent_objective=11.0 contender_objective=11.0 score=1 accepted=True repair_failed=False used_exploration=False stagnation_rounds=1 weights_updated=False
  destroyed=destroy_max_border_shift_2: destroyed max-border shift_2: vars_erased=6
iter=16 elapsed=51.581s step_runtime=0.760s destroy=destroy_worst_workers_10pct repair=repair_gecode_fast objective_metric=minizinc_objective incumbent_objective=11.0 contender_objective=11.0 score=1 accepted=True repair_failed=False used_exploration=False stagnation_rounds=2 weights_updated=False
  destroyed=destroy_worst_workers_10pct: destroyed workers: [1]
iter=17 elapsed=52.271s step_runtime=0.689s destroy=destroy_worst_workers_10pct repair=repair_gecode_long objective_metric=minizinc_objective incumbent_objective=11.0 contender_objective=11.0 score=1 accepted=True repair_failed=False used_exploration=False stagnation_rounds=3 weights_updated=False
  destroyed=destroy_worst_workers_10pct: destroyed workers: [1]
iter=18 elapsed=55.789s step_runtime=3.519s destroy=destroy_worst_days_30pct repair=repair_chuffed_fast objective_metric=minizinc_objective incumbent_objective=11.0 contender_objective=45.0 score=0 accepted=False repair_failed=False used_exploration=False stagnation_rounds=4 weights_updated=False
  destroyed=destroy_worst_days_30pct: destroyed days: [1, 2, 5]
iter=19 elapsed=57.445s step_runtime=1.656s destroy=destroy_random_workers_20pct repair=repair_chuffed_long objective_metric=minizinc_objective incumbent_objective=11.0 contender_objective=10.0 score=5 accepted=True repair_failed=False used_exploration=False stagnation_rounds=0 weights_updated=False
  destroyed=destroy_random_workers_20pct: destroyed workers: [0, 1]
iter=20 elapsed=61.109s step_runtime=3.664s destroy=destroy_worst_days_30pct repair=repair_tabu_fast objective_metric=minizinc_objective incumbent_objective=10.0 contender_objective=10.0 score=1 accepted=True repair_failed=False used_exploration=False stagnation_rounds=1 weights_updated=True
  destroyed=destroy_worst_days_30pct: destroyed days: [3, 5, 6]

  weight update (destroy):
    operator                             before    after
    destroy_worst_workers_10pct            0.16     0.13
    destroy_worst_workers_30pct            0.06     0.14
    destroy_random_workers_20pct           0.06     0.14
    destroy_random_window_20pct            0.06     0.05
    destroy_all_forbidden_sequences        0.06     0.05
    destroy_streak_around_worst_worker     0.06     0.05
    destroy_worst_days_10pct               0.06     0.05
    destroy_worst_days_30pct               0.06     0.05
    destroy_random_days_20pct              0.16     0.13
    destroy_max_border_work                0.06     0.05
    destroy_max_border_off                 0.06     0.05
    destroy_max_border_shift_1             0.06     0.05
    destroy_max_border_shift_2             0.06     0.05
    destroy_max_border_shift_3             0.06     0.05

  weight update (repair):
    operator                             before    after
    repair_chuffed_fast                    0.18     0.15
    repair_gecode_fast                     0.19     0.15
    repair_chuffed_long                    0.09     0.11
    repair_gecode_long                     0.09     0.08
    repair_tabu_fast                       0.23     0.19
    repair_tabu_long                       0.21     0.33
iter=21 elapsed=61.823s step_runtime=0.713s destroy=destroy_worst_workers_10pct repair=repair_gecode_fast objective_metric=minizinc_objective incumbent_objective=10.0 contender_objective=10.0 score=1 accepted=True repair_failed=False used_exploration=False stagnation_rounds=2 weights_updated=False
  destroyed=destroy_worst_workers_10pct: destroyed workers: [1]
iter=22 elapsed=74.547s step_runtime=12.725s destroy=destroy_worst_workers_30pct repair=repair_tabu_long objective_metric=minizinc_objective incumbent_objective=10.0 contender_objective=10.0 score=1 accepted=True repair_failed=False used_exploration=False stagnation_rounds=3 weights_updated=False
  destroyed=destroy_worst_workers_30pct: destroyed workers: [1, 3, 4]
iter=23 elapsed=87.315s step_runtime=12.768s destroy=destroy_random_workers_20pct repair=repair_tabu_long objective_metric=minizinc_objective incumbent_objective=10.0 contender_objective=9.0 score=5 accepted=True repair_failed=False used_exploration=False stagnation_rounds=0 weights_updated=False
  destroyed=destroy_random_workers_20pct: destroyed workers: [0, 4]
iter=24 elapsed=100.057s step_runtime=12.742s destroy=destroy_random_workers_20pct repair=repair_tabu_long objective_metric=minizinc_objective incumbent_objective=9.0 contender_objective=9.0 score=1 accepted=True repair_failed=False used_exploration=False stagnation_rounds=1 weights_updated=False
  destroyed=destroy_random_workers_20pct: destroyed workers: [0, 5]
iter=25 elapsed=101.352s step_runtime=1.295s destroy=destroy_streak_around_worst_worker repair=repair_gecode_long objective_metric=minizinc_objective incumbent_objective=9.0 contender_objective=9.0 score=1 accepted=True repair_failed=False used_exploration=False stagnation_rounds=2 weights_updated=False
  destroyed=destroy_streak_around_worst_worker: destroyed streak len=17 start=(w8,d6) end=(w2,d1); destroyed_inside=17
iter=26 elapsed=102.027s step_runtime=0.675s destroy=destroy_max_border_shift_3 repair=repair_chuffed_fast objective_metric=minizinc_objective incumbent_objective=9.0 contender_objective=9.0 score=1 accepted=True repair_failed=False used_exploration=False stagnation_rounds=3 weights_updated=False
  destroyed=destroy_max_border_shift_3: destroyed max-border shift_3: vars_erased=3
iter=27 elapsed=105.617s step_runtime=3.590s destroy=destroy_worst_days_30pct repair=repair_gecode_fast objective_metric=minizinc_objective incumbent_objective=9.0 contender_objective=25.0 score=0 accepted=False repair_failed=False used_exploration=False stagnation_rounds=4 weights_updated=False
  destroyed=destroy_worst_days_30pct: destroyed days: [4, 5, 6]
iter=28 elapsed=118.347s step_runtime=12.730s destroy=destroy_worst_workers_30pct repair=repair_tabu_long objective_metric=minizinc_objective incumbent_objective=9.0 contender_objective=8.0 score=5 accepted=True repair_failed=False used_exploration=False stagnation_rounds=0 weights_updated=False
  destroyed=destroy_worst_workers_30pct: destroyed workers: [1, 3, 7]
iter=29 elapsed=119.414s step_runtime=1.067s destroy=destroy_all_forbidden_sequences repair=repair_chuffed_long objective_metric=minizinc_objective incumbent_objective=8.0 contender_objective=7.0 score=5 accepted=True repair_failed=False used_exploration=False stagnation_rounds=0 weights_updated=False
  destroyed=destroy_all_forbidden_sequences: destroyed forbidden sequences: vars_erased=11
iter=30 elapsed=132.058s step_runtime=12.644s destroy=destroy_worst_days_30pct repair=repair_tabu_long objective_metric=minizinc_objective incumbent_objective=7.0 contender_objective=4.0 score=5 accepted=True repair_failed=False used_exploration=False stagnation_rounds=0 weights_updated=True
  destroyed=destroy_worst_days_30pct: destroyed days: [2, 3, 5]

  weight update (destroy):
    operator                             before    after
    destroy_worst_workers_10pct            0.13     0.10
    destroy_worst_workers_30pct            0.14     0.13
    destroy_random_workers_20pct           0.14     0.13
    destroy_random_window_20pct            0.05     0.04
    destroy_all_forbidden_sequences        0.05     0.20
    destroy_streak_around_worst_worker     0.05     0.04
    destroy_worst_days_10pct               0.05     0.04
    destroy_worst_days_30pct               0.05     0.05
    destroy_random_days_20pct              0.13     0.10
    destroy_max_border_work                0.05     0.04
    destroy_max_border_off                 0.05     0.04
    destroy_max_border_shift_1             0.05     0.04
    destroy_max_border_shift_2             0.05     0.04
    destroy_max_border_shift_3             0.05     0.04

  weight update (repair):
    operator                             before    after
    repair_chuffed_fast                    0.15     0.12
    repair_gecode_fast                     0.15     0.12
    repair_chuffed_long                    0.11     0.26
    repair_gecode_long                     0.08     0.06
    repair_tabu_fast                       0.19     0.15
    repair_tabu_long                       0.33     0.29
iter=31 elapsed=145.117s step_runtime=13.058s destroy=destroy_random_window_20pct repair=repair_tabu_long objective_metric=minizinc_objective incumbent_objective=4.0 contender_objective=4.0 score=1 accepted=True repair_failed=False used_exploration=False stagnation_rounds=1 weights_updated=False
  destroyed=destroy_random_window_20pct: destroyed window: [3, 4, 5, 6, 7] x [2, 3, 4]
iter=32 elapsed=148.903s step_runtime=3.786s destroy=destroy_random_window_20pct repair=repair_tabu_fast objective_metric=minizinc_objective incumbent_objective=4.0 contender_objective=4.0 score=1 accepted=True repair_failed=False used_exploration=False stagnation_rounds=2 weights_updated=False
  destroyed=destroy_random_window_20pct: destroyed window: [2, 3, 4, 5] x [0, 5, 6]
iter=33 elapsed=152.720s step_runtime=3.817s destroy=destroy_random_window_20pct repair=repair_tabu_fast objective_metric=minizinc_objective incumbent_objective=4.0 contender_objective=4.0 score=1 accepted=True repair_failed=False used_exploration=False stagnation_rounds=3 weights_updated=False
  destroyed=destroy_random_window_20pct: destroyed window: [0, 6, 7, 8] x [2, 3, 4, 5]
